 0.025: [G1Ergonomics (Heap Sizing) expand the heap, requested expansion amount: 528482304 bytes, attempted expansion amount: 528482304 bytes]
         vmop                    [threads: total initially_running wait_to_block]    [time: spin block sync cleanup vmop] page_trap_count
0.722: Deoptimize                       [      10          0              0    ]      [     0     0     0     0     0    ]  0   
2017-11-17T09:52:59.283+0800: 0.722: Total time for which application threads were stopped: 0.0002487 seconds, Stopping threads took: 0.0000386 seconds
         vmop                    [threads: total initially_running wait_to_block]    [time: spin block sync cleanup vmop] page_trap_count
0.737: Deoptimize                       [      10          0              0    ]      [     0     0     0     0     0    ]  0   
2017-11-17T09:52:59.298+0800: 0.737: Total time for which application threads were stopped: 0.0001333 seconds, Stopping threads took: 0.0000299 seconds
2017-11-17T09:52:59.577+0800: 1.016: [GC pause (G1 Evacuation Pause) (young) 1.016: [G1Ergonomics (CSet Construction) start choosing CSet, _pending_cards: 0, predicted base time: 10.00 ms, remaining time: 190.00 ms, target pause time: 200.00 ms]
 1.016: [G1Ergonomics (CSet Construction) add young regions to CSet, eden: 25 regions, survivors: 0 regions, predicted young region time: 382.49 ms]
 1.016: [G1Ergonomics (CSet Construction) finish choosing CSet, eden: 25 regions, survivors: 0 regions, old: 0 regions, predicted pause time: 392.49 ms, target pause time: 200.00 ms]
, 0.0497020 secs]
   [Parallel Time: 7.3 ms, GC Workers: 8]
      [GC Worker Start (ms): Min: 1016.5, Avg: 1019.2, Max: 1022.0, Diff: 5.5]
      [Ext Root Scanning (ms): Min: 0.0, Avg: 0.2, Max: 0.9, Diff: 0.9, Sum: 1.8]
      [Update RS (ms): Min: 0.0, Avg: 0.0, Max: 0.0, Diff: 0.0, Sum: 0.0]
         [Processed Buffers: Min: 0, Avg: 0.0, Max: 0, Diff: 0, Sum: 0]
      [Scan RS (ms): Min: 0.0, Avg: 0.0, Max: 0.0, Diff: 0.0, Sum: 0.0]
      [Code Root Scanning (ms): Min: 0.0, Avg: 0.1, Max: 0.3, Diff: 0.3, Sum: 0.5]
      [Object Copy (ms): Min: 0.0, Avg: 1.2, Max: 2.8, Diff: 2.7, Sum: 9.8]
      [Termination (ms): Min: 0.0, Avg: 1.7, Max: 4.0, Diff: 4.0, Sum: 13.3]
         [Termination Attempts: Min: 1, Avg: 12.9, Max: 38, Diff: 37, Sum: 103]
      [GC Worker Other (ms): Min: 0.0, Avg: 0.0, Max: 0.0, Diff: 0.0, Sum: 0.1]
      [GC Worker Total (ms): Min: 0.0, Avg: 3.2, Max: 7.1, Diff: 7.1, Sum: 25.6]
      [GC Worker End (ms): Min: 1022.1, Avg: 1022.4, Max: 1023.6, Diff: 1.6]
   [Code Root Fixup: 0.1 ms]
   [Code Root Purge: 0.0 ms]
   [Clear CT: 0.3 ms]
   [Other: 42.0 ms]
      [Choose CSet: 0.0 ms]
      [Ref Proc: 41.5 ms]
      [Ref Enq: 0.0 ms]
      [Redirty Cards: 0.2 ms]
      [Humongous Register: 0.0 ms]
      [Humongous Reclaim: 0.0 ms]
      [Free CSet: 0.1 ms]
   [Eden: 25.0M(25.0M)->0.0B(33.0M) Survivors: 0.0B->4096.0K Heap: 25.0M(504.0M)->5211.0K(504.0M)]
 [Times: user=0.11 sys=0.01, real=0.05 secs] 
         vmop                    [threads: total initially_running wait_to_block]    [time: spin block sync cleanup vmop] page_trap_count
1.016: G1IncCollectionPause             [      10          0              0    ]      [     0     0     0     0    49    ]  0   
2017-11-17T09:52:59.627+0800: 1.066: Total time for which application threads were stopped: 0.0500127 seconds, Stopping threads took: 0.0000377 seconds
2017-11-17T09:52:59.990+0800: 1.429: [GC pause (G1 Evacuation Pause) (young) 1.429: [G1Ergonomics (CSet Construction) start choosing CSet, _pending_cards: 512, predicted base time: 32.17 ms, remaining time: 167.83 ms, target pause time: 200.00 ms]
 1.429: [G1Ergonomics (CSet Construction) add young regions to CSet, eden: 33 regions, survivors: 4 regions, predicted young region time: 163.00 ms]
 1.429: [G1Ergonomics (CSet Construction) finish choosing CSet, eden: 33 regions, survivors: 4 regions, old: 0 regions, predicted pause time: 195.18 ms, target pause time: 200.00 ms]
, 0.0092173 secs]
   [Parallel Time: 4.5 ms, GC Workers: 8]
      [GC Worker Start (ms): Min: 1429.3, Avg: 1430.9, Max: 1433.4, Diff: 4.1]
      [Ext Root Scanning (ms): Min: 0.0, Avg: 0.4, Max: 1.2, Diff: 1.2, Sum: 2.9]
      [Update RS (ms): Min: 0.0, Avg: 0.0, Max: 0.2, Diff: 0.2, Sum: 0.3]
         [Processed Buffers: Min: 0, Avg: 0.2, Max: 1, Diff: 1, Sum: 2]
      [Scan RS (ms): Min: 0.0, Avg: 0.0, Max: 0.0, Diff: 0.0, Sum: 0.1]
      [Code Root Scanning (ms): Min: 0.0, Avg: 0.5, Max: 3.3, Diff: 3.3, Sum: 3.9]
      [Object Copy (ms): Min: 0.0, Avg: 1.5, Max: 3.5, Diff: 3.5, Sum: 11.9]
      [Termination (ms): Min: 0.0, Avg: 0.2, Max: 0.6, Diff: 0.6, Sum: 1.8]
         [Termination Attempts: Min: 1, Avg: 6.9, Max: 18, Diff: 17, Sum: 55]
      [GC Worker Other (ms): Min: 0.0, Avg: 0.0, Max: 0.0, Diff: 0.0, Sum: 0.1]
      [GC Worker Total (ms): Min: 0.0, Avg: 2.6, Max: 4.3, Diff: 4.3, Sum: 21.0]
      [GC Worker End (ms): Min: 1433.5, Avg: 1433.5, Max: 1433.8, Diff: 0.3]
   [Code Root Fixup: 0.2 ms]
   [Code Root Purge: 0.0 ms]
   [Clear CT: 0.3 ms]
   [Other: 4.1 ms]
      [Choose CSet: 0.0 ms]
      [Ref Proc: 3.3 ms]
      [Ref Enq: 0.0 ms]
      [Redirty Cards: 0.3 ms]
      [Humongous Register: 0.1 ms]
      [Humongous Reclaim: 0.0 ms]
      [Free CSet: 0.1 ms]
   [Eden: 33.0M(33.0M)->0.0B(297.0M) Survivors: 4096.0K->5120.0K Heap: 38.1M(504.0M)->7752.5K(504.0M)]
 [Times: user=0.02 sys=0.00, real=0.01 secs] 
         vmop                    [threads: total initially_running wait_to_block]    [time: spin block sync cleanup vmop] page_trap_count
1.429: G1IncCollectionPause             [      10          0              0    ]      [     0     0     0     0     9    ]  0   
2017-11-17T09:52:59.999+0800: 1.439: Total time for which application threads were stopped: 0.0095750 seconds, Stopping threads took: 0.0000372 seconds
         vmop                    [threads: total initially_running wait_to_block]    [time: spin block sync cleanup vmop] page_trap_count
1.580: Deoptimize                       [      10          0              0    ]      [     0     0     0     0     0    ]  0   
2017-11-17T09:53:00.141+0800: 1.581: Total time for which application threads were stopped: 0.0002699 seconds, Stopping threads took: 0.0000427 seconds
         vmop                    [threads: total initially_running wait_to_block]    [time: spin block sync cleanup vmop] page_trap_count
1.770: Deoptimize                       [      11          0              0    ]      [     0     0     0     0     0    ]  0   
2017-11-17T09:53:00.331+0800: 1.771: Total time for which application threads were stopped: 0.0003449 seconds, Stopping threads took: 0.0000524 seconds
         vmop                    [threads: total initially_running wait_to_block]    [time: spin block sync cleanup vmop] page_trap_count
1.889: Deoptimize                       [      19          0              0    ]      [     0     0     0     0     0    ]  0   
2017-11-17T09:53:00.450+0800: 1.890: Total time for which application threads were stopped: 0.0002826 seconds, Stopping threads took: 0.0000341 seconds
         vmop                    [threads: total initially_running wait_to_block]    [time: spin block sync cleanup vmop] page_trap_count
1.953: Deoptimize                       [      19          0              0    ]      [     0     0     0     0     0    ]  0   
2017-11-17T09:53:00.514+0800: 1.953: Total time for which application threads were stopped: 0.0003247 seconds, Stopping threads took: 0.0000394 seconds
         vmop                    [threads: total initially_running wait_to_block]    [time: spin block sync cleanup vmop] page_trap_count
2.117: Deoptimize                       [      19          0              0    ]      [     0     0     0     0     0    ]  0   
2017-11-17T09:53:00.678+0800: 2.117: Total time for which application threads were stopped: 0.0005010 seconds, Stopping threads took: 0.0000564 seconds
         vmop                    [threads: total initially_running wait_to_block]    [time: spin block sync cleanup vmop] page_trap_count
2.123: Deoptimize                       [      19          0              0    ]      [     0     0     0     0     0    ]  0   
2017-11-17T09:53:00.684+0800: 2.124: Total time for which application threads were stopped: 0.0003579 seconds, Stopping threads took: 0.0000629 seconds
         vmop                    [threads: total initially_running wait_to_block]    [time: spin block sync cleanup vmop] page_trap_count
2.124: Deoptimize                       [      19          0              0    ]      [     0     0     0     0     0    ]  0   
2017-11-17T09:53:00.685+0800: 2.125: Total time for which application threads were stopped: 0.0002827 seconds, Stopping threads took: 0.0000315 seconds
 2.396: [G1Ergonomics (Concurrent Cycles) request concurrent cycle initiation, reason: requested by GC cause, GC cause: Metadata GC Threshold]
 2.396: [G1Ergonomics (Concurrent Cycles) initiate concurrent cycle, reason: concurrent cycle initiation requested]
2017-11-17T09:53:00.957+0800: 2.396: [GC pause (Metadata GC Threshold) (young) (initial-mark) 2.397: [G1Ergonomics (CSet Construction) start choosing CSet, _pending_cards: 1536, predicted base time: 24.51 ms, remaining time: 175.49 ms, target pause time: 200.00 ms]
 2.397: [G1Ergonomics (CSet Construction) add young regions to CSet, eden: 75 regions, survivors: 5 regions, predicted young region time: 68.60 ms]
 2.397: [G1Ergonomics (CSet Construction) finish choosing CSet, eden: 75 regions, survivors: 5 regions, old: 0 regions, predicted pause time: 93.11 ms, target pause time: 200.00 ms]
, 0.0416655 secs]
   [Parallel Time: 9.7 ms, GC Workers: 8]
      [GC Worker Start (ms): Min: 2396.6, Avg: 2398.4, Max: 2398.8, Diff: 2.2]
      [Ext Root Scanning (ms): Min: 1.1, Avg: 3.1, Max: 6.7, Diff: 5.6, Sum: 24.6]
      [Update RS (ms): Min: 0.0, Avg: 0.1, Max: 0.3, Diff: 0.3, Sum: 0.5]
         [Processed Buffers: Min: 0, Avg: 0.8, Max: 4, Diff: 4, Sum: 6]
      [Scan RS (ms): Min: 0.0, Avg: 0.0, Max: 0.0, Diff: 0.0, Sum: 0.1]
      [Code Root Scanning (ms): Min: 0.0, Avg: 1.4, Max: 5.6, Diff: 5.6, Sum: 11.0]
      [Object Copy (ms): Min: 0.0, Avg: 2.4, Max: 5.0, Diff: 5.0, Sum: 19.5]
      [Termination (ms): Min: 0.0, Avg: 0.7, Max: 0.8, Diff: 0.8, Sum: 5.5]
         [Termination Attempts: Min: 1, Avg: 23.4, Max: 45, Diff: 44, Sum: 187]
      [GC Worker Other (ms): Min: 0.0, Avg: 0.0, Max: 0.0, Diff: 0.0, Sum: 0.1]
      [GC Worker Total (ms): Min: 7.3, Avg: 7.7, Max: 9.5, Diff: 2.2, Sum: 61.3]
      [GC Worker End (ms): Min: 2406.1, Avg: 2406.1, Max: 2406.1, Diff: 0.0]
   [Code Root Fixup: 0.4 ms]
   [Code Root Purge: 0.0 ms]
   [Clear CT: 9.5 ms]
   [Other: 22.1 ms]
      [Choose CSet: 0.0 ms]
      [Ref Proc: 21.2 ms]
      [Ref Enq: 0.1 ms]
      [Redirty Cards: 0.4 ms]
      [Humongous Register: 0.0 ms]
      [Humongous Reclaim: 0.0 ms]
      [Free CSet: 0.2 ms]
   [Eden: 75.0M(297.0M)->0.0B(285.0M) Survivors: 5120.0K->17.0M Heap: 114.1M(504.0M)->51.3M(504.0M)]
 [Times: user=0.06 sys=0.01, real=0.04 secs] 
         vmop                    [threads: total initially_running wait_to_block]    [time: spin block sync cleanup vmop] 2017-11-17T09:53:00.999+0800: 2.438: [GC concurrent-root-region-scan-start]
page_trap_count
2.396: CollectForMetadataAllocation       [      31          0              0    ]      [     0     0     0     0    41    ]  0   
2017-11-17T09:53:00.999+0800: 2.438: Total time for which application threads were stopped: 0.0420850 seconds, Stopping threads took: 0.0000432 seconds
2017-11-17T09:53:01.003+0800: 2.442: [GC concurrent-root-region-scan-end, 0.0039760 secs]
2017-11-17T09:53:01.003+0800: 2.442: [GC concurrent-mark-start]
2017-11-17T09:53:01.011+0800: 2.450: [GC concurrent-mark-end, 0.0080702 secs]
2017-11-17T09:53:01.013+0800: 2.453: [GC remark 2017-11-17T09:53:01.013+0800: 2.453: [Finalize Marking, 0.0127457 secs] 2017-11-17T09:53:01.026+0800: 2.466: [GC ref-proc, 0.0001354 secs] 2017-11-17T09:53:01.026+0800: 2.466: [Unloading, 0.0216444 secs], 0.0357564 secs]
 [Times: user=0.04 sys=0.00, real=0.03 secs] 
         vmop                    [threads: total initially_running wait_to_block]    [time: spin block sync cleanup vmop] page_trap_count
2.450: CGC_Operation                    [      31          0              1    ]      [     0     2     2     0    35    ]  0   
2017-11-17T09:53:01.049+0800: 2.489: Total time for which application threads were stopped: 0.0382861 seconds, Stopping threads took: 0.0023836 seconds
2017-11-17T09:53:01.049+0800: 2.489: [GC cleanup 52M->50M(504M), 0.0018391 secs]
 [Times: user=0.00 sys=0.00, real=0.01 secs] 
         vmop                    [threads: total initially_running wait_to_block]    [time: spin block sync cleanup vmop] page_trap_count
2.489: CGC_Operation                    [      31          0              0    ]      [     0     0     0     0     1    ]  0   
2017-11-17T09:53:01.051+0800: 2.491: Total time for which application threads were stopped: 0.0019734 seconds, Stopping threads took: 0.0000433 seconds
2017-11-17T09:53:01.051+0800: 2.491: [GC concurrent-cleanup-start]
2017-11-17T09:53:01.051+0800: 2.491: [GC concurrent-cleanup-end, 0.0000212 secs]
         vmop                    [threads: total initially_running wait_to_block]    [time: spin block sync cleanup vmop] page_trap_count
3.491: no vm operation                  [      35          0              0    ]      [     0     0     0     0     0    ]  0   
2017-11-17T09:53:02.052+0800: 3.491: Total time for which application threads were stopped: 0.0001799 seconds, Stopping threads took: 0.0000359 seconds
         vmop                    [threads: total initially_running wait_to_block]    [time: spin block sync cleanup vmop] page_trap_count
4.260: EnableBiasedLocking              [      35          0              0    ]      [     0     0     0     0     0    ]  0   
2017-11-17T09:53:02.821+0800: 4.261: Total time for which application threads were stopped: 0.0004867 seconds, Stopping threads took: 0.0000436 seconds
         vmop                    [threads: total initially_running wait_to_block]    [time: spin block sync cleanup vmop] page_trap_count
4.542: RevokeBias                       [      33          0              0    ]      [     0     0     0     0     0    ]  0   
2017-11-17T09:53:03.103+0800: 4.542: Total time for which application threads were stopped: 0.0001415 seconds, Stopping threads took: 0.0000405 seconds
         vmop                    [threads: total initially_running wait_to_block]    [time: spin block sync cleanup vmop] page_trap_count
5.542: RevokeBias                       [      28          0              0    ]      [     0     0     0     0     0    ]  0   
2017-11-17T09:53:04.103+0800: 5.542: Total time for which application threads were stopped: 0.0001714 seconds, Stopping threads took: 0.0000541 seconds
         vmop                    [threads: total initially_running wait_to_block]    [time: spin block sync cleanup vmop] page_trap_count
9.543: no vm operation                  [      27          0              0    ]      [     0     0     0     0     0    ]  0   
2017-11-17T09:53:08.103+0800: 9.543: Total time for which application threads were stopped: 0.0001682 seconds, Stopping threads took: 0.0000521 seconds
         vmop                    [threads: total initially_running wait_to_block]    [time: spin block sync cleanup vmop] page_trap_count
13.805: RevokeBias                       [      28          0              0    ]      [     0     0     0     0     0    ]  0   
2017-11-17T09:53:12.366+0800: 13.805: Total time for which application threads were stopped: 0.0001541 seconds, Stopping threads took: 0.0000450 seconds
         vmop                    [threads: total initially_running wait_to_block]    [time: spin block sync cleanup vmop] page_trap_count
13.842: RevokeBias                       [      28          0              0    ]      [     0     0     0     0     0    ]  0   
2017-11-17T09:53:12.402+0800: 13.842: Total time for which application threads were stopped: 0.0001749 seconds, Stopping threads took: 0.0000467 seconds
         vmop                    [threads: total initially_running wait_to_block]    [time: spin block sync cleanup vmop] page_trap_count
13.844: BulkRevokeBias                   [      28          0              1    ]      [     0     0     0     0     0    ]  0   
2017-11-17T09:53:12.405+0800: 13.844: Total time for which application threads were stopped: 0.0002688 seconds, Stopping threads took: 0.0000630 seconds
         vmop                    [threads: total initially_running wait_to_block]    [time: spin block sync cleanup vmop] page_trap_count
13.936: RevokeBias                       [      29          1              1    ]      [     0     0     0     0     0    ]  0   
2017-11-17T09:53:12.497+0800: 13.936: Total time for which application threads were stopped: 0.0002822 seconds, Stopping threads took: 0.0000853 seconds
         vmop                    [threads: total initially_running wait_to_block]    [time: spin block sync cleanup vmop] page_trap_count
13.936: RevokeBias                       [      29          0              1    ]      [     0     0     0     0     0    ]  0   
2017-11-17T09:53:12.497+0800: 13.936: Total time for which application threads were stopped: 0.0001138 seconds, Stopping threads took: 0.0000461 seconds
         vmop                    [threads: total initially_running wait_to_block]    [time: spin block sync cleanup vmop] page_trap_count
13.937: RevokeBias                       [      29          0              0    ]      [     0     0     0     0     0    ]  0   
2017-11-17T09:53:12.497+0800: 13.937: Total time for which application threads were stopped: 0.0000905 seconds, Stopping threads took: 0.0000253 seconds
         vmop                    [threads: total initially_running wait_to_block]    [time: spin block sync cleanup vmop] page_trap_count
13.941: RevokeBias                       [      29          0              1    ]      [     0     0     0     0     0    ]  0   
2017-11-17T09:53:12.502+0800: 13.941: Total time for which application threads were stopped: 0.0001329 seconds, Stopping threads took: 0.0000315 seconds
         vmop                    [threads: total initially_running wait_to_block]    [time: spin block sync cleanup vmop] page_trap_count
13.942: RevokeBias                       [      29          0              1    ]      [     0     0     0     0     0    ]  0   
2017-11-17T09:53:12.502+0800: 13.942: Total time for which application threads were stopped: 0.0001245 seconds, Stopping threads took: 0.0000410 seconds
         vmop                    [threads: total initially_running wait_to_block]    [time: spin block sync cleanup vmop] page_trap_count
13.945: RevokeBias                       [      29          0              1    ]      [     0     0     0     0     0    ]  0   
2017-11-17T09:53:12.505+0800: 13.945: Total time for which application threads were stopped: 0.0001540 seconds, Stopping threads took: 0.0000513 seconds
         vmop                    [threads: total initially_running wait_to_block]    [time: spin block sync cleanup vmop] page_trap_count
14.002: RevokeBias                       [      30          1              1    ]      [     3     0     4     0     0    ]  0   
2017-11-17T09:53:12.567+0800: 14.006: Total time for which application threads were stopped: 0.0036052 seconds, Stopping threads took: 0.0033585 seconds
         vmop                    [threads: total initially_running wait_to_block]    [time: spin block sync cleanup vmop] page_trap_count
14.006: RevokeBias                       [      30          1              1    ]      [     0     0     0     0     0    ]  0   
2017-11-17T09:53:12.567+0800: 14.007: Total time for which application threads were stopped: 0.0003360 seconds, Stopping threads took: 0.0002222 seconds
         vmop                    [threads: total initially_running wait_to_block]    [time: spin block sync cleanup vmop] page_trap_count
14.007: RevokeBias                       [      30          0              0    ]      [     0     0     0     0     0    ]  0   
2017-11-17T09:53:12.567+0800: 14.007: Total time for which application threads were stopped: 0.0001103 seconds, Stopping threads took: 0.0000218 seconds
         vmop                    [threads: total initially_running wait_to_block]    [time: spin block sync cleanup vmop] page_trap_count
14.007: RevokeBias                       [      30          1              1    ]      [     0     0     0     0     0    ]  0   
2017-11-17T09:53:12.568+0800: 14.008: Total time for which application threads were stopped: 0.0007434 seconds, Stopping threads took: 0.0006482 seconds
         vmop                    [threads: total initially_running wait_to_block]    [time: spin block sync cleanup vmop] page_trap_count
14.008: RevokeBias                       [      29          0              0    ]      [     0     0     0     0     0    ]  0   
2017-11-17T09:53:12.569+0800: 14.008: Total time for which application threads were stopped: 0.0001021 seconds, Stopping threads took: 0.0000239 seconds
         vmop                    [threads: total initially_running wait_to_block]    [time: spin block sync cleanup vmop] page_trap_count
14.008: RevokeBias                       [      29          0              0    ]      [     0     0     0     0     0    ]  0   
2017-11-17T09:53:12.569+0800: 14.008: Total time for which application threads were stopped: 0.0001235 seconds, Stopping threads took: 0.0000309 seconds
         vmop                    [threads: total initially_running wait_to_block]    [time: spin block sync cleanup vmop] page_trap_count
14.008: RevokeBias                       [      29          0              0    ]      [     0     0     0     0     0    ]  0   
2017-11-17T09:53:12.569+0800: 14.008: Total time for which application threads were stopped: 0.0000854 seconds, Stopping threads took: 0.0000296 seconds
         vmop                    [threads: total initially_running wait_to_block]    [time: spin block sync cleanup vmop] page_trap_count
14.008: RevokeBias                       [      29          0              0    ]      [     0     0     0     0     0    ]  0   
2017-11-17T09:53:12.569+0800: 14.009: Total time for which application threads were stopped: 0.0000707 seconds, Stopping threads took: 0.0000210 seconds
         vmop                    [threads: total initially_running wait_to_block]    [time: spin block sync cleanup vmop] page_trap_count
14.009: RevokeBias                       [      29          0              0    ]      [     0     0     0     0     0    ]  0   
2017-11-17T09:53:12.569+0800: 14.009: Total time for which application threads were stopped: 0.0000612 seconds, Stopping threads took: 0.0000196 seconds
         vmop                    [threads: total initially_running wait_to_block]    [time: spin block sync cleanup vmop] page_trap_count
14.042: RevokeBias                       [      29          0              1    ]      [     0     0     0     0     0    ]  0   
2017-11-17T09:53:12.603+0800: 14.042: Total time for which application threads were stopped: 0.0002675 seconds, Stopping threads took: 0.0001074 seconds
         vmop                    [threads: total initially_running wait_to_block]    [time: spin block sync cleanup vmop] page_trap_count
14.042: RevokeBias                       [      29          1              2    ]      [     0     0     0     0     0    ]  0   
2017-11-17T09:53:12.603+0800: 14.042: Total time for which application threads were stopped: 0.0002614 seconds, Stopping threads took: 0.0001588 seconds
         vmop                    [threads: total initially_running wait_to_block]    [time: spin block sync cleanup vmop] page_trap_count
14.043: RevokeBias                       [      29          0              1    ]      [     0     0     0     0     0    ]  0   
2017-11-17T09:53:12.603+0800: 14.043: Total time for which application threads were stopped: 0.0001535 seconds, Stopping threads took: 0.0000593 seconds
         vmop                    [threads: total initially_running wait_to_block]    [time: spin block sync cleanup vmop] page_trap_count
14.043: BulkRevokeBias                   [      29          1              2    ]      [     0     0     0     0     0    ]  0   
2017-11-17T09:53:12.604+0800: 14.044: Total time for which application threads were stopped: 0.0003002 seconds, Stopping threads took: 0.0000712 seconds
         vmop                    [threads: total initially_running wait_to_block]    [time: spin block sync cleanup vmop] page_trap_count
14.135: RevokeBias                       [      29          0              0    ]      [     0     0     0     0     0    ]  0   
2017-11-17T09:53:12.696+0800: 14.136: Total time for which application threads were stopped: 0.0002247 seconds, Stopping threads took: 0.0000536 seconds
         vmop                    [threads: total initially_running wait_to_block]    [time: spin block sync cleanup vmop] page_trap_count
14.287: RevokeBias                       [      30          0              1    ]      [     0     0     0     0     0    ]  0   
2017-11-17T09:53:12.847+0800: 14.287: Total time for which application threads were stopped: 0.0002261 seconds, Stopping threads took: 0.0000896 seconds
         vmop                    [threads: total initially_running wait_to_block]    [time: spin block sync cleanup vmop] page_trap_count
14.287: RevokeBias                       [      30          0              0    ]      [     0     0     0     0     0    ]  0   
2017-11-17T09:53:12.848+0800: 14.287: Total time for which application threads were stopped: 0.0000836 seconds, Stopping threads took: 0.0000209 seconds
         vmop                    [threads: total initially_running wait_to_block]    [time: spin block sync cleanup vmop] page_trap_count
14.288: RevokeBias                       [      30          1              1    ]      [     0     0     0     0     0    ]  0   
2017-11-17T09:53:12.848+0800: 14.288: Total time for which application threads were stopped: 0.0001855 seconds, Stopping threads took: 0.0001242 seconds
         vmop                    [threads: total initially_running wait_to_block]    [time: spin block sync cleanup vmop] page_trap_count
14.288: RevokeBias                       [      30          1              1    ]      [     0     0     0     0     0    ]  0   
2017-11-17T09:53:12.849+0800: 14.288: Total time for which application threads were stopped: 0.0001712 seconds, Stopping threads took: 0.0001066 seconds
         vmop                    [threads: total initially_running wait_to_block]    [time: spin block sync cleanup vmop] page_trap_count
14.296: RevokeBias                       [      31          1              0    ]      [     0     0     0     0     0    ]  0   
2017-11-17T09:53:12.857+0800: 14.296: Total time for which application threads were stopped: 0.0001587 seconds, Stopping threads took: 0.0000484 seconds
         vmop                    [threads: total initially_running wait_to_block]    [time: spin block sync cleanup vmop] page_trap_count
14.304: RevokeBias                       [      33          0              0    ]      [     0     0     0     0     0    ]  0   
2017-11-17T09:53:12.864+0800: 14.304: Total time for which application threads were stopped: 0.0001972 seconds, Stopping threads took: 0.0000863 seconds
         vmop                    [threads: total initially_running wait_to_block]    [time: spin block sync cleanup vmop] page_trap_count
14.305: RevokeBias                       [      33          0              0    ]      [     0     0     0     0     0    ]  0   
2017-11-17T09:53:12.865+0800: 14.305: Total time for which application threads were stopped: 0.0000936 seconds, Stopping threads took: 0.0000253 seconds
         vmop                    [threads: total initially_running wait_to_block]    [time: spin block sync cleanup vmop] page_trap_count
14.338: RevokeBias                       [      33          0              0    ]      [     0     0     0     0     0    ]  0   
2017-11-17T09:53:12.899+0800: 14.339: Total time for which application threads were stopped: 0.0002280 seconds, Stopping threads took: 0.0000556 seconds
         vmop                    [threads: total initially_running wait_to_block]    [time: spin block sync cleanup vmop] page_trap_count
14.345: RevokeBias                       [      33          0              0    ]      [     0     0     0     0     0    ]  0   
2017-11-17T09:53:12.906+0800: 14.345: Total time for which application threads were stopped: 0.0001093 seconds, Stopping threads took: 0.0000320 seconds
         vmop                    [threads: total initially_running wait_to_block]    [time: spin block sync cleanup vmop] page_trap_count
14.366: RevokeBias                       [      33          0              0    ]      [     0     0     0     0     0    ]  0   
2017-11-17T09:53:12.927+0800: 14.366: Total time for which application threads were stopped: 0.0002220 seconds, Stopping threads took: 0.0000570 seconds
         vmop                    [threads: total initially_running wait_to_block]    [time: spin block sync cleanup vmop] page_trap_count
14.376: RevokeBias                       [      33          0              0    ]      [     0     0     0     0     0    ]  0   
2017-11-17T09:53:12.936+0800: 14.376: Total time for which application threads were stopped: 0.0002633 seconds, Stopping threads took: 0.0001473 seconds
         vmop                    [threads: total initially_running wait_to_block]    [time: spin block sync cleanup vmop] page_trap_count
14.503: RevokeBias                       [      33          0              0    ]      [     0     0     0     0     0    ]  0   
2017-11-17T09:53:13.064+0800: 14.503: Total time for which application threads were stopped: 0.0002300 seconds, Stopping threads took: 0.0000559 seconds
         vmop                    [threads: total initially_running wait_to_block]    [time: spin block sync cleanup vmop] page_trap_count
14.554: RevokeBias                       [      33          0              0    ]      [     0     0     0     0     0    ]  0   
2017-11-17T09:53:13.115+0800: 14.555: Total time for which application threads were stopped: 0.0002294 seconds, Stopping threads took: 0.0000460 seconds
         vmop                    [threads: total initially_running wait_to_block]    [time: spin block sync cleanup vmop] page_trap_count
14.566: RevokeBias                       [      33          1              0    ]      [     0     0     0     0     0    ]  0   
2017-11-17T09:53:13.127+0800: 14.566: Total time for which application threads were stopped: 0.0001571 seconds, Stopping threads took: 0.0000530 seconds
         vmop                    [threads: total initially_running wait_to_block]    [time: spin block sync cleanup vmop] page_trap_count
14.575: RevokeBias                       [      33          0              1    ]      [     0     0     0     0     0    ]  0   
2017-11-17T09:53:13.136+0800: 14.576: Total time for which application threads were stopped: 0.0002325 seconds, Stopping threads took: 0.0000841 seconds
         vmop                    [threads: total initially_running wait_to_block]    [time: spin block sync cleanup vmop] page_trap_count
14.580: RevokeBias                       [      33          0              2    ]      [     0     0     0     0     0    ]  0   
2017-11-17T09:53:13.141+0800: 14.580: Total time for which application threads were stopped: 0.0003235 seconds, Stopping threads took: 0.0001662 seconds
         vmop                    [threads: total initially_running wait_to_block]    [time: spin block sync cleanup vmop] page_trap_count
14.580: RevokeBias                       [      33          0              1    ]      [     0     0     0     0     0    ]  0   
2017-11-17T09:53:13.141+0800: 14.581: Total time for which application threads were stopped: 0.0001615 seconds, Stopping threads took: 0.0000499 seconds
         vmop                    [threads: total initially_running wait_to_block]    [time: spin block sync cleanup vmop] page_trap_count
14.581: RevokeBias                       [      33          0              1    ]      [     0     0     0     0     0    ]  0   
2017-11-17T09:53:13.142+0800: 14.581: Total time for which application threads were stopped: 0.0003789 seconds, Stopping threads took: 0.0002149 seconds
         vmop                    [threads: total initially_running wait_to_block]    [time: spin block sync cleanup vmop] page_trap_count
14.581: RevokeBias                       [      33          2              1    ]      [     0     0     0     0     0    ]  0   
2017-11-17T09:53:13.143+0800: 14.582: Total time for which application threads were stopped: 0.0009062 seconds, Stopping threads took: 0.0007818 seconds
         vmop                    [threads: total initially_running wait_to_block]    [time: spin block sync cleanup vmop] page_trap_count
14.583: RevokeBias                       [      33          1              0    ]      [     0     0     0     0     0    ]  0   
2017-11-17T09:53:13.143+0800: 14.583: Total time for which application threads were stopped: 0.0001429 seconds, Stopping threads took: 0.0000429 seconds
         vmop                    [threads: total initially_running wait_to_block]    [time: spin block sync cleanup vmop] page_trap_count
14.583: RevokeBias                       [      33          0              0    ]      [     0     0     0     0     0    ]  0   
2017-11-17T09:53:13.144+0800: 14.583: Total time for which application threads were stopped: 0.0001243 seconds, Stopping threads took: 0.0000400 seconds
         vmop                    [threads: total initially_running wait_to_block]    [time: spin block sync cleanup vmop] page_trap_count
14.633: RevokeBias                       [      33          0              0    ]      [     0     0     0     0     0    ]  0   
2017-11-17T09:53:13.194+0800: 14.633: Total time for which application threads were stopped: 0.0001795 seconds, Stopping threads took: 0.0000374 seconds
         vmop                    [threads: total initially_running wait_to_block]    [time: spin block sync cleanup vmop] page_trap_count
14.636: RevokeBias                       [      33          0              0    ]      [     0     0     0     0     0    ]  0   
2017-11-17T09:53:13.196+0800: 14.636: Total time for which application threads were stopped: 0.0001296 seconds, Stopping threads took: 0.0000233 seconds
         vmop                    [threads: total initially_running wait_to_block]    [time: spin block sync cleanup vmop] page_trap_count
14.693: BulkRevokeBias                   [      33          0              1    ]      [     0     0     0     0     0    ]  0   
2017-11-17T09:53:13.254+0800: 14.693: Total time for which application threads were stopped: 0.0003832 seconds, Stopping threads took: 0.0000977 seconds
         vmop                    [threads: total initially_running wait_to_block]    [time: spin block sync cleanup vmop] page_trap_count
15.258: RevokeBias                       [      33          0              1    ]      [     0     0     0     0     0    ]  0   
2017-11-17T09:53:13.818+0800: 15.258: Total time for which application threads were stopped: 0.0002964 seconds, Stopping threads took: 0.0000674 seconds
         vmop                    [threads: total initially_running wait_to_block]    [time: spin block sync cleanup vmop] page_trap_count
15.262: RevokeBias                       [      33          0              2    ]      [     0     0     0     0     0    ]  0   
2017-11-17T09:53:13.823+0800: 15.262: Total time for which application threads were stopped: 0.0001781 seconds, Stopping threads took: 0.0000534 seconds
 15.343: [G1Ergonomics (Concurrent Cycles) request concurrent cycle initiation, reason: requested by GC cause, GC cause: Metadata GC Threshold]
 15.343: [G1Ergonomics (Concurrent Cycles) initiate concurrent cycle, reason: concurrent cycle initiation requested]
2017-11-17T09:53:13.904+0800: 15.343: [GC pause (Metadata GC Threshold) (young) (initial-mark) 15.344: [G1Ergonomics (CSet Construction) start choosing CSet, _pending_cards: 1536, predicted base time: 30.72 ms, remaining time: 169.28 ms, target pause time: 200.00 ms]
 15.344: [G1Ergonomics (CSet Construction) add young regions to CSet, eden: 168 regions, survivors: 17 regions, predicted young region time: 77.25 ms]
 15.344: [G1Ergonomics (CSet Construction) finish choosing CSet, eden: 168 regions, survivors: 17 regions, old: 0 regions, predicted pause time: 107.97 ms, target pause time: 200.00 ms]
 15.397: [G1Ergonomics (Mixed GCs) do not start mixed GCs, reason: concurrent cycle is about to start]
, 0.0540115 secs]
   [Parallel Time: 23.6 ms, GC Workers: 8]
      [GC Worker Start (ms): Min: 15343.7, Avg: 15349.7, Max: 15351.0, Diff: 7.2]
      [Ext Root Scanning (ms): Min: 0.1, Avg: 2.3, Max: 9.4, Diff: 9.3, Sum: 18.5]
      [Update RS (ms): Min: 0.0, Avg: 0.0, Max: 0.0, Diff: 0.0, Sum: 0.0]
         [Processed Buffers: Min: 0, Avg: 0.8, Max: 4, Diff: 4, Sum: 6]
      [Scan RS (ms): Min: 0.0, Avg: 0.0, Max: 0.1, Diff: 0.1, Sum: 0.3]
      [Code Root Scanning (ms): Min: 0.0, Avg: 1.4, Max: 9.4, Diff: 9.4, Sum: 11.2]
      [Object Copy (ms): Min: 0.0, Avg: 7.1, Max: 12.1, Diff: 12.1, Sum: 56.5]
      [Termination (ms): Min: 0.0, Avg: 2.1, Max: 2.6, Diff: 2.5, Sum: 17.1]
         [Termination Attempts: Min: 1, Avg: 107.0, Max: 213, Diff: 212, Sum: 856]
      [GC Worker Other (ms): Min: 0.0, Avg: 0.0, Max: 0.0, Diff: 0.0, Sum: 0.1]
      [GC Worker Total (ms): Min: 11.7, Avg: 13.0, Max: 19.0, Diff: 7.3, Sum: 103.7]
      [GC Worker End (ms): Min: 15362.7, Avg: 15362.7, Max: 15362.8, Diff: 0.1]
   [Code Root Fixup: 0.6 ms]
   [Code Root Purge: 0.1 ms]
   [Clear CT: 15.0 ms]
   [Other: 14.8 ms]
      [Choose CSet: 0.0 ms]
      [Ref Proc: 13.6 ms]
      [Ref Enq: 0.1 ms]
      [Redirty Cards: 0.4 ms]
      [Humongous Register: 0.0 ms]
      [Humongous Reclaim: 0.0 ms]
      [Free CSet: 0.3 ms]
   [Eden: 168.0M(285.0M)->0.0B(280.0M) Survivors: 17.0M->22.0M Heap: 264.2M(504.0M)->101.5M(504.0M)]
 [Times: user=0.07 sys=0.02, real=0.05 secs] 
2017-11-17T09:53:13.958+0800:          vmop                    [threads: total initially_running wait_to_block]    15.398: [GC concurrent-root-region-scan-start]
[time: spin block sync cleanup vmop] page_trap_count
15.343: CollectForMetadataAllocation       [      33          0              0    ]      [     0     0     0     0    54    ]  0   
2017-11-17T09:53:13.958+0800: 15.398: Total time for which application threads were stopped: 0.0544297 seconds, Stopping threads took: 0.0000463 seconds
2017-11-17T09:53:13.969+0800: 15.408: [GC concurrent-root-region-scan-end, 0.0105764 secs]
2017-11-17T09:53:13.969+0800: 15.408: [GC concurrent-mark-start]
2017-11-17T09:53:13.975+0800: 15.415: [GC concurrent-mark-end, 0.0064819 secs]
2017-11-17T09:53:13.992+0800: 15.432: [GC remark 2017-11-17T09:53:13.992+0800: 15.432: [Finalize Marking, 0.0068237 secs] 2017-11-17T09:53:13.999+0800: 15.439: [GC ref-proc, 0.0001868 secs] 2017-11-17T09:53:13.999+0800: 15.439: [Unloading, 0.0076128 secs], 0.0159907 secs]
 [Times: user=0.02 sys=0.00, real=0.01 secs] 
         vmop                    [threads: total initially_running wait_to_block]    [time: spin block sync cleanup vmop] page_trap_count
15.431: CGC_Operation                    [      33          0              1    ]      [     0     0     0     0    16    ]  0   
2017-11-17T09:53:14.008+0800: 15.448: Total time for which application threads were stopped: 0.0162470 seconds, Stopping threads took: 0.0001012 seconds
2017-11-17T09:53:14.008+0800: 15.448: [GC cleanup 102M->102M(504M), 0.0016568 secs]
 [Times: user=0.00 sys=0.00, real=0.00 secs] 
         vmop                    [threads: total initially_running wait_to_block]    [time: spin block sync cleanup vmop] page_trap_count
15.448: CGC_Operation                    [      33          0              0    ]      [     0     0     0     0     1    ]  0   
2017-11-17T09:53:14.010+0800: 15.450: Total time for which application threads were stopped: 0.0017681 seconds, Stopping threads took: 0.0000165 seconds
         vmop                    [threads: total initially_running wait_to_block]    [time: spin block sync cleanup vmop] page_trap_count
15.463: RevokeBias                       [      33          1              0    ]      [     0     0     0     0     0    ]  0   
2017-11-17T09:53:14.023+0800: 15.463: Total time for which application threads were stopped: 0.0001737 seconds, Stopping threads took: 0.0000357 seconds
         vmop                    [threads: total initially_running wait_to_block]    [time: spin block sync cleanup vmop] page_trap_count
15.463: RevokeBias                       [      33          1              0    ]      [     0     0     0     0     0    ]  0   
2017-11-17T09:53:14.023+0800: 15.463: Total time for which application threads were stopped: 0.0001205 seconds, Stopping threads took: 0.0000344 seconds
         vmop                    [threads: total initially_running wait_to_block]    [time: spin block sync cleanup vmop] page_trap_count
15.463: RevokeBias                       [      33          0              0    ]      [     0     0     0     0     0    ]  0   
2017-11-17T09:53:14.024+0800: 15.463: Total time for which application threads were stopped: 0.0001344 seconds, Stopping threads took: 0.0000199 seconds
         vmop                    [threads: total initially_running wait_to_block]    [time: spin block sync cleanup vmop] page_trap_count
15.463: RevokeBias                       [      33          0              0    ]      [     0     0     0     0     0    ]  0   
2017-11-17T09:53:14.024+0800: 15.463: Total time for which application threads were stopped: 0.0001283 seconds, Stopping threads took: 0.0000144 seconds
         vmop                    [threads: total initially_running wait_to_block]    [time: spin block sync cleanup vmop] page_trap_count
15.463: RevokeBias                       [      33          1              1    ]      [     6     0     6     0     0    ]  0   
2017-11-17T09:53:14.031+0800: 15.470: Total time for which application threads were stopped: 0.0068585 seconds, Stopping threads took: 0.0066311 seconds
         vmop                    [threads: total initially_running wait_to_block]    [time: spin block sync cleanup vmop] page_trap_count
15.475: RevokeBias                       [      33          0              1    ]      [     0     0     0     0     0    ]  0   
2017-11-17T09:53:14.036+0800: 15.475: Total time for which application threads were stopped: 0.0002375 seconds, Stopping threads took: 0.0000908 seconds
         vmop                    [threads: total initially_running wait_to_block]    [time: spin block sync cleanup vmop] page_trap_count
15.475: RevokeBias                       [      33          0              1    ]      [     0     0     0     0     0    ]  0   
2017-11-17T09:53:14.036+0800: 15.475: Total time for which application threads were stopped: 0.0001640 seconds, Stopping threads took: 0.0000577 seconds
         vmop                    [threads: total initially_running wait_to_block]    [time: spin block sync cleanup vmop] page_trap_count
15.476: RevokeBias                       [      33          0              0    ]      [     0     0     0     0     0    ]  0   
2017-11-17T09:53:14.036+0800: 15.476: Total time for which application threads were stopped: 0.0001223 seconds, Stopping threads took: 0.0000306 seconds
         vmop                    [threads: total initially_running wait_to_block]    [time: spin block sync cleanup vmop] page_trap_count
15.476: RevokeBias                       [      33          0              1    ]      [     0     0     0     0     0    ]  0   
2017-11-17T09:53:14.036+0800: 15.476: Total time for which application threads were stopped: 0.0001553 seconds, Stopping threads took: 0.0000566 seconds
         vmop                    [threads: total initially_running wait_to_block]    [time: spin block sync cleanup vmop] page_trap_count
15.476: RevokeBias                       [      33          0              0    ]      [     0     0     0     0     0    ]  0   
2017-11-17T09:53:14.036+0800: 15.476: Total time for which application threads were stopped: 0.0001075 seconds, Stopping threads took: 0.0000168 seconds
         vmop                    [threads: total initially_running wait_to_block]    [time: spin block sync cleanup vmop] page_trap_count
15.476: RevokeBias                       [      33          0              1    ]      [     0     0     0     0     0    ]  0   
2017-11-17T09:53:14.037+0800: 15.476: Total time for which application threads were stopped: 0.0001422 seconds, Stopping threads took: 0.0000522 seconds
         vmop                    [threads: total initially_running wait_to_block]    [time: spin block sync cleanup vmop] page_trap_count
15.476: RevokeBias                       [      33          0              0    ]      [     0     0     0     0     0    ]  0   
2017-11-17T09:53:14.037+0800: 15.476: Total time for which application threads were stopped: 0.0001412 seconds, Stopping threads took: 0.0000098 seconds
         vmop                    [threads: total initially_running wait_to_block]    [time: spin block sync cleanup vmop] page_trap_count
15.476: RevokeBias                       [      33          0              1    ]      [     0     0     0     0     0    ]  0   
2017-11-17T09:53:14.037+0800: 15.477: Total time for which application threads were stopped: 0.0003106 seconds, Stopping threads took: 0.0001303 seconds
         vmop                    [threads: total initially_running wait_to_block]    [time: spin block sync cleanup vmop] page_trap_count
15.477: RevokeBias                       [      33          0              0    ]      [     0     0     0     0     0    ]  0   
2017-11-17T09:53:14.037+0800: 15.477: Total time for which application threads were stopped: 0.0001027 seconds, Stopping threads took: 0.0000302 seconds
         vmop                    [threads: total initially_running wait_to_block]    [time: spin block sync cleanup vmop] page_trap_count
15.477: RevokeBias                       [      33          0              0    ]      [     0     0     0     0     0    ]  0   
2017-11-17T09:53:14.037+0800: 15.477: Total time for which application threads were stopped: 0.0000986 seconds, Stopping threads took: 0.0000240 seconds
         vmop                    [threads: total initially_running wait_to_block]    [time: spin block sync cleanup vmop] page_trap_count
15.477: RevokeBias                       [      33          0              0    ]      [     0     0     0     0     0    ]  0   
2017-11-17T09:53:14.038+0800: 15.477: Total time for which application threads were stopped: 0.0000991 seconds, Stopping threads took: 0.0000216 seconds
         vmop                    [threads: total initially_running wait_to_block]    [time: spin block sync cleanup vmop] page_trap_count
15.477: RevokeBias                       [      33          0              0    ]      [     0     0     0     0     0    ]  0   
2017-11-17T09:53:14.038+0800: 15.477: Total time for which application threads were stopped: 0.0000861 seconds, Stopping threads took: 0.0000222 seconds
         vmop                    [threads: total initially_running wait_to_block]    [time: spin block sync cleanup vmop] page_trap_count
15.477: RevokeBias                       [      33          0              0    ]      [     0     0     0     0     0    ]  0   
2017-11-17T09:53:14.038+0800: 15.477: Total time for which application threads were stopped: 0.0001112 seconds, Stopping threads took: 0.0000247 seconds
         vmop                    [threads: total initially_running wait_to_block]    [time: spin block sync cleanup vmop] page_trap_count
15.477: RevokeBias                       [      33          0              0    ]      [     0     0     0     0     0    ]  0   
2017-11-17T09:53:14.038+0800: 15.478: Total time for which application threads were stopped: 0.0000777 seconds, Stopping threads took: 0.0000216 seconds
         vmop                    [threads: total initially_running wait_to_block]    [time: spin block sync cleanup vmop] page_trap_count
15.478: RevokeBias                       [      33          0              0    ]      [     0     0     0     0     0    ]  0   
2017-11-17T09:53:14.038+0800: 15.478: Total time for which application threads were stopped: 0.0000761 seconds, Stopping threads took: 0.0000209 seconds
         vmop                    [threads: total initially_running wait_to_block]    [time: spin block sync cleanup vmop] page_trap_count
15.478: RevokeBias                       [      33          0              0    ]      [     0     0     0     0     0    ]  0   
2017-11-17T09:53:14.038+0800: 15.478: Total time for which application threads were stopped: 0.0000768 seconds, Stopping threads took: 0.0000212 seconds
         vmop                    [threads: total initially_running wait_to_block]    [time: spin block sync cleanup vmop] page_trap_count
15.478: RevokeBias                       [      33          0              0    ]      [     0     0     0     0     0    ]  0   
2017-11-17T09:53:14.039+0800: 15.478: Total time for which application threads were stopped: 0.0000802 seconds, Stopping threads took: 0.0000230 seconds
         vmop                    [threads: total initially_running wait_to_block]    [time: spin block sync cleanup vmop] page_trap_count
15.478: RevokeBias                       [      33          0              0    ]      [     0     0     0     0     0    ]  0   
2017-11-17T09:53:14.039+0800: 15.478: Total time for which application threads were stopped: 0.0001091 seconds, Stopping threads took: 0.0000225 seconds
         vmop                    [threads: total initially_running wait_to_block]    [time: spin block sync cleanup vmop] page_trap_count
15.478: RevokeBias                       [      33          0              1    ]      [     0     0     0     0     0    ]  0   
2017-11-17T09:53:14.039+0800: 15.478: Total time for which application threads were stopped: 0.0001836 seconds, Stopping threads took: 0.0000698 seconds
         vmop                    [threads: total initially_running wait_to_block]    [time: spin block sync cleanup vmop] page_trap_count
15.478: RevokeBias                       [      33          0              1    ]      [     0     0     0     0     0    ]  0   
2017-11-17T09:53:14.039+0800: 15.479: Total time for which application threads were stopped: 0.0001510 seconds, Stopping threads took: 0.0000621 seconds
         vmop                    [threads: total initially_running wait_to_block]    [time: spin block sync cleanup vmop] page_trap_count
15.479: BulkRevokeBias                   [      33          1              0    ]      [     0     0     0     0     0    ]  0   
2017-11-17T09:53:14.040+0800: 15.479: Total time for which application threads were stopped: 0.0003017 seconds, Stopping threads took: 0.0000410 seconds
         vmop                    [threads: total initially_running wait_to_block]    [time: spin block sync cleanup vmop] page_trap_count
15.479: RevokeBias                       [      33          0              0    ]      [     0     0     0     0     0    ]  0   
2017-11-17T09:53:14.040+0800: 15.479: Total time for which application threads were stopped: 0.0001112 seconds, Stopping threads took: 0.0000134 seconds
         vmop                    [threads: total initially_running wait_to_block]    [time: spin block sync cleanup vmop] page_trap_count
15.479: RevokeBias                       [      33          0              0    ]      [     0     0     0     0     0    ]  0   
2017-11-17T09:53:14.040+0800: 15.479: Total time for which application threads were stopped: 0.0000941 seconds, Stopping threads took: 0.0000074 seconds
         vmop                    [threads: total initially_running wait_to_block]    [time: spin block sync cleanup vmop] page_trap_count
15.489: Deoptimize                       [      33          0              0    ]      [     0     0     0     0     0    ]  0   
2017-11-17T09:53:14.050+0800: 15.490: Total time for which application threads were stopped: 0.0005110 seconds, Stopping threads took: 0.0000459 seconds
         vmop                    [threads: total initially_running wait_to_block]    [time: spin block sync cleanup vmop] page_trap_count
15.527: Deoptimize                       [      33          0              0    ]      [     0     0     0     0     0    ]  0   
2017-11-17T09:53:14.088+0800: 15.527: Total time for which application threads were stopped: 0.0005008 seconds, Stopping threads took: 0.0000377 seconds
         vmop                    [threads: total initially_running wait_to_block]    [time: spin block sync cleanup vmop] page_trap_count
15.554: RevokeBias                       [      34          0              1    ]      [     0     0     0     0     0    ]  0   
2017-11-17T09:53:14.114+0800: 15.554: Total time for which application threads were stopped: 0.0002706 seconds, Stopping threads took: 0.0001058 seconds
         vmop                    [threads: total initially_running wait_to_block]    [time: spin block sync cleanup vmop] page_trap_count
15.554: RevokeBias                       [      34          0              0    ]      [     0     0     0     0     0    ]  0   
2017-11-17T09:53:14.115+0800: 15.554: Total time for which application threads were stopped: 0.0001384 seconds, Stopping threads took: 0.0000190 seconds
         vmop                    [threads: total initially_running wait_to_block]    [time: spin block sync cleanup vmop] page_trap_count
15.554: RevokeBias                       [      34          0              0    ]      [     0     0     0     0     0    ]  0   
2017-11-17T09:53:14.115+0800: 15.554: Total time for which application threads were stopped: 0.0001197 seconds, Stopping threads took: 0.0000220 seconds
         vmop                    [threads: total initially_running wait_to_block]    [time: spin block sync cleanup vmop] page_trap_count
15.554: RevokeBias                       [      34          0              1    ]      [     0     0     0     0     0    ]  0   
2017-11-17T09:53:14.115+0800: 15.555: Total time for which application threads were stopped: 0.0002678 seconds, Stopping threads took: 0.0001589 seconds
         vmop                    [threads: total initially_running wait_to_block]    [time: spin block sync cleanup vmop] page_trap_count
15.555: BulkRevokeBias                   [      34          0              1    ]      [     0     0     0     0     0    ]  0   
2017-11-17T09:53:14.116+0800: 15.555: Total time for which application threads were stopped: 0.0003414 seconds, Stopping threads took: 0.0001077 seconds
         vmop                    [threads: total initially_running wait_to_block]    [time: spin block sync cleanup vmop] page_trap_count
15.555: RevokeBias                       [      34          0              1    ]      [     0     0     0     0     0    ]  0   
2017-11-17T09:53:14.116+0800: 15.555: Total time for which application threads were stopped: 0.0001482 seconds, Stopping threads took: 0.0000660 seconds
         vmop                    [threads: total initially_running wait_to_block]    [time: spin block sync cleanup vmop] page_trap_count
15.555: RevokeBias                       [      34          0              0    ]      [     0     0     0     0     0    ]  0   
2017-11-17T09:53:14.116+0800: 15.556: Total time for which application threads were stopped: 0.0000903 seconds, Stopping threads took: 0.0000172 seconds
         vmop                    [threads: total initially_running wait_to_block]    [time: spin block sync cleanup vmop] page_trap_count
15.556: RevokeBias                       [      34          0              1    ]      [     0     0     0     0     0    ]  0   
2017-11-17T09:53:14.116+0800: 15.556: Total time for which application threads were stopped: 0.0001270 seconds, Stopping threads took: 0.0000451 seconds
         vmop                    [threads: total initially_running wait_to_block]    [time: spin block sync cleanup vmop] page_trap_count
15.556: RevokeBias                       [      34          0              0    ]      [     0     0     0     0     0    ]  0   
2017-11-17T09:53:14.116+0800: 15.556: Total time for which application threads were stopped: 0.0001014 seconds, Stopping threads took: 0.0000186 seconds
         vmop                    [threads: total initially_running wait_to_block]    [time: spin block sync cleanup vmop] page_trap_count
15.556: RevokeBias                       [      35          0              0    ]      [     0     0     0     0     0    ]  0   
2017-11-17T09:53:14.117+0800: 15.556: Total time for which application threads were stopped: 0.0000962 seconds, Stopping threads took: 0.0000231 seconds
         vmop                    [threads: total initially_running wait_to_block]    [time: spin block sync cleanup vmop] page_trap_count
15.556: RevokeBias                       [      35          0              0    ]      [     0     0     0     0     0    ]  0   
2017-11-17T09:53:14.117+0800: 15.557: Total time for which application threads were stopped: 0.0000776 seconds, Stopping threads took: 0.0000143 seconds
         vmop                    [threads: total initially_running wait_to_block]    [time: spin block sync cleanup vmop] page_trap_count
15.561: RevokeBias                       [      35          0              0    ]      [     0     0     0     0     0    ]  0   
2017-11-17T09:53:14.121+0800: 15.561: Total time for which application threads were stopped: 0.0001346 seconds, Stopping threads took: 0.0000318 seconds
         vmop                    [threads: total initially_running wait_to_block]    [time: spin block sync cleanup vmop] page_trap_count
15.561: RevokeBias                       [      35          0              0    ]      [     0     0     0     0     0    ]  0   
2017-11-17T09:53:14.121+0800: 15.561: Total time for which application threads were stopped: 0.0001034 seconds, Stopping threads took: 0.0000331 seconds
         vmop                    [threads: total initially_running wait_to_block]    [time: spin block sync cleanup vmop] page_trap_count
15.562: RevokeBias                       [      35          0              0    ]      [     0     0     0     0     0    ]  0   
2017-11-17T09:53:14.122+0800: 15.562: Total time for which application threads were stopped: 0.0000926 seconds, Stopping threads took: 0.0000196 seconds
         vmop                    [threads: total initially_running wait_to_block]    [time: spin block sync cleanup vmop] page_trap_count
15.565: RevokeBias                       [      35          0              0    ]      [     0     0     0     0     0    ]  0   
2017-11-17T09:53:14.126+0800: 15.566: Total time for which application threads were stopped: 0.0001188 seconds, Stopping threads took: 0.0000388 seconds
         vmop                    [threads: total initially_running wait_to_block]    [time: spin block sync cleanup vmop] page_trap_count
15.627: RevokeBias                       [      35          0              0    ]      [     0     0     0     0     0    ]  0   
2017-11-17T09:53:14.188+0800: 15.627: Total time for which application threads were stopped: 0.0003124 seconds, Stopping threads took: 0.0001287 seconds
         vmop                    [threads: total initially_running wait_to_block]    [time: spin block sync cleanup vmop] page_trap_count
15.681: RevokeBias                       [      35          0              0    ]      [     0     0     0     0     0    ]  0   
2017-11-17T09:53:14.242+0800: 15.681: Total time for which application threads were stopped: 0.0002520 seconds, Stopping threads took: 0.0000713 seconds
         vmop                    [threads: total initially_running wait_to_block]    [time: spin block sync cleanup vmop] page_trap_count
16.340: ForceSafepoint                   [      35          0              1    ]      [     0     0     0     0     0    ]  0   
2017-11-17T09:53:14.901+0800: 16.340: Total time for which application threads were stopped: 0.0002849 seconds, Stopping threads took: 0.0000542 seconds
2017-11-17T09:53:15.147+0800: 16.586: [GC pause (G1 Evacuation Pause) (young) 16.586: [G1Ergonomics (CSet Construction) start choosing CSet, _pending_cards: 0, predicted base time: 35.98 ms, remaining time: 164.02 ms, target pause time: 200.00 ms]
 16.586: [G1Ergonomics (CSet Construction) add young regions to CSet, eden: 280 regions, survivors: 22 regions, predicted young region time: 157.51 ms]
 16.586: [G1Ergonomics (CSet Construction) finish choosing CSet, eden: 280 regions, survivors: 22 regions, old: 0 regions, predicted pause time: 193.49 ms, target pause time: 200.00 ms]
 16.638: [G1Ergonomics (Mixed GCs) do not start mixed GCs, reason: candidate old regions not available]
, 0.0521781 secs]
   [Parallel Time: 43.5 ms, GC Workers: 8]
      [GC Worker Start (ms): Min: 16586.5, Avg: 16595.4, Max: 16603.1, Diff: 16.6]
      [Ext Root Scanning (ms): Min: 0.0, Avg: 3.0, Max: 22.2, Diff: 22.2, Sum: 23.6]
      [Update RS (ms): Min: 0.0, Avg: 0.0, Max: 0.0, Diff: 0.0, Sum: 0.0]
         [Processed Buffers: Min: 0, Avg: 0.0, Max: 0, Diff: 0, Sum: 0]
      [Scan RS (ms): Min: 0.0, Avg: 0.1, Max: 0.2, Diff: 0.2, Sum: 0.4]
      [Code Root Scanning (ms): Min: 0.0, Avg: 0.3, Max: 2.5, Diff: 2.5, Sum: 2.5]
      [Object Copy (ms): Min: 14.5, Avg: 23.8, Max: 34.0, Diff: 19.5, Sum: 190.6]
      [Termination (ms): Min: 0.0, Avg: 1.1, Max: 3.5, Diff: 3.5, Sum: 8.7]
         [Termination Attempts: Min: 1, Avg: 17.2, Max: 65, Diff: 64, Sum: 138]
      [GC Worker Other (ms): Min: 0.0, Avg: 0.0, Max: 0.0, Diff: 0.0, Sum: 0.1]
      [GC Worker Total (ms): Min: 20.1, Avg: 28.2, Max: 36.7, Diff: 16.6, Sum: 225.9]
      [GC Worker End (ms): Min: 16623.2, Avg: 16623.6, Max: 16626.1, Diff: 2.9]
   [Code Root Fixup: 0.8 ms]
   [Code Root Purge: 0.0 ms]
   [Clear CT: 0.3 ms]
   [Other: 7.6 ms]
      [Choose CSet: 0.0 ms]
      [Ref Proc: 6.8 ms]
      [Ref Enq: 0.0 ms]
      [Redirty Cards: 0.1 ms]
      [Humongous Register: 0.0 ms]
      [Humongous Reclaim: 0.0 ms]
      [Free CSet: 0.4 ms]
   [Eden: 280.0M(280.0M)->0.0B(282.0M) Survivors: 22.0M->20.0M Heap: 381.5M(504.0M)->100.0M(504.0M)]
 [Times: user=0.06 sys=0.02, real=0.06 secs] 
         vmop                    [threads: total initially_running wait_to_block]    [time: spin block sync cleanup vmop] page_trap_count
16.586: G1IncCollectionPause             [      35          0              1    ]      [     0     0     0     0    52    ]  0   
2017-11-17T09:53:15.199+0800: 16.639: Total time for which application threads were stopped: 0.0524968 seconds, Stopping threads took: 0.0000479 seconds
2017-11-17T09:53:15.518+0800: 16.958: [GC pause (G1 Evacuation Pause) (young) 16.958: [G1Ergonomics (CSet Construction) start choosing CSet, _pending_cards: 0, predicted base time: 34.23 ms, remaining time: 165.77 ms, target pause time: 200.00 ms]
 16.958: [G1Ergonomics (CSet Construction) add young regions to CSet, eden: 282 regions, survivors: 20 regions, predicted young region time: 149.08 ms]
 16.958: [G1Ergonomics (CSet Construction) finish choosing CSet, eden: 282 regions, survivors: 20 regions, old: 0 regions, predicted pause time: 183.31 ms, target pause time: 200.00 ms]
, 0.0594598 secs]
   [Parallel Time: 48.1 ms, GC Workers: 8]
      [GC Worker Start (ms): Min: 16957.8, Avg: 16967.3, Max: 16982.6, Diff: 24.7]
      [Ext Root Scanning (ms): Min: 0.0, Avg: 0.5, Max: 3.6, Diff: 3.6, Sum: 3.8]
      [Update RS (ms): Min: 0.0, Avg: 0.0, Max: 0.0, Diff: 0.0, Sum: 0.0]
         [Processed Buffers: Min: 0, Avg: 0.0, Max: 0, Diff: 0, Sum: 0]
      [Scan RS (ms): Min: 0.0, Avg: 0.1, Max: 0.2, Diff: 0.2, Sum: 0.6]
      [Code Root Scanning (ms): Min: 0.0, Avg: 3.5, Max: 24.7, Diff: 24.7, Sum: 27.8]
      [Object Copy (ms): Min: 5.8, Avg: 24.8, Max: 43.1, Diff: 37.3, Sum: 198.5]
      [Termination (ms): Min: 0.0, Avg: 9.5, Max: 12.9, Diff: 12.8, Sum: 76.1]
         [Termination Attempts: Min: 1, Avg: 64.1, Max: 174, Diff: 173, Sum: 513]
      [GC Worker Other (ms): Min: 0.0, Avg: 0.0, Max: 0.0, Diff: 0.0, Sum: 0.1]
      [GC Worker Total (ms): Min: 23.1, Avg: 38.4, Max: 47.8, Diff: 24.7, Sum: 306.9]
      [GC Worker End (ms): Min: 17005.7, Avg: 17005.7, Max: 17005.7, Diff: 0.0]
   [Code Root Fixup: 0.8 ms]
   [Code Root Purge: 0.0 ms]
   [Clear CT: 0.6 ms]
   [Other: 10.0 ms]
      [Choose CSet: 0.0 ms]
      [Ref Proc: 8.9 ms]
      [Ref Enq: 0.0 ms]
      [Redirty Cards: 0.4 ms]
      [Humongous Register: 0.0 ms]
      [Humongous Reclaim: 0.0 ms]
      [Free CSet: 0.4 ms]
   [Eden: 282.0M(282.0M)->0.0B(278.0M) Survivors: 20.0M->24.0M Heap: 382.0M(504.0M)->103.5M(504.0M)]
 [Times: user=0.13 sys=0.01, real=0.06 secs] 
         vmop                    [threads: total initially_running wait_to_block]    [time: spin block sync cleanup vmop] page_trap_count
16.957: G1IncCollectionPause             [      35          0              1    ]      [     0     0     0     0    59    ]  0   
2017-11-17T09:53:15.578+0800: 17.017: Total time for which application threads were stopped: 0.0598432 seconds, Stopping threads took: 0.0000695 seconds
2017-11-17T09:53:15.864+0800: 17.304: [GC pause (G1 Evacuation Pause) (young) 17.304: [G1Ergonomics (CSet Construction) start choosing CSet, _pending_cards: 1025, predicted base time: 33.07 ms, remaining time: 166.93 ms, target pause time: 200.00 ms]
 17.304: [G1Ergonomics (CSet Construction) add young regions to CSet, eden: 278 regions, survivors: 24 regions, predicted young region time: 137.23 ms]
 17.304: [G1Ergonomics (CSet Construction) finish choosing CSet, eden: 278 regions, survivors: 24 regions, old: 0 regions, predicted pause time: 170.31 ms, target pause time: 200.00 ms]
, 0.0292374 secs]
   [Parallel Time: 26.2 ms, GC Workers: 8]
      [GC Worker Start (ms): Min: 17303.9, Avg: 17307.7, Max: 17318.6, Diff: 14.6]
      [Ext Root Scanning (ms): Min: 0.0, Avg: 0.7, Max: 2.8, Diff: 2.8, Sum: 5.5]
      [Update RS (ms): Min: 0.0, Avg: 0.9, Max: 2.7, Diff: 2.7, Sum: 7.2]
         [Processed Buffers: Min: 0, Avg: 0.6, Max: 1, Diff: 1, Sum: 5]
      [Scan RS (ms): Min: 0.0, Avg: 0.1, Max: 0.2, Diff: 0.2, Sum: 0.6]
      [Code Root Scanning (ms): Min: 0.0, Avg: 0.6, Max: 3.0, Diff: 3.0, Sum: 4.7]
      [Object Copy (ms): Min: 4.7, Avg: 15.1, Max: 23.5, Diff: 18.7, Sum: 120.6]
      [Termination (ms): Min: 0.0, Avg: 4.9, Max: 6.5, Diff: 6.5, Sum: 39.3]
         [Termination Attempts: Min: 1, Avg: 1.0, Max: 1, Diff: 0, Sum: 8]
      [GC Worker Other (ms): Min: 0.0, Avg: 0.0, Max: 0.1, Diff: 0.0, Sum: 0.2]
      [GC Worker Total (ms): Min: 11.3, Avg: 22.3, Max: 26.0, Diff: 14.6, Sum: 178.2]
      [GC Worker End (ms): Min: 17329.9, Avg: 17329.9, Max: 17329.9, Diff: 0.0]
   [Code Root Fixup: 0.9 ms]
   [Code Root Purge: 0.0 ms]
   [Clear CT: 0.3 ms]
   [Other: 1.8 ms]
      [Choose CSet: 0.0 ms]
      [Ref Proc: 0.6 ms]
      [Ref Enq: 0.0 ms]
      [Redirty Cards: 0.3 ms]
      [Humongous Register: 0.0 ms]
      [Humongous Reclaim: 0.0 ms]
      [Free CSet: 0.6 ms]
   [Eden: 278.0M(278.0M)->0.0B(276.0M) Survivors: 24.0M->26.0M Heap: 382.0M(504.0M)->110.5M(504.0M)]
 [Times: user=0.14 sys=0.00, real=0.03 secs] 
         vmop                    [threads: total initially_running wait_to_block]    [time: spin block sync cleanup vmop] page_trap_count
17.304: G1IncCollectionPause             [      35          0              0    ]      [     0     0     0     0    29    ]  0   
2017-11-17T09:53:15.894+0800: 17.333: Total time for which application threads were stopped: 0.0296416 seconds, Stopping threads took: 0.0000583 seconds
2017-11-17T09:53:16.126+0800: 17.566: [GC pause (G1 Evacuation Pause) (young) 17.566: [G1Ergonomics (CSet Construction) start choosing CSet, _pending_cards: 2314, predicted base time: 28.94 ms, remaining time: 171.06 ms, target pause time: 200.00 ms]
 17.566: [G1Ergonomics (CSet Construction) add young regions to CSet, eden: 276 regions, survivors: 26 regions, predicted young region time: 114.78 ms]
 17.566: [G1Ergonomics (CSet Construction) finish choosing CSet, eden: 276 regions, survivors: 26 regions, old: 0 regions, predicted pause time: 143.72 ms, target pause time: 200.00 ms]
, 0.0418166 secs]
   [Parallel Time: 36.2 ms, GC Workers: 8]
      [GC Worker Start (ms): Min: 17565.9, Avg: 17568.8, Max: 17573.3, Diff: 7.4]
      [Ext Root Scanning (ms): Min: 0.0, Avg: 0.6, Max: 2.3, Diff: 2.3, Sum: 4.4]
      [Update RS (ms): Min: 0.0, Avg: 1.0, Max: 4.1, Diff: 4.1, Sum: 8.2]
         [Processed Buffers: Min: 0, Avg: 1.5, Max: 5, Diff: 5, Sum: 12]
      [Scan RS (ms): Min: 0.0, Avg: 0.3, Max: 1.0, Diff: 0.9, Sum: 2.6]
      [Code Root Scanning (ms): Min: 0.0, Avg: 2.2, Max: 17.3, Diff: 17.3, Sum: 17.7]
      [Object Copy (ms): Min: 14.6, Avg: 25.1, Max: 32.4, Diff: 17.7, Sum: 201.2]
      [Termination (ms): Min: 0.0, Avg: 3.6, Max: 5.7, Diff: 5.7, Sum: 29.0]
         [Termination Attempts: Min: 1, Avg: 1.2, Max: 2, Diff: 1, Sum: 10]
      [GC Worker Other (ms): Min: 0.0, Avg: 0.0, Max: 0.1, Diff: 0.0, Sum: 0.3]
      [GC Worker Total (ms): Min: 28.4, Avg: 32.9, Max: 35.8, Diff: 7.4, Sum: 263.4]
      [GC Worker End (ms): Min: 17601.7, Avg: 17601.7, Max: 17601.7, Diff: 0.1]
   [Code Root Fixup: 0.1 ms]
   [Code Root Purge: 0.0 ms]
   [Clear CT: 0.4 ms]
   [Other: 5.1 ms]
      [Choose CSet: 0.0 ms]
      [Ref Proc: 4.0 ms]
      [Ref Enq: 0.0 ms]
      [Redirty Cards: 0.4 ms]
      [Humongous Register: 0.0 ms]
      [Humongous Reclaim: 0.0 ms]
      [Free CSet: 0.4 ms]
   [Eden: 276.0M(276.0M)->0.0B(279.0M) Survivors: 26.0M->23.0M Heap: 386.5M(504.0M)->118.8M(504.0M)]
 [Times: user=0.17 sys=0.00, real=0.04 secs] 
         vmop                    [threads: total initially_running wait_to_block]    [time: spin block sync cleanup vmop] page_trap_count
17.566: G1IncCollectionPause             [      35          0              0    ]      [     0     0     0     0    41    ]  0   
2017-11-17T09:53:16.168+0800: 17.608: Total time for which application threads were stopped: 0.0421548 seconds, Stopping threads took: 0.0000475 seconds
2017-11-17T09:53:16.629+0800: 18.068: [GC pause (G1 Evacuation Pause) (young) 18.068: [G1Ergonomics (CSet Construction) start choosing CSet, _pending_cards: 2336, predicted base time: 31.01 ms, remaining time: 168.99 ms, target pause time: 200.00 ms]
 18.068: [G1Ergonomics (CSet Construction) add young regions to CSet, eden: 279 regions, survivors: 23 regions, predicted young region time: 81.76 ms]
 18.068: [G1Ergonomics (CSet Construction) finish choosing CSet, eden: 279 regions, survivors: 23 regions, old: 0 regions, predicted pause time: 112.76 ms, target pause time: 200.00 ms]
, 0.0415163 secs]
   [Parallel Time: 39.4 ms, GC Workers: 8]
      [GC Worker Start (ms): Min: 18068.4, Avg: 18073.7, Max: 18082.6, Diff: 14.3]
      [Ext Root Scanning (ms): Min: 0.0, Avg: 0.3, Max: 1.0, Diff: 1.0, Sum: 2.6]
      [Update RS (ms): Min: 0.0, Avg: 1.8, Max: 4.1, Diff: 4.1, Sum: 14.0]
         [Processed Buffers: Min: 0, Avg: 1.8, Max: 9, Diff: 9, Sum: 14]
      [Scan RS (ms): Min: 0.0, Avg: 0.3, Max: 1.5, Diff: 1.5, Sum: 2.7]
      [Code Root Scanning (ms): Min: 0.0, Avg: 0.0, Max: 0.1, Diff: 0.1, Sum: 0.1]
      [Object Copy (ms): Min: 10.4, Avg: 18.8, Max: 36.0, Diff: 25.6, Sum: 150.5]
      [Termination (ms): Min: 0.0, Avg: 12.6, Max: 14.6, Diff: 14.6, Sum: 101.0]
         [Termination Attempts: Min: 1, Avg: 23.0, Max: 46, Diff: 45, Sum: 184]
      [GC Worker Other (ms): Min: 0.0, Avg: 0.0, Max: 0.1, Diff: 0.0, Sum: 0.2]
      [GC Worker Total (ms): Min: 25.0, Avg: 33.9, Max: 39.3, Diff: 14.2, Sum: 271.3]
      [GC Worker End (ms): Min: 18107.6, Avg: 18107.6, Max: 18107.7, Diff: 0.0]
   [Code Root Fixup: 0.0 ms]
   [Code Root Purge: 0.0 ms]
   [Clear CT: 0.4 ms]
   [Other: 1.7 ms]
      [Choose CSet: 0.0 ms]
      [Ref Proc: 0.4 ms]
      [Ref Enq: 0.0 ms]
      [Redirty Cards: 0.5 ms]
      [Humongous Register: 0.1 ms]
      [Humongous Reclaim: 0.0 ms]
      [Free CSet: 0.5 ms]
   [Eden: 279.0M(279.0M)->0.0B(279.0M) Survivors: 23.0M->23.0M Heap: 398.8M(504.0M)->129.5M(504.0M)]
 [Times: user=0.18 sys=0.01, real=0.04 secs] 
         vmop                    [threads: total initially_running wait_to_block]    [time: spin block sync cleanup vmop] page_trap_count
18.068: G1IncCollectionPause             [      35          0              0    ]      [     0     0     0     0    41    ]  0   
2017-11-17T09:53:16.670+0800: 18.110: Total time for which application threads were stopped: 0.0420293 seconds, Stopping threads took: 0.0000684 seconds
2017-11-17T09:53:17.064+0800: 18.503: [GC pause (G1 Evacuation Pause) (young) 18.503: [G1Ergonomics (CSet Construction) start choosing CSet, _pending_cards: 2839, predicted base time: 24.29 ms, remaining time: 175.71 ms, target pause time: 200.00 ms]
 18.503: [G1Ergonomics (CSet Construction) add young regions to CSet, eden: 279 regions, survivors: 23 regions, predicted young region time: 70.03 ms]
 18.503: [G1Ergonomics (CSet Construction) finish choosing CSet, eden: 279 regions, survivors: 23 regions, old: 0 regions, predicted pause time: 94.32 ms, target pause time: 200.00 ms]
, 0.0908731 secs]
   [Parallel Time: 67.4 ms, GC Workers: 8]
      [GC Worker Start (ms): Min: 18503.3, Avg: 18514.0, Max: 18530.6, Diff: 27.3]
      [Ext Root Scanning (ms): Min: 0.0, Avg: 0.3, Max: 0.9, Diff: 0.9, Sum: 2.7]
      [Update RS (ms): Min: 0.0, Avg: 1.8, Max: 4.7, Diff: 4.7, Sum: 14.5]
         [Processed Buffers: Min: 0, Avg: 1.9, Max: 4, Diff: 4, Sum: 15]
      [Scan RS (ms): Min: 0.0, Avg: 0.2, Max: 0.8, Diff: 0.8, Sum: 1.8]
      [Code Root Scanning (ms): Min: 0.0, Avg: 0.0, Max: 0.1, Diff: 0.1, Sum: 0.1]
      [Object Copy (ms): Min: 8.2, Avg: 27.1, Max: 44.9, Diff: 36.7, Sum: 216.6]
      [Termination (ms): Min: 0.0, Avg: 11.2, Max: 15.8, Diff: 15.8, Sum: 89.8]
         [Termination Attempts: Min: 1, Avg: 8.5, Max: 31, Diff: 30, Sum: 68]
      [GC Worker Other (ms): Min: 0.0, Avg: 0.0, Max: 0.0, Diff: 0.0, Sum: 0.1]
      [GC Worker Total (ms): Min: 24.1, Avg: 40.7, Max: 51.3, Diff: 27.2, Sum: 325.5]
      [GC Worker End (ms): Min: 18554.6, Avg: 18554.7, Max: 18554.7, Diff: 0.0]
   [Code Root Fixup: 0.0 ms]
   [Code Root Purge: 0.0 ms]
   [Clear CT: 5.6 ms]
   [Other: 17.9 ms]
      [Choose CSet: 0.0 ms]
      [Ref Proc: 17.0 ms]
      [Ref Enq: 0.0 ms]
      [Redirty Cards: 0.2 ms]
      [Humongous Register: 0.1 ms]
      [Humongous Reclaim: 0.0 ms]
      [Free CSet: 0.4 ms]
   [Eden: 279.0M(279.0M)->0.0B(279.0M) Survivors: 23.0M->23.0M Heap: 408.5M(504.0M)->140.0M(504.0M)]
 [Times: user=0.18 sys=0.02, real=0.09 secs] 
         vmop                    [threads: total initially_running wait_to_block]    [time: spin block sync cleanup vmop] page_trap_count
18.503: G1IncCollectionPause             [      35          0              0    ]      [     0     0     0     0    91    ]  0   
2017-11-17T09:53:17.155+0800: 18.594: Total time for which application threads were stopped: 0.0912062 seconds, Stopping threads took: 0.0000419 seconds
2017-11-17T09:53:17.445+0800: 18.884: [GC pause (G1 Evacuation Pause) (young) 18.884: [G1Ergonomics (CSet Construction) start choosing CSet, _pending_cards: 2836, predicted base time: 36.58 ms, remaining time: 163.42 ms, target pause time: 200.00 ms]
 18.884: [G1Ergonomics (CSet Construction) add young regions to CSet, eden: 279 regions, survivors: 23 regions, predicted young region time: 64.49 ms]
 18.884: [G1Ergonomics (CSet Construction) finish choosing CSet, eden: 279 regions, survivors: 23 regions, old: 0 regions, predicted pause time: 101.07 ms, target pause time: 200.00 ms]
, 0.0780964 secs]
   [Parallel Time: 64.2 ms, GC Workers: 8]
      [GC Worker Start (ms): Min: 18884.3, Avg: 18892.9, Max: 18895.1, Diff: 10.8]
      [Ext Root Scanning (ms): Min: 0.0, Avg: 0.3, Max: 2.4, Diff: 2.4, Sum: 2.4]
      [Update RS (ms): Min: 0.0, Avg: 2.8, Max: 7.9, Diff: 7.9, Sum: 22.3]
         [Processed Buffers: Min: 0, Avg: 1.9, Max: 6, Diff: 6, Sum: 15]
      [Scan RS (ms): Min: 0.0, Avg: 0.1, Max: 0.4, Diff: 0.4, Sum: 0.7]
      [Code Root Scanning (ms): Min: 0.0, Avg: 0.0, Max: 0.1, Diff: 0.1, Sum: 0.1]
      [Object Copy (ms): Min: 21.7, Avg: 24.9, Max: 31.1, Diff: 9.4, Sum: 199.4]
      [Termination (ms): Min: 0.0, Avg: 7.4, Max: 24.5, Diff: 24.5, Sum: 59.5]
         [Termination Attempts: Min: 1, Avg: 3.2, Max: 7, Diff: 6, Sum: 26]
      [GC Worker Other (ms): Min: 0.0, Avg: 0.0, Max: 0.0, Diff: 0.0, Sum: 0.1]
      [GC Worker Total (ms): Min: 31.1, Avg: 35.6, Max: 50.8, Diff: 19.8, Sum: 284.5]
      [GC Worker End (ms): Min: 18926.2, Avg: 18928.5, Max: 18944.8, Diff: 18.6]
   [Code Root Fixup: 0.0 ms]
   [Code Root Purge: 0.0 ms]
   [Clear CT: 0.4 ms]
   [Other: 13.4 ms]
      [Choose CSet: 0.0 ms]
      [Ref Proc: 12.6 ms]
      [Ref Enq: 0.0 ms]
      [Redirty Cards: 0.2 ms]
      [Humongous Register: 0.1 ms]
      [Humongous Reclaim: 0.0 ms]
      [Free CSet: 0.4 ms]
   [Eden: 279.0M(279.0M)->0.0B(272.0M) Survivors: 23.0M->24.0M Heap: 419.0M(504.0M)->150.5M(504.0M)]
 [Times: user=0.19 sys=0.03, real=0.08 secs] 
         vmop                    [threads: total initially_running wait_to_block]    [time: spin block sync cleanup vmop] page_trap_count
18.884: G1IncCollectionPause             [      35          0              0    ]      [     0     0     0     0    78    ]  0   
2017-11-17T09:53:17.523+0800: 18.962: Total time for which application threads were stopped: 0.0784516 seconds, Stopping threads took: 0.0000598 seconds
2017-11-17T09:53:17.973+0800: 19.413: [GC pause (G1 Evacuation Pause) (young) 19.413: [G1Ergonomics (CSet Construction) start choosing CSet, _pending_cards: 3320, predicted base time: 41.61 ms, remaining time: 158.39 ms, target pause time: 200.00 ms]
 19.413: [G1Ergonomics (CSet Construction) add young regions to CSet, eden: 272 regions, survivors: 24 regions, predicted young region time: 48.07 ms]
 19.413: [G1Ergonomics (CSet Construction) finish choosing CSet, eden: 272 regions, survivors: 24 regions, old: 0 regions, predicted pause time: 89.68 ms, target pause time: 200.00 ms]
, 0.0728774 secs]
   [Parallel Time: 69.6 ms, GC Workers: 8]
      [GC Worker Start (ms): Min: 19413.1, Avg: 19418.1, Max: 19434.6, Diff: 21.4]
      [Ext Root Scanning (ms): Min: 0.0, Avg: 0.3, Max: 1.1, Diff: 1.1, Sum: 2.8]
      [Update RS (ms): Min: 0.0, Avg: 1.7, Max: 3.2, Diff: 3.2, Sum: 13.6]
         [Processed Buffers: Min: 0, Avg: 1.9, Max: 9, Diff: 9, Sum: 15]
      [Scan RS (ms): Min: 0.1, Avg: 3.7, Max: 25.6, Diff: 25.5, Sum: 29.3]
      [Code Root Scanning (ms): Min: 0.0, Avg: 0.0, Max: 0.1, Diff: 0.1, Sum: 0.1]
      [Object Copy (ms): Min: 26.4, Avg: 45.3, Max: 61.2, Diff: 34.8, Sum: 362.1]
      [Termination (ms): Min: 0.1, Avg: 13.2, Max: 18.0, Diff: 17.9, Sum: 105.9]
         [Termination Attempts: Min: 1, Avg: 104.0, Max: 318, Diff: 317, Sum: 832]
      [GC Worker Other (ms): Min: 0.0, Avg: 0.0, Max: 0.1, Diff: 0.0, Sum: 0.2]
      [GC Worker Total (ms): Min: 47.8, Avg: 64.3, Max: 69.3, Diff: 21.5, Sum: 514.1]
      [GC Worker End (ms): Min: 19482.4, Avg: 19482.4, Max: 19482.5, Diff: 0.1]
   [Code Root Fixup: 0.0 ms]
   [Code Root Purge: 0.0 ms]
   [Clear CT: 0.3 ms]
   [Other: 3.0 ms]
      [Choose CSet: 0.0 ms]
      [Ref Proc: 2.0 ms]
      [Ref Enq: 0.0 ms]
      [Redirty Cards: 0.3 ms]
      [Humongous Register: 0.1 ms]
      [Humongous Reclaim: 0.0 ms]
      [Free CSet: 0.4 ms]
   [Eden: 272.0M(272.0M)->0.0B(260.0M) Survivors: 24.0M->24.0M Heap: 424.5M(504.0M)->161.0M(504.0M)]
 [Times: user=0.25 sys=0.01, real=0.07 secs] 
         vmop                    [threads: total initially_running wait_to_block]    [time: spin block sync cleanup vmop] page_trap_count
19.413: G1IncCollectionPause             [      35          0              0    ]      [     0     0     0     0    73    ]  0   
2017-11-17T09:53:18.047+0800: 19.486: Total time for which application threads were stopped: 0.0732851 seconds, Stopping threads took: 0.0000853 seconds
2017-11-17T09:53:18.308+0800: 19.748: [GC pause (G1 Evacuation Pause) (young) 19.748: [G1Ergonomics (CSet Construction) start choosing CSet, _pending_cards: 3584, predicted base time: 37.02 ms, remaining time: 162.98 ms, target pause time: 200.00 ms]
 19.748: [G1Ergonomics (CSet Construction) add young regions to CSet, eden: 260 regions, survivors: 24 regions, predicted young region time: 51.86 ms]
 19.748: [G1Ergonomics (CSet Construction) finish choosing CSet, eden: 260 regions, survivors: 24 regions, old: 0 regions, predicted pause time: 88.88 ms, target pause time: 200.00 ms]
, 0.0391125 secs]
   [Parallel Time: 37.4 ms, GC Workers: 8]
      [GC Worker Start (ms): Min: 19748.0, Avg: 19750.2, Max: 19762.6, Diff: 14.6]
      [Ext Root Scanning (ms): Min: 0.0, Avg: 0.4, Max: 1.0, Diff: 1.0, Sum: 2.9]
      [Update RS (ms): Min: 0.0, Avg: 2.7, Max: 5.4, Diff: 5.3, Sum: 21.4]
         [Processed Buffers: Min: 0, Avg: 2.0, Max: 4, Diff: 4, Sum: 16]
      [Scan RS (ms): Min: 0.0, Avg: 0.1, Max: 0.2, Diff: 0.2, Sum: 0.5]
      [Code Root Scanning (ms): Min: 0.0, Avg: 0.0, Max: 0.0, Diff: 0.0, Sum: 0.0]
      [Object Copy (ms): Min: 17.9, Avg: 27.7, Max: 33.9, Diff: 16.0, Sum: 221.6]
      [Termination (ms): Min: 0.2, Avg: 4.3, Max: 4.9, Diff: 4.7, Sum: 34.1]
         [Termination Attempts: Min: 1, Avg: 300.1, Max: 495, Diff: 494, Sum: 2401]
      [GC Worker Other (ms): Min: 0.0, Avg: 0.0, Max: 0.0, Diff: 0.0, Sum: 0.1]
      [GC Worker Total (ms): Min: 22.7, Avg: 35.1, Max: 37.3, Diff: 14.6, Sum: 280.7]
      [GC Worker End (ms): Min: 19785.3, Avg: 19785.3, Max: 19785.3, Diff: 0.0]
   [Code Root Fixup: 0.0 ms]
   [Code Root Purge: 0.0 ms]
   [Clear CT: 0.3 ms]
   [Other: 1.4 ms]
      [Choose CSet: 0.0 ms]
      [Ref Proc: 0.3 ms]
      [Ref Enq: 0.0 ms]
      [Redirty Cards: 0.4 ms]
      [Humongous Register: 0.0 ms]
      [Humongous Reclaim: 0.0 ms]
      [Free CSet: 0.4 ms]
   [Eden: 260.0M(260.0M)->0.0B(254.0M) Survivors: 24.0M->23.0M Heap: 421.0M(504.0M)->168.5M(504.0M)]
 [Times: user=0.23 sys=0.00, real=0.04 secs] 
         vmop                    [threads: total initially_running wait_to_block]    [time: spin block sync cleanup vmop] page_trap_count
19.748: G1IncCollectionPause             [      35          0              0    ]      [     0     0     0     0    39    ]  0   
2017-11-17T09:53:18.348+0800: 19.787: Total time for which application threads were stopped: 0.0394450 seconds, Stopping threads took: 0.0000487 seconds
2017-11-17T09:53:18.568+0800: 20.007: [GC pause (G1 Evacuation Pause) (young) 20.007: [G1Ergonomics (CSet Construction) start choosing CSet, _pending_cards: 3323, predicted base time: 30.06 ms, remaining time: 169.94 ms, target pause time: 200.00 ms]
 20.007: [G1Ergonomics (CSet Construction) add young regions to CSet, eden: 254 regions, survivors: 23 regions, predicted young region time: 45.70 ms]
 20.007: [G1Ergonomics (CSet Construction) finish choosing CSet, eden: 254 regions, survivors: 23 regions, old: 0 regions, predicted pause time: 75.76 ms, target pause time: 200.00 ms]
, 0.0839080 secs]
   [Parallel Time: 80.6 ms, GC Workers: 8]
      [GC Worker Start (ms): Min: 20007.5, Avg: 20021.8, Max: 20030.6, Diff: 23.1]
      [Ext Root Scanning (ms): Min: 0.0, Avg: 0.4, Max: 1.5, Diff: 1.5, Sum: 3.1]
      [Update RS (ms): Min: 0.0, Avg: 2.2, Max: 9.8, Diff: 9.8, Sum: 17.4]
         [Processed Buffers: Min: 0, Avg: 2.0, Max: 10, Diff: 10, Sum: 16]
      [Scan RS (ms): Min: 0.0, Avg: 0.1, Max: 0.3, Diff: 0.3, Sum: 0.6]
      [Code Root Scanning (ms): Min: 0.0, Avg: 0.0, Max: 0.0, Diff: 0.0, Sum: 0.0]
      [Object Copy (ms): Min: 28.4, Avg: 38.8, Max: 57.4, Diff: 29.0, Sum: 310.6]
      [Termination (ms): Min: 0.0, Avg: 24.8, Max: 29.2, Diff: 29.2, Sum: 198.5]
         [Termination Attempts: Min: 1, Avg: 11.9, Max: 27, Diff: 26, Sum: 95]
      [GC Worker Other (ms): Min: 0.0, Avg: 0.0, Max: 0.0, Diff: 0.0, Sum: 0.1]
      [GC Worker Total (ms): Min: 57.5, Avg: 66.3, Max: 80.6, Diff: 23.1, Sum: 530.3]
      [GC Worker End (ms): Min: 20088.1, Avg: 20088.1, Max: 20088.1, Diff: 0.0]
   [Code Root Fixup: 0.0 ms]
   [Code Root Purge: 0.0 ms]
   [Clear CT: 0.5 ms]
   [Other: 2.7 ms]
      [Choose CSet: 0.0 ms]
      [Ref Proc: 1.1 ms]
      [Ref Enq: 0.0 ms]
      [Redirty Cards: 0.9 ms]
      [Humongous Register: 0.1 ms]
      [Humongous Reclaim: 0.0 ms]
      [Free CSet: 0.4 ms]
   [Eden: 254.0M(254.0M)->0.0B(247.0M) Survivors: 23.0M->22.0M Heap: 422.5M(504.0M)->176.0M(504.0M)]
 [Times: user=0.28 sys=0.01, real=0.09 secs] 
         vmop                    [threads: total initially_running wait_to_block]    [time: spin block sync cleanup vmop] page_trap_count
20.007: G1IncCollectionPause             [      35          0              0    ]      [     0     0     0     0    84    ]  0   
2017-11-17T09:53:18.652+0800: 20.091: Total time for which application threads were stopped: 0.0843543 seconds, Stopping threads took: 0.0000637 seconds
2017-11-17T09:53:18.871+0800: 20.311: [GC pause (G1 Evacuation Pause) (young) 20.311: [G1Ergonomics (CSet Construction) start choosing CSet, _pending_cards: 4339, predicted base time: 28.95 ms, remaining time: 171.05 ms, target pause time: 200.00 ms]
 20.311: [G1Ergonomics (CSet Construction) add young regions to CSet, eden: 247 regions, survivors: 22 regions, predicted young region time: 43.53 ms]
 20.311: [G1Ergonomics (CSet Construction) finish choosing CSet, eden: 247 regions, survivors: 22 regions, old: 0 regions, predicted pause time: 72.49 ms, target pause time: 200.00 ms]
 20.406: [G1Ergonomics (Heap Sizing) attempt heap expansion, reason: recent GC overhead higher than threshold after GC, recent GC overhead: 12.53 %, threshold: 10.00 %, uncommitted: 6450839552 bytes, calculated expansion amount: 1290167910 bytes (20.00 %)]
 20.406: [G1Ergonomics (Heap Sizing) expand the heap, requested expansion amount: 528482304 bytes, attempted expansion amount: 528482304 bytes]
, 0.1003253 secs]
   [Parallel Time: 76.2 ms, GC Workers: 8]
      [GC Worker Start (ms): Min: 20310.7, Avg: 20312.7, Max: 20325.4, Diff: 14.7]
      [Ext Root Scanning (ms): Min: 0.0, Avg: 0.5, Max: 0.9, Diff: 0.9, Sum: 4.0]
      [Update RS (ms): Min: 0.0, Avg: 3.9, Max: 11.9, Diff: 11.9, Sum: 31.2]
         [Processed Buffers: Min: 0, Avg: 2.4, Max: 4, Diff: 4, Sum: 19]
      [Scan RS (ms): Min: 0.0, Avg: 0.1, Max: 0.3, Diff: 0.3, Sum: 0.5]
      [Code Root Scanning (ms): Min: 0.0, Avg: 0.0, Max: 0.0, Diff: 0.0, Sum: 0.0]
      [Object Copy (ms): Min: 14.2, Avg: 25.7, Max: 56.6, Diff: 42.5, Sum: 205.8]
      [Termination (ms): Min: 0.0, Avg: 29.1, Max: 39.0, Diff: 39.0, Sum: 233.0]
         [Termination Attempts: Min: 1, Avg: 6.4, Max: 15, Diff: 14, Sum: 51]
      [GC Worker Other (ms): Min: 0.0, Avg: 0.0, Max: 0.0, Diff: 0.0, Sum: 0.1]
      [GC Worker Total (ms): Min: 51.1, Avg: 59.3, Max: 65.8, Diff: 14.7, Sum: 474.7]
      [GC Worker End (ms): Min: 20370.6, Avg: 20372.1, Max: 20376.6, Diff: 6.0]
   [Code Root Fixup: 0.0 ms]
   [Code Root Purge: 0.0 ms]
   [Clear CT: 0.3 ms]
   [Other: 23.7 ms]
      [Choose CSet: 0.0 ms]
      [Ref Proc: 18.1 ms]
      [Ref Enq: 0.0 ms]
      [Redirty Cards: 0.3 ms]
      [Humongous Register: 0.0 ms]
      [Humongous Reclaim: 0.0 ms]
      [Free CSet: 0.3 ms]
   [Eden: 247.0M(247.0M)->0.0B(583.0M) Survivors: 22.0M->21.0M Heap: 423.0M(504.0M)->184.5M(1008.0M)]
 [Times: user=0.29 sys=0.02, real=0.11 secs] 
         vmop                    [threads: total initially_running wait_to_block]    [time: spin block sync cleanup vmop] page_trap_count
20.310: G1IncCollectionPause             [      35          0              0    ]      [     0     0     0     0   100    ]  0   
2017-11-17T09:53:18.971+0800: 20.411: Total time for which application threads were stopped: 0.1006590 seconds, Stopping threads took: 0.0000650 seconds
2017-11-17T09:53:19.626+0800: 21.065: [GC pause (G1 Evacuation Pause) (young) 21.065: [G1Ergonomics (CSet Construction) start choosing CSet, _pending_cards: 3128, predicted base time: 35.47 ms, remaining time: 164.53 ms, target pause time: 200.00 ms]
 21.065: [G1Ergonomics (CSet Construction) add young regions to CSet, eden: 583 regions, survivors: 21 regions, predicted young region time: 48.11 ms]
 21.065: [G1Ergonomics (CSet Construction) finish choosing CSet, eden: 583 regions, survivors: 21 regions, old: 0 regions, predicted pause time: 83.58 ms, target pause time: 200.00 ms]
 21.105: [G1Ergonomics (Heap Sizing) attempt heap expansion, reason: recent GC overhead higher than threshold after GC, recent GC overhead: 16.87 %, threshold: 10.00 %, uncommitted: 5922357248 bytes, calculated expansion amount: 1184471449 bytes (20.00 %)]
 21.105: [G1Ergonomics (Heap Sizing) expand the heap, requested expansion amount: 1056964608 bytes, attempted expansion amount: 1056964608 bytes]
, 0.0486664 secs]
   [Parallel Time: 37.4 ms, GC Workers: 8]
      [GC Worker Start (ms): Min: 21065.3, Avg: 21067.7, Max: 21074.6, Diff: 9.3]
      [Ext Root Scanning (ms): Min: 0.0, Avg: 0.4, Max: 1.1, Diff: 1.1, Sum: 3.0]
      [Update RS (ms): Min: 0.0, Avg: 2.7, Max: 6.1, Diff: 6.1, Sum: 21.9]
         [Processed Buffers: Min: 0, Avg: 2.0, Max: 5, Diff: 5, Sum: 16]
      [Scan RS (ms): Min: 0.0, Avg: 0.1, Max: 0.3, Diff: 0.3, Sum: 0.8]
      [Code Root Scanning (ms): Min: 0.0, Avg: 0.0, Max: 0.0, Diff: 0.0, Sum: 0.1]
      [Object Copy (ms): Min: 17.6, Avg: 22.6, Max: 27.9, Diff: 10.3, Sum: 180.7]
      [Termination (ms): Min: 0.0, Avg: 9.1, Max: 10.4, Diff: 10.4, Sum: 72.8]
         [Termination Attempts: Min: 1, Avg: 2.0, Max: 4, Diff: 3, Sum: 16]
      [GC Worker Other (ms): Min: 0.0, Avg: 0.0, Max: 0.1, Diff: 0.0, Sum: 0.2]
      [GC Worker Total (ms): Min: 28.0, Avg: 34.9, Max: 37.3, Diff: 9.3, Sum: 279.5]
      [GC Worker End (ms): Min: 21102.6, Avg: 21102.6, Max: 21102.6, Diff: 0.0]
   [Code Root Fixup: 0.0 ms]
   [Code Root Purge: 0.0 ms]
   [Clear CT: 0.4 ms]
   [Other: 10.9 ms]
      [Choose CSet: 0.0 ms]
      [Ref Proc: 0.5 ms]
      [Ref Enq: 0.0 ms]
      [Redirty Cards: 0.3 ms]
      [Humongous Register: 0.1 ms]
      [Humongous Reclaim: 0.0 ms]
      [Free CSet: 0.6 ms]
   [Eden: 583.0M(583.0M)->0.0B(1172.0M) Survivors: 21.0M->37.0M Heap: 767.5M(1008.0M)->200.5M(2016.0M)]
 [Times: user=0.22 sys=0.01, real=0.05 secs] 
         vmop                    [threads: total initially_running wait_to_block]    [time: spin block sync cleanup vmop] page_trap_count
21.065: G1IncCollectionPause             [      35          0              0    ]      [     0     0     0     0    48    ]  0   
2017-11-17T09:53:19.674+0800: 21.114: Total time for which application threads were stopped: 0.0490623 seconds, Stopping threads took: 0.0000569 seconds
         vmop                    [threads: total initially_running wait_to_block]    [time: spin block sync cleanup vmop] page_trap_count
22.114: no vm operation                  [      35          1              1    ]      [     0     0     0     0     0    ]  1   
2017-11-17T09:53:20.675+0800: 22.114: Total time for which application threads were stopped: 0.0002272 seconds, Stopping threads took: 0.0000663 seconds
2017-11-17T09:53:20.926+0800: 22.366: [GC pause (G1 Evacuation Pause) (young) 22.366: [G1Ergonomics (CSet Construction) start choosing CSet, _pending_cards: 4326, predicted base time: 32.19 ms, remaining time: 167.81 ms, target pause time: 200.00 ms]
 22.366: [G1Ergonomics (CSet Construction) add young regions to CSet, eden: 1172 regions, survivors: 37 regions, predicted young region time: 111.09 ms]
 22.366: [G1Ergonomics (CSet Construction) finish choosing CSet, eden: 1172 regions, survivors: 37 regions, old: 0 regions, predicted pause time: 143.28 ms, target pause time: 200.00 ms]
 22.429: [G1Ergonomics (Heap Sizing) attempt heap expansion, reason: recent GC overhead higher than threshold after GC, recent GC overhead: 15.27 %, threshold: 10.00 %, uncommitted: 4865392640 bytes, calculated expansion amount: 973078528 bytes (20.00 %)]
 22.429: [G1Ergonomics (Heap Sizing) expand the heap, requested expansion amount: 973078528 bytes, attempted expansion amount: 973078528 bytes]
, 0.0712984 secs]
   [Parallel Time: 50.8 ms, GC Workers: 8]
      [GC Worker Start (ms): Min: 22366.3, Avg: 22372.5, Max: 22386.7, Diff: 20.3]
      [Ext Root Scanning (ms): Min: 0.0, Avg: 0.3, Max: 0.9, Diff: 0.9, Sum: 2.6]
      [Update RS (ms): Min: 0.0, Avg: 1.0, Max: 2.7, Diff: 2.7, Sum: 7.8]
         [Processed Buffers: Min: 0, Avg: 2.5, Max: 10, Diff: 10, Sum: 20]
      [Scan RS (ms): Min: 0.1, Avg: 1.6, Max: 3.0, Diff: 2.9, Sum: 12.7]
      [Code Root Scanning (ms): Min: 0.0, Avg: 0.0, Max: 0.0, Diff: 0.0, Sum: 0.1]
      [Object Copy (ms): Min: 29.5, Avg: 41.0, Max: 45.7, Diff: 16.2, Sum: 328.0]
      [Termination (ms): Min: 0.1, Avg: 0.5, Max: 0.7, Diff: 0.6, Sum: 4.3]
         [Termination Attempts: Min: 1, Avg: 523.5, Max: 1004, Diff: 1003, Sum: 4188]
      [GC Worker Other (ms): Min: 0.0, Avg: 0.1, Max: 0.1, Diff: 0.1, Sum: 0.5]
      [GC Worker Total (ms): Min: 30.3, Avg: 44.5, Max: 50.7, Diff: 20.4, Sum: 356.0]
      [GC Worker End (ms): Min: 22416.9, Avg: 22417.0, Max: 22417.0, Diff: 0.1]
   [Code Root Fixup: 0.0 ms]
   [Code Root Purge: 0.0 ms]
   [Clear CT: 0.7 ms]
   [Other: 19.8 ms]
      [Choose CSet: 0.0 ms]
      [Ref Proc: 8.7 ms]
      [Ref Enq: 0.0 ms]
      [Redirty Cards: 0.4 ms]
      [Humongous Register: 0.1 ms]
      [Humongous Reclaim: 0.1 ms]
      [Free CSet: 1.4 ms]
   [Eden: 1172.0M(1172.0M)->0.0B(1700.0M) Survivors: 37.0M->66.0M Heap: 1376.5M(2016.0M)->234.0M(2944.0M)]
 [Times: user=0.31 sys=0.02, real=0.07 secs] 
         vmop                    [threads: total initially_running wait_to_block]    [time: spin block sync cleanup vmop] page_trap_count
22.366: G1IncCollectionPause             [      35          0              0    ]      [     0     0     0     0    71    ]  0   
2017-11-17T09:53:20.998+0800: 22.437: Total time for which application threads were stopped: 0.0717021 seconds, Stopping threads took: 0.0000494 seconds
         vmop                    [threads: total initially_running wait_to_block]    [time: spin block sync cleanup vmop] page_trap_count
23.438: no vm operation                  [      35          0              1    ]      [     0     0     0     0     0    ]  0   
2017-11-17T09:53:21.999+0800: 23.438: Total time for which application threads were stopped: 0.0007258 seconds, Stopping threads took: 0.0005775 seconds
         vmop                    [threads: total initially_running wait_to_block]    [time: spin block sync cleanup vmop] page_trap_count
23.706: RevokeBias                       [      36          0              0    ]      [     0     0     0     0     0    ]  0   
2017-11-17T09:53:22.267+0800: 23.706: Total time for which application threads were stopped: 0.0002310 seconds, Stopping threads took: 0.0000648 seconds
         vmop                    [threads: total initially_running wait_to_block]    [time: spin block sync cleanup vmop] page_trap_count
23.711: RevokeBias                       [      36          1              1    ]      [     0     0     0     0     0    ]  0   
2017-11-17T09:53:22.272+0800: 23.711: Total time for which application threads were stopped: 0.0003194 seconds, Stopping threads took: 0.0001642 seconds
         vmop                    [threads: total initially_running wait_to_block]    [time: spin block sync cleanup vmop] page_trap_count
23.726: RevokeBias                       [      36          0              0    ]      [     0     0     0     0     0    ]  0   
2017-11-17T09:53:22.286+0800: 23.726: Total time for which application threads were stopped: 0.0002857 seconds, Stopping threads took: 0.0001000 seconds
         vmop                    [threads: total initially_running wait_to_block]    [time: spin block sync cleanup vmop] page_trap_count
23.886: RevokeBias                       [      36          0              1    ]      [     0     0     0     0     0    ]  0   
2017-11-17T09:53:22.447+0800: 23.886: Total time for which application threads were stopped: 0.0003227 seconds, Stopping threads took: 0.0001192 seconds
2017-11-17T09:53:23.037+0800: 24.476: [GC pause (G1 Evacuation Pause) (young) 24.477: [G1Ergonomics (CSet Construction) start choosing CSet, _pending_cards: 6388, predicted base time: 33.12 ms, remaining time: 166.88 ms, target pause time: 200.00 ms]
 24.477: [G1Ergonomics (CSet Construction) add young regions to CSet, eden: 1700 regions, survivors: 66 regions, predicted young region time: 134.78 ms]
 24.477: [G1Ergonomics (CSet Construction) finish choosing CSet, eden: 1700 regions, survivors: 66 regions, old: 0 regions, predicted pause time: 167.90 ms, target pause time: 200.00 ms]
 24.601: [G1Ergonomics (Heap Sizing) attempt heap expansion, reason: recent GC overhead higher than threshold after GC, recent GC overhead: 13.08 %, threshold: 10.00 %, uncommitted: 3892314112 bytes, calculated expansion amount: 778462822 bytes (20.00 %)]
 24.601: [G1Ergonomics (Heap Sizing) expand the heap, requested expansion amount: 778462822 bytes, attempted expansion amount: 779091968 bytes]
, 0.1327663 secs]
   [Parallel Time: 119.4 ms, GC Workers: 8]
      [GC Worker Start (ms): Min: 24476.9, Avg: 24477.9, Max: 24484.5, Diff: 7.6]
      [Ext Root Scanning (ms): Min: 0.0, Avg: 0.4, Max: 0.9, Diff: 0.9, Sum: 3.0]
      [Update RS (ms): Min: 0.0, Avg: 5.6, Max: 7.2, Diff: 7.2, Sum: 44.8]
         [Processed Buffers: Min: 0, Avg: 4.2, Max: 13, Diff: 13, Sum: 34]
      [Scan RS (ms): Min: 6.7, Avg: 21.0, Max: 38.7, Diff: 32.0, Sum: 167.7]
      [Code Root Scanning (ms): Min: 0.0, Avg: 0.0, Max: 0.1, Diff: 0.1, Sum: 0.2]
      [Object Copy (ms): Min: 73.1, Avg: 90.8, Max: 104.3, Diff: 31.2, Sum: 726.4]
      [Termination (ms): Min: 0.0, Avg: 0.3, Max: 0.3, Diff: 0.3, Sum: 2.0]
         [Termination Attempts: Min: 1, Avg: 256.8, Max: 413, Diff: 412, Sum: 2054]
      [GC Worker Other (ms): Min: 0.0, Avg: 0.1, Max: 0.2, Diff: 0.2, Sum: 0.7]
      [GC Worker Total (ms): Min: 111.6, Avg: 118.1, Max: 119.2, Diff: 7.7, Sum: 944.9]
      [GC Worker End (ms): Min: 24595.9, Avg: 24596.0, Max: 24596.1, Diff: 0.2]
   [Code Root Fixup: 0.0 ms]
   [Code Root Purge: 0.0 ms]
   [Clear CT: 1.1 ms]
   [Other: 12.2 ms]
      [Choose CSet: 0.1 ms]
      [Ref Proc: 1.1 ms]
      [Ref Enq: 0.0 ms]
      [Redirty Cards: 0.4 ms]
      [Humongous Register: 0.2 ms]
      [Humongous Reclaim: 0.1 ms]
      [Free CSet: 2.1 ms]
   [Eden: 1700.0M(1700.0M)->0.0B(1325.0M) Survivors: 66.0M->110.0M Heap: 1936.8M(2944.0M)->280.8M(3687.0M)]
 [Times: user=0.63 sys=0.03, real=0.13 secs] 
         vmop                    [threads: total initially_running wait_to_block]    [time: spin block sync cleanup vmop] page_trap_count
24.476: G1IncCollectionPause             [      36          0              0    ]      [     0     0     0     0   132    ]  0   
2017-11-17T09:53:23.170+0800: 24.609: Total time for which application threads were stopped: 0.1332771 seconds, Stopping threads took: 0.0000820 seconds
         vmop                    [threads: total initially_running wait_to_block]    [time: spin block sync cleanup vmop] page_trap_count
25.231: RevokeBias                       [      36          0              2    ]      [     0     0     0     0     0    ]  0   
2017-11-17T09:53:23.793+0800: 25.232: Total time for which application threads were stopped: 0.0010571 seconds, Stopping threads took: 0.0008119 seconds
2017-11-17T09:53:24.136+0800: 25.576: [GC pause (G1 Evacuation Pause) (young) 25.576: [G1Ergonomics (CSet Construction) start choosing CSet, _pending_cards: 4639, predicted base time: 28.70 ms, remaining time: 171.30 ms, target pause time: 200.00 ms]
 25.576: [G1Ergonomics (CSet Construction) add young regions to CSet, eden: 718 regions, survivors: 110 regions, predicted young region time: 149.63 ms]
 25.576: [G1Ergonomics (CSet Construction) finish choosing CSet, eden: 718 regions, survivors: 110 regions, old: 0 regions, predicted pause time: 178.33 ms, target pause time: 200.00 ms]
 25.716: [G1Ergonomics (Heap Sizing) attempt heap expansion, reason: recent GC overhead higher than threshold after GC, recent GC overhead: 10.83 %, threshold: 10.00 %, uncommitted: 3113222144 bytes, calculated expansion amount: 622644428 bytes (20.00 %)]
 25.716: [G1Ergonomics (Heap Sizing) expand the heap, requested expansion amount: 622644428 bytes, attempted expansion amount: 622854144 bytes]
, 0.1457910 secs]
   [Parallel Time: 134.5 ms, GC Workers: 8]
      [GC Worker Start (ms): Min: 25576.3, Avg: 25578.1, Max: 25578.8, Diff: 2.4]
      [Ext Root Scanning (ms): Min: 0.0, Avg: 0.3, Max: 1.3, Diff: 1.3, Sum: 2.5]
      [Update RS (ms): Min: 2.8, Avg: 4.3, Max: 6.9, Diff: 4.1, Sum: 34.6]
         [Processed Buffers: Min: 1, Avg: 3.4, Max: 15, Diff: 14, Sum: 27]
      [Scan RS (ms): Min: 16.2, Avg: 33.5, Max: 57.1, Diff: 41.0, Sum: 267.7]
      [Code Root Scanning (ms): Min: 0.0, Avg: 0.0, Max: 0.1, Diff: 0.1, Sum: 0.1]
      [Object Copy (ms): Min: 56.8, Avg: 84.6, Max: 111.4, Diff: 54.6, Sum: 677.0]
      [Termination (ms): Min: 0.0, Avg: 9.7, Max: 11.2, Diff: 11.2, Sum: 77.7]
         [Termination Attempts: Min: 1, Avg: 93.4, Max: 236, Diff: 235, Sum: 747]
      [GC Worker Other (ms): Min: 0.0, Avg: 0.0, Max: 0.0, Diff: 0.0, Sum: 0.2]
      [GC Worker Total (ms): Min: 131.8, Avg: 132.5, Max: 134.3, Diff: 2.5, Sum: 1059.9]
      [GC Worker End (ms): Min: 25710.6, Avg: 25710.6, Max: 25710.7, Diff: 0.0]
   [Code Root Fixup: 0.0 ms]
   [Code Root Purge: 0.0 ms]
   [Clear CT: 1.1 ms]
   [Other: 10.2 ms]
      [Choose CSet: 0.0 ms]
      [Ref Proc: 1.6 ms]
      [Ref Enq: 0.0 ms]
      [Redirty Cards: 0.2 ms]
      [Humongous Register: 0.2 ms]
      [Humongous Reclaim: 0.1 ms]
      [Free CSet: 1.2 ms]
   [Eden: 718.0M(641.0M)->0.0B(2441.0M) Survivors: 110.0M->63.0M Heap: 1000.3M(3687.0M)->300.1M(4281.0M)]
 [Times: user=0.56 sys=0.03, real=0.15 secs] 
         vmop                    [threads: total initially_running wait_to_block]    [time: spin block sync cleanup vmop] page_trap_count
25.576: G1IncCollectionPause             [      36          0              0    ]      [     0     0     0     0   145    ]  0   
2017-11-17T09:53:24.282+0800: 25.722: Total time for which application threads were stopped: 0.1461375 seconds, Stopping threads took: 0.0000380 seconds
         vmop                    [threads: total initially_running wait_to_block]    [time: spin block sync cleanup vmop] page_trap_count
26.706: RevokeBias                       [      36          1              1    ]      [     0     0     0     0     0    ]  1   
2017-11-17T09:53:25.267+0800: 26.706: Total time for which application threads were stopped: 0.0003634 seconds, Stopping threads took: 0.0001181 seconds
         vmop                    [threads: total initially_running wait_to_block]    [time: spin block sync cleanup vmop] page_trap_count
26.706: RevokeBias                       [      36          1              1    ]      [     0     0     0     0     0    ]  1   
2017-11-17T09:53:25.267+0800: 26.706: Total time for which application threads were stopped: 0.0002282 seconds, Stopping threads took: 0.0000994 seconds
         vmop                    [threads: total initially_running wait_to_block]    [time: spin block sync cleanup vmop] page_trap_count
27.707: no vm operation                  [      36          0              0    ]      [     0     0     0     0     0    ]  0   
2017-11-17T09:53:26.267+0800: 27.707: Total time for which application threads were stopped: 0.0002609 seconds, Stopping threads took: 0.0000495 seconds
2017-11-17T09:53:27.050+0800: 28.490: [GC pause (G1 Evacuation Pause) (young) 28.490: [G1Ergonomics (CSet Construction) start choosing CSet, _pending_cards: 5041, predicted base time: 26.59 ms, remaining time: 173.41 ms, target pause time: 200.00 ms]
 28.490: [G1Ergonomics (CSet Construction) add young regions to CSet, eden: 2441 regions, survivors: 63 regions, predicted young region time: 165.82 ms]
 28.490: [G1Ergonomics (CSet Construction) finish choosing CSet, eden: 2441 regions, survivors: 63 regions, old: 0 regions, predicted pause time: 192.40 ms, target pause time: 200.00 ms]
 28.771: [G1Ergonomics (Heap Sizing) attempt heap expansion, reason: recent GC overhead higher than threshold after GC, recent GC overhead: 11.33 %, threshold: 10.00 %, uncommitted: 2490368000 bytes, calculated expansion amount: 498073600 bytes (20.00 %)]
 28.771: [G1Ergonomics (Heap Sizing) expand the heap, requested expansion amount: 498073600 bytes, attempted expansion amount: 498073600 bytes]
, 0.2879038 secs]
   [Parallel Time: 264.4 ms, GC Workers: 8]
      [GC Worker Start (ms): Min: 28490.7, Avg: 28496.0, Max: 28499.4, Diff: 8.7]
      [Ext Root Scanning (ms): Min: 0.0, Avg: 0.3, Max: 1.4, Diff: 1.4, Sum: 2.8]
      [Update RS (ms): Min: 14.3, Avg: 22.5, Max: 36.2, Diff: 21.9, Sum: 180.1]
         [Processed Buffers: Min: 1, Avg: 3.0, Max: 10, Diff: 9, Sum: 24]
      [Scan RS (ms): Min: 0.2, Avg: 26.9, Max: 77.6, Diff: 77.4, Sum: 214.8]
      [Code Root Scanning (ms): Min: 0.0, Avg: 0.0, Max: 0.1, Diff: 0.1, Sum: 0.3]
      [Object Copy (ms): Min: 101.6, Avg: 154.3, Max: 216.6, Diff: 115.0, Sum: 1234.4]
      [Termination (ms): Min: 0.0, Avg: 42.0, Max: 52.8, Diff: 52.7, Sum: 335.7]
         [Termination Attempts: Min: 1, Avg: 50.2, Max: 125, Diff: 124, Sum: 402]
      [GC Worker Other (ms): Min: 0.0, Avg: 0.6, Max: 4.1, Diff: 4.1, Sum: 4.5]
      [GC Worker Total (ms): Min: 239.3, Avg: 246.6, Max: 249.9, Diff: 10.6, Sum: 1972.6]
      [GC Worker End (ms): Min: 28738.6, Avg: 28742.6, Max: 28746.6, Diff: 8.0]
   [Code Root Fixup: 0.0 ms]
   [Code Root Purge: 0.0 ms]
   [Clear CT: 1.1 ms]
   [Other: 22.4 ms]
      [Choose CSet: 0.1 ms]
      [Ref Proc: 10.7 ms]
      [Ref Enq: 0.0 ms]
      [Redirty Cards: 0.2 ms]
      [Humongous Register: 0.5 ms]
      [Humongous Reclaim: 0.1 ms]
      [Free CSet: 3.8 ms]
   [Eden: 2441.0M(2441.0M)->0.0B(386.0M) Survivors: 63.0M->126.0M Heap: 2743.1M(4281.0M)->364.6M(4756.0M)]
 [Times: user=0.74 sys=0.00, real=0.29 secs] 
         vmop                    [threads: total initially_running wait_to_block]    [time: spin block sync cleanup vmop] page_trap_count
28.489: G1IncCollectionPause             [      36          0              0    ]      [     0     0     0     0   288    ]  0   
2017-11-17T09:53:27.338+0800: 28.778: Total time for which application threads were stopped: 0.2883849 seconds, Stopping threads took: 0.0000668 seconds
2017-11-17T09:53:27.806+0800: 29.245: [GC pause (G1 Evacuation Pause) (young) 29.245: [G1Ergonomics (CSet Construction) start choosing CSet, _pending_cards: 4732, predicted base time: 41.80 ms, remaining time: 158.20 ms, target pause time: 200.00 ms]
 29.246: [G1Ergonomics (CSet Construction) add young regions to CSet, eden: 386 regions, survivors: 126 regions, predicted young region time: 155.67 ms]
 29.246: [G1Ergonomics (CSet Construction) finish choosing CSet, eden: 386 regions, survivors: 126 regions, old: 0 regions, predicted pause time: 197.47 ms, target pause time: 200.00 ms]
 29.374: [G1Ergonomics (Heap Sizing) attempt heap expansion, reason: recent GC overhead higher than threshold after GC, recent GC overhead: 10.40 %, threshold: 10.00 %, uncommitted: 1992294400 bytes, calculated expansion amount: 398458880 bytes (20.00 %)]
 29.374: [G1Ergonomics (Heap Sizing) expand the heap, requested expansion amount: 398458880 bytes, attempted expansion amount: 398458880 bytes]
, 0.1325551 secs]
   [Parallel Time: 125.0 ms, GC Workers: 8]
      [GC Worker Start (ms): Min: 29245.9, Avg: 29248.1, Max: 29254.7, Diff: 8.8]
      [Ext Root Scanning (ms): Min: 0.0, Avg: 0.5, Max: 1.0, Diff: 1.0, Sum: 4.0]
      [Update RS (ms): Min: 0.0, Avg: 3.5, Max: 6.6, Diff: 6.6, Sum: 27.7]
         [Processed Buffers: Min: 0, Avg: 2.9, Max: 5, Diff: 5, Sum: 23]
      [Scan RS (ms): Min: 0.2, Avg: 18.6, Max: 35.7, Diff: 35.5, Sum: 148.6]
      [Code Root Scanning (ms): Min: 0.0, Avg: 0.0, Max: 0.0, Diff: 0.0, Sum: 0.1]
      [Object Copy (ms): Min: 76.2, Avg: 93.2, Max: 107.9, Diff: 31.7, Sum: 745.9]
      [Termination (ms): Min: 0.1, Avg: 6.6, Max: 7.8, Diff: 7.7, Sum: 53.1]
         [Termination Attempts: Min: 1, Avg: 73.0, Max: 133, Diff: 132, Sum: 584]
      [GC Worker Other (ms): Min: 0.0, Avg: 0.0, Max: 0.0, Diff: 0.0, Sum: 0.2]
      [GC Worker Total (ms): Min: 115.9, Avg: 122.4, Max: 124.7, Diff: 8.8, Sum: 979.5]
      [GC Worker End (ms): Min: 29370.6, Avg: 29370.6, Max: 29370.6, Diff: 0.0]
   [Code Root Fixup: 0.0 ms]
   [Code Root Purge: 0.0 ms]
   [Clear CT: 0.5 ms]
   [Other: 7.1 ms]
      [Choose CSet: 0.0 ms]
      [Ref Proc: 0.4 ms]
      [Ref Enq: 0.0 ms]
      [Redirty Cards: 0.4 ms]
      [Humongous Register: 0.3 ms]
      [Humongous Reclaim: 0.1 ms]
      [Free CSet: 1.0 ms]
   [Eden: 386.0M(386.0M)->0.0B(3069.0M) Survivors: 126.0M->12.0M Heap: 750.6M(4756.0M)->375.3M(5136.0M)]
 [Times: user=0.62 sys=0.04, real=0.13 secs] 
         vmop                    [threads: total initially_running wait_to_block]    [time: spin block sync cleanup vmop] page_trap_count
29.245: G1IncCollectionPause             [      36          0              0    ]      [     0     0     0     0   132    ]  0   
2017-11-17T09:53:27.939+0800: 29.378: Total time for which application threads were stopped: 0.1329218 seconds, Stopping threads took: 0.0000621 seconds
         vmop                    [threads: total initially_running wait_to_block]    [time: spin block sync cleanup vmop] page_trap_count
30.378: no vm operation                  [      36          1              1    ]      [    24     0    24     0     0    ]  1   
2017-11-17T09:53:28.963+0800: 30.403: Total time for which application threads were stopped: 0.0247271 seconds, Stopping threads took: 0.0244485 seconds
         vmop                    [threads: total initially_running wait_to_block]    [time: spin block sync cleanup vmop] page_trap_count
31.403: no vm operation                  [      36          0              0    ]      [     0     0     0     0     0    ]  0   
2017-11-17T09:53:29.964+0800: 31.403: Total time for which application threads were stopped: 0.0002217 seconds, Stopping threads took: 0.0000421 seconds
         vmop                    [threads: total initially_running wait_to_block]    [time: spin block sync cleanup vmop] page_trap_count
32.404: no vm operation                  [      36          0              0    ]      [     0     0     0     0     0    ]  0   
2017-11-17T09:53:30.964+0800: 32.404: Total time for which application threads were stopped: 0.0003223 seconds, Stopping threads took: 0.0001371 seconds
         vmop                    [threads: total initially_running wait_to_block]    [time: spin block sync cleanup vmop] page_trap_count
33.001: BulkRevokeBias                   [      36          0              0    ]      [     0     0     0     0     0    ]  0   
2017-11-17T09:53:31.562+0800: 33.002: Total time for which application threads were stopped: 0.0005188 seconds, Stopping threads took: 0.0000635 seconds
         vmop                    [threads: total initially_running wait_to_block]    [time: spin block sync cleanup vmop] page_trap_count
33.002: RevokeBias                       [      36          0              0    ]      [     0     0     0     0     0    ]  0   
2017-11-17T09:53:31.562+0800: 33.002: Total time for which application threads were stopped: 0.0001492 seconds, Stopping threads took: 0.0000525 seconds
         vmop                    [threads: total initially_running wait_to_block]    [time: spin block sync cleanup vmop] page_trap_count
33.116: RevokeBias                       [      36          0              0    ]      [     0     0     0     0     0    ]  0   
2017-11-17T09:53:31.677+0800: 33.117: Total time for which application threads were stopped: 0.0002673 seconds, Stopping threads took: 0.0000565 seconds
         vmop                    [threads: total initially_running wait_to_block]    [time: spin block sync cleanup vmop] page_trap_count
34.117: no vm operation                  [      36          1              1    ]      [     0     0     0     0     0    ]  0   
2017-11-17T09:53:32.678+0800: 34.117: Total time for which application threads were stopped: 0.0003210 seconds, Stopping threads took: 0.0001095 seconds
         vmop                    [threads: total initially_running wait_to_block]    [time: spin block sync cleanup vmop] page_trap_count
35.228: RevokeBias                       [      36          1              2    ]      [     0     0     0     0     0    ]  1   
2017-11-17T09:53:33.789+0800: 35.228: Total time for which application threads were stopped: 0.0003372 seconds, Stopping threads took: 0.0001545 seconds
2017-11-17T09:53:33.955+0800: 35.394: [GC pause (G1 Evacuation Pause) (young) 35.394: [G1Ergonomics (CSet Construction) start choosing CSet, _pending_cards: 6731, predicted base time: 39.66 ms, remaining time: 160.34 ms, target pause time: 200.00 ms]
 35.394: [G1Ergonomics (CSet Construction) add young regions to CSet, eden: 3069 regions, survivors: 12 regions, predicted young region time: 135.60 ms]
 35.394: [G1Ergonomics (CSet Construction) finish choosing CSet, eden: 3069 regions, survivors: 12 regions, old: 0 regions, predicted pause time: 175.26 ms, target pause time: 200.00 ms]
 35.537: [G1Ergonomics (Heap Sizing) attempt heap expansion, reason: recent GC overhead higher than threshold after GC, recent GC overhead: 10.70 %, threshold: 10.00 %, uncommitted: 1593835520 bytes, calculated expansion amount: 318767104 bytes (20.00 %)]
 35.537: [G1Ergonomics (Heap Sizing) expand the heap, requested expansion amount: 318767104 bytes, attempted expansion amount: 318767104 bytes]
, 0.1457438 secs]
   [Parallel Time: 133.7 ms, GC Workers: 8]
      [GC Worker Start (ms): Min: 35395.0, Avg: 35403.5, Max: 35414.6, Diff: 19.6]
      [Ext Root Scanning (ms): Min: 0.0, Avg: 0.4, Max: 1.0, Diff: 1.0, Sum: 2.9]
      [Update RS (ms): Min: 0.0, Avg: 11.1, Max: 31.6, Diff: 31.6, Sum: 89.1]
         [Processed Buffers: Min: 0, Avg: 4.6, Max: 12, Diff: 12, Sum: 37]
      [Scan RS (ms): Min: 0.6, Avg: 5.0, Max: 25.2, Diff: 24.6, Sum: 39.9]
      [Code Root Scanning (ms): Min: 0.0, Avg: 0.0, Max: 0.1, Diff: 0.1, Sum: 0.3]
      [Object Copy (ms): Min: 91.5, Avg: 103.7, Max: 107.7, Diff: 16.2, Sum: 829.3]
      [Termination (ms): Min: 0.0, Avg: 4.6, Max: 5.5, Diff: 5.5, Sum: 36.9]
         [Termination Attempts: Min: 1, Avg: 2.0, Max: 4, Diff: 3, Sum: 16]
      [GC Worker Other (ms): Min: 0.0, Avg: 0.1, Max: 0.2, Diff: 0.2, Sum: 1.0]
      [GC Worker Total (ms): Min: 113.7, Avg: 124.9, Max: 133.4, Diff: 19.7, Sum: 999.5]
      [GC Worker End (ms): Min: 35528.3, Avg: 35528.4, Max: 35528.5, Diff: 0.2]
   [Code Root Fixup: 0.0 ms]
   [Code Root Purge: 0.0 ms]
   [Clear CT: 1.6 ms]
   [Other: 10.4 ms]
      [Choose CSet: 0.0 ms]
      [Ref Proc: 1.6 ms]
      [Ref Enq: 0.0 ms]
      [Redirty Cards: 0.4 ms]
      [Humongous Register: 0.4 ms]
      [Humongous Reclaim: 0.1 ms]
      [Free CSet: 4.0 ms]
   [Eden: 3069.0M(3069.0M)->0.0B(1913.0M) Survivors: 12.0M->90.0M Heap: 3452.5M(5136.0M)->461.5M(5440.0M)]
 [Times: user=0.75 sys=0.03, real=0.15 secs] 
         vmop                    [threads: total initially_running wait_to_block]    [time: spin block sync cleanup vmop] page_trap_count
35.394: G1IncCollectionPause             [      36          0              0    ]      [     0     0     0     0   145    ]  0   
2017-11-17T09:53:34.101+0800: 35.540: Total time for which application threads were stopped: 0.1461820 seconds, Stopping threads took: 0.0000719 seconds
2017-11-17T09:53:35.905+0800: 37.345: [GC pause (G1 Evacuation Pause) (young) 37.345: [G1Ergonomics (CSet Construction) start choosing CSet, _pending_cards: 4977, predicted base time: 33.87 ms, remaining time: 166.13 ms, target pause time: 200.00 ms]
 37.345: [G1Ergonomics (CSet Construction) add young regions to CSet, eden: 985 regions, survivors: 90 regions, predicted young region time: 147.52 ms]
 37.345: [G1Ergonomics (CSet Construction) finish choosing CSet, eden: 985 regions, survivors: 90 regions, old: 0 regions, predicted pause time: 181.39 ms, target pause time: 200.00 ms]
, 0.1300322 secs]
   [Parallel Time: 125.7 ms, GC Workers: 8]
      [GC Worker Start (ms): Min: 37345.1, Avg: 37347.6, Max: 37355.0, Diff: 9.9]
      [Ext Root Scanning (ms): Min: 0.0, Avg: 0.5, Max: 0.9, Diff: 0.9, Sum: 4.2]
      [Update RS (ms): Min: 0.0, Avg: 4.9, Max: 8.8, Diff: 8.8, Sum: 39.6]
         [Processed Buffers: Min: 0, Avg: 3.0, Max: 11, Diff: 11, Sum: 24]
      [Scan RS (ms): Min: 2.0, Avg: 7.3, Max: 19.6, Diff: 17.7, Sum: 58.6]
      [Code Root Scanning (ms): Min: 0.0, Avg: 0.0, Max: 0.0, Diff: 0.0, Sum: 0.2]
      [Object Copy (ms): Min: 90.9, Avg: 102.5, Max: 113.4, Diff: 22.4, Sum: 819.9]
      [Termination (ms): Min: 0.2, Avg: 7.6, Max: 9.0, Diff: 8.7, Sum: 60.9]
         [Termination Attempts: Min: 1, Avg: 818.8, Max: 1401, Diff: 1400, Sum: 6550]
      [GC Worker Other (ms): Min: 0.0, Avg: 0.0, Max: 0.1, Diff: 0.0, Sum: 0.3]
      [GC Worker Total (ms): Min: 115.6, Avg: 122.9, Max: 125.5, Diff: 9.9, Sum: 983.6]
      [GC Worker End (ms): Min: 37470.6, Avg: 37470.6, Max: 37470.6, Diff: 0.0]
   [Code Root Fixup: 0.0 ms]
   [Code Root Purge: 0.0 ms]
   [Clear CT: 0.7 ms]
   [Other: 3.6 ms]
      [Choose CSet: 0.0 ms]
      [Ref Proc: 0.5 ms]
      [Ref Enq: 0.0 ms]
      [Redirty Cards: 0.3 ms]
      [Humongous Register: 0.3 ms]
      [Humongous Reclaim: 0.1 ms]
      [Free CSet: 1.5 ms]
   [Eden: 985.0M(303.0M)->0.0B(3237.0M) Survivors: 90.0M->27.0M Heap: 1448.5M(5440.0M)->490.0M(5440.0M)]
 [Times: user=0.81 sys=0.00, real=0.13 secs] 
         vmop                    [threads: total initially_running wait_to_block]    [time: spin block sync cleanup vmop] page_trap_count
37.344: G1IncCollectionPause             [      36          0              0    ]      [     0     0     0     0   130    ]  0   
2017-11-17T09:53:36.035+0800: 37.475: Total time for which application threads were stopped: 0.1304449 seconds, Stopping threads took: 0.0000668 seconds
         vmop                    [threads: total initially_running wait_to_block]    [time: spin block sync cleanup vmop] page_trap_count
38.475: no vm operation                  [      36          0              0    ]      [     0     0     0     0     0    ]  0   
2017-11-17T09:53:37.036+0800: 38.475: Total time for which application threads were stopped: 0.0002029 seconds, Stopping threads took: 0.0000525 seconds
         vmop                    [threads: total initially_running wait_to_block]    [time: spin block sync cleanup vmop] page_trap_count
39.475: no vm operation                  [      36          0              0    ]      [     0     0     0     0     0    ]  0   
2017-11-17T09:53:38.036+0800: 39.476: Total time for which application threads were stopped: 0.0002240 seconds, Stopping threads took: 0.0000653 seconds
         vmop                    [threads: total initially_running wait_to_block]    [time: spin block sync cleanup vmop] page_trap_count
40.476: no vm operation                  [      36          1              1    ]      [     7     8    16     0     0    ]  1   
2017-11-17T09:53:39.052+0800: 40.492: Total time for which application threads were stopped: 0.0162605 seconds, Stopping threads took: 0.0160946 seconds
         vmop                    [threads: total initially_running wait_to_block]    [time: spin block sync cleanup vmop] page_trap_count
43.125: RevokeBias                       [      36          0              0    ]      [     0     0     0     0     0    ]  0   
2017-11-17T09:53:41.686+0800: 43.126: Total time for which application threads were stopped: 0.0002687 seconds, Stopping threads took: 0.0000437 seconds
2017-11-17T09:53:42.450+0800: 43.890: [GC pause (G1 Evacuation Pause) (young) 43.890: [G1Ergonomics (CSet Construction) start choosing CSet, _pending_cards: 5601, predicted base time: 29.91 ms, remaining time: 170.09 ms, target pause time: 200.00 ms]
 43.890: [G1Ergonomics (CSet Construction) add young regions to CSet, eden: 3115 regions, survivors: 27 regions, predicted young region time: 152.96 ms]
 43.890: [G1Ergonomics (CSet Construction) finish choosing CSet, eden: 3115 regions, survivors: 27 regions, old: 0 regions, predicted pause time: 182.87 ms, target pause time: 200.00 ms]
, 0.0998819 secs]
   [Parallel Time: 91.3 ms, GC Workers: 8]
      [GC Worker Start (ms): Min: 43890.4, Avg: 43894.6, Max: 43901.5, Diff: 11.1]
      [Ext Root Scanning (ms): Min: 0.0, Avg: 0.4, Max: 1.0, Diff: 1.0, Sum: 2.8]
      [Update RS (ms): Min: 0.0, Avg: 4.1, Max: 9.3, Diff: 9.3, Sum: 32.9]
         [Processed Buffers: Min: 0, Avg: 3.2, Max: 10, Diff: 10, Sum: 26]
      [Scan RS (ms): Min: 0.9, Avg: 6.4, Max: 17.9, Diff: 17.1, Sum: 51.2]
      [Code Root Scanning (ms): Min: 0.0, Avg: 0.0, Max: 0.1, Diff: 0.1, Sum: 0.3]
      [Object Copy (ms): Min: 66.3, Avg: 75.7, Max: 79.0, Diff: 12.6, Sum: 605.7]
      [Termination (ms): Min: 0.0, Avg: 0.1, Max: 0.1, Diff: 0.1, Sum: 0.7]
         [Termination Attempts: Min: 1, Avg: 2.6, Max: 6, Diff: 5, Sum: 21]
      [GC Worker Other (ms): Min: 0.0, Avg: 0.1, Max: 0.2, Diff: 0.2, Sum: 0.8]
      [GC Worker Total (ms): Min: 79.9, Avg: 86.8, Max: 91.0, Diff: 11.1, Sum: 694.4]
      [GC Worker End (ms): Min: 43981.4, Avg: 43981.4, Max: 43981.5, Diff: 0.2]
   [Code Root Fixup: 0.0 ms]
   [Code Root Purge: 0.0 ms]
   [Clear CT: 1.4 ms]
   [Other: 7.2 ms]
      [Choose CSet: 0.0 ms]
      [Ref Proc: 2.0 ms]
      [Ref Enq: 0.0 ms]
      [Redirty Cards: 0.4 ms]
      [Humongous Register: 0.5 ms]
      [Humongous Reclaim: 0.1 ms]
      [Free CSet: 3.5 ms]
   [Eden: 3115.0M(3115.0M)->0.0B(2387.0M) Survivors: 27.0M->107.0M Heap: 3609.0M(5440.0M)->573.5M(5440.0M)]
 [Times: user=0.53 sys=0.02, real=0.10 secs] 
         vmop                    [threads: total initially_running wait_to_block]    [time: spin block sync cleanup vmop] page_trap_count
43.889: G1IncCollectionPause             [      35          0              0    ]      [     0     0     0     0   100    ]  0   
2017-11-17T09:53:42.550+0800: 43.990: Total time for which application threads were stopped: 0.1002732 seconds, Stopping threads took: 0.0000652 seconds
         vmop                    [threads: total initially_running wait_to_block]    [time: spin block sync cleanup vmop] page_trap_count
44.953: RevokeBias                       [      36          0              0    ]      [     0     0     0     0     0    ]  0   
2017-11-17T09:53:43.514+0800: 44.954: Total time for which application threads were stopped: 0.0002674 seconds, Stopping threads took: 0.0000534 seconds
         vmop                    [threads: total initially_running wait_to_block]    [time: spin block sync cleanup vmop] page_trap_count
44.954: RevokeBias                       [      36          1              1    ]      [     0     0     0     0     0    ]  0   
2017-11-17T09:53:43.514+0800: 44.954: Total time for which application threads were stopped: 0.0001620 seconds, Stopping threads took: 0.0000682 seconds
         vmop                    [threads: total initially_running wait_to_block]    [time: spin block sync cleanup vmop] page_trap_count
44.954: RevokeBias                       [      36          0              1    ]      [     0     0     0     0     0    ]  0   
2017-11-17T09:53:43.515+0800: 44.954: Total time for which application threads were stopped: 0.0001432 seconds, Stopping threads took: 0.0000556 seconds
         vmop                    [threads: total initially_running wait_to_block]    [time: spin block sync cleanup vmop] page_trap_count
44.954: RevokeBias                       [      36          0              0    ]      [     0     0     0     0     0    ]  0   
2017-11-17T09:53:43.515+0800: 44.954: Total time for which application threads were stopped: 0.0001001 seconds, Stopping threads took: 0.0000177 seconds
         vmop                    [threads: total initially_running wait_to_block]    [time: spin block sync cleanup vmop] page_trap_count
44.954: RevokeBias                       [      36          1              0    ]      [     0     0     0     0     0    ]  0   
2017-11-17T09:53:43.515+0800: 44.955: Total time for which application threads were stopped: 0.0002257 seconds, Stopping threads took: 0.0000482 seconds
         vmop                    [threads: total initially_running wait_to_block]    [time: spin block sync cleanup vmop] page_trap_count
44.955: RevokeBias                       [      36          0              0    ]      [     0     0     0     0     0    ]  0   
2017-11-17T09:53:43.515+0800: 44.955: Total time for which application threads were stopped: 0.0001555 seconds, Stopping threads took: 0.0000658 seconds
         vmop                    [threads: total initially_running wait_to_block]    [time: spin block sync cleanup vmop] page_trap_count
44.955: RevokeBias                       [      36          0              0    ]      [     0     0     0     0     0    ]  0   
2017-11-17T09:53:43.516+0800: 44.955: Total time for which application threads were stopped: 0.0001321 seconds, Stopping threads took: 0.0000419 seconds
         vmop                    [threads: total initially_running wait_to_block]    [time: spin block sync cleanup vmop] page_trap_count
44.962: RevokeBias                       [      36          0              0    ]      [     0     0     0     0     0    ]  0   
2017-11-17T09:53:43.523+0800: 44.962: Total time for which application threads were stopped: 0.0001724 seconds, Stopping threads took: 0.0000507 seconds
         vmop                    [threads: total initially_running wait_to_block]    [time: spin block sync cleanup vmop] page_trap_count
45.060: RevokeBias                       [      36          0              0    ]      [     0     0     0     0     0    ]  0   
2017-11-17T09:53:43.621+0800: 45.060: Total time for which application threads were stopped: 0.0002397 seconds, Stopping threads took: 0.0000616 seconds
         vmop                    [threads: total initially_running wait_to_block]    [time: spin block sync cleanup vmop] page_trap_count
45.227: RevokeBias                       [      36          0              1    ]      [     0     0     0     0     0    ]  0   
2017-11-17T09:53:43.788+0800: 45.228: Total time for which application threads were stopped: 0.0003211 seconds, Stopping threads took: 0.0001474 seconds
2017-11-17T09:53:44.073+0800: 45.512: [GC pause (G1 Evacuation Pause) (young) 45.512: [G1Ergonomics (CSet Construction) start choosing CSet, _pending_cards: 5956, predicted base time: 26.89 ms, remaining time: 173.11 ms, target pause time: 200.00 ms]
 45.512: [G1Ergonomics (CSet Construction) add young regions to CSet, eden: 893 regions, survivors: 107 regions, predicted young region time: 143.56 ms]
 45.512: [G1Ergonomics (CSet Construction) finish choosing CSet, eden: 893 regions, survivors: 107 regions, old: 0 regions, predicted pause time: 170.45 ms, target pause time: 200.00 ms]
, 0.1631614 secs]
   [Parallel Time: 158.9 ms, GC Workers: 8]
      [GC Worker Start (ms): Min: 45513.1, Avg: 45524.4, Max: 45530.7, Diff: 17.6]
      [Ext Root Scanning (ms): Min: 0.0, Avg: 0.3, Max: 2.6, Diff: 2.6, Sum: 2.7]
      [Update RS (ms): Min: 0.1, Avg: 8.7, Max: 16.8, Diff: 16.6, Sum: 69.6]
         [Processed Buffers: Min: 1, Avg: 4.4, Max: 7, Diff: 6, Sum: 35]
      [Scan RS (ms): Min: 0.1, Avg: 13.0, Max: 38.1, Diff: 37.9, Sum: 103.6]
      [Code Root Scanning (ms): Min: 0.0, Avg: 0.0, Max: 0.0, Diff: 0.0, Sum: 0.1]
      [Object Copy (ms): Min: 101.1, Avg: 125.2, Max: 134.6, Diff: 33.5, Sum: 1001.8]
      [Termination (ms): Min: 0.0, Avg: 0.1, Max: 0.2, Diff: 0.2, Sum: 1.1]
         [Termination Attempts: Min: 1, Avg: 65.4, Max: 115, Diff: 114, Sum: 523]
      [GC Worker Other (ms): Min: 0.0, Avg: 0.1, Max: 0.1, Diff: 0.1, Sum: 0.5]
      [GC Worker Total (ms): Min: 141.2, Avg: 147.4, Max: 158.8, Diff: 17.6, Sum: 1179.4]
      [GC Worker End (ms): Min: 45671.8, Avg: 45671.9, Max: 45671.9, Diff: 0.1]
   [Code Root Fixup: 0.0 ms]
   [Code Root Purge: 0.0 ms]
   [Clear CT: 0.7 ms]
   [Other: 3.5 ms]
      [Choose CSet: 0.0 ms]
      [Ref Proc: 0.5 ms]
      [Ref Enq: 0.0 ms]
      [Redirty Cards: 0.2 ms]
      [Humongous Register: 0.5 ms]
      [Humongous Reclaim: 0.1 ms]
      [Free CSet: 1.4 ms]
   [Eden: 893.0M(893.0M)->0.0B(3238.0M) Survivors: 107.0M->26.0M Heap: 1469.2M(5440.0M)->601.7M(5440.0M)]
 [Times: user=0.78 sys=0.01, real=0.16 secs] 
         vmop                    [threads: total initially_running wait_to_block]    [time: spin block sync cleanup vmop] page_trap_count
45.512: G1IncCollectionPause             [      36          0              1    ]      [     0     0     0     0   163    ]  0   
2017-11-17T09:53:44.236+0800: 45.676: Total time for which application threads were stopped: 0.1636107 seconds, Stopping threads took: 0.0000602 seconds
         vmop                    [threads: total initially_running wait_to_block]    [time: spin block sync cleanup vmop] page_trap_count
48.676: no vm operation                  [      36          1              1    ]      [     0     0     0     0     0    ]  1   
2017-11-17T09:53:47.237+0800: 48.676: Total time for which application threads were stopped: 0.0002931 seconds, Stopping threads took: 0.0001063 seconds
         vmop                    [threads: total initially_running wait_to_block]    [time: spin block sync cleanup vmop] page_trap_count
50.708: RevokeBias                       [      36          1              1    ]      [     0     0     0     0     0    ]  0   
2017-11-17T09:53:49.269+0800: 50.708: Total time for which application threads were stopped: 0.0004342 seconds, Stopping threads took: 0.0002471 seconds
         vmop                    [threads: total initially_running wait_to_block]    [time: spin block sync cleanup vmop] page_trap_count
50.708: RevokeBias                       [      36          1              1    ]      [     0     0     0     0     0    ]  1   
2017-11-17T09:53:49.269+0800: 50.708: Total time for which application threads were stopped: 0.0001517 seconds, Stopping threads took: 0.0000596 seconds
2017-11-17T09:53:49.310+0800: 50.750: [GC pause (G1 Evacuation Pause) (young) 50.750: [G1Ergonomics (CSet Construction) start choosing CSet, _pending_cards: 6156, predicted base time: 27.03 ms, remaining time: 172.97 ms, target pause time: 200.00 ms]
 50.750: [G1Ergonomics (CSet Construction) add young regions to CSet, eden: 3238 regions, survivors: 26 regions, predicted young region time: 120.53 ms]
 50.750: [G1Ergonomics (CSet Construction) finish choosing CSet, eden: 3238 regions, survivors: 26 regions, old: 0 regions, predicted pause time: 147.56 ms, target pause time: 200.00 ms]
, 0.1005013 secs]
   [Parallel Time: 92.5 ms, GC Workers: 8]
      [GC Worker Start (ms): Min: 50750.3, Avg: 50754.0, Max: 50760.2, Diff: 9.9]
      [Ext Root Scanning (ms): Min: 0.0, Avg: 0.5, Max: 0.9, Diff: 0.9, Sum: 3.6]
      [Update RS (ms): Min: 0.3, Avg: 13.7, Max: 28.5, Diff: 28.2, Sum: 109.6]
         [Processed Buffers: Min: 1, Avg: 3.8, Max: 8, Diff: 7, Sum: 30]
      [Scan RS (ms): Min: 0.4, Avg: 1.8, Max: 4.5, Diff: 4.2, Sum: 14.6]
      [Code Root Scanning (ms): Min: 0.0, Avg: 0.0, Max: 0.1, Diff: 0.1, Sum: 0.2]
      [Object Copy (ms): Min: 62.5, Avg: 72.3, Max: 77.6, Diff: 15.2, Sum: 578.7]
      [Termination (ms): Min: 0.0, Avg: 0.1, Max: 0.3, Diff: 0.3, Sum: 1.1]
         [Termination Attempts: Min: 1, Avg: 169.4, Max: 395, Diff: 394, Sum: 1355]
      [GC Worker Other (ms): Min: 0.0, Avg: 0.1, Max: 0.4, Diff: 0.3, Sum: 1.1]
      [GC Worker Total (ms): Min: 82.4, Avg: 88.6, Max: 92.4, Diff: 10.0, Sum: 709.1]
      [GC Worker End (ms): Min: 50842.6, Avg: 50842.7, Max: 50842.8, Diff: 0.2]
   [Code Root Fixup: 0.0 ms]
   [Code Root Purge: 0.0 ms]
   [Clear CT: 1.6 ms]
   [Other: 6.3 ms]
      [Choose CSet: 0.0 ms]
      [Ref Proc: 0.5 ms]
      [Ref Enq: 0.0 ms]
      [Redirty Cards: 0.3 ms]
      [Humongous Register: 0.3 ms]
      [Humongous Reclaim: 0.3 ms]
      [Free CSet: 4.3 ms]
   [Eden: 3238.0M(3238.0M)->0.0B(3158.0M) Survivors: 26.0M->106.0M Heap: 3843.2M(5440.0M)->685.2M(5440.0M)]
 [Times: user=0.47 sys=0.00, real=0.10 secs] 
         vmop                    [threads: total initially_running wait_to_block]    [time: spin block sync cleanup vmop] page_trap_count
50.750: G1IncCollectionPause             [      36          0              0    ]      [     0     0     0     0   100    ]  0   
2017-11-17T09:53:49.411+0800: 50.850: Total time for which application threads were stopped: 0.1009159 seconds, Stopping threads took: 0.0000559 seconds
         vmop                    [threads: total initially_running wait_to_block]    [time: spin block sync cleanup vmop] page_trap_count
53.574: RevokeBias                       [      36          0              1    ]      [     0     9     9     0     0    ]  0   
2017-11-17T09:53:52.144+0800: 53.583: Total time for which application threads were stopped: 0.0094986 seconds, Stopping threads took: 0.0092476 seconds
         vmop                    [threads: total initially_running wait_to_block]    [time: spin block sync cleanup vmop] page_trap_count
53.731: RevokeBias                       [      36          0              0    ]      [     0     0     0     0     0    ]  0   
2017-11-17T09:53:52.291+0800: 53.731: Total time for which application threads were stopped: 0.0002486 seconds, Stopping threads took: 0.0000617 seconds
2017-11-17T09:53:52.298+0800: 53.737: [GC pause (G1 Evacuation Pause) (young) 53.737: [G1Ergonomics (CSet Construction) start choosing CSet, _pending_cards: 8940, predicted base time: 32.00 ms, remaining time: 168.00 ms, target pause time: 200.00 ms]
 53.737: [G1Ergonomics (CSet Construction) add young regions to CSet, eden: 2079 regions, survivors: 106 regions, predicted young region time: 152.50 ms]
 53.737: [G1Ergonomics (CSet Construction) finish choosing CSet, eden: 2079 regions, survivors: 106 regions, old: 0 regions, predicted pause time: 184.50 ms, target pause time: 200.00 ms]
, 0.2330715 secs]
   [Parallel Time: 198.5 ms, GC Workers: 8]
      [GC Worker Start (ms): Min: 53737.6, Avg: 53740.9, Max: 53750.6, Diff: 13.0]
      [Ext Root Scanning (ms): Min: 0.0, Avg: 1.5, Max: 9.7, Diff: 9.7, Sum: 12.3]
      [Update RS (ms): Min: 0.0, Avg: 10.4, Max: 22.7, Diff: 22.7, Sum: 82.9]
         [Processed Buffers: Min: 0, Avg: 5.2, Max: 11, Diff: 11, Sum: 42]
      [Scan RS (ms): Min: 18.0, Avg: 33.9, Max: 51.7, Diff: 33.7, Sum: 271.2]
      [Code Root Scanning (ms): Min: 0.0, Avg: 0.0, Max: 0.1, Diff: 0.1, Sum: 0.2]
      [Object Copy (ms): Min: 83.3, Avg: 106.1, Max: 152.7, Diff: 69.3, Sum: 849.1]
      [Termination (ms): Min: 0.0, Avg: 36.7, Max: 50.4, Diff: 50.3, Sum: 293.8]
         [Termination Attempts: Min: 1, Avg: 31.5, Max: 97, Diff: 96, Sum: 252]
      [GC Worker Other (ms): Min: 0.0, Avg: 0.0, Max: 0.1, Diff: 0.0, Sum: 0.3]
      [GC Worker Total (ms): Min: 178.1, Avg: 188.7, Max: 198.4, Diff: 20.3, Sum: 1509.9]
      [GC Worker End (ms): Min: 53928.7, Avg: 53929.6, Max: 53936.1, Diff: 7.4]
   [Code Root Fixup: 0.0 ms]
   [Code Root Purge: 0.0 ms]
   [Clear CT: 23.9 ms]
   [Other: 10.6 ms]
      [Choose CSet: 0.1 ms]
      [Ref Proc: 6.5 ms]
      [Ref Enq: 0.0 ms]
      [Redirty Cards: 0.3 ms]
      [Humongous Register: 0.3 ms]
      [Humongous Reclaim: 0.1 ms]
      [Free CSet: 2.7 ms]
   [Eden: 2079.0M(2016.0M)->0.0B(1702.0M) Survivors: 106.0M->158.0M Heap: 2770.9M(5440.0M)->744.4M(5440.0M)]
 [Times: user=0.75 sys=0.02, real=0.23 secs] 
         vmop                    [threads: total initially_running wait_to_block]    [time: spin block sync cleanup vmop] page_trap_count
53.737: G1IncCollectionPause             [      36          0              1    ]      [     0     0     0     0   233    ]  0   
2017-11-17T09:53:52.531+0800: 53.970: Total time for which application threads were stopped: 0.2334951 seconds, Stopping threads took: 0.0001318 seconds
2017-11-17T09:53:53.069+0800: 54.508: [GC pause (G1 Evacuation Pause) (young) 54.508: [G1Ergonomics (CSet Construction) start choosing CSet, _pending_cards: 7182, predicted base time: 40.33 ms, remaining time: 159.67 ms, target pause time: 200.00 ms]
 54.508: [G1Ergonomics (CSet Construction) add young regions to CSet, eden: 461 regions, survivors: 158 regions, predicted young region time: 131.98 ms]
 54.508: [G1Ergonomics (CSet Construction) finish choosing CSet, eden: 461 regions, survivors: 158 regions, old: 0 regions, predicted pause time: 172.31 ms, target pause time: 200.00 ms]
, 0.1507302 secs]
   [Parallel Time: 147.1 ms, GC Workers: 8]
      [GC Worker Start (ms): Min: 54508.8, Avg: 54510.7, Max: 54514.6, Diff: 5.7]
      [Ext Root Scanning (ms): Min: 0.0, Avg: 0.4, Max: 1.1, Diff: 1.1, Sum: 3.0]
      [Update RS (ms): Min: 3.5, Avg: 8.0, Max: 18.9, Diff: 15.3, Sum: 64.4]
         [Processed Buffers: Min: 1, Avg: 4.5, Max: 9, Diff: 8, Sum: 36]
      [Scan RS (ms): Min: 1.0, Avg: 14.7, Max: 21.2, Diff: 20.3, Sum: 117.2]
      [Code Root Scanning (ms): Min: 0.0, Avg: 0.0, Max: 0.0, Diff: 0.0, Sum: 0.1]
      [Object Copy (ms): Min: 106.2, Avg: 111.8, Max: 120.7, Diff: 14.6, Sum: 894.6]
      [Termination (ms): Min: 0.3, Avg: 9.1, Max: 11.0, Diff: 10.7, Sum: 72.7]
         [Termination Attempts: Min: 1, Avg: 1023.2, Max: 1786, Diff: 1785, Sum: 8186]
      [GC Worker Other (ms): Min: 0.0, Avg: 0.0, Max: 0.0, Diff: 0.0, Sum: 0.2]
      [GC Worker Total (ms): Min: 140.0, Avg: 144.0, Max: 146.3, Diff: 6.3, Sum: 1152.2]
      [GC Worker End (ms): Min: 54654.6, Avg: 54654.7, Max: 54655.2, Diff: 0.6]
   [Code Root Fixup: 0.0 ms]
   [Code Root Purge: 0.0 ms]
   [Clear CT: 0.5 ms]
   [Other: 3.1 ms]
      [Choose CSet: 0.0 ms]
      [Ref Proc: 0.5 ms]
      [Ref Enq: 0.0 ms]
      [Redirty Cards: 0.3 ms]
      [Humongous Register: 0.3 ms]
      [Humongous Reclaim: 0.1 ms]
      [Free CSet: 1.0 ms]
   [Eden: 461.0M(461.0M)->0.0B(2658.0M) Survivors: 158.0M->13.0M Heap: 1205.4M(5440.0M)->757.4M(5440.0M)]
 [Times: user=0.75 sys=0.01, real=0.16 secs] 
         vmop                    [threads: total initially_running wait_to_block]    [time: spin block sync cleanup vmop] page_trap_count
54.508: G1IncCollectionPause             [      36          0              0    ]      [     0     0     0     0   150    ]  0   
2017-11-17T09:53:53.220+0800: 54.659: Total time for which application threads were stopped: 0.1511191 seconds, Stopping threads took: 0.0000727 seconds
         vmop                    [threads: total initially_running wait_to_block]    [time: spin block sync cleanup vmop] page_trap_count
55.228: RevokeBias                       [      36          1              1    ]      [     0     0     0     0     0    ]  1   
2017-11-17T09:53:53.789+0800: 55.228: Total time for which application threads were stopped: 0.0002083 seconds, Stopping threads took: 0.0000692 seconds
         vmop                    [threads: total initially_running wait_to_block]    [time: spin block sync cleanup vmop] page_trap_count
56.709: RevokeBias                       [      36          1              0    ]      [     0     0     0     0     0    ]  0   
2017-11-17T09:53:55.269+0800: 56.709: Total time for which application threads were stopped: 0.0002539 seconds, Stopping threads took: 0.0000681 seconds
         vmop                    [threads: total initially_running wait_to_block]    [time: spin block sync cleanup vmop] page_trap_count
56.709: RevokeBias                       [      36          1              1    ]      [     0     0     0     0     0    ]  1   
2017-11-17T09:53:55.270+0800: 56.709: Total time for which application threads were stopped: 0.0001610 seconds, Stopping threads took: 0.0000619 seconds
2017-11-17T09:53:57.129+0800: 58.569: [GC pause (G1 Evacuation Pause) (young) 58.569: [G1Ergonomics (CSet Construction) start choosing CSet, _pending_cards: 7712, predicted base time: 35.27 ms, remaining time: 164.73 ms, target pause time: 200.00 ms]
 58.569: [G1Ergonomics (CSet Construction) add young regions to CSet, eden: 2658 regions, survivors: 13 regions, predicted young region time: 133.26 ms]
 58.569: [G1Ergonomics (CSet Construction) finish choosing CSet, eden: 2658 regions, survivors: 13 regions, old: 0 regions, predicted pause time: 168.52 ms, target pause time: 200.00 ms]
, 0.1727817 secs]
   [Parallel Time: 138.6 ms, GC Workers: 8]
      [GC Worker Start (ms): Min: 58569.3, Avg: 58583.4, Max: 58590.6, Diff: 21.3]
      [Ext Root Scanning (ms): Min: 0.0, Avg: 0.3, Max: 2.2, Diff: 2.2, Sum: 2.2]
      [Update RS (ms): Min: 3.2, Avg: 17.1, Max: 37.2, Diff: 33.9, Sum: 136.5]
         [Processed Buffers: Min: 2, Avg: 4.8, Max: 13, Diff: 11, Sum: 38]
      [Scan RS (ms): Min: 0.2, Avg: 0.6, Max: 1.6, Diff: 1.4, Sum: 4.5]
      [Code Root Scanning (ms): Min: 0.0, Avg: 0.0, Max: 0.1, Diff: 0.1, Sum: 0.2]
      [Object Copy (ms): Min: 90.7, Avg: 100.5, Max: 107.1, Diff: 16.3, Sum: 804.0]
      [Termination (ms): Min: 0.0, Avg: 1.5, Max: 4.0, Diff: 4.0, Sum: 11.8]
         [Termination Attempts: Min: 1, Avg: 321.1, Max: 589, Diff: 588, Sum: 2569]
      [GC Worker Other (ms): Min: 0.0, Avg: 0.1, Max: 0.1, Diff: 0.1, Sum: 0.4]
      [GC Worker Total (ms): Min: 112.0, Avg: 120.0, Max: 133.3, Diff: 21.3, Sum: 959.7]
      [GC Worker End (ms): Min: 58702.6, Avg: 58703.4, Max: 58705.7, Diff: 3.2]
   [Code Root Fixup: 0.0 ms]
   [Code Root Purge: 0.0 ms]
   [Clear CT: 7.4 ms]
   [Other: 26.8 ms]
      [Choose CSet: 0.0 ms]
      [Ref Proc: 22.4 ms]
      [Ref Enq: 0.0 ms]
      [Redirty Cards: 0.2 ms]
      [Humongous Register: 0.5 ms]
      [Humongous Reclaim: 0.1 ms]
      [Free CSet: 3.0 ms]
   [Eden: 2658.0M(2658.0M)->0.0B(1316.0M) Survivors: 13.0M->81.0M Heap: 3418.9M(5440.0M)->828.4M(5440.0M)]
 [Times: user=0.41 sys=0.00, real=0.18 secs] 
         vmop                    [threads: total initially_running wait_to_block]    [time: spin block sync cleanup vmop] page_trap_count
58.568: G1IncCollectionPause             [      36          0              0    ]      [     0     0     0     0   172    ]  0   
2017-11-17T09:53:57.302+0800: 58.742: Total time for which application threads were stopped: 0.1731682 seconds, Stopping threads took: 0.0000507 seconds
2017-11-17T09:53:58.715+0800: 60.154: [GC pause (G1 Evacuation Pause) (young) 60.154: [G1Ergonomics (CSet Construction) start choosing CSet, _pending_cards: 8545, predicted base time: 50.99 ms, remaining time: 149.01 ms, target pause time: 200.00 ms]
 60.154: [G1Ergonomics (CSet Construction) add young regions to CSet, eden: 1316 regions, survivors: 81 regions, predicted young region time: 125.16 ms]
 60.155: [G1Ergonomics (CSet Construction) finish choosing CSet, eden: 1316 regions, survivors: 81 regions, old: 0 regions, predicted pause time: 176.14 ms, target pause time: 200.00 ms]
, 0.1482394 secs]
   [Parallel Time: 115.9 ms, GC Workers: 8]
      [GC Worker Start (ms): Min: 60154.9, Avg: 60160.0, Max: 60182.6, Diff: 27.7]
      [Ext Root Scanning (ms): Min: 0.0, Avg: 0.4, Max: 0.9, Diff: 0.9, Sum: 2.9]
      [Update RS (ms): Min: 0.0, Avg: 6.7, Max: 10.1, Diff: 10.1, Sum: 53.8]
         [Processed Buffers: Min: 0, Avg: 4.6, Max: 18, Diff: 18, Sum: 37]
      [Scan RS (ms): Min: 0.3, Avg: 3.4, Max: 5.6, Diff: 5.3, Sum: 27.3]
      [Code Root Scanning (ms): Min: 0.0, Avg: 0.0, Max: 0.1, Diff: 0.1, Sum: 0.1]
      [Object Copy (ms): Min: 72.7, Avg: 88.6, Max: 101.9, Diff: 29.2, Sum: 708.4]
      [Termination (ms): Min: 0.0, Avg: 11.5, Max: 15.1, Diff: 15.1, Sum: 92.0]
         [Termination Attempts: Min: 1, Avg: 53.1, Max: 169, Diff: 168, Sum: 425]
      [GC Worker Other (ms): Min: 0.0, Avg: 0.0, Max: 0.1, Diff: 0.1, Sum: 0.3]
      [GC Worker Total (ms): Min: 88.0, Avg: 110.6, Max: 115.9, Diff: 27.9, Sum: 885.0]
      [GC Worker End (ms): Min: 60270.6, Avg: 60270.6, Max: 60270.8, Diff: 0.2]
   [Code Root Fixup: 0.0 ms]
   [Code Root Purge: 0.0 ms]
   [Clear CT: 1.0 ms]
   [Other: 31.3 ms]
      [Choose CSet: 0.0 ms]
      [Ref Proc: 27.8 ms]
      [Ref Enq: 0.0 ms]
      [Redirty Cards: 0.1 ms]
      [Humongous Register: 0.3 ms]
      [Humongous Reclaim: 0.2 ms]
      [Free CSet: 2.0 ms]
   [Eden: 1316.0M(1316.0M)->0.0B(1014.0M) Survivors: 81.0M->114.0M Heap: 2148.4M(5440.0M)->865.9M(5440.0M)]
 [Times: user=0.57 sys=0.02, real=0.15 secs] 
         vmop                    [threads: total initially_running wait_to_block]    [time: spin block sync cleanup vmop] page_trap_count
60.154: G1IncCollectionPause             [      36          0              0    ]      [     0     0     0     0   148    ]  0   
2017-11-17T09:53:58.863+0800: 60.303: Total time for which application threads were stopped: 0.1486534 seconds, Stopping threads took: 0.0000570 seconds
2017-11-17T09:53:59.898+0800: 61.338: [GC pause (G1 Evacuation Pause) (young) 61.338: [G1Ergonomics (CSet Construction) start choosing CSet, _pending_cards: 13529, predicted base time: 64.73 ms, remaining time: 135.27 ms, target pause time: 200.00 ms]
 61.338: [G1Ergonomics (CSet Construction) add young regions to CSet, eden: 1014 regions, survivors: 114 regions, predicted young region time: 125.38 ms]
 61.338: [G1Ergonomics (CSet Construction) finish choosing CSet, eden: 1014 regions, survivors: 114 regions, old: 0 regions, predicted pause time: 190.12 ms, target pause time: 200.00 ms]
, 0.1487428 secs]
   [Parallel Time: 140.0 ms, GC Workers: 8]
      [GC Worker Start (ms): Min: 61338.4, Avg: 61343.0, Max: 61350.6, Diff: 12.2]
      [Ext Root Scanning (ms): Min: 0.0, Avg: 2.3, Max: 15.7, Diff: 15.7, Sum: 18.1]
      [Update RS (ms): Min: 1.7, Avg: 17.8, Max: 49.4, Diff: 47.7, Sum: 142.4]
         [Processed Buffers: Min: 3, Avg: 7.0, Max: 12, Diff: 9, Sum: 56]
      [Scan RS (ms): Min: 0.1, Avg: 0.3, Max: 1.0, Diff: 0.9, Sum: 2.1]
      [Code Root Scanning (ms): Min: 0.0, Avg: 0.0, Max: 0.1, Diff: 0.1, Sum: 0.1]
      [Object Copy (ms): Min: 89.5, Avg: 113.5, Max: 120.1, Diff: 30.6, Sum: 908.2]
      [Termination (ms): Min: 0.0, Avg: 1.3, Max: 2.2, Diff: 2.2, Sum: 10.1]
         [Termination Attempts: Min: 1, Avg: 1766.0, Max: 3442, Diff: 3441, Sum: 14128]
      [GC Worker Other (ms): Min: 0.0, Avg: 0.1, Max: 0.2, Diff: 0.2, Sum: 0.5]
      [GC Worker Total (ms): Min: 127.5, Avg: 135.2, Max: 139.9, Diff: 12.3, Sum: 1081.3]
      [GC Worker End (ms): Min: 61478.1, Avg: 61478.2, Max: 61478.3, Diff: 0.1]
   [Code Root Fixup: 0.0 ms]
   [Code Root Purge: 0.0 ms]
   [Clear CT: 0.6 ms]
   [Other: 8.1 ms]
      [Choose CSet: 0.1 ms]
      [Ref Proc: 5.1 ms]
      [Ref Enq: 0.0 ms]
      [Redirty Cards: 0.3 ms]
      [Humongous Register: 0.3 ms]
      [Humongous Reclaim: 0.1 ms]
      [Free CSet: 1.5 ms]
   [Eden: 1014.0M(1014.0M)->0.0B(2077.0M) Survivors: 114.0M->61.0M Heap: 1879.9M(5440.0M)->893.9M(5440.0M)]
 [Times: user=0.78 sys=0.00, real=0.15 secs] 
         vmop                    [threads: total initially_running wait_to_block]    [time: spin block sync cleanup vmop] page_trap_count
61.338: G1IncCollectionPause             [      36          0              0    ]      [     0     0     0     0   148    ]  0   
2017-11-17T09:54:00.047+0800: 61.487: Total time for which application threads were stopped: 0.1491302 seconds, Stopping threads took: 0.0000544 seconds
         vmop                    [threads: total initially_running wait_to_block]    [time: spin block sync cleanup vmop] page_trap_count
61.852: RevokeBias                       [      36          0              1    ]      [     0     0     0     0     0    ]  0   
2017-11-17T09:54:00.414+0800: 61.853: Total time for which application threads were stopped: 0.0002671 seconds, Stopping threads took: 0.0000998 seconds
         vmop                    [threads: total initially_running wait_to_block]    [time: spin block sync cleanup vmop] page_trap_count
61.966: RevokeBias                       [      36          0              0    ]      [     0     0     0     0     0    ]  0   
2017-11-17T09:54:00.527+0800: 61.966: Total time for which application threads were stopped: 0.0002705 seconds, Stopping threads took: 0.0000733 seconds
         vmop                    [threads: total initially_running wait_to_block]    [time: spin block sync cleanup vmop] page_trap_count
62.966: no vm operation                  [      34          1              1    ]      [     0     0     0     0     0    ]  0   
2017-11-17T09:54:01.527+0800: 62.967: Total time for which application threads were stopped: 0.0003676 seconds, Stopping threads took: 0.0001687 seconds
2017-11-17T09:54:02.856+0800: 64.296: [GC pause (G1 Evacuation Pause) (young) 64.296: [G1Ergonomics (CSet Construction) start choosing CSet, _pending_cards: 12290, predicted base time: 55.57 ms, remaining time: 144.43 ms, target pause time: 200.00 ms]
 64.296: [G1Ergonomics (CSet Construction) add young regions to CSet, eden: 2077 regions, survivors: 61 regions, predicted young region time: 139.87 ms]
 64.296: [G1Ergonomics (CSet Construction) finish choosing CSet, eden: 2077 regions, survivors: 61 regions, old: 0 regions, predicted pause time: 195.44 ms, target pause time: 200.00 ms]
, 0.1404931 secs]
   [Parallel Time: 134.5 ms, GC Workers: 8]
      [GC Worker Start (ms): Min: 64296.3, Avg: 64302.7, Max: 64310.6, Diff: 14.2]
      [Ext Root Scanning (ms): Min: 0.0, Avg: 0.4, Max: 1.0, Diff: 1.0, Sum: 2.9]
      [Update RS (ms): Min: 3.8, Avg: 16.3, Max: 33.5, Diff: 29.7, Sum: 130.6]
         [Processed Buffers: Min: 1, Avg: 7.0, Max: 18, Diff: 17, Sum: 56]
      [Scan RS (ms): Min: 0.2, Avg: 2.0, Max: 4.0, Diff: 3.8, Sum: 16.3]
      [Code Root Scanning (ms): Min: 0.0, Avg: 0.0, Max: 0.1, Diff: 0.1, Sum: 0.2]
      [Object Copy (ms): Min: 83.6, Avg: 96.0, Max: 112.1, Diff: 28.5, Sum: 768.1]
      [Termination (ms): Min: 0.0, Avg: 13.1, Max: 15.9, Diff: 15.9, Sum: 104.7]
         [Termination Attempts: Min: 1, Avg: 32.6, Max: 69, Diff: 68, Sum: 261]
      [GC Worker Other (ms): Min: 0.0, Avg: 0.1, Max: 0.2, Diff: 0.1, Sum: 0.7]
      [GC Worker Total (ms): Min: 120.0, Avg: 127.9, Max: 134.4, Diff: 14.4, Sum: 1023.3]
      [GC Worker End (ms): Min: 64430.6, Avg: 64430.6, Max: 64430.7, Diff: 0.1]
   [Code Root Fixup: 0.0 ms]
   [Code Root Purge: 0.0 ms]
   [Clear CT: 1.1 ms]
   [Other: 4.8 ms]
      [Choose CSet: 0.0 ms]
      [Ref Proc: 0.4 ms]
      [Ref Enq: 0.0 ms]
      [Redirty Cards: 0.4 ms]
      [Humongous Register: 0.3 ms]
      [Humongous Reclaim: 0.1 ms]
      [Free CSet: 2.9 ms]
   [Eden: 2077.0M(2077.0M)->0.0B(1392.0M) Survivors: 61.0M->114.0M Heap: 2975.2M(5440.0M)->950.7M(5440.0M)]
 [Times: user=0.68 sys=0.00, real=0.14 secs] 
         vmop                    [threads: total initially_running wait_to_block]    [time: spin block sync cleanup vmop] page_trap_count
64.296: G1IncCollectionPause             [      34          0              0    ]      [     0     0     0     0   140    ]  0   
2017-11-17T09:54:02.997+0800: 64.437: Total time for which application threads were stopped: 0.1409284 seconds, Stopping threads took: 0.0000474 seconds
         vmop                    [threads: total initially_running wait_to_block]    [time: spin block sync cleanup vmop] page_trap_count
65.227: RevokeBias                       [      34          1              1    ]      [     0     0     0     0     0    ]  1   
2017-11-17T09:54:03.788+0800: 65.228: Total time for which application threads were stopped: 0.0003579 seconds, Stopping threads took: 0.0001682 seconds
2017-11-17T09:54:04.614+0800: 66.053: [GC pause (G1 Evacuation Pause) (young) 66.053: [G1Ergonomics (CSet Construction) start choosing CSet, _pending_cards: 14327, predicted base time: 51.70 ms, remaining time: 148.30 ms, target pause time: 200.00 ms]
 66.053: [G1Ergonomics (CSet Construction) add young regions to CSet, eden: 1392 regions, survivors: 114 regions, predicted young region time: 143.12 ms]
 66.053: [G1Ergonomics (CSet Construction) finish choosing CSet, eden: 1392 regions, survivors: 114 regions, old: 0 regions, predicted pause time: 194.83 ms, target pause time: 200.00 ms]
, 0.1216273 secs]
   [Parallel Time: 117.0 ms, GC Workers: 8]
      [GC Worker Start (ms): Min: 66053.9, Avg: 66057.6, Max: 66066.6, Diff: 12.7]
      [Ext Root Scanning (ms): Min: 0.0, Avg: 0.5, Max: 1.0, Diff: 1.0, Sum: 3.8]
      [Update RS (ms): Min: 7.1, Avg: 21.5, Max: 35.2, Diff: 28.1, Sum: 171.9]
         [Processed Buffers: Min: 2, Avg: 7.9, Max: 20, Diff: 18, Sum: 63]
      [Scan RS (ms): Min: 0.1, Avg: 0.4, Max: 0.8, Diff: 0.7, Sum: 3.3]
      [Code Root Scanning (ms): Min: 0.0, Avg: 0.0, Max: 0.0, Diff: 0.0, Sum: 0.1]
      [Object Copy (ms): Min: 71.8, Avg: 85.8, Max: 90.9, Diff: 19.1, Sum: 686.4]
      [Termination (ms): Min: 0.0, Avg: 4.8, Max: 5.6, Diff: 5.6, Sum: 38.5]
         [Termination Attempts: Min: 1, Avg: 115.1, Max: 229, Diff: 228, Sum: 921]
      [GC Worker Other (ms): Min: 0.0, Avg: 0.0, Max: 0.1, Diff: 0.1, Sum: 0.3]
      [GC Worker Total (ms): Min: 104.1, Avg: 113.0, Max: 116.7, Diff: 12.6, Sum: 904.3]
      [GC Worker End (ms): Min: 66170.6, Avg: 66170.7, Max: 66170.7, Diff: 0.1]
   [Code Root Fixup: 0.0 ms]
   [Code Root Purge: 0.0 ms]
   [Clear CT: 0.7 ms]
   [Other: 4.0 ms]
      [Choose CSet: 0.0 ms]
      [Ref Proc: 0.6 ms]
      [Ref Enq: 0.0 ms]
      [Redirty Cards: 0.2 ms]
      [Humongous Register: 0.5 ms]
      [Humongous Reclaim: 0.1 ms]
      [Free CSet: 1.8 ms]
   [Eden: 1392.0M(1392.0M)->0.0B(1860.0M) Survivors: 114.0M->116.0M Heap: 2344.7M(5440.0M)->991.7M(5440.0M)]
 [Times: user=0.60 sys=0.00, real=0.12 secs] 
         vmop                    [threads: total initially_running wait_to_block]    [time: spin block sync cleanup vmop] page_trap_count
66.053: G1IncCollectionPause             [      34          0              0    ]      [     0     0     0     0   121    ]  0   
2017-11-17T09:54:04.736+0800: 66.175: Total time for which application threads were stopped: 0.1220987 seconds, Stopping threads took: 0.0000667 seconds
2017-11-17T09:54:05.913+0800: 67.353: [GC pause (G1 Evacuation Pause) (young) 67.353: [G1Ergonomics (CSet Construction) start choosing CSet, _pending_cards: 9640, predicted base time: 39.61 ms, remaining time: 160.39 ms, target pause time: 200.00 ms]
 67.353: [G1Ergonomics (CSet Construction) add young regions to CSet, eden: 1390 regions, survivors: 116 regions, predicted young region time: 142.69 ms]
 67.353: [G1Ergonomics (CSet Construction) finish choosing CSet, eden: 1390 regions, survivors: 116 regions, old: 0 regions, predicted pause time: 182.30 ms, target pause time: 200.00 ms]
, 0.0828326 secs]
   [Parallel Time: 77.9 ms, GC Workers: 8]
      [GC Worker Start (ms): Min: 67353.0, Avg: 67355.4, Max: 67362.2, Diff: 9.1]
      [Ext Root Scanning (ms): Min: 0.0, Avg: 0.5, Max: 1.0, Diff: 1.0, Sum: 4.1]
      [Update RS (ms): Min: 0.2, Avg: 11.3, Max: 33.3, Diff: 33.1, Sum: 90.3]
         [Processed Buffers: Min: 2, Avg: 5.1, Max: 12, Diff: 10, Sum: 41]
      [Scan RS (ms): Min: 0.3, Avg: 3.2, Max: 4.4, Diff: 4.1, Sum: 25.9]
      [Code Root Scanning (ms): Min: 0.0, Avg: 0.0, Max: 0.1, Diff: 0.1, Sum: 0.1]
      [Object Copy (ms): Min: 43.3, Avg: 60.2, Max: 64.0, Diff: 20.7, Sum: 481.5]
      [Termination (ms): Min: 0.0, Avg: 0.1, Max: 0.2, Diff: 0.2, Sum: 1.1]
         [Termination Attempts: Min: 1, Avg: 104.6, Max: 234, Diff: 233, Sum: 837]
      [GC Worker Other (ms): Min: 0.0, Avg: 0.1, Max: 0.1, Diff: 0.1, Sum: 0.6]
      [GC Worker Total (ms): Min: 68.6, Avg: 75.5, Max: 77.8, Diff: 9.3, Sum: 603.6]
      [GC Worker End (ms): Min: 67430.8, Avg: 67430.8, Max: 67430.9, Diff: 0.1]
   [Code Root Fixup: 0.0 ms]
   [Code Root Purge: 0.0 ms]
   [Clear CT: 1.0 ms]
   [Other: 3.9 ms]
      [Choose CSet: 0.0 ms]
      [Ref Proc: 0.4 ms]
      [Ref Enq: 0.0 ms]
      [Redirty Cards: 0.4 ms]
      [Humongous Register: 0.3 ms]
      [Humongous Reclaim: 0.1 ms]
      [Free CSet: 2.0 ms]
   [Eden: 1390.0M(1390.0M)->0.0B(2585.0M) Survivors: 116.0M->125.0M Heap: 2385.7M(5440.0M)->1032.7M(5440.0M)]
 [Times: user=0.48 sys=0.00, real=0.08 secs] 
         vmop                    [threads: total initially_running wait_to_block]    [time: spin block sync cleanup vmop] page_trap_count
67.352: G1IncCollectionPause             [      34          0              0    ]      [     0     0     0     0    83    ]  0   
2017-11-17T09:54:05.996+0800: 67.436: Total time for which application threads were stopped: 0.0832507 seconds, Stopping threads took: 0.0000500 seconds
         vmop                    [threads: total initially_running wait_to_block]    [time: spin block sync cleanup vmop] page_trap_count
68.436: no vm operation                  [      34          1              1    ]      [     0     0     0     0     0    ]  0   
2017-11-17T09:54:06.997+0800: 68.436: Total time for which application threads were stopped: 0.0003036 seconds, Stopping threads took: 0.0001309 seconds
         vmop                    [threads: total initially_running wait_to_block]    [time: spin block sync cleanup vmop] page_trap_count
68.635: RevokeBias                       [      34          0              0    ]      [     0     0     0     0     0    ]  0   
2017-11-17T09:54:07.196+0800: 68.635: Total time for which application threads were stopped: 0.0002041 seconds, Stopping threads took: 0.0000637 seconds
         vmop                    [threads: total initially_running wait_to_block]    [time: spin block sync cleanup vmop] page_trap_count
69.036: RevokeBias                       [      34          0              0    ]      [     0     0     0     0     0    ]  0   
2017-11-17T09:54:07.597+0800: 69.036: Total time for which application threads were stopped: 0.0001762 seconds, Stopping threads took: 0.0000465 seconds
         vmop                    [threads: total initially_running wait_to_block]    [time: spin block sync cleanup vmop] page_trap_count
69.040: RevokeBias                       [      34          0              1    ]      [     0     0     0     0     0    ]  0   
2017-11-17T09:54:07.600+0800: 69.040: Total time for which application threads were stopped: 0.0002356 seconds, Stopping threads took: 0.0000904 seconds
         vmop                    [threads: total initially_running wait_to_block]    [time: spin block sync cleanup vmop] page_trap_count
69.040: RevokeBias                       [      34          1              1    ]      [     0     0     0     0     0    ]  0   
2017-11-17T09:54:07.601+0800: 69.040: Total time for which application threads were stopped: 0.0002546 seconds, Stopping threads took: 0.0001210 seconds
         vmop                    [threads: total initially_running wait_to_block]    [time: spin block sync cleanup vmop] page_trap_count
69.040: RevokeBias                       [      34          0              0    ]      [     0     0     0     0     0    ]  0   
2017-11-17T09:54:07.601+0800: 69.041: Total time for which application threads were stopped: 0.0001088 seconds, Stopping threads took: 0.0000254 seconds
         vmop                    [threads: total initially_running wait_to_block]    [time: spin block sync cleanup vmop] page_trap_count
69.041: RevokeBias                       [      34          0              0    ]      [     0     0     0     0     0    ]  0   
2017-11-17T09:54:07.601+0800: 69.041: Total time for which application threads were stopped: 0.0000880 seconds, Stopping threads took: 0.0000261 seconds
         vmop                    [threads: total initially_running wait_to_block]    [time: spin block sync cleanup vmop] page_trap_count
69.042: RevokeBias                       [      34          0              0    ]      [     0     0     0     0     0    ]  0   
2017-11-17T09:54:07.602+0800: 69.042: Total time for which application threads were stopped: 0.0001128 seconds, Stopping threads took: 0.0000262 seconds
         vmop                    [threads: total initially_running wait_to_block]    [time: spin block sync cleanup vmop] page_trap_count
69.044: RevokeBias                       [      34          0              0    ]      [     0     0     0     0     0    ]  0   
2017-11-17T09:54:07.605+0800: 69.045: Total time for which application threads were stopped: 0.0001104 seconds, Stopping threads took: 0.0000267 seconds
         vmop                    [threads: total initially_running wait_to_block]    [time: spin block sync cleanup vmop] page_trap_count
69.046: RevokeBias                       [      34          3              2    ]      [     6     0     6     0     0    ]  0   
2017-11-17T09:54:07.613+0800: 69.053: Total time for which application threads were stopped: 0.0063034 seconds, Stopping threads took: 0.0061581 seconds
         vmop                    [threads: total initially_running wait_to_block]    [time: spin block sync cleanup vmop] page_trap_count
69.059: RevokeBias                       [      34          0              1    ]      [     0     0     0     0     0    ]  0   
2017-11-17T09:54:07.620+0800: 69.059: Total time for which application threads were stopped: 0.0005539 seconds, Stopping threads took: 0.0003341 seconds
         vmop                    [threads: total initially_running wait_to_block]    [time: spin block sync cleanup vmop] page_trap_count
69.342: RevokeBias                       [      34          0              0    ]      [     0     0     0     0     0    ]  0   
2017-11-17T09:54:07.903+0800: 69.342: Total time for which application threads were stopped: 0.0002777 seconds, Stopping threads took: 0.0000980 seconds
         vmop                    [threads: total initially_running wait_to_block]    [time: spin block sync cleanup vmop] page_trap_count
69.417: RevokeBias                       [      34          0              0    ]      [     0     0     0     0     0    ]  0   
2017-11-17T09:54:07.978+0800: 69.417: Total time for which application threads were stopped: 0.0002767 seconds, Stopping threads took: 0.0001106 seconds
         vmop                    [threads: total initially_running wait_to_block]    [time: spin block sync cleanup vmop] page_trap_count
70.417: no vm operation                  [      34          0              0    ]      [     0     0     0     0     0    ]  0   
2017-11-17T09:54:08.978+0800: 70.418: Total time for which application threads were stopped: 0.0002306 seconds, Stopping threads took: 0.0000697 seconds
         vmop                    [threads: total initially_running wait_to_block]    [time: spin block sync cleanup vmop] page_trap_count
70.730: RevokeBias                       [      34          0              0    ]      [     0     0     0     0     0    ]  0   
2017-11-17T09:54:09.291+0800: 70.730: Total time for which application threads were stopped: 0.0002733 seconds, Stopping threads took: 0.0001255 seconds
         vmop                    [threads: total initially_running wait_to_block]    [time: spin block sync cleanup vmop] page_trap_count
70.733: RevokeBias                       [      34          0              1    ]      [     0     0     0     0     0    ]  0   
2017-11-17T09:54:09.294+0800: 70.734: Total time for which application threads were stopped: 0.0002335 seconds, Stopping threads took: 0.0001160 seconds
         vmop                    [threads: total initially_running wait_to_block]    [time: spin block sync cleanup vmop] page_trap_count
71.710: RevokeBias                       [      34          0              0    ]      [     0     0     0     0     0    ]  0   
2017-11-17T09:54:10.271+0800: 71.710: Total time for which application threads were stopped: 0.0002203 seconds, Stopping threads took: 0.0000687 seconds
         vmop                    [threads: total initially_running wait_to_block]    [time: spin block sync cleanup vmop] page_trap_count
71.711: RevokeBias                       [      34          0              0    ]      [     0     0     0     0     0    ]  0   
2017-11-17T09:54:10.271+0800: 71.711: Total time for which application threads were stopped: 0.0000792 seconds, Stopping threads took: 0.0000213 seconds
         vmop                    [threads: total initially_running wait_to_block]    [time: spin block sync cleanup vmop] page_trap_count
75.227: RevokeBias                       [      33          0              0    ]      [     0     0     0     0     0    ]  0   
2017-11-17T09:54:13.787+0800: 75.227: Total time for which application threads were stopped: 0.0002259 seconds, Stopping threads took: 0.0000851 seconds
         vmop                    [threads: total initially_running wait_to_block]    [time: spin block sync cleanup vmop] page_trap_count
75.938: RevokeBias                       [      33          0              0    ]      [     0     0     0     0     0    ]  0   
2017-11-17T09:54:14.499+0800: 75.938: Total time for which application threads were stopped: 0.0002052 seconds, Stopping threads took: 0.0000485 seconds
         vmop                    [threads: total initially_running wait_to_block]    [time: spin block sync cleanup vmop] page_trap_count
75.941: RevokeBias                       [      33          0              1    ]      [     0     0     0     0     0    ]  0   
2017-11-17T09:54:14.502+0800: 75.941: Total time for which application threads were stopped: 0.0002052 seconds, Stopping threads took: 0.0000938 seconds
         vmop                    [threads: total initially_running wait_to_block]    [time: spin block sync cleanup vmop] page_trap_count
75.949: RevokeBias                       [      33          0              0    ]      [     0     0     0     0     0    ]  0   
2017-11-17T09:54:14.510+0800: 75.949: Total time for which application threads were stopped: 0.0001797 seconds, Stopping threads took: 0.0000426 seconds
         vmop                    [threads: total initially_running wait_to_block]    [time: spin block sync cleanup vmop] page_trap_count
76.020: RevokeBias                       [      33          0              1    ]      [     0     0     0     0     0    ]  0   
2017-11-17T09:54:14.581+0800: 76.021: Total time for which application threads were stopped: 0.0002320 seconds, Stopping threads took: 0.0000827 seconds
         vmop                    [threads: total initially_running wait_to_block]    [time: spin block sync cleanup vmop] page_trap_count
76.027: RevokeBias                       [      33          0              1    ]      [     0     0     0     0     0    ]  0   
2017-11-17T09:54:14.587+0800: 76.027: Total time for which application threads were stopped: 0.0002437 seconds, Stopping threads took: 0.0001026 seconds
         vmop                    [threads: total initially_running wait_to_block]    [time: spin block sync cleanup vmop] page_trap_count
76.534: Deoptimize                       [      33          0              1    ]      [     0     0     0     0     0    ]  0   
2017-11-17T09:54:15.096+0800: 76.535: Total time for which application threads were stopped: 0.0008647 seconds, Stopping threads took: 0.0000633 seconds
         vmop                    [threads: total initially_running wait_to_block]    [time: spin block sync cleanup vmop] page_trap_count
76.535: RevokeBias                       [      33          0              1    ]      [     0     0     0     0     0    ]  0   
2017-11-17T09:54:15.096+0800: 76.535: Total time for which application threads were stopped: 0.0001130 seconds, Stopping threads took: 0.0000202 seconds
         vmop                    [threads: total initially_running wait_to_block]    [time: spin block sync cleanup vmop] page_trap_count
76.795: RevokeBias                       [      33          0              0    ]      [     0     0    19     0     0    ]  0   
2017-11-17T09:54:15.374+0800: 76.814: Total time for which application threads were stopped: 0.0002436 seconds, Stopping threads took: 0.0000492 seconds
         vmop                    [threads: total initially_running wait_to_block]    [time: spin block sync cleanup vmop] page_trap_count
76.815: RevokeBias                       [      33          0              0    ]      [     0     0     0     0     0    ]  0   
2017-11-17T09:54:15.376+0800: 76.815: Total time for which application threads were stopped: 0.0001458 seconds, Stopping threads took: 0.0000244 seconds
2017-11-17T09:54:15.386+0800: 76.826: [GC pause (G1 Evacuation Pause) (young) 76.826: [G1Ergonomics (CSet Construction) start choosing CSet, _pending_cards: 56325, predicted base time: 103.04 ms, remaining time: 96.96 ms, target pause time: 200.00 ms]
 76.826: [G1Ergonomics (CSet Construction) add young regions to CSet, eden: 1629 regions, survivors: 125 regions, predicted young region time: 145.26 ms]
 76.826: [G1Ergonomics (CSet Construction) finish choosing CSet, eden: 1629 regions, survivors: 125 regions, old: 0 regions, predicted pause time: 248.30 ms, target pause time: 200.00 ms]
, 0.2228637 secs]
   [Parallel Time: 216.5 ms, GC Workers: 8]
      [GC Worker Start (ms): Min: 76826.3, Avg: 76839.2, Max: 76857.0, Diff: 30.6]
      [Ext Root Scanning (ms): Min: 0.0, Avg: 0.4, Max: 1.0, Diff: 1.0, Sum: 2.9]
      [Update RS (ms): Min: 0.0, Avg: 7.5, Max: 29.9, Diff: 29.9, Sum: 60.1]
         [Processed Buffers: Min: 0, Avg: 29.8, Max: 85, Diff: 85, Sum: 238]
      [Scan RS (ms): Min: 3.8, Avg: 33.6, Max: 68.0, Diff: 64.2, Sum: 268.6]
      [Code Root Scanning (ms): Min: 0.0, Avg: 0.0, Max: 0.2, Diff: 0.2, Sum: 0.3]
      [Object Copy (ms): Min: 113.6, Avg: 144.3, Max: 181.6, Diff: 68.0, Sum: 1154.2]
      [Termination (ms): Min: 0.0, Avg: 17.6, Max: 22.1, Diff: 22.1, Sum: 140.4]
         [Termination Attempts: Min: 1, Avg: 46.8, Max: 72, Diff: 71, Sum: 374]
      [GC Worker Other (ms): Min: 0.0, Avg: 0.1, Max: 0.1, Diff: 0.1, Sum: 0.5]
      [GC Worker Total (ms): Min: 185.6, Avg: 203.4, Max: 216.3, Diff: 30.7, Sum: 1627.1]
      [GC Worker End (ms): Min: 77042.6, Avg: 77042.6, Max: 77042.7, Diff: 0.1]
   [Code Root Fixup: 0.1 ms]
   [Code Root Purge: 0.0 ms]
   [Clear CT: 0.9 ms]
   [Other: 5.3 ms]
      [Choose CSet: 0.0 ms]
      [Ref Proc: 1.4 ms]
      [Ref Enq: 0.0 ms]
      [Redirty Cards: 0.4 ms]
      [Humongous Register: 0.5 ms]
      [Humongous Reclaim: 0.2 ms]
      [Free CSet: 2.2 ms]
   [Eden: 1629.0M(1547.0M)->0.0B(1095.0M) Survivors: 125.0M->110.0M Heap: 3085.7M(5440.0M)->1494.7M(5440.0M)]
 [Times: user=0.60 sys=0.00, real=0.22 secs] 
         vmop                    [threads: total initially_running wait_to_block]    [time: spin block sync cleanup vmop] page_trap_count
76.825: G1IncCollectionPause             [      33          0              1    ]      [     0     0     0     0   223    ]  0   
2017-11-17T09:54:15.609+0800: 77.049: Total time for which application threads were stopped: 0.2232451 seconds, Stopping threads took: 0.0000503 seconds
         vmop                    [threads: total initially_running wait_to_block]    [time: spin block sync cleanup vmop] page_trap_count
77.081: RevokeBias                       [      33          0              2    ]      [     0     0     0     0     0    ]  0   
2017-11-17T09:54:15.642+0800: 77.082: Total time for which application threads were stopped: 0.0002492 seconds, Stopping threads took: 0.0000735 seconds
         vmop                    [threads: total initially_running wait_to_block]    [time: spin block sync cleanup vmop] page_trap_count
78.084: no vm operation                  [      33          1              1    ]      [    23     0    24     0     0    ]  1   
2017-11-17T09:54:16.680+0800: 78.120: Total time for which application threads were stopped: 0.0352395 seconds, Stopping threads took: 0.0240179 seconds
         vmop                    [threads: total initially_running wait_to_block]    [time: spin block sync cleanup vmop] page_trap_count
78.819: RevokeBias                       [      32          0              1    ]      [     0     0     0     0     0    ]  0   
2017-11-17T09:54:17.380+0800: 78.819: Total time for which application threads were stopped: 0.0003281 seconds, Stopping threads took: 0.0001115 seconds
         vmop                    [threads: total initially_running wait_to_block]    [time: spin block sync cleanup vmop] page_trap_count
78.823: RevokeBias                       [      32          0              0    ]      [     0     0     0     0     0    ]  0   
2017-11-17T09:54:17.383+0800: 78.823: Total time for which application threads were stopped: 0.0002294 seconds, Stopping threads took: 0.0000375 seconds
         vmop                    [threads: total initially_running wait_to_block]    [time: spin block sync cleanup vmop] page_trap_count
78.826: RevokeBias                       [      32          0              1    ]      [     0     0     0     0     0    ]  0   
2017-11-17T09:54:17.387+0800: 78.827: Total time for which application threads were stopped: 0.0002756 seconds, Stopping threads took: 0.0000846 seconds
         vmop                    [threads: total initially_running wait_to_block]    [time: spin block sync cleanup vmop] page_trap_count
78.827: RevokeBias                       [      32          0              0    ]      [     0     0     0     0     0    ]  0   
2017-11-17T09:54:17.387+0800: 78.827: Total time for which application threads were stopped: 0.0001118 seconds, Stopping threads took: 0.0000252 seconds
         vmop                    [threads: total initially_running wait_to_block]    [time: spin block sync cleanup vmop] page_trap_count
78.827: RevokeBias                       [      32          0              0    ]      [     0     0     0     0     0    ]  0   
2017-11-17T09:54:17.388+0800: 78.827: Total time for which application threads were stopped: 0.0001354 seconds, Stopping threads took: 0.0000249 seconds
         vmop                    [threads: total initially_running wait_to_block]    [time: spin block sync cleanup vmop] page_trap_count
78.827: RevokeBias                       [      32          0              0    ]      [     0     0     0     0     0    ]  0   
2017-11-17T09:54:17.388+0800: 78.827: Total time for which application threads were stopped: 0.0001280 seconds, Stopping threads took: 0.0000293 seconds
         vmop                    [threads: total initially_running wait_to_block]    [time: spin block sync cleanup vmop] page_trap_count
78.829: RevokeBias                       [      32          0              0    ]      [     0     0     0     0     0    ]  0   
2017-11-17T09:54:17.389+0800: 78.829: Total time for which application threads were stopped: 0.0001010 seconds, Stopping threads took: 0.0000255 seconds
         vmop                    [threads: total initially_running wait_to_block]    [time: spin block sync cleanup vmop] page_trap_count
78.833: RevokeBias                       [      32          0              0    ]      [     0     0     0     0     0    ]  0   
2017-11-17T09:54:17.394+0800: 78.833: Total time for which application threads were stopped: 0.0002452 seconds, Stopping threads took: 0.0000460 seconds
         vmop                    [threads: total initially_running wait_to_block]    [time: spin block sync cleanup vmop] page_trap_count
78.840: BulkRevokeBias                   [      32          0              1    ]      [     0     0     0     0     0    ]  0   
2017-11-17T09:54:17.400+0800: 78.840: Total time for which application threads were stopped: 0.0003648 seconds, Stopping threads took: 0.0000699 seconds
         vmop                    [threads: total initially_running wait_to_block]    [time: spin block sync cleanup vmop] page_trap_count
78.840: RevokeBias                       [      32          0              1    ]      [     0     0     0     0     0    ]  0   
2017-11-17T09:54:17.401+0800: 78.840: Total time for which application threads were stopped: 0.0000894 seconds, Stopping threads took: 0.0000192 seconds
         vmop                    [threads: total initially_running wait_to_block]    [time: spin block sync cleanup vmop] page_trap_count
79.840: no vm operation                  [      32          1              1    ]      [     0     0     0     0     0    ]  1   
2017-11-17T09:54:18.401+0800: 79.841: Total time for which application threads were stopped: 0.0003300 seconds, Stopping threads took: 0.0001030 seconds
         vmop                    [threads: total initially_running wait_to_block]    [time: spin block sync cleanup vmop] page_trap_count
79.956: Deoptimize                       [      32          0              0    ]      [     0     0     0     0     0    ]  0   
2017-11-17T09:54:18.517+0800: 79.957: Total time for which application threads were stopped: 0.0007444 seconds, Stopping threads took: 0.0000602 seconds
 80.928: [G1Ergonomics (Concurrent Cycles) request concurrent cycle initiation, reason: occupancy higher than threshold, occupancy: 2365587456 bytes, allocation request: 437491632 bytes, threshold: 2566914030 bytes (45.00 %), source: concurrent humongous allocation]
 80.932: [G1Ergonomics (Concurrent Cycles) request concurrent cycle initiation, reason: requested by GC cause, GC cause: G1 Humongous Allocation]
 80.932: [G1Ergonomics (Concurrent Cycles) initiate concurrent cycle, reason: concurrent cycle initiation requested]
2017-11-17T09:54:19.492+0800: 80.932: [GC pause (G1 Humongous Allocation) (young) (initial-mark) 80.932: [G1Ergonomics (CSet Construction) start choosing CSet, _pending_cards: 11678, predicted base time: 38.07 ms, remaining time: 161.93 ms, target pause time: 200.00 ms]
 80.932: [G1Ergonomics (CSet Construction) add young regions to CSet, eden: 144 regions, survivors: 110 regions, predicted young region time: 111.08 ms]
 80.932: [G1Ergonomics (CSet Construction) finish choosing CSet, eden: 144 regions, survivors: 110 regions, old: 0 regions, predicted pause time: 149.15 ms, target pause time: 200.00 ms]
, 0.1195219 secs]
   [Parallel Time: 112.7 ms, GC Workers: 8]
      [GC Worker Start (ms): Min: 80932.7, Avg: 80933.1, Max: 80934.0, Diff: 1.4]
      [Ext Root Scanning (ms): Min: 1.5, Avg: 9.6, Max: 24.7, Diff: 23.3, Sum: 76.7]
      [Update RS (ms): Min: 0.0, Avg: 1.2, Max: 2.0, Diff: 2.0, Sum: 9.6]
         [Processed Buffers: Min: 0, Avg: 6.9, Max: 12, Diff: 12, Sum: 55]
      [Scan RS (ms): Min: 0.0, Avg: 4.3, Max: 7.0, Diff: 7.0, Sum: 34.2]
      [Code Root Scanning (ms): Min: 0.0, Avg: 0.0, Max: 0.2, Diff: 0.2, Sum: 0.3]
      [Object Copy (ms): Min: 78.5, Avg: 90.1, Max: 101.3, Diff: 22.8, Sum: 720.6]
      [Termination (ms): Min: 0.0, Avg: 6.8, Max: 7.9, Diff: 7.9, Sum: 54.3]
         [Termination Attempts: Min: 1, Avg: 304.6, Max: 562, Diff: 561, Sum: 2437]
      [GC Worker Other (ms): Min: 0.0, Avg: 0.0, Max: 0.0, Diff: 0.0, Sum: 0.1]
      [GC Worker Total (ms): Min: 111.0, Avg: 112.0, Max: 112.4, Diff: 1.4, Sum: 896.0]
      [GC Worker End (ms): Min: 81045.1, Avg: 81045.1, Max: 81045.1, Diff: 0.0]
   [Code Root Fixup: 0.1 ms]
   [Code Root Purge: 0.0 ms]
   [Clear CT: 0.3 ms]
   [Other: 6.4 ms]
      [Choose CSet: 0.0 ms]
      [Ref Proc: 2.9 ms]
      [Ref Enq: 0.0 ms]
      [Redirty Cards: 0.4 ms]
      [Humongous Register: 0.1 ms]
      [Humongous Reclaim: 0.8 ms]
      [Free CSet: 0.6 ms]
   [Eden: 144.0M(344.0M)->0.0B(2868.0M) Survivors: 110.0M->10.0M Heap: 2476.7M(5440.0M)->1922.9M(5440.0M)]
 [Times: user=0.54 sys=0.00, real=0.12 secs] 
         vmop                    [threads: total initially_running wait_to_block]    [time: spin block sync cleanup vmop] page_trap_count
80.931: G1IncCollectionPause             [      32          1              1    ]      [     0     0     0     0   119    ]  0   
2017-11-17T09:54:19.612+0800: 81.051: [GC concurrent-root-region-scan-start]
2017-11-17T09:54:19.612+0800: 81.052: Total time for which application threads were stopped: 0.1200548 seconds, Stopping threads took: 0.0001032 seconds
2017-11-17T09:54:19.627+0800: 81.067: [GC concurrent-root-region-scan-end, 0.0151214 secs]
2017-11-17T09:54:19.627+0800: 81.067: [GC concurrent-mark-start]
         vmop                    [threads: total initially_running wait_to_block]    [time: spin block sync cleanup vmop] page_trap_count
81.067: RevokeBias                       [      32          0              1    ]      [     0    59    59     0     0    ]  0   
2017-11-17T09:54:19.688+0800: 81.127: Total time for which application threads were stopped: 0.0597157 seconds, Stopping threads took: 0.0594130 seconds
         vmop                    [threads: total initially_running wait_to_block]    [time: spin block sync cleanup vmop] page_trap_count
81.128: RevokeBias                       [      32          0              0    ]      [     0     0     0     0     0    ]  0   
2017-11-17T09:54:19.688+0800: 81.128: Total time for which application threads were stopped: 0.0001455 seconds, Stopping threads took: 0.0000354 seconds
         vmop                    [threads: total initially_running wait_to_block]    [time: spin block sync cleanup vmop] page_trap_count
82.128: no vm operation                  [      32          0              0    ]      [     0     0     0     0     0    ]  0   
2017-11-17T09:54:20.689+0800: 82.128: Total time for which application threads were stopped: 0.0002498 seconds, Stopping threads took: 0.0000679 seconds
2017-11-17T09:54:20.836+0800: 82.276: [GC concurrent-mark-end, 1.2091238 secs]
2017-11-17T09:54:20.836+0800: 82.276: [GC remark 2017-11-17T09:54:20.836+0800: 82.276: [Finalize Marking, 0.0004251 secs] 2017-11-17T09:54:20.837+0800: 82.276: [GC ref-proc, 0.0001820 secs] 2017-11-17T09:54:20.837+0800: 82.277: [Unloading, 0.0062879 secs], 0.0157014 secs]
 [Times: user=0.05 sys=0.00, real=0.02 secs] 
         vmop                    [threads: total initially_running wait_to_block]    [time: spin block sync cleanup vmop] page_trap_count
82.276: CGC_Operation                    [      32          0              0    ]      [     0     0     0     0    15    ]  0   
2017-11-17T09:54:20.852+0800: 82.292: Total time for which application threads were stopped: 0.0159376 seconds, Stopping threads took: 0.0000424 seconds
2017-11-17T09:54:20.853+0800: 82.292: [GC cleanup 2422M->2377M(5440M), 0.0072634 secs]
 [Times: user=0.02 sys=0.00, real=0.01 secs] 
         vmop                    [threads: total initially_running wait_to_block]    [time: spin block sync cleanup vmop] page_trap_count
82.292: CGC_Operation                    [      32          0              0    ]      [     0     0     0     0     7    ]  0   
2017-11-17T09:54:20.860+0800: 82.299: Total time for which application threads were stopped: 0.0075267 seconds, Stopping threads took: 0.0000377 seconds
2017-11-17T09:54:20.860+0800: 82.299: [GC concurrent-cleanup-start]
2017-11-17T09:54:20.860+0800: 82.300: [GC concurrent-cleanup-end, 0.0001139 secs]
 82.782: [G1Ergonomics (Concurrent Cycles) do not request concurrent cycle initiation, reason: still doing mixed collections, occupancy: 2407530496 bytes, allocation request: 437491632 bytes, threshold: 2566914030 bytes (45.00 %), source: concurrent humongous allocation]
         vmop                    [threads: total initially_running wait_to_block]    [time: spin block sync cleanup vmop] page_trap_count
83.299: no vm operation                  [      32          1              1    ]      [     0     0     0     0     0    ]  1   
2017-11-17T09:54:21.860+0800: 83.300: Total time for which application threads were stopped: 0.0003310 seconds, Stopping threads took: 0.0001768 seconds
         vmop                    [threads: total initially_running wait_to_block]    [time: spin block sync cleanup vmop] page_trap_count
84.346: RevokeBias                       [      32          0              0    ]      [     0     0     0     0     0    ]  0   
2017-11-17T09:54:22.907+0800: 84.346: Total time for which application threads were stopped: 0.0002544 seconds, Stopping threads took: 0.0001166 seconds
 84.355: [G1Ergonomics (Concurrent Cycles) do not request concurrent cycle initiation, reason: still doing mixed collections, occupancy: 2845835264 bytes, allocation request: 437491632 bytes, threshold: 2566914030 bytes (45.00 %), source: concurrent humongous allocation]
         vmop                    [threads: total initially_running wait_to_block]    [time: spin block sync cleanup vmop] page_trap_count
85.227: RevokeBias                       [      32          0              1    ]      [     0     0     0     0     0    ]  0   
2017-11-17T09:54:23.788+0800: 85.228: Total time for which application threads were stopped: 0.0003915 seconds, Stopping threads took: 0.0002358 seconds
 86.422: [G1Ergonomics (Concurrent Cycles) do not request concurrent cycle initiation, reason: still doing mixed collections, occupancy: 3284140032 bytes, allocation request: 437491632 bytes, threshold: 2566914030 bytes (45.00 %), source: concurrent humongous allocation]
         vmop                    [threads: total initially_running wait_to_block]    [time: spin block sync cleanup vmop] page_trap_count
87.228: no vm operation                  [      32          1              1    ]      [     0     0     0     0     0    ]  1   
2017-11-17T09:54:25.789+0800: 87.228: Total time for which application threads were stopped: 0.0002792 seconds, Stopping threads took: 0.0001039 seconds
         vmop                    [threads: total initially_running wait_to_block]    [time: spin block sync cleanup vmop] page_trap_count
88.228: no vm operation                  [      32          0              0    ]      [     0     0     0     0     0    ]  0   
2017-11-17T09:54:26.789+0800: 88.228: Total time for which application threads were stopped: 0.0002282 seconds, Stopping threads took: 0.0000567 seconds
 88.311: [G1Ergonomics (Concurrent Cycles) do not request concurrent cycle initiation, reason: still doing mixed collections, occupancy: 3722444800 bytes, allocation request: 437491632 bytes, threshold: 2566914030 bytes (45.00 %), source: concurrent humongous allocation]
         vmop                    [threads: total initially_running wait_to_block]    [time: spin block sync cleanup vmop] page_trap_count
89.229: no vm operation                  [      32          0              0    ]      [     0     0     0     0     0    ]  0   
2017-11-17T09:54:27.789+0800: 89.229: Total time for which application threads were stopped: 0.0002454 seconds, Stopping threads took: 0.0000603 seconds
         vmop                    [threads: total initially_running wait_to_block]    [time: spin block sync cleanup vmop] page_trap_count
90.229: no vm operation                  [      32          0              0    ]      [     0     0     0     0     0    ]  0   
2017-11-17T09:54:28.790+0800: 90.229: Total time for which application threads were stopped: 0.0002126 seconds, Stopping threads took: 0.0000700 seconds
         vmop                    [threads: total initially_running wait_to_block]    [time: spin block sync cleanup vmop] page_trap_count
91.831: RevokeBias                       [      32          0              0    ]      [     0     0     0     0     0    ]  0   
2017-11-17T09:54:30.392+0800: 91.831: Total time for which application threads were stopped: 0.0001630 seconds, Stopping threads took: 0.0000317 seconds
         vmop                    [threads: total initially_running wait_to_block]    [time: spin block sync cleanup vmop] page_trap_count
91.834: RevokeBias                       [      32          0              0    ]      [     0     0     0     0     0    ]  0   
2017-11-17T09:54:30.395+0800: 91.834: Total time for which application threads were stopped: 0.0001182 seconds, Stopping threads took: 0.0000280 seconds
 92.892: [G1Ergonomics (Concurrent Cycles) do not request concurrent cycle initiation, reason: still doing mixed collections, occupancy: 4160749568 bytes, allocation request: 16777232 bytes, threshold: 2566914030 bytes (45.00 %), source: concurrent humongous allocation]
         vmop                    [threads: total initially_running wait_to_block]    [time: spin block sync cleanup vmop] page_trap_count
93.834: no vm operation                  [      32          0              0    ]      [     0     0     0     0     0    ]  0   
2017-11-17T09:54:32.395+0800: 93.835: Total time for which application threads were stopped: 0.0002499 seconds, Stopping threads took: 0.0000707 seconds
         vmop                    [threads: total initially_running wait_to_block]    [time: spin block sync cleanup vmop] page_trap_count
95.227: RevokeBias                       [      32          0              0    ]      [     0     0     0     0     0    ]  0   
2017-11-17T09:54:33.787+0800: 95.227: Total time for which application threads were stopped: 0.0002242 seconds, Stopping threads took: 0.0000836 seconds
         vmop                    [threads: total initially_running wait_to_block]    [time: spin block sync cleanup vmop] page_trap_count
96.227: no vm operation                  [      32          0              0    ]      [     0     0     0     0     0    ]  0   
2017-11-17T09:54:34.788+0800: 96.227: Total time for which application threads were stopped: 0.0002466 seconds, Stopping threads took: 0.0000537 seconds
         vmop                    [threads: total initially_running wait_to_block]    [time: spin block sync cleanup vmop] page_trap_count
98.227: no vm operation                  [      32          0              0    ]      [     0     0     0     0     0    ]  0   
2017-11-17T09:54:36.788+0800: 98.228: Total time for which application threads were stopped: 0.0001989 seconds, Stopping threads took: 0.0000435 seconds
         vmop                    [threads: total initially_running wait_to_block]    [time: spin block sync cleanup vmop] page_trap_count
105.226: RevokeBias                       [      32          0              1    ]      [     0     0     0     0     0    ]  0   
2017-11-17T09:54:43.787+0800: 105.227: Total time for which application threads were stopped: 0.0002805 seconds, Stopping threads took: 0.0001343 seconds
         vmop                    [threads: total initially_running wait_to_block]    [time: spin block sync cleanup vmop] page_trap_count
114.645: RevokeBias                       [      32          0              0    ]      [     0     0     0     0     0    ]  0   
2017-11-17T09:54:53.205+0800: 114.645: Total time for which application threads were stopped: 0.0002268 seconds, Stopping threads took: 0.0000766 seconds
         vmop                    [threads: total initially_running wait_to_block]    [time: spin block sync cleanup vmop] page_trap_count
114.721: RevokeBias                       [      32          0              0    ]      [     0     0     0     0     0    ]  0   
2017-11-17T09:54:53.282+0800: 114.722: Total time for which application threads were stopped: 0.0001839 seconds, Stopping threads took: 0.0000611 seconds
         vmop                    [threads: total initially_running wait_to_block]    [time: spin block sync cleanup vmop] page_trap_count
115.226: RevokeBias                       [      32          0              0    ]      [     0     0     0     0     0    ]  0   
2017-11-17T09:54:53.787+0800: 115.227: Total time for which application threads were stopped: 0.0002375 seconds, Stopping threads took: 0.0001028 seconds
         vmop                    [threads: total initially_running wait_to_block]    [time: spin block sync cleanup vmop] page_trap_count
123.228: no vm operation                  [      32          0              0    ]      [     0     0     0     0     0    ]  0   
2017-11-17T09:55:01.788+0800: 123.228: Total time for which application threads were stopped: 0.0002124 seconds, Stopping threads took: 0.0000633 seconds
         vmop                    [threads: total initially_running wait_to_block]    [time: spin block sync cleanup vmop] page_trap_count
125.227: RevokeBias                       [      32          0              1    ]      [     0     0     0     0     0    ]  0   
2017-11-17T09:55:03.787+0800: 125.227: Total time for which application threads were stopped: 0.0004020 seconds, Stopping threads took: 0.0002343 seconds
         vmop                    [threads: total initially_running wait_to_block]    [time: spin block sync cleanup vmop] page_trap_count
128.626: RevokeBias                       [      32          0              0    ]      [     0     0     0     0     0    ]  0   
2017-11-17T09:55:07.187+0800: 128.627: Total time for which application threads were stopped: 0.0002060 seconds, Stopping threads took: 0.0000473 seconds
         vmop                    [threads: total initially_running wait_to_block]    [time: spin block sync cleanup vmop] page_trap_count
135.226: RevokeBias                       [      31          2              0    ]      [     0     0     0     0     0    ]  0   
2017-11-17T09:55:13.787+0800: 135.227: Total time for which application threads were stopped: 0.0003084 seconds, Stopping threads took: 0.0001628 seconds
         vmop                    [threads: total initially_running wait_to_block]    [time: spin block sync cleanup vmop] page_trap_count
136.227: no vm operation                  [      31          0              0    ]      [     0     0     0     0     0    ]  0   
2017-11-17T09:55:14.788+0800: 136.227: Total time for which application threads were stopped: 0.0001778 seconds, Stopping threads took: 0.0000362 seconds
         vmop                    [threads: total initially_running wait_to_block]    [time: spin block sync cleanup vmop] page_trap_count
145.226: RevokeBias                       [      31          0              1    ]      [     0     0     0     0     0    ]  0   
2017-11-17T09:55:23.787+0800: 145.227: Total time for which application threads were stopped: 0.0003181 seconds, Stopping threads took: 0.0001534 seconds
         vmop                    [threads: total initially_running wait_to_block]    [time: spin block sync cleanup vmop] page_trap_count
146.546: RevokeBias                       [      31          0              0    ]      [     0     0     0     0     0    ]  0   
2017-11-17T09:55:25.106+0800: 146.546: Total time for which application threads were stopped: 0.0001372 seconds, Stopping threads took: 0.0000372 seconds
         vmop                    [threads: total initially_running wait_to_block]    [time: spin block sync cleanup vmop] page_trap_count
146.549: RevokeBias                       [      31          0              1    ]      [     0     0     0     0     0    ]  0   
2017-11-17T09:55:25.110+0800: 146.549: Total time for which application threads were stopped: 0.0002247 seconds, Stopping threads took: 0.0001085 seconds
         vmop                    [threads: total initially_running wait_to_block]    [time: spin block sync cleanup vmop] page_trap_count
146.556: RevokeBias                       [      32          1              0    ]      [     0     0     0     0     0    ]  0   
2017-11-17T09:55:25.117+0800: 146.556: Total time for which application threads were stopped: 0.0001126 seconds, Stopping threads took: 0.0000329 seconds
         vmop                    [threads: total initially_running wait_to_block]    [time: spin block sync cleanup vmop] page_trap_count
146.566: RevokeBias                       [      32          0              1    ]      [     0     0     0     0     0    ]  0   
2017-11-17T09:55:25.127+0800: 146.566: Total time for which application threads were stopped: 0.0002077 seconds, Stopping threads took: 0.0000890 seconds
         vmop                    [threads: total initially_running wait_to_block]    [time: spin block sync cleanup vmop] page_trap_count
146.633: RevokeBias                       [      32          0              2    ]      [     0     0     0     0     0    ]  0   
2017-11-17T09:55:25.193+0800: 146.633: Total time for which application threads were stopped: 0.0002182 seconds, Stopping threads took: 0.0000670 seconds
         vmop                    [threads: total initially_running wait_to_block]    [time: spin block sync cleanup vmop] page_trap_count
148.216: RevokeBias                       [      32          0              0    ]      [     0     0     0     0     0    ]  0   
2017-11-17T09:55:26.776+0800: 148.216: Total time for which application threads were stopped: 0.0002018 seconds, Stopping threads took: 0.0000585 seconds
         vmop                    [threads: total initially_running wait_to_block]    [time: spin block sync cleanup vmop] page_trap_count
148.217: RevokeBias                       [      32          0              0    ]      [     0     0     0     0     0    ]  0   
2017-11-17T09:55:26.778+0800: 148.217: Total time for which application threads were stopped: 0.0001279 seconds, Stopping threads took: 0.0000247 seconds
         vmop                    [threads: total initially_running wait_to_block]    [time: spin block sync cleanup vmop] page_trap_count
148.287: RevokeBias                       [      32          0              0    ]      [     0     0     0     0     0    ]  0   
2017-11-17T09:55:26.848+0800: 148.287: Total time for which application threads were stopped: 0.0002058 seconds, Stopping threads took: 0.0000566 seconds
 148.288: [G1Ergonomics (Concurrent Cycles) do not request concurrent cycle initiation, reason: still doing mixed collections, occupancy: 4178575360 bytes, allocation request: 2140456 bytes, threshold: 2566914030 bytes (45.00 %), source: concurrent humongous allocation]
 148.288: [G1Ergonomics (Concurrent Cycles) do not request concurrent cycle initiation, reason: still doing mixed collections, occupancy: 4181721088 bytes, allocation request: 2140456 bytes, threshold: 2566914030 bytes (45.00 %), source: concurrent humongous allocation]
         vmop                    [threads: total initially_running wait_to_block]    [time: spin block sync cleanup vmop] page_trap_count
148.295: RevokeBias                       [      32          0              1    ]      [     0    11    11     0     0    ]  0   
2017-11-17T09:55:26.867+0800: 148.307: Total time for which application threads were stopped: 0.0120609 seconds, Stopping threads took: 0.0118748 seconds
 148.321: [G1Ergonomics (Concurrent Cycles) do not request concurrent cycle initiation, reason: still doing mixed collections, occupancy: 4184866816 bytes, allocation request: 437499240 bytes, threshold: 2566914030 bytes (45.00 %), source: concurrent humongous allocation]
 149.129: [G1Ergonomics (Concurrent Cycles) do not request concurrent cycle initiation, reason: still doing mixed collections, occupancy: 4623171584 bytes, allocation request: 437491632 bytes, threshold: 2566914030 bytes (45.00 %), source: concurrent humongous allocation]
         vmop                    [threads: total initially_running wait_to_block]    [time: spin block sync cleanup vmop] page_trap_count
149.307: no vm operation                  [      32          0              0    ]      [     0     0     0     0     0    ]  0   
2017-11-17T09:55:27.868+0800: 149.307: Total time for which application threads were stopped: 0.0002286 seconds, Stopping threads took: 0.0000605 seconds
         vmop                    [threads: total initially_running wait_to_block]    [time: spin block sync cleanup vmop] page_trap_count
149.764: RevokeBias                       [      32          0              2    ]      [     0     0     0     0     0    ]  0   
2017-11-17T09:55:28.325+0800: 149.764: Total time for which application threads were stopped: 0.0002160 seconds, Stopping threads took: 0.0000536 seconds
         vmop                    [threads: total initially_running wait_to_block]    [time: spin block sync cleanup vmop] page_trap_count
149.783: RevokeBias                       [      32          0              0    ]      [     0     0     0     0     0    ]  0   
2017-11-17T09:55:28.344+0800: 149.783: Total time for which application threads were stopped: 0.0001865 seconds, Stopping threads took: 0.0000415 seconds
         vmop                    [threads: total initially_running wait_to_block]    [time: spin block sync cleanup vmop] page_trap_count
149.791: RevokeBias                       [      32          0              0    ]      [     0     0     0     0     0    ]  0   
2017-11-17T09:55:28.352+0800: 149.791: Total time for which application threads were stopped: 0.0002136 seconds, Stopping threads took: 0.0000358 seconds
         vmop                    [threads: total initially_running wait_to_block]    [time: spin block sync cleanup vmop] page_trap_count
149.812: RevokeBias                       [      32          0              0    ]      [     0     0     0     0     0    ]  0   
2017-11-17T09:55:28.373+0800: 149.812: Total time for which application threads were stopped: 0.0002262 seconds, Stopping threads took: 0.0000572 seconds
 149.813: [G1Ergonomics (Concurrent Cycles) do not request concurrent cycle initiation, reason: still doing mixed collections, occupancy: 5061476352 bytes, allocation request: 4194320 bytes, threshold: 2566914030 bytes (45.00 %), source: concurrent humongous allocation]
 149.813: [G1Ergonomics (Concurrent Cycles) do not request concurrent cycle initiation, reason: still doing mixed collections, occupancy: 5066719232 bytes, allocation request: 4194320 bytes, threshold: 2566914030 bytes (45.00 %), source: concurrent humongous allocation]
         vmop                    [threads: total initially_running wait_to_block]    [time: spin block sync cleanup vmop] page_trap_count
149.821: RevokeBias                       [      32          0              0    ]      [     0     0     0     0     0    ]  0   
2017-11-17T09:55:28.382+0800: 149.822: Total time for which application threads were stopped: 0.0002602 seconds, Stopping threads took: 0.0000620 seconds
         vmop                    [threads: total initially_running wait_to_block]    [time: spin block sync cleanup vmop] page_trap_count
149.824: RevokeBias                       [      32          0              0    ]      [     0     0     0     0     0    ]  0   
2017-11-17T09:55:28.384+0800: 149.824: Total time for which application threads were stopped: 0.0002114 seconds, Stopping threads took: 0.0000595 seconds
         vmop                    [threads: total initially_running wait_to_block]    [time: spin block sync cleanup vmop] page_trap_count
149.826: RevokeBias                       [      32          0              1    ]      [     0     0     0     0     0    ]  0   
2017-11-17T09:55:28.387+0800: 149.826: Total time for which application threads were stopped: 0.0002045 seconds, Stopping threads took: 0.0000793 seconds
         vmop                    [threads: total initially_running wait_to_block]    [time: spin block sync cleanup vmop] page_trap_count
149.826: RevokeBias                       [      32          0              2    ]      [     0     0     0     0     0    ]  0   
2017-11-17T09:55:28.387+0800: 149.826: Total time for which application threads were stopped: 0.0001904 seconds, Stopping threads took: 0.0000857 seconds
         vmop                    [threads: total initially_running wait_to_block]    [time: spin block sync cleanup vmop] page_trap_count
149.827: RevokeBias                       [      32          0              0    ]      [     0     0     0     0     0    ]  0   
2017-11-17T09:55:28.387+0800: 149.827: Total time for which application threads were stopped: 0.0001413 seconds, Stopping threads took: 0.0000310 seconds
         vmop                    [threads: total initially_running wait_to_block]    [time: spin block sync cleanup vmop] page_trap_count
149.827: BulkRevokeBias                   [      32          1              1    ]      [     0     0     0     0     0    ]  0   
2017-11-17T09:55:28.388+0800: 149.827: Total time for which application threads were stopped: 0.0002553 seconds, Stopping threads took: 0.0000736 seconds
         vmop                    [threads: total initially_running wait_to_block]    [time: spin block sync cleanup vmop] page_trap_count
149.828: RevokeBias                       [      32          0              2    ]      [     0     0     0     0     0    ]  0   
2017-11-17T09:55:28.389+0800: 149.828: Total time for which application threads were stopped: 0.0001906 seconds, Stopping threads took: 0.0000856 seconds
         vmop                    [threads: total initially_running wait_to_block]    [time: spin block sync cleanup vmop] page_trap_count
149.840: RevokeBias                       [      32          0              2    ]      [     0     0     0     0     0    ]  0   
2017-11-17T09:55:28.401+0800: 149.840: Total time for which application threads were stopped: 0.0002732 seconds, Stopping threads took: 0.0001228 seconds
 149.841: [G1Ergonomics (Concurrent Cycles) do not request concurrent cycle initiation, reason: still doing mixed collections, occupancy: 5071962112 bytes, allocation request: 4194320 bytes, threshold: 2566914030 bytes (45.00 %), source: concurrent humongous allocation]
 149.841: [G1Ergonomics (Concurrent Cycles) do not request concurrent cycle initiation, reason: still doing mixed collections, occupancy: 5077204992 bytes, allocation request: 4194320 bytes, threshold: 2566914030 bytes (45.00 %), source: concurrent humongous allocation]
         vmop                    [threads: total initially_running wait_to_block]    [time: spin block sync cleanup vmop] page_trap_count
149.852: RevokeBias                       [      32          2              0    ]      [     0     0     0     0     0    ]  0   
2017-11-17T09:55:28.412+0800: 149.852: Total time for which application threads were stopped: 0.0002767 seconds, Stopping threads took: 0.0001026 seconds
         vmop                    [threads: total initially_running wait_to_block]    [time: spin block sync cleanup vmop] page_trap_count
149.857: RevokeBias                       [      32          0              0    ]      [     0     0     0     0     0    ]  0   
2017-11-17T09:55:28.418+0800: 149.857: Total time for which application threads were stopped: 0.0001523 seconds, Stopping threads took: 0.0000412 seconds
         vmop                    [threads: total initially_running wait_to_block]    [time: spin block sync cleanup vmop] page_trap_count
149.861: RevokeBias                       [      32          0              0    ]      [     0     0     0     0     0    ]  0   
2017-11-17T09:55:28.422+0800: 149.861: Total time for which application threads were stopped: 0.0001264 seconds, Stopping threads took: 0.0000304 seconds
         vmop                    [threads: total initially_running wait_to_block]    [time: spin block sync cleanup vmop] page_trap_count
150.534: RevokeBias                       [      32          0              0    ]      [     0     0     0     0     0    ]  0   
2017-11-17T09:55:29.095+0800: 150.534: Total time for which application threads were stopped: 0.0002436 seconds, Stopping threads took: 0.0000579 seconds
 150.534: [G1Ergonomics (Concurrent Cycles) do not request concurrent cycle initiation, reason: still doing mixed collections, occupancy: 5082447872 bytes, allocation request: 4194320 bytes, threshold: 2566914030 bytes (45.00 %), source: concurrent humongous allocation]
 150.535: [G1Ergonomics (Concurrent Cycles) do not request concurrent cycle initiation, reason: still doing mixed collections, occupancy: 5087690752 bytes, allocation request: 4194320 bytes, threshold: 2566914030 bytes (45.00 %), source: concurrent humongous allocation]
         vmop                    [threads: total initially_running wait_to_block]    [time: spin block sync cleanup vmop] page_trap_count
150.543: RevokeBias                       [      32          0              0    ]      [     0     0     0     0     0    ]  0   
2017-11-17T09:55:29.104+0800: 150.543: Total time for which application threads were stopped: 0.0002191 seconds, Stopping threads took: 0.0000425 seconds
         vmop                    [threads: total initially_running wait_to_block]    [time: spin block sync cleanup vmop] page_trap_count
150.545: RevokeBias                       [      32          0              0    ]      [     0     0     0     0     0    ]  0   
2017-11-17T09:55:29.106+0800: 150.545: Total time for which application threads were stopped: 0.0002006 seconds, Stopping threads took: 0.0000569 seconds
         vmop                    [threads: total initially_running wait_to_block]    [time: spin block sync cleanup vmop] page_trap_count
150.547: BulkRevokeBias                   [      32          0              1    ]      [     0     0     0     0     0    ]  0   
2017-11-17T09:55:29.108+0800: 150.548: Total time for which application threads were stopped: 0.0003065 seconds, Stopping threads took: 0.0000924 seconds
         vmop                    [threads: total initially_running wait_to_block]    [time: spin block sync cleanup vmop] page_trap_count
150.548: RevokeBias                       [      32          0              0    ]      [     0     0     0     0     0    ]  0   
2017-11-17T09:55:29.108+0800: 150.548: Total time for which application threads were stopped: 0.0001244 seconds, Stopping threads took: 0.0000313 seconds
         vmop                    [threads: total initially_running wait_to_block]    [time: spin block sync cleanup vmop] page_trap_count
150.548: RevokeBias                       [      32          0              1    ]      [     0     0     0     0     0    ]  0   
2017-11-17T09:55:29.109+0800: 150.548: Total time for which application threads were stopped: 0.0002909 seconds, Stopping threads took: 0.0001771 seconds
         vmop                    [threads: total initially_running wait_to_block]    [time: spin block sync cleanup vmop] page_trap_count
150.549: RevokeBias                       [      32          0              0    ]      [     0     0     0     0     0    ]  0   
2017-11-17T09:55:29.110+0800: 150.549: Total time for which application threads were stopped: 0.0001454 seconds, Stopping threads took: 0.0000630 seconds
         vmop                    [threads: total initially_running wait_to_block]    [time: spin block sync cleanup vmop] page_trap_count
150.568: RevokeBias                       [      32          1              0    ]      [     0     0     0     0     0    ]  0   
2017-11-17T09:55:29.129+0800: 150.568: Total time for which application threads were stopped: 0.0002327 seconds, Stopping threads took: 0.0000467 seconds
 150.568: [G1Ergonomics (Concurrent Cycles) do not request concurrent cycle initiation, reason: still doing mixed collections, occupancy: 5092933632 bytes, allocation request: 4194320 bytes, threshold: 2566914030 bytes (45.00 %), source: concurrent humongous allocation]
 150.569: [G1Ergonomics (Concurrent Cycles) do not request concurrent cycle initiation, reason: still doing mixed collections, occupancy: 5098176512 bytes, allocation request: 4194320 bytes, threshold: 2566914030 bytes (45.00 %), source: concurrent humongous allocation]
         vmop                    [threads: total initially_running wait_to_block]    [time: spin block sync cleanup vmop] page_trap_count
150.577: RevokeBias                       [      32          1              1    ]      [     0     0     0     0     0    ]  0   
2017-11-17T09:55:29.138+0800: 150.578: Total time for which application threads were stopped: 0.0003309 seconds, Stopping threads took: 0.0001356 seconds
         vmop                    [threads: total initially_running wait_to_block]    [time: spin block sync cleanup vmop] page_trap_count
150.580: RevokeBias                       [      32          0              0    ]      [     0     0     0     0     0    ]  0   
2017-11-17T09:55:29.141+0800: 150.580: Total time for which application threads were stopped: 0.0004645 seconds, Stopping threads took: 0.0000481 seconds
         vmop                    [threads: total initially_running wait_to_block]    [time: spin block sync cleanup vmop] page_trap_count
150.582: RevokeBias                       [      32          0              0    ]      [     0     0     0     0     0    ]  0   
2017-11-17T09:55:29.143+0800: 150.582: Total time for which application threads were stopped: 0.0001391 seconds, Stopping threads took: 0.0000400 seconds
         vmop                    [threads: total initially_running wait_to_block]    [time: spin block sync cleanup vmop] page_trap_count
150.798: RevokeBias                       [      32          0              0    ]      [     0     0     0     0     0    ]  0   
2017-11-17T09:55:29.358+0800: 150.798: Total time for which application threads were stopped: 0.0002772 seconds, Stopping threads took: 0.0000372 seconds
 150.798: [G1Ergonomics (Concurrent Cycles) do not request concurrent cycle initiation, reason: still doing mixed collections, occupancy: 5103419392 bytes, allocation request: 1894520 bytes, threshold: 2566914030 bytes (45.00 %), source: concurrent humongous allocation]
 150.798: [G1Ergonomics (Concurrent Cycles) do not request concurrent cycle initiation, reason: still doing mixed collections, occupancy: 5105516544 bytes, allocation request: 1894520 bytes, threshold: 2566914030 bytes (45.00 %), source: concurrent humongous allocation]
         vmop                    [threads: total initially_running wait_to_block]    [time: spin block sync cleanup vmop] page_trap_count
150.803: RevokeBias                       [      32          2              0    ]      [     0     0     0     0     0    ]  0   
2017-11-17T09:55:29.364+0800: 150.803: Total time for which application threads were stopped: 0.0003857 seconds, Stopping threads took: 0.0001959 seconds
         vmop                    [threads: total initially_running wait_to_block]    [time: spin block sync cleanup vmop] page_trap_count
150.806: RevokeBias                       [      32          0              1    ]      [     0     0     0     0     0    ]  0   
2017-11-17T09:55:29.367+0800: 150.806: Total time for which application threads were stopped: 0.0002969 seconds, Stopping threads took: 0.0001366 seconds
         vmop                    [threads: total initially_running wait_to_block]    [time: spin block sync cleanup vmop] page_trap_count
150.808: RevokeBias                       [      32          0              0    ]      [     0     0     0     0     0    ]  0   
2017-11-17T09:55:29.369+0800: 150.808: Total time for which application threads were stopped: 0.0001749 seconds, Stopping threads took: 0.0000357 seconds
         vmop                    [threads: total initially_running wait_to_block]    [time: spin block sync cleanup vmop] page_trap_count
150.808: RevokeBias                       [      32          0              2    ]      [     0     0     0     0     0    ]  0   
2017-11-17T09:55:29.369+0800: 150.809: Total time for which application threads were stopped: 0.0001712 seconds, Stopping threads took: 0.0000822 seconds
         vmop                    [threads: total initially_running wait_to_block]    [time: spin block sync cleanup vmop] page_trap_count
150.809: RevokeBias                       [      32          0              0    ]      [     0     0     0     0     0    ]  0   
2017-11-17T09:55:29.370+0800: 150.809: Total time for which application threads were stopped: 0.0001679 seconds, Stopping threads took: 0.0000395 seconds
         vmop                    [threads: total initially_running wait_to_block]    [time: spin block sync cleanup vmop] page_trap_count
150.809: RevokeBias                       [      32          1              2    ]      [     0     0     0     0     0    ]  1   
2017-11-17T09:55:29.371+0800: 150.810: Total time for which application threads were stopped: 0.0008481 seconds, Stopping threads took: 0.0006899 seconds
         vmop                    [threads: total initially_running wait_to_block]    [time: spin block sync cleanup vmop] page_trap_count
150.811: RevokeBias                       [      32          0              1    ]      [     0     0     0     0     0    ]  0   
2017-11-17T09:55:29.372+0800: 150.811: Total time for which application threads were stopped: 0.0002615 seconds, Stopping threads took: 0.0000978 seconds
         vmop                    [threads: total initially_running wait_to_block]    [time: spin block sync cleanup vmop] page_trap_count
150.841: RevokeBias                       [      32          0              0    ]      [     0     0     0     0     0    ]  0   
2017-11-17T09:55:29.402+0800: 150.841: Total time for which application threads were stopped: 0.0002475 seconds, Stopping threads took: 0.0000565 seconds
 150.841: [G1Ergonomics (Concurrent Cycles) do not request concurrent cycle initiation, reason: still doing mixed collections, occupancy: 5107613696 bytes, allocation request: 4194320 bytes, threshold: 2566914030 bytes (45.00 %), source: concurrent humongous allocation]
 150.842: [G1Ergonomics (Concurrent Cycles) do not request concurrent cycle initiation, reason: still doing mixed collections, occupancy: 5112856576 bytes, allocation request: 4194320 bytes, threshold: 2566914030 bytes (45.00 %), source: concurrent humongous allocation]
         vmop                    [threads: total initially_running wait_to_block]    [time: spin block sync cleanup vmop] page_trap_count
150.851: RevokeBias                       [      32          1              0    ]      [     4     0     4     0     0    ]  0   
2017-11-17T09:55:29.416+0800: 150.856: Total time for which application threads were stopped: 0.0047391 seconds, Stopping threads took: 0.0044868 seconds
         vmop                    [threads: total initially_running wait_to_block]    [time: spin block sync cleanup vmop] page_trap_count
150.858: RevokeBias                       [      32          1              2    ]      [     0     0     0     0     0    ]  0   
2017-11-17T09:55:29.419+0800: 150.859: Total time for which application threads were stopped: 0.0008400 seconds, Stopping threads took: 0.0006687 seconds
         vmop                    [threads: total initially_running wait_to_block]    [time: spin block sync cleanup vmop] page_trap_count
150.862: BulkRevokeBias                   [      32          0              2    ]      [     0     1     1     0     0    ]  0   
2017-11-17T09:55:29.424+0800: 150.863: Total time for which application threads were stopped: 0.0016531 seconds, Stopping threads took: 0.0012805 seconds
         vmop                    [threads: total initially_running wait_to_block]    [time: spin block sync cleanup vmop] page_trap_count
150.865: RevokeBias                       [      32          0              1    ]      [     0     0     0     0     0    ]  0   
2017-11-17T09:55:29.426+0800: 150.865: Total time for which application threads were stopped: 0.0002367 seconds, Stopping threads took: 0.0000664 seconds
         vmop                    [threads: total initially_running wait_to_block]    [time: spin block sync cleanup vmop] page_trap_count
150.866: RevokeBias                       [      32          0              0    ]      [     0     0     0     0     0    ]  0   
2017-11-17T09:55:29.427+0800: 150.866: Total time for which application threads were stopped: 0.0001967 seconds, Stopping threads took: 0.0000139 seconds
         vmop                    [threads: total initially_running wait_to_block]    [time: spin block sync cleanup vmop] page_trap_count
150.867: RevokeBias                       [      32          0              0    ]      [     0     0     0     0     0    ]  0   
2017-11-17T09:55:29.428+0800: 150.867: Total time for which application threads were stopped: 0.0002203 seconds, Stopping threads took: 0.0000306 seconds
         vmop                    [threads: total initially_running wait_to_block]    [time: spin block sync cleanup vmop] page_trap_count
150.889: RevokeBias                       [      32          0              0    ]      [     0     0     0     0     0    ]  0   
2017-11-17T09:55:29.449+0800: 150.889: Total time for which application threads were stopped: 0.0002361 seconds, Stopping threads took: 0.0000318 seconds
 150.889: [G1Ergonomics (Concurrent Cycles) do not request concurrent cycle initiation, reason: still doing mixed collections, occupancy: 5118099456 bytes, allocation request: 4194320 bytes, threshold: 2566914030 bytes (45.00 %), source: concurrent humongous allocation]
 150.890: [G1Ergonomics (Concurrent Cycles) do not request concurrent cycle initiation, reason: still doing mixed collections, occupancy: 5123342336 bytes, allocation request: 4194320 bytes, threshold: 2566914030 bytes (45.00 %), source: concurrent humongous allocation]
         vmop                    [threads: total initially_running wait_to_block]    [time: spin block sync cleanup vmop] page_trap_count
150.914: RevokeBias                       [      32          1              0    ]      [     3     0     4     0     0    ]  0   
2017-11-17T09:55:29.479+0800: 150.919: Total time for which application threads were stopped: 0.0051877 seconds, Stopping threads took: 0.0049078 seconds
 150.919: [G1Ergonomics (Concurrent Cycles) do not request concurrent cycle initiation, reason: still doing mixed collections, occupancy: 5128585216 bytes, allocation request: 4194320 bytes, threshold: 2566914030 bytes (45.00 %), source: concurrent humongous allocation]
 150.920: [G1Ergonomics (Concurrent Cycles) do not request concurrent cycle initiation, reason: still doing mixed collections, occupancy: 5133828096 bytes, allocation request: 4194320 bytes, threshold: 2566914030 bytes (45.00 %), source: concurrent humongous allocation]
         vmop                    [threads: total initially_running wait_to_block]    [time: spin block sync cleanup vmop] page_trap_count
150.937: RevokeBias                       [      32          0              0    ]      [     0     0     0     0     0    ]  0   
2017-11-17T09:55:29.497+0800: 150.937: Total time for which application threads were stopped: 0.0002371 seconds, Stopping threads took: 0.0000490 seconds
 150.937: [G1Ergonomics (Concurrent Cycles) do not request concurrent cycle initiation, reason: still doing mixed collections, occupancy: 5139070976 bytes, allocation request: 4194320 bytes, threshold: 2566914030 bytes (45.00 %), source: concurrent humongous allocation]
 150.938: [G1Ergonomics (Concurrent Cycles) do not request concurrent cycle initiation, reason: still doing mixed collections, occupancy: 5144313856 bytes, allocation request: 4194320 bytes, threshold: 2566914030 bytes (45.00 %), source: concurrent humongous allocation]
         vmop                    [threads: total initially_running wait_to_block]    [time: spin block sync cleanup vmop] page_trap_count
150.960: RevokeBias                       [      32          0              0    ]      [     0     0     0     0     0    ]  0   
2017-11-17T09:55:29.521+0800: 150.960: Total time for which application threads were stopped: 0.0002912 seconds, Stopping threads took: 0.0000600 seconds
 150.961: [G1Ergonomics (Concurrent Cycles) do not request concurrent cycle initiation, reason: still doing mixed collections, occupancy: 5149556736 bytes, allocation request: 4194320 bytes, threshold: 2566914030 bytes (45.00 %), source: concurrent humongous allocation]
 150.962: [G1Ergonomics (Concurrent Cycles) do not request concurrent cycle initiation, reason: still doing mixed collections, occupancy: 5154799616 bytes, allocation request: 4194320 bytes, threshold: 2566914030 bytes (45.00 %), source: concurrent humongous allocation]
         vmop                    [threads: total initially_running wait_to_block]    [time: spin block sync cleanup vmop] page_trap_count
150.979: RevokeBias                       [      32          0              0    ]      [     0     0     0     0     0    ]  0   
2017-11-17T09:55:29.539+0800: 150.979: Total time for which application threads were stopped: 0.0002085 seconds, Stopping threads took: 0.0000327 seconds
 150.979: [G1Ergonomics (Concurrent Cycles) do not request concurrent cycle initiation, reason: still doing mixed collections, occupancy: 5160042496 bytes, allocation request: 4194320 bytes, threshold: 2566914030 bytes (45.00 %), source: concurrent humongous allocation]
 150.980: [G1Ergonomics (Concurrent Cycles) do not request concurrent cycle initiation, reason: still doing mixed collections, occupancy: 5165285376 bytes, allocation request: 4194320 bytes, threshold: 2566914030 bytes (45.00 %), source: concurrent humongous allocation]
         vmop                    [threads: total initially_running wait_to_block]    [time: spin block sync cleanup vmop] page_trap_count
151.151: RevokeBias                       [      32          0              0    ]      [     0     0     0     0     0    ]  0   
2017-11-17T09:55:29.712+0800: 151.152: Total time for which application threads were stopped: 0.0002159 seconds, Stopping threads took: 0.0000426 seconds
 151.152: [G1Ergonomics (Concurrent Cycles) do not request concurrent cycle initiation, reason: still doing mixed collections, occupancy: 5170528256 bytes, allocation request: 4194320 bytes, threshold: 2566914030 bytes (45.00 %), source: concurrent humongous allocation]
 151.153: [G1Ergonomics (Concurrent Cycles) do not request concurrent cycle initiation, reason: still doing mixed collections, occupancy: 5175771136 bytes, allocation request: 4194320 bytes, threshold: 2566914030 bytes (45.00 %), source: concurrent humongous allocation]
         vmop                    [threads: total initially_running wait_to_block]    [time: spin block sync cleanup vmop] page_trap_count
151.198: RevokeBias                       [      32          0              0    ]      [     0     0     0     0     0    ]  0   
2017-11-17T09:55:29.759+0800: 151.199: Total time for which application threads were stopped: 0.0002359 seconds, Stopping threads took: 0.0000449 seconds
 151.199: [G1Ergonomics (Concurrent Cycles) do not request concurrent cycle initiation, reason: still doing mixed collections, occupancy: 5181014016 bytes, allocation request: 4194320 bytes, threshold: 2566914030 bytes (45.00 %), source: concurrent humongous allocation]
 151.200: [G1Ergonomics (Concurrent Cycles) do not request concurrent cycle initiation, reason: still doing mixed collections, occupancy: 5186256896 bytes, allocation request: 4194320 bytes, threshold: 2566914030 bytes (45.00 %), source: concurrent humongous allocation]
         vmop                    [threads: total initially_running wait_to_block]    [time: spin block sync cleanup vmop] page_trap_count
151.224: BulkRevokeBias                   [      32          0              0    ]      [     0     0     0     0     0    ]  0   
2017-11-17T09:55:29.785+0800: 151.225: Total time for which application threads were stopped: 0.0003538 seconds, Stopping threads took: 0.0000411 seconds
 151.225: [G1Ergonomics (Concurrent Cycles) do not request concurrent cycle initiation, reason: still doing mixed collections, occupancy: 5191499776 bytes, allocation request: 4194320 bytes, threshold: 2566914030 bytes (45.00 %), source: concurrent humongous allocation]
 151.226: [G1Ergonomics (Concurrent Cycles) do not request concurrent cycle initiation, reason: still doing mixed collections, occupancy: 5196742656 bytes, allocation request: 4194320 bytes, threshold: 2566914030 bytes (45.00 %), source: concurrent humongous allocation]
         vmop                    [threads: total initially_running wait_to_block]    [time: spin block sync cleanup vmop] page_trap_count
151.246: RevokeBias                       [      32          1              0    ]      [     7     0     8     0     0    ]  0   
2017-11-17T09:55:29.815+0800: 151.254: Total time for which application threads were stopped: 0.0081972 seconds, Stopping threads took: 0.0080201 seconds
         vmop                    [threads: total initially_running wait_to_block]    [time: spin block sync cleanup vmop] page_trap_count
151.254: RevokeBias                       [      32          0              0    ]      [     0     0     0     0     0    ]  0   
2017-11-17T09:55:29.815+0800: 151.254: Total time for which application threads were stopped: 0.0000788 seconds, Stopping threads took: 0.0000100 seconds
         vmop                    [threads: total initially_running wait_to_block]    [time: spin block sync cleanup vmop] page_trap_count
151.254: RevokeBias                       [      32          0              0    ]      [     0     0     0     0     0    ]  0   
2017-11-17T09:55:29.815+0800: 151.255: Total time for which application threads were stopped: 0.0001066 seconds, Stopping threads took: 0.0000149 seconds
         vmop                    [threads: total initially_running wait_to_block]    [time: spin block sync cleanup vmop] page_trap_count
151.264: RevokeBias                       [      32          0              0    ]      [     0     0     0     0     0    ]  0   
2017-11-17T09:55:29.825+0800: 151.264: Total time for which application threads were stopped: 0.0001807 seconds, Stopping threads took: 0.0000246 seconds
 151.264: [G1Ergonomics (Concurrent Cycles) do not request concurrent cycle initiation, reason: still doing mixed collections, occupancy: 5201985536 bytes, allocation request: 4194320 bytes, threshold: 2566914030 bytes (45.00 %), source: concurrent humongous allocation]
 151.267: [G1Ergonomics (Concurrent Cycles) do not request concurrent cycle initiation, reason: still doing mixed collections, occupancy: 5207228416 bytes, allocation request: 4194320 bytes, threshold: 2566914030 bytes (45.00 %), source: concurrent humongous allocation]
         vmop                    [threads: total initially_running wait_to_block]    [time: spin block sync cleanup vmop] page_trap_count
151.290: RevokeBias                       [      32          0              0    ]      [     0     0     0     0     0    ]  0   
2017-11-17T09:55:29.851+0800: 151.290: Total time for which application threads were stopped: 0.0002504 seconds, Stopping threads took: 0.0000367 seconds
 151.290: [G1Ergonomics (Concurrent Cycles) do not request concurrent cycle initiation, reason: still doing mixed collections, occupancy: 5212471296 bytes, allocation request: 4194320 bytes, threshold: 2566914030 bytes (45.00 %), source: concurrent humongous allocation]
 151.292: [G1Ergonomics (Concurrent Cycles) do not request concurrent cycle initiation, reason: still doing mixed collections, occupancy: 5217714176 bytes, allocation request: 4194320 bytes, threshold: 2566914030 bytes (45.00 %), source: concurrent humongous allocation]
         vmop                    [threads: total initially_running wait_to_block]    [time: spin block sync cleanup vmop] page_trap_count
151.329: RevokeBias                       [      32          0              0    ]      [     0     0     0     0     0    ]  0   
2017-11-17T09:55:29.890+0800: 151.329: Total time for which application threads were stopped: 0.0002836 seconds, Stopping threads took: 0.0000501 seconds
 151.329: [G1Ergonomics (Concurrent Cycles) do not request concurrent cycle initiation, reason: still doing mixed collections, occupancy: 5222957056 bytes, allocation request: 4194320 bytes, threshold: 2566914030 bytes (45.00 %), source: concurrent humongous allocation]
 151.330: [G1Ergonomics (Concurrent Cycles) do not request concurrent cycle initiation, reason: still doing mixed collections, occupancy: 5228199936 bytes, allocation request: 4194320 bytes, threshold: 2566914030 bytes (45.00 %), source: concurrent humongous allocation]
         vmop                    [threads: total initially_running wait_to_block]    [time: spin block sync cleanup vmop] page_trap_count
151.349: RevokeBias                       [      32          0              0    ]      [     0     0     0     0     0    ]  0   
2017-11-17T09:55:29.910+0800: 151.350: Total time for which application threads were stopped: 0.0002605 seconds, Stopping threads took: 0.0000481 seconds
 151.350: [G1Ergonomics (Concurrent Cycles) do not request concurrent cycle initiation, reason: still doing mixed collections, occupancy: 5233442816 bytes, allocation request: 4194320 bytes, threshold: 2566914030 bytes (45.00 %), source: concurrent humongous allocation]
 151.350: [G1Ergonomics (Heap Sizing) attempt heap expansion, reason: humongous allocation request failed, allocation request: 4194320 bytes]
 151.360: [G1Ergonomics (Concurrent Cycles) do not request concurrent cycle initiation, reason: still doing mixed collections, occupancy: 5238685696 bytes, allocation request: 4194320 bytes, threshold: 2569273335 bytes (45.00 %), source: concurrent humongous allocation]
 151.361: [G1Ergonomics (Heap Sizing) attempt heap expansion, reason: humongous allocation request failed, allocation request: 4194320 bytes]
         vmop                    [threads: total initially_running wait_to_block]    [time: spin block sync cleanup vmop] page_trap_count
151.386: RevokeBias                       [      32          0              1    ]      [     0     0     0     0     0    ]  0   
2017-11-17T09:55:29.947+0800: 151.386: Total time for which application threads were stopped: 0.0002765 seconds, Stopping threads took: 0.0000552 seconds
 151.386: [G1Ergonomics (Concurrent Cycles) do not request concurrent cycle initiation, reason: still doing mixed collections, occupancy: 5243928576 bytes, allocation request: 4194320 bytes, threshold: 2571632640 bytes (45.00 %), source: concurrent humongous allocation]
 151.387: [G1Ergonomics (Heap Sizing) attempt heap expansion, reason: humongous allocation request failed, allocation request: 4194320 bytes]
 151.394: [G1Ergonomics (Concurrent Cycles) do not request concurrent cycle initiation, reason: still doing mixed collections, occupancy: 5249171456 bytes, allocation request: 4194320 bytes, threshold: 2573991900 bytes (45.00 %), source: concurrent humongous allocation]
 151.395: [G1Ergonomics (Heap Sizing) attempt heap expansion, reason: humongous allocation request failed, allocation request: 4194320 bytes]
         vmop                    [threads: total initially_running wait_to_block]    [time: spin block sync cleanup vmop] page_trap_count
151.419: RevokeBias                       [      32          0              1    ]      [     0     0     0     0     0    ]  0   
2017-11-17T09:55:29.979+0800: 151.419: Total time for which application threads were stopped: 0.0002397 seconds, Stopping threads took: 0.0000530 seconds
 151.419: [G1Ergonomics (Concurrent Cycles) do not request concurrent cycle initiation, reason: still doing mixed collections, occupancy: 5254414336 bytes, allocation request: 4194320 bytes, threshold: 2576351205 bytes (45.00 %), source: concurrent humongous allocation]
 151.419: [G1Ergonomics (Heap Sizing) attempt heap expansion, reason: humongous allocation request failed, allocation request: 4194320 bytes]
 151.424: [G1Ergonomics (Concurrent Cycles) do not request concurrent cycle initiation, reason: still doing mixed collections, occupancy: 5259657216 bytes, allocation request: 4194320 bytes, threshold: 2578710510 bytes (45.00 %), source: concurrent humongous allocation]
 151.425: [G1Ergonomics (Heap Sizing) attempt heap expansion, reason: humongous allocation request failed, allocation request: 4194320 bytes]
         vmop                    [threads: total initially_running wait_to_block]    [time: spin block sync cleanup vmop] page_trap_count
151.465: RevokeBias                       [      32          0              2    ]      [     0     0     0     0     0    ]  0   
2017-11-17T09:55:30.026+0800: 151.465: Total time for which application threads were stopped: 0.0003864 seconds, Stopping threads took: 0.0001636 seconds
 151.465: [G1Ergonomics (Concurrent Cycles) do not request concurrent cycle initiation, reason: still doing mixed collections, occupancy: 5264900096 bytes, allocation request: 4194320 bytes, threshold: 2581069815 bytes (45.00 %), source: concurrent humongous allocation]
 151.466: [G1Ergonomics (Heap Sizing) attempt heap expansion, reason: humongous allocation request failed, allocation request: 4194320 bytes]
 151.473: [G1Ergonomics (Concurrent Cycles) do not request concurrent cycle initiation, reason: still doing mixed collections, occupancy: 5270142976 bytes, allocation request: 4194320 bytes, threshold: 2583429120 bytes (45.00 %), source: concurrent humongous allocation]
 151.473: [G1Ergonomics (Heap Sizing) attempt heap expansion, reason: humongous allocation request failed, allocation request: 4194320 bytes]
         vmop                    [threads: total initially_running wait_to_block]    [time: spin block sync cleanup vmop] page_trap_count
151.497: RevokeBias                       [      32          0              1    ]      [     0     0     0     0     0    ]  0   
2017-11-17T09:55:30.058+0800: 151.498: Total time for which application threads were stopped: 0.0003441 seconds, Stopping threads took: 0.0000726 seconds
 151.498: [G1Ergonomics (Concurrent Cycles) do not request concurrent cycle initiation, reason: still doing mixed collections, occupancy: 5275385856 bytes, allocation request: 4194320 bytes, threshold: 2585788380 bytes (45.00 %), source: concurrent humongous allocation]
 151.498: [G1Ergonomics (Heap Sizing) attempt heap expansion, reason: humongous allocation request failed, allocation request: 4194320 bytes]
 151.518: [G1Ergonomics (Concurrent Cycles) do not request concurrent cycle initiation, reason: still doing mixed collections, occupancy: 5280628736 bytes, allocation request: 4194320 bytes, threshold: 2588147685 bytes (45.00 %), source: concurrent humongous allocation]
 151.518: [G1Ergonomics (Heap Sizing) attempt heap expansion, reason: humongous allocation request failed, allocation request: 4194320 bytes]
         vmop                    [threads: total initially_running wait_to_block]    [time: spin block sync cleanup vmop] page_trap_count
151.539: RevokeBias                       [      32          0              0    ]      [     0     0     0     0     0    ]  0   
2017-11-17T09:55:30.099+0800: 151.539: Total time for which application threads were stopped: 0.0002402 seconds, Stopping threads took: 0.0000468 seconds
 151.539: [G1Ergonomics (Concurrent Cycles) do not request concurrent cycle initiation, reason: still doing mixed collections, occupancy: 5285871616 bytes, allocation request: 4194320 bytes, threshold: 2590506990 bytes (45.00 %), source: concurrent humongous allocation]
 151.540: [G1Ergonomics (Heap Sizing) attempt heap expansion, reason: humongous allocation request failed, allocation request: 4194320 bytes]
 151.549: [G1Ergonomics (Concurrent Cycles) do not request concurrent cycle initiation, reason: still doing mixed collections, occupancy: 5291114496 bytes, allocation request: 4194320 bytes, threshold: 2592866295 bytes (45.00 %), source: concurrent humongous allocation]
 151.550: [G1Ergonomics (Heap Sizing) attempt heap expansion, reason: humongous allocation request failed, allocation request: 4194320 bytes]
         vmop                    [threads: total initially_running wait_to_block]    [time: spin block sync cleanup vmop] page_trap_count
151.590: RevokeBias                       [      32          0              0    ]      [     0     0     0     0     0    ]  0   
2017-11-17T09:55:30.151+0800: 151.590: Total time for which application threads were stopped: 0.0002318 seconds, Stopping threads took: 0.0000489 seconds
 151.591: [G1Ergonomics (Concurrent Cycles) do not request concurrent cycle initiation, reason: still doing mixed collections, occupancy: 5296357376 bytes, allocation request: 4194320 bytes, threshold: 2595225600 bytes (45.00 %), source: concurrent humongous allocation]
 151.591: [G1Ergonomics (Heap Sizing) attempt heap expansion, reason: humongous allocation request failed, allocation request: 4194320 bytes]
 151.601: [G1Ergonomics (Concurrent Cycles) do not request concurrent cycle initiation, reason: still doing mixed collections, occupancy: 5301600256 bytes, allocation request: 4194320 bytes, threshold: 2597584860 bytes (45.00 %), source: concurrent humongous allocation]
 151.602: [G1Ergonomics (Heap Sizing) attempt heap expansion, reason: humongous allocation request failed, allocation request: 4194320 bytes]
         vmop                    [threads: total initially_running wait_to_block]    [time: spin block sync cleanup vmop] page_trap_count
151.648: RevokeBias                       [      32          0              0    ]      [     0     0     0     0     0    ]  0   
2017-11-17T09:55:30.208+0800: 151.648: Total time for which application threads were stopped: 0.0002628 seconds, Stopping threads took: 0.0000479 seconds
 151.648: [G1Ergonomics (Concurrent Cycles) do not request concurrent cycle initiation, reason: still doing mixed collections, occupancy: 5306843136 bytes, allocation request: 4194320 bytes, threshold: 2599944165 bytes (45.00 %), source: concurrent humongous allocation]
 151.648: [G1Ergonomics (Heap Sizing) attempt heap expansion, reason: humongous allocation request failed, allocation request: 4194320 bytes]
 151.660: [G1Ergonomics (Concurrent Cycles) do not request concurrent cycle initiation, reason: still doing mixed collections, occupancy: 5312086016 bytes, allocation request: 4194320 bytes, threshold: 2602303470 bytes (45.00 %), source: concurrent humongous allocation]
 151.660: [G1Ergonomics (Heap Sizing) attempt heap expansion, reason: humongous allocation request failed, allocation request: 4194320 bytes]
         vmop                    [threads: total initially_running wait_to_block]    [time: spin block sync cleanup vmop] page_trap_count
151.707: RevokeBias                       [      32          0              0    ]      [     0     0     0     0     0    ]  0   
2017-11-17T09:55:30.268+0800: 151.708: Total time for which application threads were stopped: 0.0003551 seconds, Stopping threads took: 0.0000580 seconds
 151.708: [G1Ergonomics (Concurrent Cycles) do not request concurrent cycle initiation, reason: still doing mixed collections, occupancy: 5317328896 bytes, allocation request: 4194320 bytes, threshold: 2604662775 bytes (45.00 %), source: concurrent humongous allocation]
 151.708: [G1Ergonomics (Heap Sizing) attempt heap expansion, reason: humongous allocation request failed, allocation request: 4194320 bytes]
 151.715: [G1Ergonomics (Concurrent Cycles) do not request concurrent cycle initiation, reason: still doing mixed collections, occupancy: 5322571776 bytes, allocation request: 4194320 bytes, threshold: 2607022080 bytes (45.00 %), source: concurrent humongous allocation]
 151.716: [G1Ergonomics (Heap Sizing) attempt heap expansion, reason: humongous allocation request failed, allocation request: 4194320 bytes]
         vmop                    [threads: total initially_running wait_to_block]    [time: spin block sync cleanup vmop] page_trap_count
151.761: RevokeBias                       [      32          0              0    ]      [     0     0     0     0     0    ]  0   
2017-11-17T09:55:30.322+0800: 151.761: Total time for which application threads were stopped: 0.0003194 seconds, Stopping threads took: 0.0000654 seconds
 151.761: [G1Ergonomics (Concurrent Cycles) do not request concurrent cycle initiation, reason: still doing mixed collections, occupancy: 5327814656 bytes, allocation request: 4194320 bytes, threshold: 2609381340 bytes (45.00 %), source: concurrent humongous allocation]
 151.762: [G1Ergonomics (Heap Sizing) attempt heap expansion, reason: humongous allocation request failed, allocation request: 4194320 bytes]
 151.767: [G1Ergonomics (Concurrent Cycles) do not request concurrent cycle initiation, reason: still doing mixed collections, occupancy: 5333057536 bytes, allocation request: 4194320 bytes, threshold: 2611740645 bytes (45.00 %), source: concurrent humongous allocation]
 151.768: [G1Ergonomics (Heap Sizing) attempt heap expansion, reason: humongous allocation request failed, allocation request: 4194320 bytes]
         vmop                    [threads: total initially_running wait_to_block]    [time: spin block sync cleanup vmop] page_trap_count
151.799: RevokeBias                       [      32          1              1    ]      [     0     0     0     0     0    ]  0   
2017-11-17T09:55:30.360+0800: 151.800: Total time for which application threads were stopped: 0.0003690 seconds, Stopping threads took: 0.0001393 seconds
 151.800: [G1Ergonomics (Concurrent Cycles) do not request concurrent cycle initiation, reason: still doing mixed collections, occupancy: 5338300416 bytes, allocation request: 4194320 bytes, threshold: 2614099950 bytes (45.00 %), source: concurrent humongous allocation]
 151.800: [G1Ergonomics (Heap Sizing) attempt heap expansion, reason: humongous allocation request failed, allocation request: 4194320 bytes]
 151.812: [G1Ergonomics (Concurrent Cycles) do not request concurrent cycle initiation, reason: still doing mixed collections, occupancy: 5343543296 bytes, allocation request: 4194320 bytes, threshold: 2616459255 bytes (45.00 %), source: concurrent humongous allocation]
 151.813: [G1Ergonomics (Heap Sizing) attempt heap expansion, reason: humongous allocation request failed, allocation request: 4194320 bytes]
         vmop                    [threads: total initially_running wait_to_block]    [time: spin block sync cleanup vmop] page_trap_count
151.851: RevokeBias                       [      32          0              0    ]      [     0     0     0     0     0    ]  0   
2017-11-17T09:55:30.412+0800: 151.851: Total time for which application threads were stopped: 0.0002313 seconds, Stopping threads took: 0.0000580 seconds
 151.851: [G1Ergonomics (Concurrent Cycles) do not request concurrent cycle initiation, reason: still doing mixed collections, occupancy: 5348786176 bytes, allocation request: 4194320 bytes, threshold: 2618818560 bytes (45.00 %), source: concurrent humongous allocation]
 151.852: [G1Ergonomics (Heap Sizing) attempt heap expansion, reason: humongous allocation request failed, allocation request: 4194320 bytes]
 151.860: [G1Ergonomics (Concurrent Cycles) do not request concurrent cycle initiation, reason: still doing mixed collections, occupancy: 5354029056 bytes, allocation request: 4194320 bytes, threshold: 2621177820 bytes (45.00 %), source: concurrent humongous allocation]
 151.860: [G1Ergonomics (Heap Sizing) attempt heap expansion, reason: humongous allocation request failed, allocation request: 4194320 bytes]
         vmop                    [threads: total initially_running wait_to_block]    [time: spin block sync cleanup vmop] page_trap_count
151.894: RevokeBias                       [      32          0              1    ]      [     0     0     0     0     0    ]  0   
2017-11-17T09:55:30.455+0800: 151.894: Total time for which application threads were stopped: 0.0002359 seconds, Stopping threads took: 0.0000608 seconds
 151.894: [G1Ergonomics (Concurrent Cycles) do not request concurrent cycle initiation, reason: still doing mixed collections, occupancy: 5359271936 bytes, allocation request: 4194320 bytes, threshold: 2623537125 bytes (45.00 %), source: concurrent humongous allocation]
 151.895: [G1Ergonomics (Heap Sizing) attempt heap expansion, reason: humongous allocation request failed, allocation request: 4194320 bytes]
 151.903: [G1Ergonomics (Concurrent Cycles) do not request concurrent cycle initiation, reason: still doing mixed collections, occupancy: 5364514816 bytes, allocation request: 4194320 bytes, threshold: 2625896430 bytes (45.00 %), source: concurrent humongous allocation]
 151.904: [G1Ergonomics (Heap Sizing) attempt heap expansion, reason: humongous allocation request failed, allocation request: 4194320 bytes]
         vmop                    [threads: total initially_running wait_to_block]    [time: spin block sync cleanup vmop] page_trap_count
151.928: RevokeBias                       [      32          0              0    ]      [     0     0     0     0     0    ]  0   
2017-11-17T09:55:30.489+0800: 151.928: Total time for which application threads were stopped: 0.0002366 seconds, Stopping threads took: 0.0000560 seconds
 151.928: [G1Ergonomics (Concurrent Cycles) do not request concurrent cycle initiation, reason: still doing mixed collections, occupancy: 5369757696 bytes, allocation request: 4194320 bytes, threshold: 2628255735 bytes (45.00 %), source: concurrent humongous allocation]
 151.929: [G1Ergonomics (Heap Sizing) attempt heap expansion, reason: humongous allocation request failed, allocation request: 4194320 bytes]
 151.937: [G1Ergonomics (Concurrent Cycles) do not request concurrent cycle initiation, reason: still doing mixed collections, occupancy: 5375000576 bytes, allocation request: 4194320 bytes, threshold: 2630615040 bytes (45.00 %), source: concurrent humongous allocation]
 151.937: [G1Ergonomics (Heap Sizing) attempt heap expansion, reason: humongous allocation request failed, allocation request: 4194320 bytes]
         vmop                    [threads: total initially_running wait_to_block]    [time: spin block sync cleanup vmop] page_trap_count
151.965: RevokeBias                       [      32          0              0    ]      [     0     0     0     0     0    ]  0   
2017-11-17T09:55:30.526+0800: 151.966: Total time for which application threads were stopped: 0.0002692 seconds, Stopping threads took: 0.0000692 seconds
 151.966: [G1Ergonomics (Concurrent Cycles) do not request concurrent cycle initiation, reason: still doing mixed collections, occupancy: 5380243456 bytes, allocation request: 4194320 bytes, threshold: 2632974300 bytes (45.00 %), source: concurrent humongous allocation]
 151.966: [G1Ergonomics (Heap Sizing) attempt heap expansion, reason: humongous allocation request failed, allocation request: 4194320 bytes]
 151.972: [G1Ergonomics (Concurrent Cycles) do not request concurrent cycle initiation, reason: still doing mixed collections, occupancy: 5385486336 bytes, allocation request: 4194320 bytes, threshold: 2635333605 bytes (45.00 %), source: concurrent humongous allocation]
 151.973: [G1Ergonomics (Heap Sizing) attempt heap expansion, reason: humongous allocation request failed, allocation request: 4194320 bytes]
         vmop                    [threads: total initially_running wait_to_block]    [time: spin block sync cleanup vmop] page_trap_count
151.998: RevokeBias                       [      32          0              0    ]      [     0     0     0     0     0    ]  0   
2017-11-17T09:55:30.559+0800: 151.998: Total time for which application threads were stopped: 0.0002170 seconds, Stopping threads took: 0.0000520 seconds
 151.998: [G1Ergonomics (Concurrent Cycles) do not request concurrent cycle initiation, reason: still doing mixed collections, occupancy: 5390729216 bytes, allocation request: 4194320 bytes, threshold: 2637692910 bytes (45.00 %), source: concurrent humongous allocation]
 151.999: [G1Ergonomics (Heap Sizing) attempt heap expansion, reason: humongous allocation request failed, allocation request: 4194320 bytes]
 152.006: [G1Ergonomics (Concurrent Cycles) do not request concurrent cycle initiation, reason: still doing mixed collections, occupancy: 5395972096 bytes, allocation request: 4194320 bytes, threshold: 2640052215 bytes (45.00 %), source: concurrent humongous allocation]
 152.007: [G1Ergonomics (Heap Sizing) attempt heap expansion, reason: humongous allocation request failed, allocation request: 4194320 bytes]
 152.025: [G1Ergonomics (Concurrent Cycles) do not request concurrent cycle initiation, reason: still doing mixed collections, occupancy: 5401214976 bytes, allocation request: 437491632 bytes, threshold: 2642411520 bytes (45.00 %), source: concurrent humongous allocation]
 152.025: [G1Ergonomics (Heap Sizing) attempt heap expansion, reason: humongous allocation request failed, allocation request: 437491632 bytes]
         vmop                    [threads: total initially_running wait_to_block]    [time: spin block sync cleanup vmop] page_trap_count
152.998: no vm operation                  [      32          0              1    ]      [     0   240   243     0     0    ]  0   
2017-11-17T09:55:31.803+0800: 153.242: Total time for which application threads were stopped: 0.2438786 seconds, Stopping threads took: 0.2436718 seconds
2017-11-17T09:55:32.654+0800: 154.093: [GC pause (G1 Evacuation Pause) (young) 154.093: [G1Ergonomics (CSet Construction) start choosing CSet, _pending_cards: 12659, predicted base time: 34.28 ms, remaining time: 165.72 ms, target pause time: 200.00 ms]
 154.093: [G1Ergonomics (CSet Construction) add young regions to CSet, eden: 439 regions, survivors: 10 regions, predicted young region time: 14.39 ms]
 154.093: [G1Ergonomics (CSet Construction) finish choosing CSet, eden: 439 regions, survivors: 10 regions, old: 0 regions, predicted pause time: 48.67 ms, target pause time: 200.00 ms]
 154.094: [G1Ergonomics (Heap Sizing) attempt heap expansion, reason: region allocation request failed, allocation request: 524280 bytes]
 154.094: [G1Ergonomics (Heap Sizing) expand the heap, requested expansion amount: 524280 bytes, attempted expansion amount: 1048576 bytes]
 154.094: [G1Ergonomics (Heap Sizing) attempt heap expansion, reason: region allocation request failed, allocation request: 524280 bytes]
 154.094: [G1Ergonomics (Heap Sizing) expand the heap, requested expansion amount: 524280 bytes, attempted expansion amount: 1048576 bytes]
 154.095: [G1Ergonomics (Heap Sizing) attempt heap expansion, reason: region allocation request failed, allocation request: 524280 bytes]
 154.095: [G1Ergonomics (Heap Sizing) expand the heap, requested expansion amount: 524280 bytes, attempted expansion amount: 1048576 bytes]
 154.107: [G1Ergonomics (Heap Sizing) attempt heap expansion, reason: region allocation request failed, allocation request: 524280 bytes]
 154.107: [G1Ergonomics (Heap Sizing) expand the heap, requested expansion amount: 524280 bytes, attempted expansion amount: 1048576 bytes]
 154.114: [G1Ergonomics (Concurrent Cycles) do not request concurrent cycle initiation, reason: still doing mixed collections, occupancy: 3033530368 bytes, allocation request: 0 bytes, threshold: 2841536070 bytes (45.00 %), source: end of GC]
 154.114: [G1Ergonomics (Mixed GCs) do not start mixed GCs, reason: reclaimable percentage not over threshold, candidate old regions: 77 regions, reclaimable: 36529960 bytes (0.58 %), threshold: 5.00 %]
, 0.0203152 secs]
   [Parallel Time: 4.8 ms, GC Workers: 8]
      [GC Worker Start (ms): Min: 154093.9, Avg: 154095.1, Max: 154098.4, Diff: 4.5]
      [Ext Root Scanning (ms): Min: 0.0, Avg: 0.5, Max: 1.6, Diff: 1.6, Sum: 3.7]
      [Update RS (ms): Min: 0.0, Avg: 1.3, Max: 2.3, Diff: 2.3, Sum: 10.1]
         [Processed Buffers: Min: 0, Avg: 8.8, Max: 26, Diff: 26, Sum: 70]
      [Scan RS (ms): Min: 0.0, Avg: 0.2, Max: 0.5, Diff: 0.5, Sum: 1.9]
      [Code Root Scanning (ms): Min: 0.0, Avg: 0.0, Max: 0.2, Diff: 0.2, Sum: 0.3]
      [Object Copy (ms): Min: 0.0, Avg: 1.1, Max: 4.1, Diff: 4.1, Sum: 8.9]
      [Termination (ms): Min: 0.0, Avg: 0.2, Max: 0.4, Diff: 0.4, Sum: 1.9]
         [Termination Attempts: Min: 1, Avg: 1.9, Max: 4, Diff: 3, Sum: 15]
      [GC Worker Other (ms): Min: 0.0, Avg: 0.0, Max: 0.0, Diff: 0.0, Sum: 0.2]
      [GC Worker Total (ms): Min: 0.0, Avg: 3.4, Max: 4.6, Diff: 4.6, Sum: 26.9]
      [GC Worker End (ms): Min: 154098.4, Avg: 154098.5, Max: 154098.6, Diff: 0.1]
   [Code Root Fixup: 0.1 ms]
   [Code Root Purge: 0.0 ms]
   [Clear CT: 0.4 ms]
   [Other: 15.0 ms]
      [Choose CSet: 0.0 ms]
      [Ref Proc: 8.9 ms]
      [Ref Enq: 0.0 ms]
      [Redirty Cards: 0.4 ms]
      [Humongous Register: 0.4 ms]
      [Humongous Reclaim: 4.3 ms]
      [Free CSet: 0.7 ms]
   [Eden: 439.0M(2868.0M)->0.0B(2472.0M) Survivors: 10.0M->4096.0K Heap: 5934.4M(6018.0M)->2851.7M(6022.0M)]
 [Times: user=0.07 sys=0.00, real=0.02 secs] 
         vmop                    [threads: total initially_running wait_to_block]    [time: spin block sync cleanup vmop] page_trap_count
154.093: G1IncCollectionPause             [      32          0              0    ]      [     0     0     0     0    20    ]  0   
2017-11-17T09:55:32.674+0800: 154.114: Total time for which application threads were stopped: 0.0207655 seconds, Stopping threads took: 0.0000759 seconds
 155.046: [G1Ergonomics (Concurrent Cycles) request concurrent cycle initiation, reason: occupancy higher than threshold, occupancy: 3033530368 bytes, allocation request: 437491632 bytes, threshold: 2841536070 bytes (45.00 %), source: concurrent humongous allocation]
 155.046: [G1Ergonomics (Concurrent Cycles) request concurrent cycle initiation, reason: requested by GC cause, GC cause: G1 Humongous Allocation]
 155.046: [G1Ergonomics (Concurrent Cycles) initiate concurrent cycle, reason: concurrent cycle initiation requested]
2017-11-17T09:55:33.606+0800: 155.046: [GC pause (G1 Humongous Allocation) (young) (initial-mark) 155.047: [G1Ergonomics (CSet Construction) start choosing CSet, _pending_cards: 1300, predicted base time: 21.79 ms, remaining time: 178.21 ms, target pause time: 200.00 ms]
 155.047: [G1Ergonomics (CSet Construction) add young regions to CSet, eden: 72 regions, survivors: 4 regions, predicted young region time: 2.46 ms]
 155.047: [G1Ergonomics (CSet Construction) finish choosing CSet, eden: 72 regions, survivors: 4 regions, old: 0 regions, predicted pause time: 24.25 ms, target pause time: 200.00 ms]
, 0.0741451 secs]
   [Parallel Time: 50.4 ms, GC Workers: 8]
      [GC Worker Start (ms): Min: 155046.9, Avg: 155050.3, Max: 155050.8, Diff: 3.9]
      [Ext Root Scanning (ms): Min: 0.1, Avg: 7.0, Max: 40.6, Diff: 40.5, Sum: 55.8]
      [Update RS (ms): Min: 0.0, Avg: 0.2, Max: 1.0, Diff: 1.0, Sum: 2.0]
         [Processed Buffers: Min: 0, Avg: 1.5, Max: 8, Diff: 8, Sum: 12]
      [Scan RS (ms): Min: 0.0, Avg: 0.0, Max: 0.1, Diff: 0.0, Sum: 0.1]
      [Code Root Scanning (ms): Min: 0.0, Avg: 0.2, Max: 1.8, Diff: 1.8, Sum: 1.9]
      [Object Copy (ms): Min: 0.0, Avg: 0.6, Max: 1.5, Diff: 1.5, Sum: 4.8]
      [Termination (ms): Min: 0.0, Avg: 34.1, Max: 43.7, Diff: 43.7, Sum: 272.6]
         [Termination Attempts: Min: 1, Avg: 3.8, Max: 9, Diff: 8, Sum: 30]
      [GC Worker Other (ms): Min: 0.0, Avg: 0.0, Max: 0.0, Diff: 0.0, Sum: 0.1]
      [GC Worker Total (ms): Min: 40.7, Avg: 42.2, Max: 46.5, Diff: 5.9, Sum: 337.2]
      [GC Worker End (ms): Min: 155091.4, Avg: 155092.4, Max: 155097.2, Diff: 5.8]
   [Code Root Fixup: 0.1 ms]
   [Code Root Purge: 0.0 ms]
   [Clear CT: 0.3 ms]
   [Other: 23.4 ms]
      [Choose CSet: 0.0 ms]
      [Ref Proc: 20.0 ms]
      [Ref Enq: 0.0 ms]
      [Redirty Cards: 0.3 ms]
      [Humongous Register: 0.1 ms]
      [Humongous Reclaim: 0.9 ms]
      [Free CSet: 0.3 ms]
   [Eden: 72.0M(2472.0M)->0.0B(2895.0M) Survivors: 4096.0K->3072.0K Heap: 2923.3M(6022.0M)->2433.5M(6022.0M)]
 [Times: user=0.14 sys=0.00, real=0.08 secs] 
         vmop                    [threads: total initially_running wait_to_block]    [time: spin block sync cleanup vmop] page_trap_count
155.046: G1IncCollectionPause             [      32          0              1    ]      [     0     0     0     0    74    ]  0   
2017-11-17T09:55:33.681+0800: 155.120: [GC concurrent-root-region-scan-start]
2017-11-17T09:55:33.681+0800: 155.120: Total time for which application threads were stopped: 0.0746121 seconds, Stopping threads took: 0.0000689 seconds
2017-11-17T09:55:33.738+0800: 155.178: [GC concurrent-root-region-scan-end, 0.0574824 secs]
2017-11-17T09:55:33.738+0800: 155.178: [GC concurrent-mark-start]
         vmop                    [threads: total initially_running wait_to_block]    [time: spin block sync cleanup vmop] page_trap_count
155.120: RevokeBias                       [      32          0              2    ]      [     0    77    77     0     0    ]  0   
2017-11-17T09:55:33.759+0800: 155.199: Total time for which application threads were stopped: 0.0782027 seconds, Stopping threads took: 0.0776690 seconds
         vmop                    [threads: total initially_running wait_to_block]    [time: spin block sync cleanup vmop] page_trap_count
155.199: RevokeBias                       [      32          0              0    ]      [     0     0     0     0     0    ]  0   
2017-11-17T09:55:33.759+0800: 155.199: Total time for which application threads were stopped: 0.0001556 seconds, Stopping threads took: 0.0000441 seconds
         vmop                    [threads: total initially_running wait_to_block]    [time: spin block sync cleanup vmop] page_trap_count
156.199: no vm operation                  [      32          1              1    ]      [     0     0     0     0     0    ]  1   
2017-11-17T09:55:34.760+0800: 156.199: Total time for which application threads were stopped: 0.0003298 seconds, Stopping threads took: 0.0000874 seconds
2017-11-17T09:55:35.083+0800: 156.523: [GC concurrent-mark-end, 1.3449534 secs]
2017-11-17T09:55:35.084+0800: 156.523: [GC remark 2017-11-17T09:55:35.084+0800: 156.523: [Finalize Marking, 0.0009270 secs] 2017-11-17T09:55:35.085+0800: 156.524: [GC ref-proc, 0.0002724 secs] 2017-11-17T09:55:35.085+0800: 156.524: [Unloading, 0.0052069 secs], 0.0134073 secs]
 [Times: user=0.06 sys=0.00, real=0.01 secs] 
         vmop                    [threads: total initially_running wait_to_block]    [time: spin block sync cleanup vmop] page_trap_count
156.523: CGC_Operation                    [      32          0              0    ]      [     0     0     0     0    13    ]  0   
2017-11-17T09:55:35.097+0800: 156.537: Total time for which application threads were stopped: 0.0136375 seconds, Stopping threads took: 0.0000640 seconds
2017-11-17T09:55:35.097+0800: 156.537: [GC cleanup 2933M->2514M(6022M), 0.0117628 secs]
 [Times: user=0.02 sys=0.00, real=0.01 secs] 
         vmop                    [threads: total initially_running wait_to_block]    [time: spin block sync cleanup vmop] page_trap_count
156.537: CGC_Operation                    [      32          0              0    ]      [     0     0     0     0    11    ]  0   
2017-11-17T09:55:35.109+0800: 156.549: Total time for which application threads were stopped: 0.0121426 seconds, Stopping threads took: 0.0000786 seconds
2017-11-17T09:55:35.109+0800: 156.549: [GC concurrent-cleanup-start]
2017-11-17T09:55:35.111+0800: 156.551: [GC concurrent-cleanup-end, 0.0020380 secs]
 157.459: [G1Ergonomics (Concurrent Cycles) do not request concurrent cycle initiation, reason: still doing mixed collections, occupancy: 2592079872 bytes, allocation request: 437491632 bytes, threshold: 2841536070 bytes (45.00 %), source: concurrent humongous allocation]
         vmop                    [threads: total initially_running wait_to_block]    [time: spin block sync cleanup vmop] page_trap_count
157.549: no vm operation                  [      32          0              0    ]      [     0     0     0     0     0    ]  0   
2017-11-17T09:55:36.110+0800: 157.549: Total time for which application threads were stopped: 0.0002376 seconds, Stopping threads took: 0.0000610 seconds
 159.303: [G1Ergonomics (Concurrent Cycles) do not request concurrent cycle initiation, reason: still doing mixed collections, occupancy: 3030384640 bytes, allocation request: 437491632 bytes, threshold: 2841536070 bytes (45.00 %), source: concurrent humongous allocation]
 161.009: [G1Ergonomics (Concurrent Cycles) do not request concurrent cycle initiation, reason: still doing mixed collections, occupancy: 3468689408 bytes, allocation request: 437491632 bytes, threshold: 2841536070 bytes (45.00 %), source: concurrent humongous allocation]
         vmop                    [threads: total initially_running wait_to_block]    [time: spin block sync cleanup vmop] page_trap_count
161.550: no vm operation                  [      32          1              1    ]      [     0     0     0     0     0    ]  0   
2017-11-17T09:55:40.110+0800: 161.550: Total time for which application threads were stopped: 0.0002449 seconds, Stopping threads took: 0.0000984 seconds
 162.528: [G1Ergonomics (Concurrent Cycles) do not request concurrent cycle initiation, reason: still doing mixed collections, occupancy: 3906994176 bytes, allocation request: 437491632 bytes, threshold: 2841536070 bytes (45.00 %), source: concurrent humongous allocation]
         vmop                    [threads: total initially_running wait_to_block]    [time: spin block sync cleanup vmop] page_trap_count
162.550: no vm operation                  [      32          0              1    ]      [     0    51    51     0     0    ]  0   
2017-11-17T09:55:41.162+0800: 162.602: Total time for which application threads were stopped: 0.0519159 seconds, Stopping threads took: 0.0516981 seconds
         vmop                    [threads: total initially_running wait_to_block]    [time: spin block sync cleanup vmop] page_trap_count
163.602: no vm operation                  [      32          0              1    ]      [     0     0     0     0     0    ]  0   
2017-11-17T09:55:42.163+0800: 163.602: Total time for which application threads were stopped: 0.0002545 seconds, Stopping threads took: 0.0000939 seconds
         vmop                    [threads: total initially_running wait_to_block]    [time: spin block sync cleanup vmop] page_trap_count
164.602: no vm operation                  [      32          0              0    ]      [     0     0     0     0     0    ]  0   
2017-11-17T09:55:43.163+0800: 164.603: Total time for which application threads were stopped: 0.0002303 seconds, Stopping threads took: 0.0000627 seconds
         vmop                    [threads: total initially_running wait_to_block]    [time: spin block sync cleanup vmop] page_trap_count
165.603: no vm operation                  [      32          0              0    ]      [     0     0     0     0     0    ]  0   
2017-11-17T09:55:44.163+0800: 165.603: Total time for which application threads were stopped: 0.0002031 seconds, Stopping threads took: 0.0000653 seconds
         vmop                    [threads: total initially_running wait_to_block]    [time: spin block sync cleanup vmop] page_trap_count
185.605: no vm operation                  [      32          0              0    ]      [     0     0     0     0     0    ]  0   
2017-11-17T09:56:04.165+0800: 185.605: Total time for which application threads were stopped: 0.0002365 seconds, Stopping threads took: 0.0000888 seconds
         vmop                    [threads: total initially_running wait_to_block]    [time: spin block sync cleanup vmop] page_trap_count
189.605: no vm operation                  [      32          0              0    ]      [     0     0     0     0     0    ]  0   
2017-11-17T09:56:08.166+0800: 189.605: Total time for which application threads were stopped: 0.0002017 seconds, Stopping threads took: 0.0000545 seconds
         vmop                    [threads: total initially_running wait_to_block]    [time: spin block sync cleanup vmop] page_trap_count
206.551: RevokeBias                       [      32          0              0    ]      [     0     0     0     0     0    ]  0   
2017-11-17T09:56:25.112+0800: 206.551: Total time for which application threads were stopped: 0.0001803 seconds, Stopping threads took: 0.0000488 seconds
         vmop                    [threads: total initially_running wait_to_block]    [time: spin block sync cleanup vmop] page_trap_count
213.552: no vm operation                  [      31          0              0    ]      [     0     0     0     0     0    ]  0   
2017-11-17T09:56:32.113+0800: 213.552: Total time for which application threads were stopped: 0.0001816 seconds, Stopping threads took: 0.0000391 seconds
         vmop                    [threads: total initially_running wait_to_block]    [time: spin block sync cleanup vmop] page_trap_count
219.849: RevokeBias                       [      31          0              0    ]      [     0     0     0     0     0    ]  0   
2017-11-17T09:56:38.410+0800: 219.849: Total time for which application threads were stopped: 0.0002632 seconds, Stopping threads took: 0.0000732 seconds
 219.849: [G1Ergonomics (Concurrent Cycles) do not request concurrent cycle initiation, reason: still doing mixed collections, occupancy: 4345298944 bytes, allocation request: 2140456 bytes, threshold: 2841536070 bytes (45.00 %), source: concurrent humongous allocation]
 219.850: [G1Ergonomics (Concurrent Cycles) do not request concurrent cycle initiation, reason: still doing mixed collections, occupancy: 4348444672 bytes, allocation request: 2140456 bytes, threshold: 2841536070 bytes (45.00 %), source: concurrent humongous allocation]
 219.856: [G1Ergonomics (Concurrent Cycles) do not request concurrent cycle initiation, reason: still doing mixed collections, occupancy: 4351590400 bytes, allocation request: 437499240 bytes, threshold: 2841536070 bytes (45.00 %), source: concurrent humongous allocation]
 220.357: [G1Ergonomics (Concurrent Cycles) do not request concurrent cycle initiation, reason: still doing mixed collections, occupancy: 4789895168 bytes, allocation request: 437491632 bytes, threshold: 2841536070 bytes (45.00 %), source: concurrent humongous allocation]
         vmop                    [threads: total initially_running wait_to_block]    [time: spin block sync cleanup vmop] page_trap_count
220.849: no vm operation                  [      31          0              0    ]      [     0     0     0     0     0    ]  0   
2017-11-17T09:56:39.410+0800: 220.850: Total time for which application threads were stopped: 0.0004085 seconds, Stopping threads took: 0.0001502 seconds
         vmop                    [threads: total initially_running wait_to_block]    [time: spin block sync cleanup vmop] page_trap_count
221.205: RevokeBias                       [      31          0              0    ]      [     0     0     0     0     0    ]  0   
2017-11-17T09:56:39.766+0800: 221.205: Total time for which application threads were stopped: 0.0002347 seconds, Stopping threads took: 0.0000552 seconds
 221.205: [G1Ergonomics (Concurrent Cycles) do not request concurrent cycle initiation, reason: still doing mixed collections, occupancy: 5228199936 bytes, allocation request: 4194320 bytes, threshold: 2841536070 bytes (45.00 %), source: concurrent humongous allocation]
 221.206: [G1Ergonomics (Concurrent Cycles) do not request concurrent cycle initiation, reason: still doing mixed collections, occupancy: 5233442816 bytes, allocation request: 4194320 bytes, threshold: 2841536070 bytes (45.00 %), source: concurrent humongous allocation]
         vmop                    [threads: total initially_running wait_to_block]    [time: spin block sync cleanup vmop] page_trap_count
221.219: RevokeBias                       [      31          0              0    ]      [     0     0     0     0     0    ]  0   
2017-11-17T09:56:39.780+0800: 221.220: Total time for which application threads were stopped: 0.0001968 seconds, Stopping threads took: 0.0000431 seconds
 221.220: [G1Ergonomics (Concurrent Cycles) do not request concurrent cycle initiation, reason: still doing mixed collections, occupancy: 5238685696 bytes, allocation request: 4194320 bytes, threshold: 2841536070 bytes (45.00 %), source: concurrent humongous allocation]
 221.220: [G1Ergonomics (Concurrent Cycles) do not request concurrent cycle initiation, reason: still doing mixed collections, occupancy: 5243928576 bytes, allocation request: 4194320 bytes, threshold: 2841536070 bytes (45.00 %), source: concurrent humongous allocation]
         vmop                    [threads: total initially_running wait_to_block]    [time: spin block sync cleanup vmop] page_trap_count
221.980: RevokeBias                       [      31          0              0    ]      [     0     0     0     0     0    ]  0   
2017-11-17T09:56:40.541+0800: 221.980: Total time for which application threads were stopped: 0.0002547 seconds, Stopping threads took: 0.0000458 seconds
 221.981: [G1Ergonomics (Concurrent Cycles) do not request concurrent cycle initiation, reason: still doing mixed collections, occupancy: 5249171456 bytes, allocation request: 4194320 bytes, threshold: 2841536070 bytes (45.00 %), source: concurrent humongous allocation]
 221.981: [G1Ergonomics (Concurrent Cycles) do not request concurrent cycle initiation, reason: still doing mixed collections, occupancy: 5254414336 bytes, allocation request: 4194320 bytes, threshold: 2841536070 bytes (45.00 %), source: concurrent humongous allocation]
         vmop                    [threads: total initially_running wait_to_block]    [time: spin block sync cleanup vmop] page_trap_count
221.992: RevokeBias                       [      31          0              0    ]      [     0     0     0     0     0    ]  0   
2017-11-17T09:56:40.553+0800: 221.992: Total time for which application threads were stopped: 0.0002210 seconds, Stopping threads took: 0.0000511 seconds
         vmop                    [threads: total initially_running wait_to_block]    [time: spin block sync cleanup vmop] page_trap_count
221.993: RevokeBias                       [      31          1              1    ]      [     0     0     0     0     0    ]  0   
2017-11-17T09:56:40.553+0800: 221.993: Total time for which application threads were stopped: 0.0001768 seconds, Stopping threads took: 0.0000824 seconds
         vmop                    [threads: total initially_running wait_to_block]    [time: spin block sync cleanup vmop] page_trap_count
221.993: RevokeBias                       [      31          0              1    ]      [     0     0     0     0     0    ]  0   
2017-11-17T09:56:40.554+0800: 221.993: Total time for which application threads were stopped: 0.0001620 seconds, Stopping threads took: 0.0000680 seconds
         vmop                    [threads: total initially_running wait_to_block]    [time: spin block sync cleanup vmop] page_trap_count
222.009: RevokeBias                       [      31          0              0    ]      [     0     0     0     0     0    ]  0   
2017-11-17T09:56:40.570+0800: 222.010: Total time for which application threads were stopped: 0.0001926 seconds, Stopping threads took: 0.0000416 seconds
 222.010: [G1Ergonomics (Concurrent Cycles) do not request concurrent cycle initiation, reason: still doing mixed collections, occupancy: 5259657216 bytes, allocation request: 4194320 bytes, threshold: 2841536070 bytes (45.00 %), source: concurrent humongous allocation]
 222.011: [G1Ergonomics (Concurrent Cycles) do not request concurrent cycle initiation, reason: still doing mixed collections, occupancy: 5264900096 bytes, allocation request: 4194320 bytes, threshold: 2841536070 bytes (45.00 %), source: concurrent humongous allocation]
         vmop                    [threads: total initially_running wait_to_block]    [time: spin block sync cleanup vmop] page_trap_count
222.025: RevokeBias                       [      31          0              1    ]      [     0     0     0     0     0    ]  0   
2017-11-17T09:56:40.586+0800: 222.025: Total time for which application threads were stopped: 0.0002722 seconds, Stopping threads took: 0.0000909 seconds
 222.025: [G1Ergonomics (Concurrent Cycles) do not request concurrent cycle initiation, reason: still doing mixed collections, occupancy: 5270142976 bytes, allocation request: 4194320 bytes, threshold: 2841536070 bytes (45.00 %), source: concurrent humongous allocation]
 222.026: [G1Ergonomics (Concurrent Cycles) do not request concurrent cycle initiation, reason: still doing mixed collections, occupancy: 5275385856 bytes, allocation request: 4194320 bytes, threshold: 2841536070 bytes (45.00 %), source: concurrent humongous allocation]
         vmop                    [threads: total initially_running wait_to_block]    [time: spin block sync cleanup vmop] page_trap_count
222.080: RevokeBias                       [      31          0              0    ]      [     0     0     0     0     0    ]  0   
2017-11-17T09:56:40.640+0800: 222.080: Total time for which application threads were stopped: 0.0002586 seconds, Stopping threads took: 0.0000508 seconds
 222.080: [G1Ergonomics (Concurrent Cycles) do not request concurrent cycle initiation, reason: still doing mixed collections, occupancy: 5280628736 bytes, allocation request: 4194320 bytes, threshold: 2841536070 bytes (45.00 %), source: concurrent humongous allocation]
 222.081: [G1Ergonomics (Concurrent Cycles) do not request concurrent cycle initiation, reason: still doing mixed collections, occupancy: 5285871616 bytes, allocation request: 4194320 bytes, threshold: 2841536070 bytes (45.00 %), source: concurrent humongous allocation]
         vmop                    [threads: total initially_running wait_to_block]    [time: spin block sync cleanup vmop] page_trap_count
222.096: RevokeBias                       [      31          0              0    ]      [     0     0     0     0     0    ]  0   
2017-11-17T09:56:40.657+0800: 222.096: Total time for which application threads were stopped: 0.0002210 seconds, Stopping threads took: 0.0000516 seconds
 222.096: [G1Ergonomics (Concurrent Cycles) do not request concurrent cycle initiation, reason: still doing mixed collections, occupancy: 5291114496 bytes, allocation request: 4194320 bytes, threshold: 2841536070 bytes (45.00 %), source: concurrent humongous allocation]
 222.097: [G1Ergonomics (Concurrent Cycles) do not request concurrent cycle initiation, reason: still doing mixed collections, occupancy: 5296357376 bytes, allocation request: 4194320 bytes, threshold: 2841536070 bytes (45.00 %), source: concurrent humongous allocation]
         vmop                    [threads: total initially_running wait_to_block]    [time: spin block sync cleanup vmop] page_trap_count
222.111: RevokeBias                       [      31          0              1    ]      [     0     0     0     0     0    ]  0   
2017-11-17T09:56:40.672+0800: 222.111: Total time for which application threads were stopped: 0.0002866 seconds, Stopping threads took: 0.0000995 seconds
 222.111: [G1Ergonomics (Concurrent Cycles) do not request concurrent cycle initiation, reason: still doing mixed collections, occupancy: 5301600256 bytes, allocation request: 4194320 bytes, threshold: 2841536070 bytes (45.00 %), source: concurrent humongous allocation]
 222.112: [G1Ergonomics (Concurrent Cycles) do not request concurrent cycle initiation, reason: still doing mixed collections, occupancy: 5306843136 bytes, allocation request: 4194320 bytes, threshold: 2841536070 bytes (45.00 %), source: concurrent humongous allocation]
         vmop                    [threads: total initially_running wait_to_block]    [time: spin block sync cleanup vmop] page_trap_count
222.135: RevokeBias                       [      31          0              0    ]      [     0     0     0     0     0    ]  0   
2017-11-17T09:56:40.696+0800: 222.135: Total time for which application threads were stopped: 0.0003034 seconds, Stopping threads took: 0.0000650 seconds
 222.135: [G1Ergonomics (Concurrent Cycles) do not request concurrent cycle initiation, reason: still doing mixed collections, occupancy: 5312086016 bytes, allocation request: 4194320 bytes, threshold: 2841536070 bytes (45.00 %), source: concurrent humongous allocation]
 222.136: [G1Ergonomics (Concurrent Cycles) do not request concurrent cycle initiation, reason: still doing mixed collections, occupancy: 5317328896 bytes, allocation request: 4194320 bytes, threshold: 2841536070 bytes (45.00 %), source: concurrent humongous allocation]
         vmop                    [threads: total initially_running wait_to_block]    [time: spin block sync cleanup vmop] page_trap_count
222.150: RevokeBias                       [      31          0              0    ]      [     0     0     0     0     0    ]  0   
2017-11-17T09:56:40.711+0800: 222.150: Total time for which application threads were stopped: 0.0003603 seconds, Stopping threads took: 0.0001511 seconds
 222.150: [G1Ergonomics (Concurrent Cycles) do not request concurrent cycle initiation, reason: still doing mixed collections, occupancy: 5322571776 bytes, allocation request: 4194320 bytes, threshold: 2841536070 bytes (45.00 %), source: concurrent humongous allocation]
 222.152: [G1Ergonomics (Concurrent Cycles) do not request concurrent cycle initiation, reason: still doing mixed collections, occupancy: 5327814656 bytes, allocation request: 4194320 bytes, threshold: 2841536070 bytes (45.00 %), source: concurrent humongous allocation]
         vmop                    [threads: total initially_running wait_to_block]    [time: spin block sync cleanup vmop] page_trap_count
222.168: RevokeBias                       [      31          0              1    ]      [     0     0     0     0     0    ]  0   
2017-11-17T09:56:40.729+0800: 222.169: Total time for which application threads were stopped: 0.0003350 seconds, Stopping threads took: 0.0001200 seconds
 222.169: [G1Ergonomics (Concurrent Cycles) do not request concurrent cycle initiation, reason: still doing mixed collections, occupancy: 5333057536 bytes, allocation request: 4194320 bytes, threshold: 2841536070 bytes (45.00 %), source: concurrent humongous allocation]
 222.170: [G1Ergonomics (Concurrent Cycles) do not request concurrent cycle initiation, reason: still doing mixed collections, occupancy: 5338300416 bytes, allocation request: 4194320 bytes, threshold: 2841536070 bytes (45.00 %), source: concurrent humongous allocation]
         vmop                    [threads: total initially_running wait_to_block]    [time: spin block sync cleanup vmop] page_trap_count
222.183: RevokeBias                       [      31          0              0    ]      [     0     0     0     0     0    ]  0   
2017-11-17T09:56:40.743+0800: 222.183: Total time for which application threads were stopped: 0.0002280 seconds, Stopping threads took: 0.0000632 seconds
 222.183: [G1Ergonomics (Concurrent Cycles) do not request concurrent cycle initiation, reason: still doing mixed collections, occupancy: 5343543296 bytes, allocation request: 1361280 bytes, threshold: 2841536070 bytes (45.00 %), source: concurrent humongous allocation]
 222.183: [G1Ergonomics (Concurrent Cycles) do not request concurrent cycle initiation, reason: still doing mixed collections, occupancy: 5345640448 bytes, allocation request: 1361280 bytes, threshold: 2841536070 bytes (45.00 %), source: concurrent humongous allocation]
         vmop                    [threads: total initially_running wait_to_block]    [time: spin block sync cleanup vmop] page_trap_count
222.189: RevokeBias                       [      31          0              1    ]      [     0     0     0     0     0    ]  0   
2017-11-17T09:56:40.751+0800: 222.190: Total time for which application threads were stopped: 0.0007008 seconds, Stopping threads took: 0.0005049 seconds
         vmop                    [threads: total initially_running wait_to_block]    [time: spin block sync cleanup vmop] page_trap_count
222.190: RevokeBias                       [      31          1              2    ]      [     0     0     0     0     0    ]  0   
2017-11-17T09:56:40.751+0800: 222.191: Total time for which application threads were stopped: 0.0003296 seconds, Stopping threads took: 0.0002075 seconds
         vmop                    [threads: total initially_running wait_to_block]    [time: spin block sync cleanup vmop] page_trap_count
222.191: RevokeBias                       [      31          0              1    ]      [     0     0     0     0     0    ]  0   
2017-11-17T09:56:40.752+0800: 222.191: Total time for which application threads were stopped: 0.0001752 seconds, Stopping threads took: 0.0000840 seconds
         vmop                    [threads: total initially_running wait_to_block]    [time: spin block sync cleanup vmop] page_trap_count
222.245: RevokeBias                       [      31          1              0    ]      [     0     0     0     0     0    ]  0   
2017-11-17T09:56:40.806+0800: 222.245: Total time for which application threads were stopped: 0.0004001 seconds, Stopping threads took: 0.0001301 seconds
 222.246: [G1Ergonomics (Concurrent Cycles) do not request concurrent cycle initiation, reason: still doing mixed collections, occupancy: 5347737600 bytes, allocation request: 4194320 bytes, threshold: 2841536070 bytes (45.00 %), source: concurrent humongous allocation]
 222.247: [G1Ergonomics (Concurrent Cycles) do not request concurrent cycle initiation, reason: still doing mixed collections, occupancy: 5352980480 bytes, allocation request: 4194320 bytes, threshold: 2841536070 bytes (45.00 %), source: concurrent humongous allocation]
         vmop                    [threads: total initially_running wait_to_block]    [time: spin block sync cleanup vmop] page_trap_count
222.264: RevokeBias                       [      31          0              0    ]      [     0     0     0     0     0    ]  0   
2017-11-17T09:56:40.824+0800: 222.264: Total time for which application threads were stopped: 0.0002494 seconds, Stopping threads took: 0.0000570 seconds
 222.264: [G1Ergonomics (Concurrent Cycles) do not request concurrent cycle initiation, reason: still doing mixed collections, occupancy: 5358223360 bytes, allocation request: 4194320 bytes, threshold: 2841536070 bytes (45.00 %), source: concurrent humongous allocation]
 222.265: [G1Ergonomics (Concurrent Cycles) do not request concurrent cycle initiation, reason: still doing mixed collections, occupancy: 5363466240 bytes, allocation request: 4194320 bytes, threshold: 2841536070 bytes (45.00 %), source: concurrent humongous allocation]
         vmop                    [threads: total initially_running wait_to_block]    [time: spin block sync cleanup vmop] page_trap_count
222.285: RevokeBias                       [      31          0              0    ]      [     0     0     0     0     0    ]  0   
2017-11-17T09:56:40.846+0800: 222.286: Total time for which application threads were stopped: 0.0002501 seconds, Stopping threads took: 0.0000525 seconds
 222.286: [G1Ergonomics (Concurrent Cycles) do not request concurrent cycle initiation, reason: still doing mixed collections, occupancy: 5368709120 bytes, allocation request: 4194320 bytes, threshold: 2841536070 bytes (45.00 %), source: concurrent humongous allocation]
 222.287: [G1Ergonomics (Concurrent Cycles) do not request concurrent cycle initiation, reason: still doing mixed collections, occupancy: 5373952000 bytes, allocation request: 4194320 bytes, threshold: 2841536070 bytes (45.00 %), source: concurrent humongous allocation]
         vmop                    [threads: total initially_running wait_to_block]    [time: spin block sync cleanup vmop] page_trap_count
222.303: RevokeBias                       [      31          0              0    ]      [     0     0     0     0     0    ]  0   
2017-11-17T09:56:40.864+0800: 222.303: Total time for which application threads were stopped: 0.0002921 seconds, Stopping threads took: 0.0000571 seconds
 222.303: [G1Ergonomics (Concurrent Cycles) do not request concurrent cycle initiation, reason: still doing mixed collections, occupancy: 5379194880 bytes, allocation request: 4194320 bytes, threshold: 2841536070 bytes (45.00 %), source: concurrent humongous allocation]
 222.304: [G1Ergonomics (Concurrent Cycles) do not request concurrent cycle initiation, reason: still doing mixed collections, occupancy: 5384437760 bytes, allocation request: 4194320 bytes, threshold: 2841536070 bytes (45.00 %), source: concurrent humongous allocation]
         vmop                    [threads: total initially_running wait_to_block]    [time: spin block sync cleanup vmop] page_trap_count
222.324: RevokeBias                       [      31          0              0    ]      [     0     0     0     0     0    ]  0   
2017-11-17T09:56:40.885+0800: 222.324: Total time for which application threads were stopped: 0.0003008 seconds, Stopping threads took: 0.0000667 seconds
 222.324: [G1Ergonomics (Concurrent Cycles) do not request concurrent cycle initiation, reason: still doing mixed collections, occupancy: 5389680640 bytes, allocation request: 4194320 bytes, threshold: 2841536070 bytes (45.00 %), source: concurrent humongous allocation]
 222.326: [G1Ergonomics (Concurrent Cycles) do not request concurrent cycle initiation, reason: still doing mixed collections, occupancy: 5394923520 bytes, allocation request: 4194320 bytes, threshold: 2841536070 bytes (45.00 %), source: concurrent humongous allocation]
         vmop                    [threads: total initially_running wait_to_block]    [time: spin block sync cleanup vmop] page_trap_count
222.341: RevokeBias                       [      31          0              0    ]      [     0     0     0     0     0    ]  0   
2017-11-17T09:56:40.902+0800: 222.341: Total time for which application threads were stopped: 0.0002683 seconds, Stopping threads took: 0.0000916 seconds
 222.343: [G1Ergonomics (Concurrent Cycles) do not request concurrent cycle initiation, reason: still doing mixed collections, occupancy: 5400166400 bytes, allocation request: 4194320 bytes, threshold: 2841536070 bytes (45.00 %), source: concurrent humongous allocation]
 222.344: [G1Ergonomics (Concurrent Cycles) do not request concurrent cycle initiation, reason: still doing mixed collections, occupancy: 5405409280 bytes, allocation request: 4194320 bytes, threshold: 2841536070 bytes (45.00 %), source: concurrent humongous allocation]
         vmop                    [threads: total initially_running wait_to_block]    [time: spin block sync cleanup vmop] page_trap_count
222.393: BulkRevokeBias                   [      31          0              1    ]      [     0     0     0     0     0    ]  0   
2017-11-17T09:56:40.954+0800: 222.394: Total time for which application threads were stopped: 0.0004620 seconds, Stopping threads took: 0.0001030 seconds
 222.407: [G1Ergonomics (Concurrent Cycles) do not request concurrent cycle initiation, reason: still doing mixed collections, occupancy: 5410652160 bytes, allocation request: 4194320 bytes, threshold: 2841536070 bytes (45.00 %), source: concurrent humongous allocation]
 222.408: [G1Ergonomics (Concurrent Cycles) do not request concurrent cycle initiation, reason: still doing mixed collections, occupancy: 5415895040 bytes, allocation request: 4194320 bytes, threshold: 2841536070 bytes (45.00 %), source: concurrent humongous allocation]
         vmop                    [threads: total initially_running wait_to_block]    [time: spin block sync cleanup vmop] page_trap_count
222.424: RevokeBias                       [      31          0              0    ]      [     0     0     0     0     0    ]  0   
2017-11-17T09:56:40.985+0800: 222.424: Total time for which application threads were stopped: 0.0002218 seconds, Stopping threads took: 0.0000375 seconds
 222.424: [G1Ergonomics (Concurrent Cycles) do not request concurrent cycle initiation, reason: still doing mixed collections, occupancy: 5421137920 bytes, allocation request: 4194320 bytes, threshold: 2841536070 bytes (45.00 %), source: concurrent humongous allocation]
 222.425: [G1Ergonomics (Concurrent Cycles) do not request concurrent cycle initiation, reason: still doing mixed collections, occupancy: 5426380800 bytes, allocation request: 4194320 bytes, threshold: 2841536070 bytes (45.00 %), source: concurrent humongous allocation]
         vmop                    [threads: total initially_running wait_to_block]    [time: spin block sync cleanup vmop] page_trap_count
222.451: RevokeBias                       [      31          0              0    ]      [     0     0     0     0     0    ]  0   
2017-11-17T09:56:41.011+0800: 222.451: Total time for which application threads were stopped: 0.0002002 seconds, Stopping threads took: 0.0000467 seconds
 222.451: [G1Ergonomics (Concurrent Cycles) do not request concurrent cycle initiation, reason: still doing mixed collections, occupancy: 5431623680 bytes, allocation request: 4194320 bytes, threshold: 2841536070 bytes (45.00 %), source: concurrent humongous allocation]
 222.452: [G1Ergonomics (Concurrent Cycles) do not request concurrent cycle initiation, reason: still doing mixed collections, occupancy: 5436866560 bytes, allocation request: 4194320 bytes, threshold: 2841536070 bytes (45.00 %), source: concurrent humongous allocation]
         vmop                    [threads: total initially_running wait_to_block]    [time: spin block sync cleanup vmop] page_trap_count
222.474: RevokeBias                       [      31          0              0    ]      [     0     0     0     0     0    ]  0   
2017-11-17T09:56:41.035+0800: 222.474: Total time for which application threads were stopped: 0.0002401 seconds, Stopping threads took: 0.0000299 seconds
 222.474: [G1Ergonomics (Concurrent Cycles) do not request concurrent cycle initiation, reason: still doing mixed collections, occupancy: 5442109440 bytes, allocation request: 4194320 bytes, threshold: 2841536070 bytes (45.00 %), source: concurrent humongous allocation]
 222.475: [G1Ergonomics (Concurrent Cycles) do not request concurrent cycle initiation, reason: still doing mixed collections, occupancy: 5447352320 bytes, allocation request: 4194320 bytes, threshold: 2841536070 bytes (45.00 %), source: concurrent humongous allocation]
         vmop                    [threads: total initially_running wait_to_block]    [time: spin block sync cleanup vmop] page_trap_count
222.527: RevokeBias                       [      31          0              0    ]      [     0     0     0     0     0    ]  0   
2017-11-17T09:56:41.087+0800: 222.527: Total time for which application threads were stopped: 0.0002015 seconds, Stopping threads took: 0.0000356 seconds
 222.527: [G1Ergonomics (Concurrent Cycles) do not request concurrent cycle initiation, reason: still doing mixed collections, occupancy: 5452595200 bytes, allocation request: 4194320 bytes, threshold: 2841536070 bytes (45.00 %), source: concurrent humongous allocation]
 222.528: [G1Ergonomics (Concurrent Cycles) do not request concurrent cycle initiation, reason: still doing mixed collections, occupancy: 5457838080 bytes, allocation request: 4194320 bytes, threshold: 2841536070 bytes (45.00 %), source: concurrent humongous allocation]
         vmop                    [threads: total initially_running wait_to_block]    [time: spin block sync cleanup vmop] page_trap_count
222.734: RevokeBias                       [      31          0              0    ]      [     0     0     0     0     0    ]  0   
2017-11-17T09:56:41.295+0800: 222.735: Total time for which application threads were stopped: 0.0003007 seconds, Stopping threads took: 0.0000745 seconds
 222.735: [G1Ergonomics (Concurrent Cycles) do not request concurrent cycle initiation, reason: still doing mixed collections, occupancy: 5463080960 bytes, allocation request: 4194320 bytes, threshold: 2841536070 bytes (45.00 %), source: concurrent humongous allocation]
 222.736: [G1Ergonomics (Concurrent Cycles) do not request concurrent cycle initiation, reason: still doing mixed collections, occupancy: 5468323840 bytes, allocation request: 4194320 bytes, threshold: 2841536070 bytes (45.00 %), source: concurrent humongous allocation]
         vmop                    [threads: total initially_running wait_to_block]    [time: spin block sync cleanup vmop] page_trap_count
222.756: RevokeBias                       [      31          0              1    ]      [     0     0     0     0     0    ]  0   
2017-11-17T09:56:41.318+0800: 222.757: Total time for which application threads were stopped: 0.0010846 seconds, Stopping threads took: 0.0008957 seconds
 222.757: [G1Ergonomics (Concurrent Cycles) do not request concurrent cycle initiation, reason: still doing mixed collections, occupancy: 5473566720 bytes, allocation request: 4194320 bytes, threshold: 2841536070 bytes (45.00 %), source: concurrent humongous allocation]
 222.758: [G1Ergonomics (Concurrent Cycles) do not request concurrent cycle initiation, reason: still doing mixed collections, occupancy: 5478809600 bytes, allocation request: 4194320 bytes, threshold: 2841536070 bytes (45.00 %), source: concurrent humongous allocation]
         vmop                    [threads: total initially_running wait_to_block]    [time: spin block sync cleanup vmop] page_trap_count
222.773: RevokeBias                       [      31          0              0    ]      [     0     0     0     0     0    ]  0   
2017-11-17T09:56:41.334+0800: 222.773: Total time for which application threads were stopped: 0.0002581 seconds, Stopping threads took: 0.0000620 seconds
 222.773: [G1Ergonomics (Concurrent Cycles) do not request concurrent cycle initiation, reason: still doing mixed collections, occupancy: 5484052480 bytes, allocation request: 4194320 bytes, threshold: 2841536070 bytes (45.00 %), source: concurrent humongous allocation]
 222.774: [G1Ergonomics (Concurrent Cycles) do not request concurrent cycle initiation, reason: still doing mixed collections, occupancy: 5489295360 bytes, allocation request: 4194320 bytes, threshold: 2841536070 bytes (45.00 %), source: concurrent humongous allocation]
         vmop                    [threads: total initially_running wait_to_block]    [time: spin block sync cleanup vmop] page_trap_count
222.795: RevokeBias                       [      31          0              0    ]      [     0     0     0     0     0    ]  0   
2017-11-17T09:56:41.356+0800: 222.795: Total time for which application threads were stopped: 0.0002778 seconds, Stopping threads took: 0.0000565 seconds
 222.796: [G1Ergonomics (Concurrent Cycles) do not request concurrent cycle initiation, reason: still doing mixed collections, occupancy: 5494538240 bytes, allocation request: 4194320 bytes, threshold: 2841536070 bytes (45.00 %), source: concurrent humongous allocation]
 222.797: [G1Ergonomics (Concurrent Cycles) do not request concurrent cycle initiation, reason: still doing mixed collections, occupancy: 5499781120 bytes, allocation request: 4194320 bytes, threshold: 2841536070 bytes (45.00 %), source: concurrent humongous allocation]
         vmop                    [threads: total initially_running wait_to_block]    [time: spin block sync cleanup vmop] page_trap_count
222.811: RevokeBias                       [      31          0              1    ]      [     0     0     0     0     0    ]  0   
2017-11-17T09:56:41.371+0800: 222.811: Total time for which application threads were stopped: 0.0002884 seconds, Stopping threads took: 0.0000929 seconds
 222.811: [G1Ergonomics (Concurrent Cycles) do not request concurrent cycle initiation, reason: still doing mixed collections, occupancy: 5505024000 bytes, allocation request: 4194320 bytes, threshold: 2841536070 bytes (45.00 %), source: concurrent humongous allocation]
 222.812: [G1Ergonomics (Concurrent Cycles) do not request concurrent cycle initiation, reason: still doing mixed collections, occupancy: 5510266880 bytes, allocation request: 4194320 bytes, threshold: 2841536070 bytes (45.00 %), source: concurrent humongous allocation]
         vmop                    [threads: total initially_running wait_to_block]    [time: spin block sync cleanup vmop] page_trap_count
222.827: RevokeBias                       [      31          0              0    ]      [     0     0     0     0     0    ]  0   
2017-11-17T09:56:41.388+0800: 222.828: Total time for which application threads were stopped: 0.0002208 seconds, Stopping threads took: 0.0000489 seconds
 222.828: [G1Ergonomics (Concurrent Cycles) do not request concurrent cycle initiation, reason: still doing mixed collections, occupancy: 5515509760 bytes, allocation request: 4194320 bytes, threshold: 2841536070 bytes (45.00 %), source: concurrent humongous allocation]
 222.829: [G1Ergonomics (Concurrent Cycles) do not request concurrent cycle initiation, reason: still doing mixed collections, occupancy: 5520752640 bytes, allocation request: 4194320 bytes, threshold: 2841536070 bytes (45.00 %), source: concurrent humongous allocation]
         vmop                    [threads: total initially_running wait_to_block]    [time: spin block sync cleanup vmop] page_trap_count
222.843: RevokeBias                       [      31          0              0    ]      [     0     0     0     0     0    ]  0   
2017-11-17T09:56:41.403+0800: 222.843: Total time for which application threads were stopped: 0.0002434 seconds, Stopping threads took: 0.0000628 seconds
 222.843: [G1Ergonomics (Concurrent Cycles) do not request concurrent cycle initiation, reason: still doing mixed collections, occupancy: 5525995520 bytes, allocation request: 4194320 bytes, threshold: 2841536070 bytes (45.00 %), source: concurrent humongous allocation]
 222.844: [G1Ergonomics (Concurrent Cycles) do not request concurrent cycle initiation, reason: still doing mixed collections, occupancy: 5531238400 bytes, allocation request: 4194320 bytes, threshold: 2841536070 bytes (45.00 %), source: concurrent humongous allocation]
         vmop                    [threads: total initially_running wait_to_block]    [time: spin block sync cleanup vmop] page_trap_count
222.858: RevokeBias                       [      31          0              0    ]      [     0     0     0     0     0    ]  0   
2017-11-17T09:56:41.419+0800: 222.859: Total time for which application threads were stopped: 0.0002493 seconds, Stopping threads took: 0.0000442 seconds
 222.859: [G1Ergonomics (Concurrent Cycles) do not request concurrent cycle initiation, reason: still doing mixed collections, occupancy: 5536481280 bytes, allocation request: 4194320 bytes, threshold: 2841536070 bytes (45.00 %), source: concurrent humongous allocation]
 222.860: [G1Ergonomics (Concurrent Cycles) do not request concurrent cycle initiation, reason: still doing mixed collections, occupancy: 5541724160 bytes, allocation request: 4194320 bytes, threshold: 2841536070 bytes (45.00 %), source: concurrent humongous allocation]
         vmop                    [threads: total initially_running wait_to_block]    [time: spin block sync cleanup vmop] page_trap_count
222.874: RevokeBias                       [      31          0              0    ]      [     0     0     0     0     0    ]  0   
2017-11-17T09:56:41.435+0800: 222.874: Total time for which application threads were stopped: 0.0001917 seconds, Stopping threads took: 0.0000404 seconds
 222.874: [G1Ergonomics (Concurrent Cycles) do not request concurrent cycle initiation, reason: still doing mixed collections, occupancy: 5546967040 bytes, allocation request: 4194320 bytes, threshold: 2841536070 bytes (45.00 %), source: concurrent humongous allocation]
 222.875: [G1Ergonomics (Concurrent Cycles) do not request concurrent cycle initiation, reason: still doing mixed collections, occupancy: 5552209920 bytes, allocation request: 4194320 bytes, threshold: 2841536070 bytes (45.00 %), source: concurrent humongous allocation]
         vmop                    [threads: total initially_running wait_to_block]    [time: spin block sync cleanup vmop] page_trap_count
222.893: RevokeBias                       [      31          0              0    ]      [     0     0     0     0     0    ]  0   
2017-11-17T09:56:41.453+0800: 222.893: Total time for which application threads were stopped: 0.0002312 seconds, Stopping threads took: 0.0000442 seconds
 222.893: [G1Ergonomics (Concurrent Cycles) do not request concurrent cycle initiation, reason: still doing mixed collections, occupancy: 5557452800 bytes, allocation request: 4194320 bytes, threshold: 2841536070 bytes (45.00 %), source: concurrent humongous allocation]
 222.894: [G1Ergonomics (Concurrent Cycles) do not request concurrent cycle initiation, reason: still doing mixed collections, occupancy: 5562695680 bytes, allocation request: 4194320 bytes, threshold: 2841536070 bytes (45.00 %), source: concurrent humongous allocation]
 222.903: [G1Ergonomics (Concurrent Cycles) do not request concurrent cycle initiation, reason: still doing mixed collections, occupancy: 5567938560 bytes, allocation request: 437491632 bytes, threshold: 2841536070 bytes (45.00 %), source: concurrent humongous allocation]
 222.904: [G1Ergonomics (Heap Sizing) attempt heap expansion, reason: humongous allocation request failed, allocation request: 437491632 bytes]
         vmop                    [threads: total initially_running wait_to_block]    [time: spin block sync cleanup vmop] page_trap_count
223.893: no vm operation                  [      31          0              1    ]      [     0   275   277     0     0    ]  0   
2017-11-17T09:56:42.731+0800: 224.171: Total time for which application threads were stopped: 0.2778595 seconds, Stopping threads took: 0.2776182 seconds
         vmop                    [threads: total initially_running wait_to_block]    [time: spin block sync cleanup vmop] page_trap_count
225.226: RevokeBias                       [      31          0              0    ]      [     0     0     0     0     0    ]  0   
2017-11-17T09:56:43.787+0800: 225.227: Total time for which application threads were stopped: 0.0002536 seconds, Stopping threads took: 0.0000568 seconds
 225.982: [G1Ergonomics (Concurrent Cycles) do not request concurrent cycle initiation, reason: still doing mixed collections, occupancy: 6006243328 bytes, allocation request: 437491632 bytes, threshold: 3038773230 bytes (45.00 %), source: concurrent humongous allocation]
2017-11-17T09:56:44.544+0800: 225.983: [GC pause (G1 Humongous Allocation) (young) 225.983: [G1Ergonomics (CSet Construction) start choosing CSet, _pending_cards: 13519, predicted base time: 38.09 ms, remaining time: 161.91 ms, target pause time: 200.00 ms]
 225.983: [G1Ergonomics (CSet Construction) add young regions to CSet, eden: 507 regions, survivors: 3 regions, predicted young region time: 5.61 ms]
 225.983: [G1Ergonomics (CSet Construction) finish choosing CSet, eden: 507 regions, survivors: 3 regions, old: 0 regions, predicted pause time: 43.70 ms, target pause time: 200.00 ms]
 225.994: [G1Ergonomics (Mixed GCs) do not start mixed GCs, reason: reclaimable percentage not over threshold, candidate old regions: 78 regions, reclaimable: 37536880 bytes (0.56 %), threshold: 5.00 %]
, 0.0114846 secs]
   [Parallel Time: 4.2 ms, GC Workers: 8]
      [GC Worker Start (ms): Min: 225983.5, Avg: 225984.9, Max: 225987.4, Diff: 4.0]
      [Ext Root Scanning (ms): Min: 0.0, Avg: 0.4, Max: 1.1, Diff: 1.1, Sum: 2.9]
      [Update RS (ms): Min: 0.0, Avg: 1.1, Max: 1.9, Diff: 1.9, Sum: 8.9]
         [Processed Buffers: Min: 0, Avg: 8.8, Max: 19, Diff: 19, Sum: 70]
      [Scan RS (ms): Min: 0.0, Avg: 0.2, Max: 0.4, Diff: 0.4, Sum: 1.8]
      [Code Root Scanning (ms): Min: 0.0, Avg: 0.0, Max: 0.3, Diff: 0.3, Sum: 0.4]
      [Object Copy (ms): Min: 0.0, Avg: 0.5, Max: 0.9, Diff: 0.9, Sum: 3.8]
      [Termination (ms): Min: 0.0, Avg: 0.3, Max: 0.4, Diff: 0.4, Sum: 2.6]
         [Termination Attempts: Min: 1, Avg: 1.8, Max: 3, Diff: 2, Sum: 14]
      [GC Worker Other (ms): Min: 0.0, Avg: 0.0, Max: 0.0, Diff: 0.0, Sum: 0.2]
      [GC Worker Total (ms): Min: 0.0, Avg: 2.6, Max: 4.0, Diff: 4.0, Sum: 20.4]
      [GC Worker End (ms): Min: 225987.5, Avg: 225987.5, Max: 225987.5, Diff: 0.0]
   [Code Root Fixup: 0.1 ms]
   [Code Root Purge: 0.0 ms]
   [Clear CT: 0.3 ms]
   [Other: 6.9 ms]
      [Choose CSet: 0.0 ms]
      [Ref Proc: 0.4 ms]
      [Ref Enq: 0.0 ms]
      [Redirty Cards: 0.2 ms]
      [Humongous Register: 0.3 ms]
      [Humongous Reclaim: 4.9 ms]
      [Free CSet: 0.8 ms]
   [Eden: 507.0M(2895.0M)->0.0B(3119.0M) Survivors: 3072.0K->3072.0K Heap: 6121.2M(6440.0M)->2560.9M(6440.0M)]
 [Times: user=0.03 sys=0.00, real=0.01 secs] 
 225.995: [G1Ergonomics (Concurrent Cycles) request concurrent cycle initiation, reason: occupancy higher than threshold, occupancy: 3200253952 bytes, allocation request: 0 bytes, threshold: 3038773230 bytes (45.00 %), source: STW humongous allocation]
         vmop                    [threads: total initially_running wait_to_block]    [time: spin block sync cleanup vmop] page_trap_count
225.983: G1IncCollectionPause             [      31          0              0    ]      [     0     0     0     0    12    ]  0   
2017-11-17T09:56:44.555+0800: 225.995: Total time for which application threads were stopped: 0.0122828 seconds, Stopping threads took: 0.0000484 seconds
         vmop                    [threads: total initially_running wait_to_block]    [time: spin block sync cleanup vmop] page_trap_count
225.995: RevokeBias                       [      31          0              2    ]      [     0    72    72     0     0    ]  0   
2017-11-17T09:56:44.629+0800: 226.068: Total time for which application threads were stopped: 0.0729694 seconds, Stopping threads took: 0.0727316 seconds
         vmop                    [threads: total initially_running wait_to_block]    [time: spin block sync cleanup vmop] page_trap_count
226.068: RevokeBias                       [      31          0              0    ]      [     0     0     0     0     0    ]  0   
2017-11-17T09:56:44.629+0800: 226.068: Total time for which application threads were stopped: 0.0001044 seconds, Stopping threads took: 0.0000281 seconds
         vmop                    [threads: total initially_running wait_to_block]    [time: spin block sync cleanup vmop] page_trap_count
226.068: RevokeBias                       [      31          0              0    ]      [     0     0     0     0     0    ]  0   
2017-11-17T09:56:44.629+0800: 226.068: Total time for which application threads were stopped: 0.0000934 seconds, Stopping threads took: 0.0000268 seconds
         vmop                    [threads: total initially_running wait_to_block]    [time: spin block sync cleanup vmop] page_trap_count
226.068: RevokeBias                       [      31          0              0    ]      [     0     0     0     0     0    ]  0   
2017-11-17T09:56:44.629+0800: 226.069: Total time for which application threads were stopped: 0.0000792 seconds, Stopping threads took: 0.0000153 seconds
         vmop                    [threads: total initially_running wait_to_block]    [time: spin block sync cleanup vmop] page_trap_count
226.069: RevokeBias                       [      31          0              0    ]      [     0     0     0     0     0    ]  0   
2017-11-17T09:56:44.629+0800: 226.069: Total time for which application threads were stopped: 0.0000786 seconds, Stopping threads took: 0.0000154 seconds
         vmop                    [threads: total initially_running wait_to_block]    [time: spin block sync cleanup vmop] page_trap_count
226.069: RevokeBias                       [      31          0              0    ]      [     0     0     0     0     0    ]  0   
2017-11-17T09:56:44.629+0800: 226.069: Total time for which application threads were stopped: 0.0000812 seconds, Stopping threads took: 0.0000157 seconds
         vmop                    [threads: total initially_running wait_to_block]    [time: spin block sync cleanup vmop] page_trap_count
226.069: RevokeBias                       [      31          0              0    ]      [     0     0     0     0     0    ]  0   
2017-11-17T09:56:44.629+0800: 226.069: Total time for which application threads were stopped: 0.0000782 seconds, Stopping threads took: 0.0000150 seconds
         vmop                    [threads: total initially_running wait_to_block]    [time: spin block sync cleanup vmop] page_trap_count
226.069: RevokeBias                       [      31          0              0    ]      [     0     0     0     0     0    ]  0   
2017-11-17T09:56:44.630+0800: 226.069: Total time for which application threads were stopped: 0.0000921 seconds, Stopping threads took: 0.0000282 seconds
         vmop                    [threads: total initially_running wait_to_block]    [time: spin block sync cleanup vmop] page_trap_count
226.069: RevokeBias                       [      31          0              0    ]      [     0     0     0     0     0    ]  0   
2017-11-17T09:56:44.630+0800: 226.069: Total time for which application threads were stopped: 0.0001018 seconds, Stopping threads took: 0.0000233 seconds
         vmop                    [threads: total initially_running wait_to_block]    [time: spin block sync cleanup vmop] page_trap_count
226.069: RevokeBias                       [      31          0              0    ]      [     0     0     0     0     0    ]  0   
2017-11-17T09:56:44.630+0800: 226.069: Total time for which application threads were stopped: 0.0000868 seconds, Stopping threads took: 0.0000157 seconds
         vmop                    [threads: total initially_running wait_to_block]    [time: spin block sync cleanup vmop] page_trap_count
226.069: RevokeBias                       [      31          0              0    ]      [     0     0     0     0     0    ]  0   
2017-11-17T09:56:44.630+0800: 226.069: Total time for which application threads were stopped: 0.0000655 seconds, Stopping threads took: 0.0000152 seconds
         vmop                    [threads: total initially_running wait_to_block]    [time: spin block sync cleanup vmop] page_trap_count
226.070: RevokeBias                       [      31          0              0    ]      [     0     0     0     0     0    ]  0   
2017-11-17T09:56:44.630+0800: 226.070: Total time for which application threads were stopped: 0.0000787 seconds, Stopping threads took: 0.0000151 seconds
         vmop                    [threads: total initially_running wait_to_block]    [time: spin block sync cleanup vmop] page_trap_count
226.070: RevokeBias                       [      31          0              0    ]      [     0     0     0     0     0    ]  0   
2017-11-17T09:56:44.630+0800: 226.070: Total time for which application threads were stopped: 0.0000788 seconds, Stopping threads took: 0.0000153 seconds
         vmop                    [threads: total initially_running wait_to_block]    [time: spin block sync cleanup vmop] page_trap_count
226.070: RevokeBias                       [      31          0              0    ]      [     0     0     0     0     0    ]  0   
2017-11-17T09:56:44.630+0800: 226.070: Total time for which application threads were stopped: 0.0000695 seconds, Stopping threads took: 0.0000231 seconds
         vmop                    [threads: total initially_running wait_to_block]    [time: spin block sync cleanup vmop] page_trap_count
226.070: RevokeBias                       [      31          0              0    ]      [     0     0     0     0     0    ]  0   
2017-11-17T09:56:44.630+0800: 226.070: Total time for which application threads were stopped: 0.0000607 seconds, Stopping threads took: 0.0000149 seconds
         vmop                    [threads: total initially_running wait_to_block]    [time: spin block sync cleanup vmop] page_trap_count
226.070: BulkRevokeBias                   [      31          0              0    ]      [     0     0     0     0     0    ]  0   
2017-11-17T09:56:44.631+0800: 226.070: Total time for which application threads were stopped: 0.0002123 seconds, Stopping threads took: 0.0000196 seconds
         vmop                    [threads: total initially_running wait_to_block]    [time: spin block sync cleanup vmop] page_trap_count
227.070: no vm operation                  [      31          0              0    ]      [     0     0     0     0     0    ]  0   
2017-11-17T09:56:45.631+0800: 227.071: Total time for which application threads were stopped: 0.0002184 seconds, Stopping threads took: 0.0000465 seconds
 227.507: [G1Ergonomics (Concurrent Cycles) request concurrent cycle initiation, reason: occupancy higher than threshold, occupancy: 3200253952 bytes, allocation request: 437491632 bytes, threshold: 3038773230 bytes (45.00 %), source: concurrent humongous allocation]
 227.507: [G1Ergonomics (Concurrent Cycles) request concurrent cycle initiation, reason: requested by GC cause, GC cause: G1 Humongous Allocation]
 227.507: [G1Ergonomics (Concurrent Cycles) initiate concurrent cycle, reason: concurrent cycle initiation requested]
2017-11-17T09:56:46.068+0800: 227.507: [GC pause (G1 Humongous Allocation) (young) (initial-mark) 227.508: [G1Ergonomics (CSet Construction) start choosing CSet, _pending_cards: 14812, predicted base time: 32.21 ms, remaining time: 167.79 ms, target pause time: 200.00 ms]
 227.508: [G1Ergonomics (CSet Construction) add young regions to CSet, eden: 84 regions, survivors: 3 regions, predicted young region time: 1.41 ms]
 227.508: [G1Ergonomics (CSet Construction) finish choosing CSet, eden: 84 regions, survivors: 3 regions, old: 0 regions, predicted pause time: 33.62 ms, target pause time: 200.00 ms]
, 0.0338731 secs]
   [Parallel Time: 8.9 ms, GC Workers: 8]
      [GC Worker Start (ms): Min: 227508.1, Avg: 227508.9, Max: 227509.5, Diff: 1.3]
      [Ext Root Scanning (ms): Min: 0.1, Avg: 5.9, Max: 8.3, Diff: 8.2, Sum: 47.0]
      [Update RS (ms): Min: 0.0, Avg: 1.1, Max: 4.6, Diff: 4.6, Sum: 9.1]
         [Processed Buffers: Min: 0, Avg: 8.0, Max: 38, Diff: 38, Sum: 64]
      [Scan RS (ms): Min: 0.0, Avg: 0.1, Max: 0.5, Diff: 0.5, Sum: 0.8]
      [Code Root Scanning (ms): Min: 0.0, Avg: 0.0, Max: 0.2, Diff: 0.2, Sum: 0.4]
      [Object Copy (ms): Min: 0.0, Avg: 0.4, Max: 1.7, Diff: 1.7, Sum: 3.5]
      [Termination (ms): Min: 0.0, Avg: 0.3, Max: 0.6, Diff: 0.6, Sum: 2.5]
         [Termination Attempts: Min: 1, Avg: 1.6, Max: 5, Diff: 4, Sum: 13]
      [GC Worker Other (ms): Min: 0.0, Avg: 0.0, Max: 0.0, Diff: 0.0, Sum: 0.1]
      [GC Worker Total (ms): Min: 7.4, Avg: 7.9, Max: 8.7, Diff: 1.4, Sum: 63.4]
      [GC Worker End (ms): Min: 227516.8, Avg: 227516.9, Max: 227516.9, Diff: 0.0]
   [Code Root Fixup: 0.1 ms]
   [Code Root Purge: 0.0 ms]
   [Clear CT: 4.5 ms]
   [Other: 20.4 ms]
      [Choose CSet: 0.0 ms]
      [Ref Proc: 17.1 ms]
      [Ref Enq: 0.0 ms]
      [Redirty Cards: 0.1 ms]
      [Humongous Register: 0.2 ms]
      [Humongous Reclaim: 0.8 ms]
      [Free CSet: 0.3 ms]
   [Eden: 84.0M(3119.0M)->0.0B(3129.0M) Survivors: 3072.0K->2048.0K Heap: 3061.6M(6440.0M)->2560.1M(6440.0M)]
 [Times: user=0.06 sys=0.00, real=0.04 secs] 
         vmop                    [threads: total initially_running wait_to_block]    [time: spin block sync cleanup vmop] page_trap_count
227.507: 2017-11-17T09:56:46.102+0800: 227.541: [GC concurrent-root-region-scan-start]
G1IncCollectionPause             [      31          0              0    ]      [     0     0     0     0    34    ]  0   
2017-11-17T09:56:46.102+0800: 227.541: Total time for which application threads were stopped: 0.0343512 seconds, Stopping threads took: 0.0000494 seconds
2017-11-17T09:56:46.104+0800: 227.544: [GC concurrent-root-region-scan-end, 0.0025778 secs]
2017-11-17T09:56:46.104+0800: 227.544: [GC concurrent-mark-start]
         vmop                    [threads: total initially_running wait_to_block]    [time: spin block sync cleanup vmop] page_trap_count
227.545: RevokeBias                       [      31          0              1    ]      [     0    71    71     0     0    ]  0   
2017-11-17T09:56:46.178+0800: 227.618: Total time for which application threads were stopped: 0.0722427 seconds, Stopping threads took: 0.0719616 seconds
         vmop                    [threads: total initially_running wait_to_block]    [time: spin block sync cleanup vmop] page_trap_count
227.618: RevokeBias                       [      31          0              0    ]      [     0     0     0     0     0    ]  0   
2017-11-17T09:56:46.178+0800: 227.618: Total time for which application threads were stopped: 0.0001182 seconds, Stopping threads took: 0.0000236 seconds
2017-11-17T09:56:47.110+0800: 228.549: [GC concurrent-mark-end, 1.0057662 secs]
2017-11-17T09:56:47.110+0800: 228.550: [GC remark 2017-11-17T09:56:47.110+0800: 228.550: [Finalize Marking, 0.0007013 secs] 2017-11-17T09:56:47.111+0800: 228.550: [GC ref-proc, 0.0002889 secs] 2017-11-17T09:56:47.111+0800: 228.551: [Unloading, 0.0051157 secs], 0.0133074 secs]
 [Times: user=0.05 sys=0.00, real=0.02 secs] 
         vmop                    [threads: total initially_running wait_to_block]    [time: spin block sync cleanup vmop] page_trap_count
228.550: CGC_Operation                    [      31          0              0    ]      [     0     0     0     0    13    ]  0   
2017-11-17T09:56:47.124+0800: 228.563: Total time for which application threads were stopped: 0.0135890 seconds, Stopping threads took: 0.0000589 seconds
2017-11-17T09:56:47.124+0800: 228.563: [GC cleanup 3059M->3059M(6440M), 0.0050441 secs]
 [Times: user=0.02 sys=0.00, real=0.00 secs] 
         vmop                    [threads: total initially_running wait_to_block]    [time: spin block sync cleanup vmop] page_trap_count
228.563: CGC_Operation                    [      31          0              0    ]      [     0     0     0     0     5    ]  0   
2017-11-17T09:56:47.129+0800: 228.568: Total time for which application threads were stopped: 0.0052605 seconds, Stopping threads took: 0.0000374 seconds
 228.986: [G1Ergonomics (Concurrent Cycles) do not request concurrent cycle initiation, reason: still doing mixed collections, occupancy: 3200253952 bytes, allocation request: 437491632 bytes, threshold: 3038773230 bytes (45.00 %), source: concurrent humongous allocation]
         vmop                    [threads: total initially_running wait_to_block]    [time: spin block sync cleanup vmop] page_trap_count
229.569: no vm operation                  [      31          1              1    ]      [     0     0     0     0     0    ]  1   
2017-11-17T09:56:48.129+0800: 229.569: Total time for which application threads were stopped: 0.0002467 seconds, Stopping threads took: 0.0000795 seconds
 230.501: [G1Ergonomics (Concurrent Cycles) do not request concurrent cycle initiation, reason: still doing mixed collections, occupancy: 3638558720 bytes, allocation request: 437491632 bytes, threshold: 3038773230 bytes (45.00 %), source: concurrent humongous allocation]
         vmop                    [threads: total initially_running wait_to_block]    [time: spin block sync cleanup vmop] page_trap_count
230.569: no vm operation                  [      31          0              1    ]      [     0     5     5     0     0    ]  0   
2017-11-17T09:56:49.135+0800: 230.575: Total time for which application threads were stopped: 0.0056202 seconds, Stopping threads took: 0.0053709 seconds
         vmop                    [threads: total initially_running wait_to_block]    [time: spin block sync cleanup vmop] page_trap_count
231.575: no vm operation                  [      31          0              0    ]      [     0     0     0     0     0    ]  0   
2017-11-17T09:56:50.135+0800: 231.575: Total time for which application threads were stopped: 0.0001881 seconds, Stopping threads took: 0.0000373 seconds
 232.571: [G1Ergonomics (Concurrent Cycles) do not request concurrent cycle initiation, reason: still doing mixed collections, occupancy: 4076863488 bytes, allocation request: 437491632 bytes, threshold: 3038773230 bytes (45.00 %), source: concurrent humongous allocation]
         vmop                    [threads: total initially_running wait_to_block]    [time: spin block sync cleanup vmop] page_trap_count
232.575: no vm operation                  [      31          0              1    ]      [     0    70    70     0     0    ]  0   
2017-11-17T09:56:51.206+0800: 232.646: Total time for which application threads were stopped: 0.0706447 seconds, Stopping threads took: 0.0704170 seconds
         vmop                    [threads: total initially_running wait_to_block]    [time: spin block sync cleanup vmop] page_trap_count
235.646: no vm operation                  [      31          0              0    ]      [     0     0     0     0     0    ]  0   
2017-11-17T09:56:54.207+0800: 235.646: Total time for which application threads were stopped: 0.0002124 seconds, Stopping threads took: 0.0000640 seconds
         vmop                    [threads: total initially_running wait_to_block]    [time: spin block sync cleanup vmop] page_trap_count
236.088: RevokeBias                       [      31          0              0    ]      [     0     0     0     0     0    ]  0   
2017-11-17T09:56:54.649+0800: 236.088: Total time for which application threads were stopped: 0.0002477 seconds, Stopping threads took: 0.0000591 seconds
         vmop                    [threads: total initially_running wait_to_block]    [time: spin block sync cleanup vmop] page_trap_count
236.097: RevokeBias                       [      31          0              0    ]      [     0     0     0     0     0    ]  0   
2017-11-17T09:56:54.658+0800: 236.097: Total time for which application threads were stopped: 0.0001519 seconds, Stopping threads took: 0.0000488 seconds
         vmop                    [threads: total initially_running wait_to_block]    [time: spin block sync cleanup vmop] page_trap_count
236.098: RevokeBias                       [      31          0              0    ]      [     0     0     0     0     0    ]  0   
2017-11-17T09:56:54.658+0800: 236.098: Total time for which application threads were stopped: 0.0000895 seconds, Stopping threads took: 0.0000261 seconds
         vmop                    [threads: total initially_running wait_to_block]    [time: spin block sync cleanup vmop] page_trap_count
236.098: RevokeBias                       [      31          0              0    ]      [     0     0     0     0     0    ]  0   
2017-11-17T09:56:54.658+0800: 236.098: Total time for which application threads were stopped: 0.0000715 seconds, Stopping threads took: 0.0000207 seconds
         vmop                    [threads: total initially_running wait_to_block]    [time: spin block sync cleanup vmop] page_trap_count
236.098: RevokeBias                       [      31          0              0    ]      [     0     0     0     0     0    ]  0   
2017-11-17T09:56:54.659+0800: 236.098: Total time for which application threads were stopped: 0.0000828 seconds, Stopping threads took: 0.0000251 seconds
         vmop                    [threads: total initially_running wait_to_block]    [time: spin block sync cleanup vmop] page_trap_count
236.098: RevokeBias                       [      31          0              0    ]      [     0     0     0     0     0    ]  0   
2017-11-17T09:56:54.659+0800: 236.098: Total time for which application threads were stopped: 0.0000689 seconds, Stopping threads took: 0.0000197 seconds
         vmop                    [threads: total initially_running wait_to_block]    [time: spin block sync cleanup vmop] page_trap_count
236.098: RevokeBias                       [      31          0              0    ]      [     0     0     0     0     0    ]  0   
2017-11-17T09:56:54.659+0800: 236.098: Total time for which application threads were stopped: 0.0000761 seconds, Stopping threads took: 0.0000197 seconds
         vmop                    [threads: total initially_running wait_to_block]    [time: spin block sync cleanup vmop] page_trap_count
236.099: RevokeBias                       [      31          0              0    ]      [     0     0     0     0     0    ]  0   
2017-11-17T09:56:54.659+0800: 236.099: Total time for which application threads were stopped: 0.0000790 seconds, Stopping threads took: 0.0000250 seconds
         vmop                    [threads: total initially_running wait_to_block]    [time: spin block sync cleanup vmop] page_trap_count
236.116: RevokeBias                       [      31          0              1    ]      [     0     0     0     0     0    ]  0   
2017-11-17T09:56:54.677+0800: 236.116: Total time for which application threads were stopped: 0.0002325 seconds, Stopping threads took: 0.0000996 seconds
         vmop                    [threads: total initially_running wait_to_block]    [time: spin block sync cleanup vmop] page_trap_count
236.120: RevokeBias                       [      31          0              0    ]      [     0     0     0     0     0    ]  0   
2017-11-17T09:56:54.680+0800: 236.120: Total time for which application threads were stopped: 0.0001286 seconds, Stopping threads took: 0.0000396 seconds
         vmop                    [threads: total initially_running wait_to_block]    [time: spin block sync cleanup vmop] page_trap_count
236.120: RevokeBias                       [      31          0              0    ]      [     0     0     0     0     0    ]  0   
2017-11-17T09:56:54.681+0800: 236.120: Total time for which application threads were stopped: 0.0000771 seconds, Stopping threads took: 0.0000237 seconds
         vmop                    [threads: total initially_running wait_to_block]    [time: spin block sync cleanup vmop] page_trap_count
236.120: RevokeBias                       [      31          0              0    ]      [     0     0     0     0     0    ]  0   
2017-11-17T09:56:54.681+0800: 236.120: Total time for which application threads were stopped: 0.0000709 seconds, Stopping threads took: 0.0000206 seconds
         vmop                    [threads: total initially_running wait_to_block]    [time: spin block sync cleanup vmop] page_trap_count
236.120: BulkRevokeBias                   [      31          0              0    ]      [     0     0     0     0     0    ]  0   
2017-11-17T09:56:54.681+0800: 236.120: Total time for which application threads were stopped: 0.0001835 seconds, Stopping threads took: 0.0000201 seconds
         vmop                    [threads: total initially_running wait_to_block]    [time: spin block sync cleanup vmop] page_trap_count
236.133: RevokeBias                       [      31          0              0    ]      [     0     0     0     0     0    ]  0   
2017-11-17T09:56:54.694+0800: 236.133: Total time for which application threads were stopped: 0.0001721 seconds, Stopping threads took: 0.0000708 seconds
         vmop                    [threads: total initially_running wait_to_block]    [time: spin block sync cleanup vmop] page_trap_count
236.134: RevokeBias                       [      31          0              0    ]      [     0     0     0     0     0    ]  0   
2017-11-17T09:56:54.694+0800: 236.134: Total time for which application threads were stopped: 0.0000801 seconds, Stopping threads took: 0.0000203 seconds
         vmop                    [threads: total initially_running wait_to_block]    [time: spin block sync cleanup vmop] page_trap_count
236.134: RevokeBias                       [      31          0              0    ]      [     0     0     0     0     0    ]  0   
2017-11-17T09:56:54.694+0800: 236.134: Total time for which application threads were stopped: 0.0000744 seconds, Stopping threads took: 0.0000200 seconds
         vmop                    [threads: total initially_running wait_to_block]    [time: spin block sync cleanup vmop] page_trap_count
236.135: RevokeBias                       [      31          0              0    ]      [     0     0     0     0     0    ]  0   
2017-11-17T09:56:54.696+0800: 236.135: Total time for which application threads were stopped: 0.0000880 seconds, Stopping threads took: 0.0000244 seconds
         vmop                    [threads: total initially_running wait_to_block]    [time: spin block sync cleanup vmop] page_trap_count
236.135: RevokeBias                       [      31          0              0    ]      [     0     0     0     0     0    ]  0   
2017-11-17T09:56:54.696+0800: 236.135: Total time for which application threads were stopped: 0.0000825 seconds, Stopping threads took: 0.0000223 seconds
         vmop                    [threads: total initially_running wait_to_block]    [time: spin block sync cleanup vmop] page_trap_count
236.136: RevokeBias                       [      31          1              1    ]      [     0     0     0     0     0    ]  0   
2017-11-17T09:56:54.696+0800: 236.136: Total time for which application threads were stopped: 0.0001585 seconds, Stopping threads took: 0.0000980 seconds
         vmop                    [threads: total initially_running wait_to_block]    [time: spin block sync cleanup vmop] page_trap_count
236.137: RevokeBias                       [      31          1              0    ]      [     0     0     0     0     0    ]  0   
2017-11-17T09:56:54.697+0800: 236.137: Total time for which application threads were stopped: 0.0001541 seconds, Stopping threads took: 0.0000914 seconds
         vmop                    [threads: total initially_running wait_to_block]    [time: spin block sync cleanup vmop] page_trap_count
236.137: RevokeBias                       [      31          0              0    ]      [     0     0     0     0     0    ]  0   
2017-11-17T09:56:54.698+0800: 236.137: Total time for which application threads were stopped: 0.0000802 seconds, Stopping threads took: 0.0000215 seconds
         vmop                    [threads: total initially_running wait_to_block]    [time: spin block sync cleanup vmop] page_trap_count
236.137: RevokeBias                       [      31          0              0    ]      [     0     0     0     0     0    ]  0   
2017-11-17T09:56:54.698+0800: 236.137: Total time for which application threads were stopped: 0.0000852 seconds, Stopping threads took: 0.0000225 seconds
         vmop                    [threads: total initially_running wait_to_block]    [time: spin block sync cleanup vmop] page_trap_count
236.143: RevokeBias                       [      31          0              0    ]      [     0     0     0     0     0    ]  0   
2017-11-17T09:56:54.704+0800: 236.143: Total time for which application threads were stopped: 0.0001297 seconds, Stopping threads took: 0.0000454 seconds
         vmop                    [threads: total initially_running wait_to_block]    [time: spin block sync cleanup vmop] page_trap_count
236.143: RevokeBias                       [      31          0              0    ]      [     0     0     0     0     0    ]  0   
2017-11-17T09:56:54.704+0800: 236.143: Total time for which application threads were stopped: 0.0000750 seconds, Stopping threads took: 0.0000205 seconds
         vmop                    [threads: total initially_running wait_to_block]    [time: spin block sync cleanup vmop] page_trap_count
236.143: RevokeBias                       [      31          0              1    ]      [     0     0     0     0     0    ]  0   
2017-11-17T09:56:54.704+0800: 236.144: Total time for which application threads were stopped: 0.0001654 seconds, Stopping threads took: 0.0000693 seconds
         vmop                    [threads: total initially_running wait_to_block]    [time: spin block sync cleanup vmop] page_trap_count
236.145: RevokeBias                       [      31          0              0    ]      [     0     0     0     0     0    ]  0   
2017-11-17T09:56:54.706+0800: 236.145: Total time for which application threads were stopped: 0.0001094 seconds, Stopping threads took: 0.0000374 seconds
         vmop                    [threads: total initially_running wait_to_block]    [time: spin block sync cleanup vmop] page_trap_count
236.146: RevokeBias                       [      31          0              0    ]      [     0     0     0     0     0    ]  0   
2017-11-17T09:56:54.706+0800: 236.146: Total time for which application threads were stopped: 0.0000741 seconds, Stopping threads took: 0.0000200 seconds
         vmop                    [threads: total initially_running wait_to_block]    [time: spin block sync cleanup vmop] page_trap_count
236.147: RevokeBias                       [      31          0              0    ]      [     0     0     0     0     0    ]  0   
2017-11-17T09:56:54.708+0800: 236.147: Total time for which application threads were stopped: 0.0003485 seconds, Stopping threads took: 0.0002860 seconds
         vmop                    [threads: total initially_running wait_to_block]    [time: spin block sync cleanup vmop] page_trap_count
236.153: RevokeBias                       [      31          0              1    ]      [     0     0     0     0     0    ]  0   
2017-11-17T09:56:54.714+0800: 236.154: Total time for which application threads were stopped: 0.0002558 seconds, Stopping threads took: 0.0001683 seconds
         vmop                    [threads: total initially_running wait_to_block]    [time: spin block sync cleanup vmop] page_trap_count
236.265: RevokeBias                       [      31          0              1    ]      [     0     0     0     0     0    ]  0   
2017-11-17T09:56:54.826+0800: 236.266: Total time for which application threads were stopped: 0.0002753 seconds, Stopping threads took: 0.0001095 seconds
         vmop                    [threads: total initially_running wait_to_block]    [time: spin block sync cleanup vmop] page_trap_count
236.278: RevokeBias                       [      31          0              0    ]      [     0     0     0     0     0    ]  0   
2017-11-17T09:56:54.838+0800: 236.278: Total time for which application threads were stopped: 0.0002049 seconds, Stopping threads took: 0.0000562 seconds
         vmop                    [threads: total initially_running wait_to_block]    [time: spin block sync cleanup vmop] page_trap_count
236.280: RevokeBias                       [      31          0              0    ]      [     0     0     0     0     0    ]  0   
2017-11-17T09:56:54.840+0800: 236.280: Total time for which application threads were stopped: 0.0001101 seconds, Stopping threads took: 0.0000361 seconds
         vmop                    [threads: total initially_running wait_to_block]    [time: spin block sync cleanup vmop] page_trap_count
236.392: BulkRevokeBias                   [      31          0              1    ]      [     0     0     0     0     0    ]  0   
2017-11-17T09:56:54.953+0800: 236.393: Total time for which application threads were stopped: 0.0004319 seconds, Stopping threads took: 0.0000985 seconds
         vmop                    [threads: total initially_running wait_to_block]    [time: spin block sync cleanup vmop] page_trap_count
236.417: Deoptimize                       [      31          0              0    ]      [     0     0     0     0     0    ]  0   
2017-11-17T09:56:54.978+0800: 236.418: Total time for which application threads were stopped: 0.0008895 seconds, Stopping threads took: 0.0000573 seconds
 236.418: [G1Ergonomics (Concurrent Cycles) do not request concurrent cycle initiation, reason: still doing mixed collections, occupancy: 4515168256 bytes, allocation request: 437491632 bytes, threshold: 3038773230 bytes (45.00 %), source: concurrent humongous allocation]
         vmop                    [threads: total initially_running wait_to_block]    [time: spin block sync cleanup vmop] page_trap_count
237.019: RevokeBias                       [      31          0              0    ]      [     0     0     0     0     0    ]  0   
2017-11-17T09:56:55.580+0800: 237.019: Total time for which application threads were stopped: 0.0002641 seconds, Stopping threads took: 0.0000546 seconds
         vmop                    [threads: total initially_running wait_to_block]    [time: spin block sync cleanup vmop] page_trap_count
237.019: RevokeBias                       [      31          2              2    ]      [     0     0     0     0     0    ]  0   
2017-11-17T09:56:55.580+0800: 237.019: Total time for which application threads were stopped: 0.0002147 seconds, Stopping threads took: 0.0001390 seconds
         vmop                    [threads: total initially_running wait_to_block]    [time: spin block sync cleanup vmop] page_trap_count
237.020: RevokeBias                       [      31          3              1    ]      [     0     0     0     0     0    ]  0   
2017-11-17T09:56:55.580+0800: 237.020: Total time for which application threads were stopped: 0.0003118 seconds, Stopping threads took: 0.0001959 seconds
 237.021: [G1Ergonomics (Concurrent Cycles) do not request concurrent cycle initiation, reason: still doing mixed collections, occupancy: 4953473024 bytes, allocation request: 437491632 bytes, threshold: 3038773230 bytes (45.00 %), source: concurrent humongous allocation]
 237.862: [G1Ergonomics (Concurrent Cycles) do not request concurrent cycle initiation, reason: still doing mixed collections, occupancy: 5391777792 bytes, allocation request: 437491632 bytes, threshold: 3038773230 bytes (45.00 %), source: concurrent humongous allocation]
         vmop                    [threads: total initially_running wait_to_block]    [time: spin block sync cleanup vmop] page_trap_count
238.020: no vm operation                  [      31          1              1    ]      [     4     0     4     0     0    ]  1   
2017-11-17T09:56:56.586+0800: 238.025: Total time for which application threads were stopped: 0.0050038 seconds, Stopping threads took: 0.0048430 seconds
         vmop                    [threads: total initially_running wait_to_block]    [time: spin block sync cleanup vmop] page_trap_count
238.836: RevokeBias                       [      31          0              0    ]      [     0     0     0     0     0    ]  0   
2017-11-17T09:56:57.397+0800: 238.837: Total time for which application threads were stopped: 0.0002122 seconds, Stopping threads took: 0.0000475 seconds
         vmop                    [threads: total initially_running wait_to_block]    [time: spin block sync cleanup vmop] page_trap_count
238.837: RevokeBias                       [      31          0              0    ]      [     0     0     0     0     0    ]  0   
2017-11-17T09:56:57.397+0800: 238.837: Total time for which application threads were stopped: 0.0000850 seconds, Stopping threads took: 0.0000160 seconds
         vmop                    [threads: total initially_running wait_to_block]    [time: spin block sync cleanup vmop] page_trap_count
238.837: RevokeBias                       [      31          1              0    ]      [     0     0     0     0     0    ]  0   
2017-11-17T09:56:57.398+0800: 238.837: Total time for which application threads were stopped: 0.0001648 seconds, Stopping threads took: 0.0000766 seconds
 238.839: [G1Ergonomics (Concurrent Cycles) do not request concurrent cycle initiation, reason: still doing mixed collections, occupancy: 5830082560 bytes, allocation request: 437491632 bytes, threshold: 3038773230 bytes (45.00 %), source: concurrent humongous allocation]
2017-11-17T09:56:57.400+0800: 238.839: [GC pause (G1 Humongous Allocation) (young) 238.839: [G1Ergonomics (CSet Construction) start choosing CSet, _pending_cards: 16145, predicted base time: 34.77 ms, remaining time: 165.23 ms, target pause time: 200.00 ms]
 238.839: [G1Ergonomics (CSet Construction) add young regions to CSet, eden: 338 regions, survivors: 2 regions, predicted young region time: 2.10 ms]
 238.839: [G1Ergonomics (CSet Construction) finish choosing CSet, eden: 338 regions, survivors: 2 regions, old: 0 regions, predicted pause time: 36.86 ms, target pause time: 200.00 ms]
 238.849: [G1Ergonomics (Concurrent Cycles) do not request concurrent cycle initiation, reason: still doing mixed collections, occupancy: 3638558720 bytes, allocation request: 0 bytes, threshold: 3038773230 bytes (45.00 %), source: end of GC]
 238.849: [G1Ergonomics (Mixed GCs) do not start mixed GCs, reason: reclaimable percentage not over threshold, candidate old regions: 78 regions, reclaimable: 37537728 bytes (0.56 %), threshold: 5.00 %]
, 0.0097762 secs]
   [Parallel Time: 4.1 ms, GC Workers: 8]
      [GC Worker Start (ms): Min: 238839.8, Avg: 238839.9, Max: 238840.0, Diff: 0.2]
      [Ext Root Scanning (ms): Min: 0.4, Avg: 0.6, Max: 1.1, Diff: 0.7, Sum: 4.9]
      [Update RS (ms): Min: 1.8, Avg: 2.2, Max: 2.3, Diff: 0.4, Sum: 17.2]
         [Processed Buffers: Min: 7, Avg: 9.5, Max: 13, Diff: 6, Sum: 76]
      [Scan RS (ms): Min: 0.1, Avg: 0.1, Max: 0.2, Diff: 0.1, Sum: 1.1]
      [Code Root Scanning (ms): Min: 0.0, Avg: 0.0, Max: 0.3, Diff: 0.3, Sum: 0.4]
      [Object Copy (ms): Min: 0.6, Avg: 0.8, Max: 0.9, Diff: 0.3, Sum: 6.6]
      [Termination (ms): Min: 0.0, Avg: 0.0, Max: 0.0, Diff: 0.0, Sum: 0.0]
         [Termination Attempts: Min: 1, Avg: 2.9, Max: 5, Diff: 4, Sum: 23]
      [GC Worker Other (ms): Min: 0.0, Avg: 0.1, Max: 0.1, Diff: 0.1, Sum: 0.5]
      [GC Worker Total (ms): Min: 3.7, Avg: 3.8, Max: 4.0, Diff: 0.3, Sum: 30.7]
      [GC Worker End (ms): Min: 238843.7, Avg: 238843.7, Max: 238843.8, Diff: 0.1]
   [Code Root Fixup: 0.1 ms]
   [Code Root Purge: 0.0 ms]
   [Clear CT: 0.3 ms]
   [Other: 5.3 ms]
      [Choose CSet: 0.0 ms]
      [Ref Proc: 0.6 ms]
      [Ref Enq: 0.0 ms]
      [Redirty Cards: 0.4 ms]
      [Humongous Register: 0.3 ms]
      [Humongous Reclaim: 3.2 ms]
      [Free CSet: 0.6 ms]
   [Eden: 338.0M(3129.0M)->0.0B(2304.0M) Survivors: 2048.0K->4096.0K Heap: 5818.2M(6440.0M)->3395.8M(6440.0M)]
 [Times: user=0.04 sys=0.00, real=0.00 secs] 
 238.849: [G1Ergonomics (Concurrent Cycles) request concurrent cycle initiation, reason: occupancy higher than threshold, occupancy: 4076863488 bytes, allocation request: 0 bytes, threshold: 3038773230 bytes (45.00 %), source: STW humongous allocation]
         vmop                    [threads: total initially_running wait_to_block]    [time: spin block sync cleanup vmop] page_trap_count
238.839: G1IncCollectionPause             [      31          0              0    ]      [     0     0     0     0    10    ]  0   
2017-11-17T09:56:57.410+0800: 238.850: Total time for which application threads were stopped: 0.0105577 seconds, Stopping threads took: 0.0000511 seconds
         vmop                    [threads: total initially_running wait_to_block]    [time: spin block sync cleanup vmop] page_trap_count
238.850: RevokeBias                       [      31          0              2    ]      [     0    72    72     0     0    ]  0   
2017-11-17T09:56:57.483+0800: 238.922: Total time for which application threads were stopped: 0.0723716 seconds, Stopping threads took: 0.0721250 seconds
         vmop                    [threads: total initially_running wait_to_block]    [time: spin block sync cleanup vmop] page_trap_count
238.922: RevokeBias                       [      31          0              0    ]      [     0     0     0     0     0    ]  0   
2017-11-17T09:56:57.483+0800: 238.922: Total time for which application threads were stopped: 0.0001386 seconds, Stopping threads took: 0.0000682 seconds
         vmop                    [threads: total initially_running wait_to_block]    [time: spin block sync cleanup vmop] page_trap_count
238.922: RevokeBias                       [      31          2              1    ]      [     0     0     0     0     0    ]  1   
2017-11-17T09:56:57.483+0800: 238.923: Total time for which application threads were stopped: 0.0001695 seconds, Stopping threads took: 0.0000572 seconds
         vmop                    [threads: total initially_running wait_to_block]    [time: spin block sync cleanup vmop] page_trap_count
238.923: BulkRevokeBias                   [      31          1              2    ]      [     0     0     0     0     0    ]  0   
2017-11-17T09:56:57.484+0800: 238.923: Total time for which application threads were stopped: 0.0004225 seconds, Stopping threads took: 0.0001264 seconds
         vmop                    [threads: total initially_running wait_to_block]    [time: spin block sync cleanup vmop] page_trap_count
238.923: RevokeBias                       [      31          1              2    ]      [    16     0    16     0     0    ]  1   
2017-11-17T09:56:57.501+0800: 238.940: Total time for which application threads were stopped: 0.0171579 seconds, Stopping threads took: 0.0169377 seconds
 239.669: [G1Ergonomics (Concurrent Cycles) request concurrent cycle initiation, reason: occupancy higher than threshold, occupancy: 4076863488 bytes, allocation request: 437491632 bytes, threshold: 3038773230 bytes (45.00 %), source: concurrent humongous allocation]
 239.669: [G1Ergonomics (Concurrent Cycles) request concurrent cycle initiation, reason: requested by GC cause, GC cause: G1 Humongous Allocation]
 239.669: [G1Ergonomics (Concurrent Cycles) initiate concurrent cycle, reason: concurrent cycle initiation requested]
2017-11-17T09:56:58.230+0800: 239.669: [GC pause (G1 Humongous Allocation) (young) (initial-mark) 239.670: [G1Ergonomics (CSet Construction) start choosing CSet, _pending_cards: 17624, predicted base time: 29.57 ms, remaining time: 170.43 ms, target pause time: 200.00 ms]
 239.670: [G1Ergonomics (CSet Construction) add young regions to CSet, eden: 1 regions, survivors: 4 regions, predicted young region time: 0.48 ms]
 239.670: [G1Ergonomics (CSet Construction) finish choosing CSet, eden: 1 regions, survivors: 4 regions, old: 0 regions, predicted pause time: 30.05 ms, target pause time: 200.00 ms]
, 0.0090901 secs]
   [Parallel Time: 5.1 ms, GC Workers: 8]
      [GC Worker Start (ms): Min: 239670.1, Avg: 239670.3, Max: 239670.4, Diff: 0.3]
      [Ext Root Scanning (ms): Min: 1.3, Avg: 1.5, Max: 1.6, Diff: 0.3, Sum: 11.8]
      [Update RS (ms): Min: 2.1, Avg: 2.1, Max: 2.2, Diff: 0.2, Sum: 17.1]
         [Processed Buffers: Min: 7, Avg: 9.2, Max: 12, Diff: 5, Sum: 74]
      [Scan RS (ms): Min: 0.0, Avg: 0.0, Max: 0.1, Diff: 0.1, Sum: 0.2]
      [Code Root Scanning (ms): Min: 0.0, Avg: 0.0, Max: 0.3, Diff: 0.3, Sum: 0.3]
      [Object Copy (ms): Min: 0.5, Avg: 0.8, Max: 0.9, Diff: 0.4, Sum: 6.5]
      [Termination (ms): Min: 0.0, Avg: 0.0, Max: 0.0, Diff: 0.0, Sum: 0.0]
         [Termination Attempts: Min: 1, Avg: 1.0, Max: 1, Diff: 0, Sum: 8]
      [GC Worker Other (ms): Min: 0.0, Avg: 0.0, Max: 0.0, Diff: 0.0, Sum: 0.1]
      [GC Worker Total (ms): Min: 4.4, Avg: 4.5, Max: 4.7, Diff: 0.3, Sum: 36.2]
      [GC Worker End (ms): Min: 239674.8, Avg: 239674.8, Max: 239674.8, Diff: 0.0]
   [Code Root Fixup: 0.1 ms]
   [Code Root Purge: 0.0 ms]
   [Clear CT: 0.3 ms]
   [Other: 3.6 ms]
      [Choose CSet: 0.0 ms]
      [Ref Proc: 0.4 ms]
      [Ref Enq: 0.0 ms]
      [Redirty Cards: 0.3 ms]
      [Humongous Register: 0.2 ms]
      [Humongous Reclaim: 0.9 ms]
      [Free CSet: 0.2 ms]
   [Eden: 1024.0K(2304.0M)->0.0B(2179.0M) Survivors: 4096.0K->4096.0K Heap: 3814.1M(6440.0M)->3396.2M(6440.0M)]
 [Times: user=0.04 sys=0.00, real=0.01 secs] 
         vmop                    [threads: total initially_running wait_to_block]    [time: spin block sync cleanup vmop] page_trap_count
239.669: G1IncCollectionPause             [      31          0              0    ]      [     0     0     0     0     9    ]  0   
2017-11-17T09:56:58.239+0800: 239.678: [GC concurrent-root-region-scan-start]
2017-11-17T09:56:58.239+0800: 239.678: Total time for which application threads were stopped: 0.0095787 seconds, Stopping threads took: 0.0000593 seconds
2017-11-17T09:56:58.241+0800: 239.680: [GC concurrent-root-region-scan-end, 0.0020394 secs]
2017-11-17T09:56:58.241+0800: 239.680: [GC concurrent-mark-start]
2017-11-17T09:56:59.200+0800: 240.639: [GC concurrent-mark-end, 0.9589311 secs]
2017-11-17T09:56:59.200+0800: 240.640: [GC remark 2017-11-17T09:56:59.200+0800: 240.640: [Finalize Marking, 0.0104425 secs] 2017-11-17T09:56:59.211+0800: 240.650: [GC ref-proc, 0.0001935 secs] 2017-11-17T09:56:59.211+0800: 240.650: [Unloading, 0.0053173 secs], 0.0225904 secs]
 [Times: user=0.08 sys=0.00, real=0.02 secs] 
         vmop                    [threads: total initially_running wait_to_block]    [time: spin block sync cleanup vmop] page_trap_count
240.640: CGC_Operation                    [      31          0              0    ]      [     0     0     0     0    22    ]  0   
2017-11-17T09:56:59.223+0800: 240.662: Total time for which application threads were stopped: 0.0228714 seconds, Stopping threads took: 0.0000577 seconds
2017-11-17T09:56:59.223+0800: 240.663: [GC cleanup 4232M->4232M(6440M), 0.0033052 secs]
 [Times: user=0.02 sys=0.00, real=0.00 secs] 
         vmop                    [threads: total initially_running wait_to_block]    [time: spin block sync cleanup vmop] page_trap_count
240.663: CGC_Operation                    [      31          0              0    ]      [     0     0     0     0     3    ]  0   
2017-11-17T09:56:59.227+0800: 240.666: Total time for which application threads were stopped: 0.0035016 seconds, Stopping threads took: 0.0000404 seconds
 241.162: [G1Ergonomics (Concurrent Cycles) do not request concurrent cycle initiation, reason: still doing mixed collections, occupancy: 4515168256 bytes, allocation request: 437491632 bytes, threshold: 3038773230 bytes (45.00 %), source: concurrent humongous allocation]
         vmop                    [threads: total initially_running wait_to_block]    [time: spin block sync cleanup vmop] page_trap_count
241.666: no vm operation                  [      31          0              1    ]      [     0     0     0     0     0    ]  0   
2017-11-17T09:57:00.227+0800: 241.667: Total time for which application threads were stopped: 0.0003298 seconds, Stopping threads took: 0.0001184 seconds
 241.883: [G1Ergonomics (Concurrent Cycles) do not request concurrent cycle initiation, reason: still doing mixed collections, occupancy: 4953473024 bytes, allocation request: 437491632 bytes, threshold: 3038773230 bytes (45.00 %), source: concurrent humongous allocation]
 242.868: [G1Ergonomics (Concurrent Cycles) do not request concurrent cycle initiation, reason: still doing mixed collections, occupancy: 5391777792 bytes, allocation request: 437491632 bytes, threshold: 3038773230 bytes (45.00 %), source: concurrent humongous allocation]
 243.716: [G1Ergonomics (Concurrent Cycles) do not request concurrent cycle initiation, reason: still doing mixed collections, occupancy: 5830082560 bytes, allocation request: 437491632 bytes, threshold: 3038773230 bytes (45.00 %), source: concurrent humongous allocation]
 244.429: [G1Ergonomics (Concurrent Cycles) do not request concurrent cycle initiation, reason: still doing mixed collections, occupancy: 6268387328 bytes, allocation request: 437491632 bytes, threshold: 3038773230 bytes (45.00 %), source: concurrent humongous allocation]
2017-11-17T09:57:02.990+0800: 244.430: [GC pause (G1 Humongous Allocation) (young) 244.439: [G1Ergonomics (CSet Construction) start choosing CSet, _pending_cards: 873544, predicted base time: 289.43 ms, remaining time: 0.00 ms, target pause time: 200.00 ms]
 244.439: [G1Ergonomics (CSet Construction) add young regions to CSet, eden: 3 regions, survivors: 4 regions, predicted young region time: 0.57 ms]
 244.439: [G1Ergonomics (CSet Construction) finish choosing CSet, eden: 3 regions, survivors: 4 regions, old: 0 regions, predicted pause time: 290.00 ms, target pause time: 200.00 ms]
 244.586: [G1Ergonomics (Concurrent Cycles) do not request concurrent cycle initiation, reason: still doing mixed collections, occupancy: 3197108224 bytes, allocation request: 0 bytes, threshold: 3038773230 bytes (45.00 %), source: end of GC]
 244.586: [G1Ergonomics (Mixed GCs) do not start mixed GCs, reason: reclaimable percentage not over threshold, candidate old regions: 78 regions, reclaimable: 37537840 bytes (0.56 %), threshold: 5.00 %]
, 0.1566839 secs]
   [Parallel Time: 141.2 ms, GC Workers: 8]
      [GC Worker Start (ms): Min: 244438.9, Avg: 244439.0, Max: 244439.1, Diff: 0.2]
      [Ext Root Scanning (ms): Min: 0.4, Avg: 0.7, Max: 1.5, Diff: 1.1, Sum: 5.2]
      [Update RS (ms): Min: 138.3, Avg: 139.0, Max: 139.2, Diff: 0.9, Sum: 1112.3]
         [Processed Buffers: Min: 361, Avg: 427.6, Max: 588, Diff: 227, Sum: 3421]
      [Scan RS (ms): Min: 0.0, Avg: 0.0, Max: 0.1, Diff: 0.1, Sum: 0.2]
      [Code Root Scanning (ms): Min: 0.0, Avg: 0.1, Max: 0.3, Diff: 0.3, Sum: 0.5]
      [Object Copy (ms): Min: 0.7, Avg: 1.0, Max: 1.1, Diff: 0.3, Sum: 7.8]
      [Termination (ms): Min: 0.0, Avg: 0.0, Max: 0.0, Diff: 0.0, Sum: 0.0]
         [Termination Attempts: Min: 1, Avg: 4.5, Max: 7, Diff: 6, Sum: 36]
      [GC Worker Other (ms): Min: 0.0, Avg: 0.0, Max: 0.0, Diff: 0.0, Sum: 0.1]
      [GC Worker Total (ms): Min: 140.7, Avg: 140.8, Max: 140.9, Diff: 0.2, Sum: 1126.1]
      [GC Worker End (ms): Min: 244579.8, Avg: 244579.8, Max: 244579.8, Diff: 0.0]
   [Code Root Fixup: 0.1 ms]
   [Code Root Purge: 0.0 ms]
   [Clear CT: 0.4 ms]
   [Other: 14.9 ms]
      [Choose CSet: 0.0 ms]
      [Ref Proc: 0.2 ms]
      [Ref Enq: 0.0 ms]
      [Redirty Cards: 0.3 ms]
      [Humongous Register: 0.3 ms]
      [Humongous Reclaim: 4.9 ms]
      [Free CSet: 0.2 ms]
   [Eden: 3072.0K(2179.0M)->0.0B(1843.0M) Survivors: 4096.0K->3072.0K Heap: 5902.5M(6440.0M)->2976.4M(6440.0M)]
 [Times: user=1.14 sys=0.00, real=0.16 secs] 
 244.587: [G1Ergonomics (Concurrent Cycles) request concurrent cycle initiation, reason: occupancy higher than threshold, occupancy: 3635412992 bytes, allocation request: 0 bytes, threshold: 3038773230 bytes (45.00 %), source: STW humongous allocation]
         vmop                    [threads: total initially_running wait_to_block]    [time: spin block sync cleanup vmop] page_trap_count
244.429: G1IncCollectionPause             [      31          0              1    ]      [     0     0     0     0   157    ]  0   
2017-11-17T09:57:03.147+0800: 244.587: Total time for which application threads were stopped: 0.1575740 seconds, Stopping threads took: 0.0001055 seconds
         vmop                    [threads: total initially_running wait_to_block]    [time: spin block sync cleanup vmop] page_trap_count
245.226: RevokeBias                       [      31          0              0    ]      [     0     0     0     0     0    ]  0   
2017-11-17T09:57:03.787+0800: 245.226: Total time for which application threads were stopped: 0.0002659 seconds, Stopping threads took: 0.0000792 seconds
         vmop                    [threads: total initially_running wait_to_block]    [time: spin block sync cleanup vmop] page_trap_count
245.228: RevokeBias                       [      31          0              1    ]      [     0     0     0     0     0    ]  0   
2017-11-17T09:57:03.789+0800: 245.228: Total time for which application threads were stopped: 0.0002016 seconds, Stopping threads took: 0.0000751 seconds
 245.369: [G1Ergonomics (Concurrent Cycles) request concurrent cycle initiation, reason: occupancy higher than threshold, occupancy: 3635412992 bytes, allocation request: 437491632 bytes, threshold: 3038773230 bytes (45.00 %), source: concurrent humongous allocation]
 245.369: [G1Ergonomics (Concurrent Cycles) request concurrent cycle initiation, reason: requested by GC cause, GC cause: G1 Humongous Allocation]
 245.369: [G1Ergonomics (Concurrent Cycles) initiate concurrent cycle, reason: concurrent cycle initiation requested]
2017-11-17T09:57:03.930+0800: 245.369: [GC pause (G1 Humongous Allocation) (young) (initial-mark) 245.370: [G1Ergonomics (CSet Construction) start choosing CSet, _pending_cards: 17116, predicted base time: 21.41 ms, remaining time: 178.59 ms, target pause time: 200.00 ms]
 245.370: [G1Ergonomics (CSet Construction) add young regions to CSet, eden: 1 regions, survivors: 3 regions, predicted young region time: 0.35 ms]
 245.370: [G1Ergonomics (CSet Construction) finish choosing CSet, eden: 1 regions, survivors: 3 regions, old: 0 regions, predicted pause time: 21.77 ms, target pause time: 200.00 ms]
, 0.0086324 secs]
   [Parallel Time: 4.8 ms, GC Workers: 8]
      [GC Worker Start (ms): Min: 245370.4, Avg: 245370.5, Max: 245370.6, Diff: 0.2]
      [Ext Root Scanning (ms): Min: 1.1, Avg: 1.3, Max: 1.5, Diff: 0.4, Sum: 10.4]
      [Update RS (ms): Min: 2.2, Avg: 2.2, Max: 2.3, Diff: 0.2, Sum: 18.0]
         [Processed Buffers: Min: 8, Avg: 9.1, Max: 11, Diff: 3, Sum: 73]
      [Scan RS (ms): Min: 0.0, Avg: 0.0, Max: 0.0, Diff: 0.0, Sum: 0.1]
      [Code Root Scanning (ms): Min: 0.0, Avg: 0.0, Max: 0.3, Diff: 0.3, Sum: 0.4]
      [Object Copy (ms): Min: 0.4, Avg: 0.7, Max: 0.8, Diff: 0.4, Sum: 5.5]
      [Termination (ms): Min: 0.0, Avg: 0.0, Max: 0.0, Diff: 0.0, Sum: 0.0]
         [Termination Attempts: Min: 1, Avg: 1.0, Max: 1, Diff: 0, Sum: 8]
      [GC Worker Other (ms): Min: 0.0, Avg: 0.0, Max: 0.0, Diff: 0.0, Sum: 0.2]
      [GC Worker Total (ms): Min: 4.2, Avg: 4.3, Max: 4.4, Diff: 0.2, Sum: 34.5]
      [GC Worker End (ms): Min: 245374.8, Avg: 245374.8, Max: 245374.8, Diff: 0.0]
   [Code Root Fixup: 0.1 ms]
   [Code Root Purge: 0.0 ms]
   [Clear CT: 0.3 ms]
   [Other: 3.4 ms]
      [Choose CSet: 0.0 ms]
      [Ref Proc: 0.3 ms]
      [Ref Enq: 0.0 ms]
      [Redirty Cards: 0.3 ms]
      [Humongous Register: 0.1 ms]
      [Humongous Reclaim: 0.9 ms]
      [Free CSet: 0.2 ms]
   [Eden: 1024.0K(1843.0M)->0.0B(2464.0M) Survivors: 3072.0K->4096.0K Heap: 3394.3M(6440.0M)->2976.8M(6440.0M)]
 [Times: user=0.04 sys=0.00, real=0.01 secs] 
         vmop                    [threads: total initially_running wait_to_block]    [time: spin block sync cleanup vmop] page_trap_count
245.369: G1IncCollectionPause             [      31          0              0    ]      [     0     0     0     0     8    ]  0   
2017-11-17T09:57:03.939+0800: 245.378: [GC concurrent-root-region-scan-start]
2017-11-17T09:57:03.939+0800: 245.378: Total time for which application threads were stopped: 0.0090610 seconds, Stopping threads took: 0.0000528 seconds
2017-11-17T09:57:03.941+0800: 245.380: [GC concurrent-root-region-scan-end, 0.0020408 secs]
2017-11-17T09:57:03.941+0800: 245.380: [GC concurrent-mark-start]
2017-11-17T09:57:04.968+0800: 246.408: [GC concurrent-mark-end, 1.0276525 secs]
2017-11-17T09:57:04.969+0800: 246.408: [GC remark 2017-11-17T09:57:04.969+0800: 246.408: [Finalize Marking, 0.0099397 secs] 2017-11-17T09:57:04.979+0800: 246.418: [GC ref-proc, 0.0001689 secs] 2017-11-17T09:57:04.979+0800: 246.418: [Unloading, 0.0050785 secs], 0.0212758 secs]
 [Times: user=0.09 sys=0.00, real=0.02 secs] 
         vmop                    [threads: total initially_running wait_to_block]    [time: spin block sync cleanup vmop] page_trap_count
246.408: CGC_Operation                    [      31          0              0    ]      [     0     0     0     0    21    ]  0   
2017-11-17T09:57:04.990+0800: 246.430: Total time for which application threads were stopped: 0.0215415 seconds, Stopping threads took: 0.0000654 seconds
2017-11-17T09:57:04.990+0800: 246.430: [GC cleanup 3811M->3811M(6440M), 0.0040431 secs]
 [Times: user=0.02 sys=0.00, real=0.01 secs] 
         vmop                    [threads: total initially_running wait_to_block]    [time: spin block sync cleanup vmop] page_trap_count
246.430: CGC_Operation                    [      31          0              0    ]      [     0     0     0     0     4    ]  0   
2017-11-17T09:57:04.994+0800: 246.434: Total time for which application threads were stopped: 0.0043013 seconds, Stopping threads took: 0.0001088 seconds
 246.923: [G1Ergonomics (Concurrent Cycles) do not request concurrent cycle initiation, reason: still doing mixed collections, occupancy: 4073717760 bytes, allocation request: 437491632 bytes, threshold: 3038773230 bytes (45.00 %), source: concurrent humongous allocation]
         vmop                    [threads: total initially_running wait_to_block]    [time: spin block sync cleanup vmop] page_trap_count
247.726: RevokeBias                       [      31          0              0    ]      [     0     0     0     0     0    ]  0   
2017-11-17T09:57:06.287+0800: 247.727: Total time for which application threads were stopped: 0.0002352 seconds, Stopping threads took: 0.0001052 seconds
 247.734: [G1Ergonomics (Concurrent Cycles) do not request concurrent cycle initiation, reason: still doing mixed collections, occupancy: 4512022528 bytes, allocation request: 659984 bytes, threshold: 3038773230 bytes (45.00 %), source: concurrent humongous allocation]
 247.735: [G1Ergonomics (Concurrent Cycles) do not request concurrent cycle initiation, reason: still doing mixed collections, occupancy: 4513071104 bytes, allocation request: 1319952 bytes, threshold: 3038773230 bytes (45.00 %), source: concurrent humongous allocation]
 247.737: [G1Ergonomics (Concurrent Cycles) do not request concurrent cycle initiation, reason: still doing mixed collections, occupancy: 4515168256 bytes, allocation request: 2639888 bytes, threshold: 3038773230 bytes (45.00 %), source: concurrent humongous allocation]
 247.740: [G1Ergonomics (Concurrent Cycles) do not request concurrent cycle initiation, reason: still doing mixed collections, occupancy: 4518313984 bytes, allocation request: 5279760 bytes, threshold: 3038773230 bytes (45.00 %), source: concurrent humongous allocation]
 247.744: [G1Ergonomics (Concurrent Cycles) do not request concurrent cycle initiation, reason: still doing mixed collections, occupancy: 4524605440 bytes, allocation request: 10559504 bytes, threshold: 3038773230 bytes (45.00 %), source: concurrent humongous allocation]
 247.754: [G1Ergonomics (Concurrent Cycles) do not request concurrent cycle initiation, reason: still doing mixed collections, occupancy: 4536139776 bytes, allocation request: 21118992 bytes, threshold: 3038773230 bytes (45.00 %), source: concurrent humongous allocation]
 247.773: [G1Ergonomics (Concurrent Cycles) do not request concurrent cycle initiation, reason: still doing mixed collections, occupancy: 4558159872 bytes, allocation request: 42237968 bytes, threshold: 3038773230 bytes (45.00 %), source: concurrent humongous allocation]
 247.811: [G1Ergonomics (Concurrent Cycles) do not request concurrent cycle initiation, reason: still doing mixed collections, occupancy: 4601151488 bytes, allocation request: 84475920 bytes, threshold: 3038773230 bytes (45.00 %), source: concurrent humongous allocation]
 247.888: [G1Ergonomics (Concurrent Cycles) do not request concurrent cycle initiation, reason: still doing mixed collections, occupancy: 4686086144 bytes, allocation request: 168951824 bytes, threshold: 3038773230 bytes (45.00 %), source: concurrent humongous allocation]
 248.051: [G1Ergonomics (Concurrent Cycles) do not request concurrent cycle initiation, reason: still doing mixed collections, occupancy: 4855955456 bytes, allocation request: 337903632 bytes, threshold: 3038773230 bytes (45.00 %), source: concurrent humongous allocation]
 248.389: [G1Ergonomics (Concurrent Cycles) do not request concurrent cycle initiation, reason: still doing mixed collections, occupancy: 5194645504 bytes, allocation request: 675807248 bytes, threshold: 3038773230 bytes (45.00 %), source: concurrent humongous allocation]
2017-11-17T09:57:06.951+0800: 248.390: [GC pause (G1 Humongous Allocation) (young) 248.397: [G1Ergonomics (CSet Construction) start choosing CSet, _pending_cards: 678564, predicted base time: 184.24 ms, remaining time: 15.76 ms, target pause time: 200.00 ms]
 248.397: [G1Ergonomics (CSet Construction) add young regions to CSet, eden: 2 regions, survivors: 4 regions, predicted young region time: 0.42 ms]
 248.397: [G1Ergonomics (CSet Construction) finish choosing CSet, eden: 2 regions, survivors: 4 regions, old: 0 regions, predicted pause time: 184.66 ms, target pause time: 200.00 ms]
 248.501: [G1Ergonomics (Concurrent Cycles) do not request concurrent cycle initiation, reason: still doing mixed collections, occupancy: 3097493504 bytes, allocation request: 0 bytes, threshold: 3038773230 bytes (45.00 %), source: end of GC]
 248.502: [G1Ergonomics (Mixed GCs) do not start mixed GCs, reason: reclaimable percentage not over threshold, candidate old regions: 78 regions, reclaimable: 37537840 bytes (0.56 %), threshold: 5.00 %]
, 0.1115535 secs]
   [Parallel Time: 99.0 ms, GC Workers: 8]
      [GC Worker Start (ms): Min: 248397.7, Avg: 248397.8, Max: 248398.0, Diff: 0.2]
      [Ext Root Scanning (ms): Min: 0.5, Avg: 0.7, Max: 1.3, Diff: 0.8, Sum: 5.4]
      [Update RS (ms): Min: 96.5, Avg: 96.9, Max: 97.0, Diff: 0.5, Sum: 775.0]
         [Processed Buffers: Min: 265, Avg: 331.9, Max: 441, Diff: 176, Sum: 2655]
      [Scan RS (ms): Min: 0.0, Avg: 0.0, Max: 0.0, Diff: 0.0, Sum: 0.1]
      [Code Root Scanning (ms): Min: 0.0, Avg: 0.1, Max: 0.3, Diff: 0.3, Sum: 0.5]
      [Object Copy (ms): Min: 0.8, Avg: 1.0, Max: 1.0, Diff: 0.2, Sum: 7.7]
      [Termination (ms): Min: 0.0, Avg: 0.0, Max: 0.0, Diff: 0.0, Sum: 0.0]
         [Termination Attempts: Min: 1, Avg: 2.6, Max: 4, Diff: 3, Sum: 21]
      [GC Worker Other (ms): Min: 0.0, Avg: 0.0, Max: 0.1, Diff: 0.1, Sum: 0.2]
      [GC Worker Total (ms): Min: 98.5, Avg: 98.6, Max: 98.7, Diff: 0.2, Sum: 788.9]
      [GC Worker End (ms): Min: 248496.4, Avg: 248496.5, Max: 248496.5, Diff: 0.1]
   [Code Root Fixup: 0.1 ms]
   [Code Root Purge: 0.0 ms]
   [Clear CT: 0.4 ms]
   [Other: 12.1 ms]
      [Choose CSet: 0.0 ms]
      [Ref Proc: 0.3 ms]
      [Ref Enq: 0.0 ms]
      [Redirty Cards: 0.3 ms]
      [Humongous Register: 0.3 ms]
      [Humongous Reclaim: 3.4 ms]
      [Free CSet: 0.2 ms]
   [Eden: 2048.0K(2464.0M)->0.0B(1829.0M) Survivors: 4096.0K->3072.0K Heap: 4874.1M(6440.0M)->2881.4M(6440.0M)]
 [Times: user=0.81 sys=0.00, real=0.12 secs] 
 248.502: [G1Ergonomics (Concurrent Cycles) request concurrent cycle initiation, reason: occupancy higher than threshold, occupancy: 3773825024 bytes, allocation request: 0 bytes, threshold: 3038773230 bytes (45.00 %), source: STW humongous allocation]
         vmop                    [threads: total initially_running wait_to_block]    [time: spin block sync cleanup vmop] page_trap_count
248.390: G1IncCollectionPause             [      31          0              0    ]      [     0     0     0     0   112    ]  0   
2017-11-17T09:57:07.063+0800: 248.502: Total time for which application threads were stopped: 0.1124868 seconds, Stopping threads took: 0.0000466 seconds
 248.989: [G1Ergonomics (Concurrent Cycles) request concurrent cycle initiation, reason: occupancy higher than threshold, occupancy: 3773825024 bytes, allocation request: 559632 bytes, threshold: 3038773230 bytes (45.00 %), source: concurrent humongous allocation]
 248.990: [G1Ergonomics (Concurrent Cycles) request concurrent cycle initiation, reason: requested by GC cause, GC cause: G1 Humongous Allocation]
 248.990: [G1Ergonomics (Concurrent Cycles) initiate concurrent cycle, reason: concurrent cycle initiation requested]
2017-11-17T09:57:07.550+0800: 248.990: [GC pause (G1 Humongous Allocation) (young) (initial-mark) 248.990: [G1Ergonomics (CSet Construction) start choosing CSet, _pending_cards: 94978, predicted base time: 34.20 ms, remaining time: 165.80 ms, target pause time: 200.00 ms]
 248.990: [G1Ergonomics (CSet Construction) add young regions to CSet, eden: 1 regions, survivors: 3 regions, predicted young region time: 0.30 ms]
 248.990: [G1Ergonomics (CSet Construction) finish choosing CSet, eden: 1 regions, survivors: 3 regions, old: 0 regions, predicted pause time: 34.50 ms, target pause time: 200.00 ms]
, 0.0164100 secs]
   [Parallel Time: 12.8 ms, GC Workers: 8]
      [GC Worker Start (ms): Min: 248990.7, Avg: 248990.8, Max: 248990.9, Diff: 0.2]
      [Ext Root Scanning (ms): Min: 1.2, Avg: 1.3, Max: 1.5, Diff: 0.4, Sum: 10.7]
      [Update RS (ms): Min: 10.3, Avg: 10.5, Max: 10.6, Diff: 0.2, Sum: 83.8]
         [Processed Buffers: Min: 40, Avg: 46.9, Max: 50, Diff: 10, Sum: 375]
      [Scan RS (ms): Min: 0.0, Avg: 0.0, Max: 0.0, Diff: 0.0, Sum: 0.0]
      [Code Root Scanning (ms): Min: 0.0, Avg: 0.1, Max: 0.2, Diff: 0.2, Sum: 0.4]
      [Object Copy (ms): Min: 0.5, Avg: 0.7, Max: 0.8, Diff: 0.3, Sum: 5.9]
      [Termination (ms): Min: 0.0, Avg: 0.0, Max: 0.0, Diff: 0.0, Sum: 0.0]
         [Termination Attempts: Min: 1, Avg: 1.0, Max: 1, Diff: 0, Sum: 8]
      [GC Worker Other (ms): Min: 0.0, Avg: 0.0, Max: 0.0, Diff: 0.0, Sum: 0.1]
      [GC Worker Total (ms): Min: 12.5, Avg: 12.6, Max: 12.7, Diff: 0.2, Sum: 101.0]
      [GC Worker End (ms): Min: 249003.4, Avg: 249003.4, Max: 249003.4, Diff: 0.0]
   [Code Root Fixup: 0.1 ms]
   [Code Root Purge: 0.0 ms]
   [Clear CT: 0.3 ms]
   [Other: 3.2 ms]
      [Choose CSet: 0.0 ms]
      [Ref Proc: 0.4 ms]
      [Ref Enq: 0.0 ms]
      [Redirty Cards: 0.3 ms]
      [Humongous Register: 0.2 ms]
      [Humongous Reclaim: 0.7 ms]
      [Free CSet: 0.2 ms]
   [Eden: 1024.0K(1829.0M)->0.0B(2126.0M) Survivors: 3072.0K->4096.0K Heap: 3526.7M(6440.0M)->3203.9M(6440.0M)]
 [Times: user=0.11 sys=0.00, real=0.02 secs] 
         vmop                    [threads: total initially_running wait_to_block]    [time: spin block sync cleanup vmop] page_trap_count
248.989: G1IncCollectionPause             [      31          0              0    ]      [     0     0     0     0    16    ]  0   
2017-11-17T09:57:07.567+0800: 249.006: [GC concurrent-root-region-scan-start]
2017-11-17T09:57:07.567+0800: 249.006: Total time for which application threads were stopped: 0.0168441 seconds, Stopping threads took: 0.0000701 seconds
2017-11-17T09:57:07.568+0800: 249.008: [GC concurrent-root-region-scan-end, 0.0013447 secs]
2017-11-17T09:57:07.568+0800: 249.008: [GC concurrent-mark-start]
2017-11-17T09:57:08.437+0800: 249.877: [GC concurrent-mark-end, 0.8692878 secs]
2017-11-17T09:57:08.438+0800: 249.877: [GC remark 2017-11-17T09:57:08.438+0800: 249.877: [Finalize Marking, 0.0125173 secs] 2017-11-17T09:57:08.450+0800: 249.890: [GC ref-proc, 0.0001724 secs] 2017-11-17T09:57:08.450+0800: 249.890: [Unloading, 0.0052249 secs], 0.0283862 secs]
 [Times: user=0.09 sys=0.00, real=0.03 secs] 
         vmop                    [threads: total initially_running wait_to_block]    [time: spin block sync cleanup vmop] page_trap_count
249.877: CGC_Operation                    [      31          0              0    ]      [     0     0     0     0    28    ]  0   
2017-11-17T09:57:08.466+0800: 249.906: Total time for which application threads were stopped: 0.0286606 seconds, Stopping threads took: 0.0000733 seconds
2017-11-17T09:57:08.467+0800: 249.906: [GC cleanup 4296M->4296M(6440M), 0.0041288 secs]
 [Times: user=0.02 sys=0.00, real=0.00 secs] 
         vmop                    [threads: total initially_running wait_to_block]    [time: spin block sync cleanup vmop] page_trap_count
249.906: CGC_Operation                    [      31          0              0    ]      [     0     0     0     0     4    ]  0   
2017-11-17T09:57:08.471+0800: 249.910: Total time for which application threads were stopped: 0.0043084 seconds, Stopping threads took: 0.0000502 seconds
         vmop                    [threads: total initially_running wait_to_block]    [time: spin block sync cleanup vmop] page_trap_count
260.911: no vm operation                  [      31          0              0    ]      [     0     0     0     0     0    ]  0   
2017-11-17T09:57:19.472+0800: 260.911: Total time for which application threads were stopped: 0.0002106 seconds, Stopping threads took: 0.0000587 seconds
         vmop                    [threads: total initially_running wait_to_block]    [time: spin block sync cleanup vmop] page_trap_count
261.912: no vm operation                  [      31          0              0    ]      [     0     0     0     0     0    ]  0   
2017-11-17T09:57:20.472+0800: 261.912: Total time for which application threads were stopped: 0.0002296 seconds, Stopping threads took: 0.0000545 seconds
         vmop                    [threads: total initially_running wait_to_block]    [time: spin block sync cleanup vmop] page_trap_count
268.912: no vm operation                  [      31          0              0    ]      [     0     0     0     0     0    ]  0   
2017-11-17T09:57:27.473+0800: 268.913: Total time for which application threads were stopped: 0.0001870 seconds, Stopping threads took: 0.0000589 seconds
         vmop                    [threads: total initially_running wait_to_block]    [time: spin block sync cleanup vmop] page_trap_count
286.914: no vm operation                  [      33          0              0    ]      [     0     0     0     0     0    ]  0   
2017-11-17T09:57:45.475+0800: 286.914: Total time for which application threads were stopped: 0.0001883 seconds, Stopping threads took: 0.0000378 seconds
 291.675: [G1Ergonomics (Concurrent Cycles) do not request concurrent cycle initiation, reason: still doing mixed collections, occupancy: 4588568576 bytes, allocation request: 2140456 bytes, threshold: 3038773230 bytes (45.00 %), source: concurrent humongous allocation]
 291.676: [G1Ergonomics (Concurrent Cycles) do not request concurrent cycle initiation, reason: still doing mixed collections, occupancy: 4591714304 bytes, allocation request: 2140456 bytes, threshold: 3038773230 bytes (45.00 %), source: concurrent humongous allocation]
 291.685: [G1Ergonomics (Concurrent Cycles) do not request concurrent cycle initiation, reason: still doing mixed collections, occupancy: 4594860032 bytes, allocation request: 437499240 bytes, threshold: 3038773230 bytes (45.00 %), source: concurrent humongous allocation]
         vmop                    [threads: total initially_running wait_to_block]    [time: spin block sync cleanup vmop] page_trap_count
291.915: no vm operation                  [      33          0              0    ]      [     0     0     0     0     0    ]  0   
2017-11-17T09:57:50.475+0800: 291.915: Total time for which application threads were stopped: 0.0002336 seconds, Stopping threads took: 0.0000664 seconds
 292.413: [G1Ergonomics (Concurrent Cycles) do not request concurrent cycle initiation, reason: still doing mixed collections, occupancy: 5033164800 bytes, allocation request: 437491632 bytes, threshold: 3038773230 bytes (45.00 %), source: concurrent humongous allocation]
 292.842: [G1Ergonomics (Concurrent Cycles) do not request concurrent cycle initiation, reason: still doing mixed collections, occupancy: 5471469568 bytes, allocation request: 4194320 bytes, threshold: 3038773230 bytes (45.00 %), source: concurrent humongous allocation]
 292.843: [G1Ergonomics (Concurrent Cycles) do not request concurrent cycle initiation, reason: still doing mixed collections, occupancy: 5476712448 bytes, allocation request: 4194320 bytes, threshold: 3038773230 bytes (45.00 %), source: concurrent humongous allocation]
         vmop                    [threads: total initially_running wait_to_block]    [time: spin block sync cleanup vmop] page_trap_count
292.858: RevokeBias                       [      33          0              0    ]      [     0     0     0     0     0    ]  0   
2017-11-17T09:57:51.419+0800: 292.859: Total time for which application threads were stopped: 0.0003109 seconds, Stopping threads took: 0.0000443 seconds
 292.880: [G1Ergonomics (Concurrent Cycles) do not request concurrent cycle initiation, reason: still doing mixed collections, occupancy: 5481955328 bytes, allocation request: 4194320 bytes, threshold: 3038773230 bytes (45.00 %), source: concurrent humongous allocation]
 292.882: [G1Ergonomics (Concurrent Cycles) do not request concurrent cycle initiation, reason: still doing mixed collections, occupancy: 5487198208 bytes, allocation request: 4194320 bytes, threshold: 3038773230 bytes (45.00 %), source: concurrent humongous allocation]
         vmop                    [threads: total initially_running wait_to_block]    [time: spin block sync cleanup vmop] page_trap_count
292.979: RevokeBias                       [      33          0              0    ]      [     0     0     1     0     0    ]  0   
2017-11-17T09:57:51.541+0800: 292.981: Total time for which application threads were stopped: 0.0002410 seconds, Stopping threads took: 0.0000356 seconds
         vmop                    [threads: total initially_running wait_to_block]    [time: spin block sync cleanup vmop] page_trap_count
292.982: RevokeBias                       [      33          0              0    ]      [     0     0     0     0     0    ]  0   
2017-11-17T09:57:51.543+0800: 292.982: Total time for which application threads were stopped: 0.0001820 seconds, Stopping threads took: 0.0000327 seconds
 293.686: [G1Ergonomics (Concurrent Cycles) do not request concurrent cycle initiation, reason: still doing mixed collections, occupancy: 5492441088 bytes, allocation request: 4194320 bytes, threshold: 3038773230 bytes (45.00 %), source: concurrent humongous allocation]
 293.687: [G1Ergonomics (Concurrent Cycles) do not request concurrent cycle initiation, reason: still doing mixed collections, occupancy: 5497683968 bytes, allocation request: 4194320 bytes, threshold: 3038773230 bytes (45.00 %), source: concurrent humongous allocation]
         vmop                    [threads: total initially_running wait_to_block]    [time: spin block sync cleanup vmop] page_trap_count
293.698: RevokeBias                       [      33          0              0    ]      [     0     0     0     0     0    ]  0   
2017-11-17T09:57:52.259+0800: 293.698: Total time for which application threads were stopped: 0.0003072 seconds, Stopping threads took: 0.0000531 seconds
         vmop                    [threads: total initially_running wait_to_block]    [time: spin block sync cleanup vmop] page_trap_count
293.698: RevokeBias                       [      33          0              0    ]      [     0     0     0     0     0    ]  0   
2017-11-17T09:57:52.259+0800: 293.699: Total time for which application threads were stopped: 0.0001769 seconds, Stopping threads took: 0.0000242 seconds
         vmop                    [threads: total initially_running wait_to_block]    [time: spin block sync cleanup vmop] page_trap_count
293.699: RevokeBias                       [      33          0              0    ]      [     0     0     0     0     0    ]  0   
2017-11-17T09:57:52.259+0800: 293.699: Total time for which application threads were stopped: 0.0001357 seconds, Stopping threads took: 0.0000257 seconds
         vmop                    [threads: total initially_running wait_to_block]    [time: spin block sync cleanup vmop] page_trap_count
293.699: RevokeBias                       [      33          0              0    ]      [     0     0     0     0     0    ]  0   
2017-11-17T09:57:52.260+0800: 293.699: Total time for which application threads were stopped: 0.0001629 seconds, Stopping threads took: 0.0000266 seconds
         vmop                    [threads: total initially_running wait_to_block]    [time: spin block sync cleanup vmop] page_trap_count
293.699: RevokeBias                       [      33          0              0    ]      [     0     0     0     0     0    ]  0   
2017-11-17T09:57:52.260+0800: 293.699: Total time for which application threads were stopped: 0.0001472 seconds, Stopping threads took: 0.0000255 seconds
         vmop                    [threads: total initially_running wait_to_block]    [time: spin block sync cleanup vmop] page_trap_count
293.699: RevokeBias                       [      33          0              0    ]      [     0     0     0     0     0    ]  0   
2017-11-17T09:57:52.260+0800: 293.700: Total time for which application threads were stopped: 0.0001648 seconds, Stopping threads took: 0.0000245 seconds
         vmop                    [threads: total initially_running wait_to_block]    [time: spin block sync cleanup vmop] page_trap_count
293.700: RevokeBias                       [      33          0              0    ]      [     0     0     0     0     0    ]  0   
2017-11-17T09:57:52.260+0800: 293.700: Total time for which application threads were stopped: 0.0001409 seconds, Stopping threads took: 0.0000242 seconds
         vmop                    [threads: total initially_running wait_to_block]    [time: spin block sync cleanup vmop] page_trap_count
293.700: RevokeBias                       [      33          0              1    ]      [     0     0     0     0     0    ]  0   
2017-11-17T09:57:52.261+0800: 293.700: Total time for which application threads were stopped: 0.0001577 seconds, Stopping threads took: 0.0000464 seconds
 293.747: [G1Ergonomics (Concurrent Cycles) do not request concurrent cycle initiation, reason: still doing mixed collections, occupancy: 5502926848 bytes, allocation request: 4194320 bytes, threshold: 3038773230 bytes (45.00 %), source: concurrent humongous allocation]
 293.748: [G1Ergonomics (Concurrent Cycles) do not request concurrent cycle initiation, reason: still doing mixed collections, occupancy: 5508169728 bytes, allocation request: 4194320 bytes, threshold: 3038773230 bytes (45.00 %), source: concurrent humongous allocation]
         vmop                    [threads: total initially_running wait_to_block]    [time: spin block sync cleanup vmop] page_trap_count
293.761: RevokeBias                       [      33          0              0    ]      [     0     0     0     0     0    ]  0   
2017-11-17T09:57:52.321+0800: 293.761: Total time for which application threads were stopped: 0.0002855 seconds, Stopping threads took: 0.0000413 seconds
         vmop                    [threads: total initially_running wait_to_block]    [time: spin block sync cleanup vmop] page_trap_count
293.761: RevokeBias                       [      33          0              0    ]      [     0     0     0     0     0    ]  0   
2017-11-17T09:57:52.322+0800: 293.761: Total time for which application threads were stopped: 0.0001315 seconds, Stopping threads took: 0.0000123 seconds
 293.767: [G1Ergonomics (Concurrent Cycles) do not request concurrent cycle initiation, reason: still doing mixed collections, occupancy: 5513412608 bytes, allocation request: 4194320 bytes, threshold: 3038773230 bytes (45.00 %), source: concurrent humongous allocation]
 293.767: [G1Ergonomics (Concurrent Cycles) do not request concurrent cycle initiation, reason: still doing mixed collections, occupancy: 5518655488 bytes, allocation request: 4194320 bytes, threshold: 3038773230 bytes (45.00 %), source: concurrent humongous allocation]
         vmop                    [threads: total initially_running wait_to_block]    [time: spin block sync cleanup vmop] page_trap_count
293.799: RevokeBias                       [      33          0              0    ]      [     0     0     0     0     0    ]  0   
2017-11-17T09:57:52.360+0800: 293.799: Total time for which application threads were stopped: 0.0002735 seconds, Stopping threads took: 0.0000359 seconds
         vmop                    [threads: total initially_running wait_to_block]    [time: spin block sync cleanup vmop] page_trap_count
293.799: RevokeBias                       [      33          0              0    ]      [     0     0     0     0     0    ]  0   
2017-11-17T09:57:52.360+0800: 293.799: Total time for which application threads were stopped: 0.0001658 seconds, Stopping threads took: 0.0000370 seconds
         vmop                    [threads: total initially_running wait_to_block]    [time: spin block sync cleanup vmop] page_trap_count
293.800: RevokeBias                       [      33          0              0    ]      [     0     0     0     0     0    ]  0   
2017-11-17T09:57:52.360+0800: 293.800: Total time for which application threads were stopped: 0.0001727 seconds, Stopping threads took: 0.0000274 seconds
         vmop                    [threads: total initially_running wait_to_block]    [time: spin block sync cleanup vmop] page_trap_count
293.800: RevokeBias                       [      33          0              0    ]      [     0     0     0     0     0    ]  0   
2017-11-17T09:57:52.361+0800: 293.800: Total time for which application threads were stopped: 0.0002334 seconds, Stopping threads took: 0.0000524 seconds
 293.806: [G1Ergonomics (Concurrent Cycles) do not request concurrent cycle initiation, reason: still doing mixed collections, occupancy: 5523898368 bytes, allocation request: 4194320 bytes, threshold: 3038773230 bytes (45.00 %), source: concurrent humongous allocation]
 293.807: [G1Ergonomics (Concurrent Cycles) do not request concurrent cycle initiation, reason: still doing mixed collections, occupancy: 5529141248 bytes, allocation request: 4194320 bytes, threshold: 3038773230 bytes (45.00 %), source: concurrent humongous allocation]
         vmop                    [threads: total initially_running wait_to_block]    [time: spin block sync cleanup vmop] page_trap_count
293.831: RevokeBias                       [      33          0              0    ]      [     0     0     0     0     0    ]  0   
2017-11-17T09:57:52.392+0800: 293.832: Total time for which application threads were stopped: 0.0003595 seconds, Stopping threads took: 0.0000454 seconds
         vmop                    [threads: total initially_running wait_to_block]    [time: spin block sync cleanup vmop] page_trap_count
293.832: RevokeBias                       [      33          0              0    ]      [     0     0     0     0     0    ]  0   
2017-11-17T09:57:52.393+0800: 293.832: Total time for which application threads were stopped: 0.0001268 seconds, Stopping threads took: 0.0000165 seconds
 293.840: [G1Ergonomics (Concurrent Cycles) do not request concurrent cycle initiation, reason: still doing mixed collections, occupancy: 5534384128 bytes, allocation request: 4194320 bytes, threshold: 3038773230 bytes (45.00 %), source: concurrent humongous allocation]
 293.841: [G1Ergonomics (Concurrent Cycles) do not request concurrent cycle initiation, reason: still doing mixed collections, occupancy: 5539627008 bytes, allocation request: 4194320 bytes, threshold: 3038773230 bytes (45.00 %), source: concurrent humongous allocation]
 293.855: [G1Ergonomics (Concurrent Cycles) do not request concurrent cycle initiation, reason: still doing mixed collections, occupancy: 5544869888 bytes, allocation request: 4194320 bytes, threshold: 3038773230 bytes (45.00 %), source: concurrent humongous allocation]
 293.856: [G1Ergonomics (Concurrent Cycles) do not request concurrent cycle initiation, reason: still doing mixed collections, occupancy: 5550112768 bytes, allocation request: 4194320 bytes, threshold: 3038773230 bytes (45.00 %), source: concurrent humongous allocation]
         vmop                    [threads: total initially_running wait_to_block]    [time: spin block sync cleanup vmop] page_trap_count
293.866: RevokeBias                       [      33          0              0    ]      [     0     0     0     0     0    ]  0   
2017-11-17T09:57:52.426+0800: 293.866: Total time for which application threads were stopped: 0.0002750 seconds, Stopping threads took: 0.0000553 seconds
 293.870: [G1Ergonomics (Concurrent Cycles) do not request concurrent cycle initiation, reason: still doing mixed collections, occupancy: 5555355648 bytes, allocation request: 4194320 bytes, threshold: 3038773230 bytes (45.00 %), source: concurrent humongous allocation]
 293.871: [G1Ergonomics (Concurrent Cycles) do not request concurrent cycle initiation, reason: still doing mixed collections, occupancy: 5560598528 bytes, allocation request: 4194320 bytes, threshold: 3038773230 bytes (45.00 %), source: concurrent humongous allocation]
 293.890: [G1Ergonomics (Concurrent Cycles) do not request concurrent cycle initiation, reason: still doing mixed collections, occupancy: 5565841408 bytes, allocation request: 4194320 bytes, threshold: 3038773230 bytes (45.00 %), source: concurrent humongous allocation]
 293.891: [G1Ergonomics (Concurrent Cycles) do not request concurrent cycle initiation, reason: still doing mixed collections, occupancy: 5571084288 bytes, allocation request: 4194320 bytes, threshold: 3038773230 bytes (45.00 %), source: concurrent humongous allocation]
         vmop                    [threads: total initially_running wait_to_block]    [time: spin block sync cleanup vmop] page_trap_count
293.900: BulkRevokeBias                   [      33          0              0    ]      [     0     0     0     0     0    ]  0   
2017-11-17T09:57:52.461+0800: 293.900: Total time for which application threads were stopped: 0.0004457 seconds, Stopping threads took: 0.0000552 seconds
 293.904: [G1Ergonomics (Concurrent Cycles) do not request concurrent cycle initiation, reason: still doing mixed collections, occupancy: 5576327168 bytes, allocation request: 4194320 bytes, threshold: 3038773230 bytes (45.00 %), source: concurrent humongous allocation]
 293.905: [G1Ergonomics (Concurrent Cycles) do not request concurrent cycle initiation, reason: still doing mixed collections, occupancy: 5581570048 bytes, allocation request: 4194320 bytes, threshold: 3038773230 bytes (45.00 %), source: concurrent humongous allocation]
 293.917: [G1Ergonomics (Concurrent Cycles) do not request concurrent cycle initiation, reason: still doing mixed collections, occupancy: 5586812928 bytes, allocation request: 1352000 bytes, threshold: 3038773230 bytes (45.00 %), source: concurrent humongous allocation]
 293.917: [G1Ergonomics (Concurrent Cycles) do not request concurrent cycle initiation, reason: still doing mixed collections, occupancy: 5588910080 bytes, allocation request: 1352000 bytes, threshold: 3038773230 bytes (45.00 %), source: concurrent humongous allocation]
 293.925: [G1Ergonomics (Concurrent Cycles) do not request concurrent cycle initiation, reason: still doing mixed collections, occupancy: 5591007232 bytes, allocation request: 4194320 bytes, threshold: 3038773230 bytes (45.00 %), source: concurrent humongous allocation]
 293.926: [G1Ergonomics (Concurrent Cycles) do not request concurrent cycle initiation, reason: still doing mixed collections, occupancy: 5596250112 bytes, allocation request: 4194320 bytes, threshold: 3038773230 bytes (45.00 %), source: concurrent humongous allocation]
 293.942: [G1Ergonomics (Concurrent Cycles) do not request concurrent cycle initiation, reason: still doing mixed collections, occupancy: 5601492992 bytes, allocation request: 4194320 bytes, threshold: 3038773230 bytes (45.00 %), source: concurrent humongous allocation]
 293.943: [G1Ergonomics (Concurrent Cycles) do not request concurrent cycle initiation, reason: still doing mixed collections, occupancy: 5606735872 bytes, allocation request: 4194320 bytes, threshold: 3038773230 bytes (45.00 %), source: concurrent humongous allocation]
 293.955: [G1Ergonomics (Concurrent Cycles) do not request concurrent cycle initiation, reason: still doing mixed collections, occupancy: 5611978752 bytes, allocation request: 4194320 bytes, threshold: 3038773230 bytes (45.00 %), source: concurrent humongous allocation]
 293.956: [G1Ergonomics (Concurrent Cycles) do not request concurrent cycle initiation, reason: still doing mixed collections, occupancy: 5617221632 bytes, allocation request: 4194320 bytes, threshold: 3038773230 bytes (45.00 %), source: concurrent humongous allocation]
         vmop                    [threads: total initially_running wait_to_block]    [time: spin block sync cleanup vmop] page_trap_count
293.965: BulkRevokeBias                   [      33          0              1    ]      [     0     0     0     0     0    ]  0   
2017-11-17T09:57:52.526+0800: 293.966: Total time for which application threads were stopped: 0.0004362 seconds, Stopping threads took: 0.0000908 seconds
 293.989: [G1Ergonomics (Concurrent Cycles) do not request concurrent cycle initiation, reason: still doing mixed collections, occupancy: 5622464512 bytes, allocation request: 4194320 bytes, threshold: 3038773230 bytes (45.00 %), source: concurrent humongous allocation]
 293.990: [G1Ergonomics (Concurrent Cycles) do not request concurrent cycle initiation, reason: still doing mixed collections, occupancy: 5627707392 bytes, allocation request: 4194320 bytes, threshold: 3038773230 bytes (45.00 %), source: concurrent humongous allocation]
 294.004: [G1Ergonomics (Concurrent Cycles) do not request concurrent cycle initiation, reason: still doing mixed collections, occupancy: 5632950272 bytes, allocation request: 4194320 bytes, threshold: 3038773230 bytes (45.00 %), source: concurrent humongous allocation]
 294.005: [G1Ergonomics (Concurrent Cycles) do not request concurrent cycle initiation, reason: still doing mixed collections, occupancy: 5638193152 bytes, allocation request: 4194320 bytes, threshold: 3038773230 bytes (45.00 %), source: concurrent humongous allocation]
         vmop                    [threads: total initially_running wait_to_block]    [time: spin block sync cleanup vmop] page_trap_count
294.015: RevokeBias                       [      33          0              0    ]      [     0     0     0     0     0    ]  0   
2017-11-17T09:57:52.576+0800: 294.015: Total time for which application threads were stopped: 0.0001964 seconds, Stopping threads took: 0.0000525 seconds
 294.032: [G1Ergonomics (Concurrent Cycles) do not request concurrent cycle initiation, reason: still doing mixed collections, occupancy: 5643436032 bytes, allocation request: 4194320 bytes, threshold: 3038773230 bytes (45.00 %), source: concurrent humongous allocation]
 294.033: [G1Ergonomics (Concurrent Cycles) do not request concurrent cycle initiation, reason: still doing mixed collections, occupancy: 5648678912 bytes, allocation request: 4194320 bytes, threshold: 3038773230 bytes (45.00 %), source: concurrent humongous allocation]
 294.047: [G1Ergonomics (Concurrent Cycles) do not request concurrent cycle initiation, reason: still doing mixed collections, occupancy: 5653921792 bytes, allocation request: 4194320 bytes, threshold: 3038773230 bytes (45.00 %), source: concurrent humongous allocation]
 294.048: [G1Ergonomics (Concurrent Cycles) do not request concurrent cycle initiation, reason: still doing mixed collections, occupancy: 5659164672 bytes, allocation request: 4194320 bytes, threshold: 3038773230 bytes (45.00 %), source: concurrent humongous allocation]
 294.062: [G1Ergonomics (Concurrent Cycles) do not request concurrent cycle initiation, reason: still doing mixed collections, occupancy: 5664407552 bytes, allocation request: 4194320 bytes, threshold: 3038773230 bytes (45.00 %), source: concurrent humongous allocation]
 294.063: [G1Ergonomics (Concurrent Cycles) do not request concurrent cycle initiation, reason: still doing mixed collections, occupancy: 5669650432 bytes, allocation request: 4194320 bytes, threshold: 3038773230 bytes (45.00 %), source: concurrent humongous allocation]
 294.077: [G1Ergonomics (Concurrent Cycles) do not request concurrent cycle initiation, reason: still doing mixed collections, occupancy: 5674893312 bytes, allocation request: 4194320 bytes, threshold: 3038773230 bytes (45.00 %), source: concurrent humongous allocation]
 294.078: [G1Ergonomics (Concurrent Cycles) do not request concurrent cycle initiation, reason: still doing mixed collections, occupancy: 5680136192 bytes, allocation request: 4194320 bytes, threshold: 3038773230 bytes (45.00 %), source: concurrent humongous allocation]
 294.093: [G1Ergonomics (Concurrent Cycles) do not request concurrent cycle initiation, reason: still doing mixed collections, occupancy: 5685379072 bytes, allocation request: 4194320 bytes, threshold: 3038773230 bytes (45.00 %), source: concurrent humongous allocation]
 294.094: [G1Ergonomics (Concurrent Cycles) do not request concurrent cycle initiation, reason: still doing mixed collections, occupancy: 5690621952 bytes, allocation request: 4194320 bytes, threshold: 3038773230 bytes (45.00 %), source: concurrent humongous allocation]
 294.110: [G1Ergonomics (Concurrent Cycles) do not request concurrent cycle initiation, reason: still doing mixed collections, occupancy: 5695864832 bytes, allocation request: 4194320 bytes, threshold: 3038773230 bytes (45.00 %), source: concurrent humongous allocation]
 294.111: [G1Ergonomics (Concurrent Cycles) do not request concurrent cycle initiation, reason: still doing mixed collections, occupancy: 5701107712 bytes, allocation request: 4194320 bytes, threshold: 3038773230 bytes (45.00 %), source: concurrent humongous allocation]
 294.136: [G1Ergonomics (Concurrent Cycles) do not request concurrent cycle initiation, reason: still doing mixed collections, occupancy: 5706350592 bytes, allocation request: 4194320 bytes, threshold: 3038773230 bytes (45.00 %), source: concurrent humongous allocation]
 294.137: [G1Ergonomics (Concurrent Cycles) do not request concurrent cycle initiation, reason: still doing mixed collections, occupancy: 5711593472 bytes, allocation request: 4194320 bytes, threshold: 3038773230 bytes (45.00 %), source: concurrent humongous allocation]
 294.160: [G1Ergonomics (Concurrent Cycles) do not request concurrent cycle initiation, reason: still doing mixed collections, occupancy: 5716836352 bytes, allocation request: 4194320 bytes, threshold: 3038773230 bytes (45.00 %), source: concurrent humongous allocation]
 294.161: [G1Ergonomics (Concurrent Cycles) do not request concurrent cycle initiation, reason: still doing mixed collections, occupancy: 5722079232 bytes, allocation request: 4194320 bytes, threshold: 3038773230 bytes (45.00 %), source: concurrent humongous allocation]
 294.176: [G1Ergonomics (Concurrent Cycles) do not request concurrent cycle initiation, reason: still doing mixed collections, occupancy: 5727322112 bytes, allocation request: 4194320 bytes, threshold: 3038773230 bytes (45.00 %), source: concurrent humongous allocation]
 294.177: [G1Ergonomics (Concurrent Cycles) do not request concurrent cycle initiation, reason: still doing mixed collections, occupancy: 5732564992 bytes, allocation request: 4194320 bytes, threshold: 3038773230 bytes (45.00 %), source: concurrent humongous allocation]
 294.193: [G1Ergonomics (Concurrent Cycles) do not request concurrent cycle initiation, reason: still doing mixed collections, occupancy: 5737807872 bytes, allocation request: 4194320 bytes, threshold: 3038773230 bytes (45.00 %), source: concurrent humongous allocation]
 294.194: [G1Ergonomics (Concurrent Cycles) do not request concurrent cycle initiation, reason: still doing mixed collections, occupancy: 5743050752 bytes, allocation request: 4194320 bytes, threshold: 3038773230 bytes (45.00 %), source: concurrent humongous allocation]
 294.211: [G1Ergonomics (Concurrent Cycles) do not request concurrent cycle initiation, reason: still doing mixed collections, occupancy: 5748293632 bytes, allocation request: 4194320 bytes, threshold: 3038773230 bytes (45.00 %), source: concurrent humongous allocation]
 294.212: [G1Ergonomics (Concurrent Cycles) do not request concurrent cycle initiation, reason: still doing mixed collections, occupancy: 5753536512 bytes, allocation request: 4194320 bytes, threshold: 3038773230 bytes (45.00 %), source: concurrent humongous allocation]
 294.243: [G1Ergonomics (Concurrent Cycles) do not request concurrent cycle initiation, reason: still doing mixed collections, occupancy: 5758779392 bytes, allocation request: 4194320 bytes, threshold: 3038773230 bytes (45.00 %), source: concurrent humongous allocation]
 294.244: [G1Ergonomics (Concurrent Cycles) do not request concurrent cycle initiation, reason: still doing mixed collections, occupancy: 5764022272 bytes, allocation request: 4194320 bytes, threshold: 3038773230 bytes (45.00 %), source: concurrent humongous allocation]
 294.266: [G1Ergonomics (Concurrent Cycles) do not request concurrent cycle initiation, reason: still doing mixed collections, occupancy: 5769265152 bytes, allocation request: 4194320 bytes, threshold: 3038773230 bytes (45.00 %), source: concurrent humongous allocation]
 294.267: [G1Ergonomics (Concurrent Cycles) do not request concurrent cycle initiation, reason: still doing mixed collections, occupancy: 5774508032 bytes, allocation request: 4194320 bytes, threshold: 3038773230 bytes (45.00 %), source: concurrent humongous allocation]
 294.282: [G1Ergonomics (Concurrent Cycles) do not request concurrent cycle initiation, reason: still doing mixed collections, occupancy: 5779750912 bytes, allocation request: 4194320 bytes, threshold: 3038773230 bytes (45.00 %), source: concurrent humongous allocation]
 294.283: [G1Ergonomics (Concurrent Cycles) do not request concurrent cycle initiation, reason: still doing mixed collections, occupancy: 5784993792 bytes, allocation request: 4194320 bytes, threshold: 3038773230 bytes (45.00 %), source: concurrent humongous allocation]
 294.303: [G1Ergonomics (Concurrent Cycles) do not request concurrent cycle initiation, reason: still doing mixed collections, occupancy: 5790236672 bytes, allocation request: 4194320 bytes, threshold: 3038773230 bytes (45.00 %), source: concurrent humongous allocation]
 294.305: [G1Ergonomics (Concurrent Cycles) do not request concurrent cycle initiation, reason: still doing mixed collections, occupancy: 5795479552 bytes, allocation request: 4194320 bytes, threshold: 3038773230 bytes (45.00 %), source: concurrent humongous allocation]
 294.325: [G1Ergonomics (Concurrent Cycles) do not request concurrent cycle initiation, reason: still doing mixed collections, occupancy: 5800722432 bytes, allocation request: 4194320 bytes, threshold: 3038773230 bytes (45.00 %), source: concurrent humongous allocation]
 294.327: [G1Ergonomics (Concurrent Cycles) do not request concurrent cycle initiation, reason: still doing mixed collections, occupancy: 5805965312 bytes, allocation request: 4194320 bytes, threshold: 3038773230 bytes (45.00 %), source: concurrent humongous allocation]
 294.337: [G1Ergonomics (Concurrent Cycles) do not request concurrent cycle initiation, reason: still doing mixed collections, occupancy: 5811208192 bytes, allocation request: 437491632 bytes, threshold: 3038773230 bytes (45.00 %), source: concurrent humongous allocation]
2017-11-17T09:57:52.899+0800: 294.338: [GC pause (G1 Humongous Allocation) (young) 294.338: [G1Ergonomics (CSet Construction) start choosing CSet, _pending_cards: 25764, predicted base time: 15.96 ms, remaining time: 184.04 ms, target pause time: 200.00 ms]
 294.338: [G1Ergonomics (CSet Construction) add young regions to CSet, eden: 14 regions, survivors: 4 regions, predicted young region time: 0.98 ms]
 294.338: [G1Ergonomics (CSet Construction) finish choosing CSet, eden: 14 regions, survivors: 4 regions, old: 0 regions, predicted pause time: 16.94 ms, target pause time: 200.00 ms]
 294.357: [G1Ergonomics (Mixed GCs) do not start mixed GCs, reason: reclaimable percentage not over threshold, candidate old regions: 78 regions, reclaimable: 37537840 bytes (0.56 %), threshold: 5.00 %]
, 0.0190533 secs]
   [Parallel Time: 9.9 ms, GC Workers: 8]
      [GC Worker Start (ms): Min: 294338.9, Avg: 294344.9, Max: 294348.6, Diff: 9.7]
      [Ext Root Scanning (ms): Min: 0.0, Avg: 0.4, Max: 1.4, Diff: 1.4, Sum: 3.4]
      [Update RS (ms): Min: 0.0, Avg: 2.4, Max: 6.5, Diff: 6.5, Sum: 19.2]
         [Processed Buffers: Min: 0, Avg: 14.2, Max: 41, Diff: 41, Sum: 114]
      [Scan RS (ms): Min: 0.0, Avg: 0.0, Max: 0.0, Diff: 0.0, Sum: 0.1]
      [Code Root Scanning (ms): Min: 0.0, Avg: 0.1, Max: 0.2, Diff: 0.2, Sum: 0.4]
      [Object Copy (ms): Min: 0.0, Avg: 0.6, Max: 1.6, Diff: 1.6, Sum: 4.6]
      [Termination (ms): Min: 0.0, Avg: 0.3, Max: 0.5, Diff: 0.5, Sum: 2.5]
         [Termination Attempts: Min: 1, Avg: 3.1, Max: 10, Diff: 9, Sum: 25]
      [GC Worker Other (ms): Min: 0.0, Avg: 0.0, Max: 0.0, Diff: 0.0, Sum: 0.1]
      [GC Worker Total (ms): Min: 0.0, Avg: 3.8, Max: 9.7, Diff: 9.7, Sum: 30.2]
      [GC Worker End (ms): Min: 294348.6, Avg: 294348.6, Max: 294348.7, Diff: 0.0]
   [Code Root Fixup: 0.1 ms]
   [Code Root Purge: 0.0 ms]
   [Clear CT: 0.3 ms]
   [Other: 8.7 ms]
      [Choose CSet: 0.0 ms]
      [Ref Proc: 0.9 ms]
      [Ref Enq: 0.0 ms]
      [Redirty Cards: 0.3 ms]
      [Humongous Register: 0.5 ms]
      [Humongous Reclaim: 6.3 ms]
      [Free CSet: 0.3 ms]
   [Eden: 14.0M(2126.0M)->0.0B(2801.0M) Survivors: 4096.0K->3072.0K Heap: 5406.6M(6440.0M)->2559.9M(6440.0M)]
 [Times: user=0.05 sys=0.00, real=0.02 secs] 
 294.358: [G1Ergonomics (Concurrent Cycles) request concurrent cycle initiation, reason: occupancy higher than threshold, occupancy: 3200253952 bytes, allocation request: 0 bytes, threshold: 3038773230 bytes (45.00 %), source: STW humongous allocation]
         vmop                    [threads: total initially_running wait_to_block]    [time: spin block sync cleanup vmop] page_trap_count
294.337: G1IncCollectionPause             [      33          0              0    ]      [     0     0     0     0    20    ]  0   
2017-11-17T09:57:52.918+0800: 294.358: Total time for which application threads were stopped: 0.0206564 seconds, Stopping threads took: 0.0000936 seconds
         vmop                    [threads: total initially_running wait_to_block]    [time: spin block sync cleanup vmop] page_trap_count
295.226: RevokeBias                       [      33          0              2    ]      [     0     0     0     0     0    ]  0   
2017-11-17T09:57:53.787+0800: 295.227: Total time for which application threads were stopped: 0.0004785 seconds, Stopping threads took: 0.0002641 seconds
 296.201: [G1Ergonomics (Concurrent Cycles) request concurrent cycle initiation, reason: occupancy higher than threshold, occupancy: 3200253952 bytes, allocation request: 437491632 bytes, threshold: 3038773230 bytes (45.00 %), source: concurrent humongous allocation]
 296.201: [G1Ergonomics (Concurrent Cycles) request concurrent cycle initiation, reason: requested by GC cause, GC cause: G1 Humongous Allocation]
 296.201: [G1Ergonomics (Concurrent Cycles) initiate concurrent cycle, reason: concurrent cycle initiation requested]
2017-11-17T09:57:54.762+0800: 296.201: [GC pause (G1 Humongous Allocation) (young) (initial-mark) 296.202: [G1Ergonomics (CSet Construction) start choosing CSet, _pending_cards: 1303, predicted base time: 13.14 ms, remaining time: 186.86 ms, target pause time: 200.00 ms]
 296.202: [G1Ergonomics (CSet Construction) add young regions to CSet, eden: 85 regions, survivors: 3 regions, predicted young region time: 3.70 ms]
 296.202: [G1Ergonomics (CSet Construction) finish choosing CSet, eden: 85 regions, survivors: 3 regions, old: 0 regions, predicted pause time: 16.85 ms, target pause time: 200.00 ms]
, 0.0079196 secs]
   [Parallel Time: 3.6 ms, GC Workers: 8]
      [GC Worker Start (ms): Min: 296202.6, Avg: 296203.1, Max: 296203.6, Diff: 1.0]
      [Ext Root Scanning (ms): Min: 0.7, Avg: 1.7, Max: 2.4, Diff: 1.6, Sum: 13.7]
      [Update RS (ms): Min: 0.0, Avg: 0.3, Max: 0.7, Diff: 0.7, Sum: 2.3]
         [Processed Buffers: Min: 0, Avg: 1.8, Max: 10, Diff: 10, Sum: 14]
      [Scan RS (ms): Min: 0.0, Avg: 0.0, Max: 0.1, Diff: 0.1, Sum: 0.1]
      [Code Root Scanning (ms): Min: 0.0, Avg: 0.0, Max: 0.4, Diff: 0.4, Sum: 0.4]
      [Object Copy (ms): Min: 0.0, Avg: 0.6, Max: 1.2, Diff: 1.2, Sum: 5.0]
      [Termination (ms): Min: 0.0, Avg: 0.2, Max: 0.2, Diff: 0.2, Sum: 1.3]
         [Termination Attempts: Min: 1, Avg: 1.0, Max: 1, Diff: 0, Sum: 8]
      [GC Worker Other (ms): Min: 0.0, Avg: 0.0, Max: 0.0, Diff: 0.0, Sum: 0.1]
      [GC Worker Total (ms): Min: 2.4, Avg: 2.9, Max: 3.3, Diff: 1.0, Sum: 22.8]
      [GC Worker End (ms): Min: 296205.9, Avg: 296206.0, Max: 296206.0, Diff: 0.0]
   [Code Root Fixup: 0.1 ms]
   [Code Root Purge: 0.0 ms]
   [Clear CT: 0.4 ms]
   [Other: 3.9 ms]
      [Choose CSet: 0.0 ms]
      [Ref Proc: 0.5 ms]
      [Ref Enq: 0.0 ms]
      [Redirty Cards: 0.3 ms]
      [Humongous Register: 0.2 ms]
      [Humongous Reclaim: 0.9 ms]
      [Free CSet: 0.3 ms]
   [Eden: 85.0M(2801.0M)->0.0B(2873.0M) Survivors: 3072.0K->3072.0K Heap: 3062.2M(6440.0M)->2560.3M(6440.0M)]
 [Times: user=0.02 sys=0.00, real=0.00 secs] 
         vmop                    [threads: total initially_running wait_to_block]    [time: spin block sync cleanup vmop] page_trap_count
296.201: G1IncCollectionPause             [      33          0              1    ]      [     0     0     0     0     8    ]  0   
2017-11-17T09:57:54.770+0800: 296.209: [GC concurrent-root-region-scan-start]
2017-11-17T09:57:54.770+0800: 296.210: Total time for which application threads were stopped: 0.0084552 seconds, Stopping threads took: 0.0001141 seconds
2017-11-17T09:57:54.772+0800: 296.211: [GC concurrent-root-region-scan-end, 0.0017356 secs]
2017-11-17T09:57:54.772+0800: 296.211: [GC concurrent-mark-start]
         vmop                    [threads: total initially_running wait_to_block]    [time: spin block sync cleanup vmop] page_trap_count
297.210: no vm operation                  [      33          0              0    ]      [     0     0     0     0     0    ]  0   
2017-11-17T09:57:55.770+0800: 297.210: Total time for which application threads were stopped: 0.0001934 seconds, Stopping threads took: 0.0000525 seconds
2017-11-17T09:57:55.985+0800: 297.425: [GC concurrent-mark-end, 1.2133493 secs]
2017-11-17T09:57:55.985+0800: 297.425: [GC remark 2017-11-17T09:57:55.986+0800: 297.425: [Finalize Marking, 0.0007804 secs] 2017-11-17T09:57:55.986+0800: 297.426: [GC ref-proc, 0.0002170 secs] 2017-11-17T09:57:55.987+0800: 297.426: [Unloading, 0.0091175 secs], 0.0298548 secs]
 [Times: user=0.06 sys=0.00, real=0.03 secs] 
         vmop                    [threads: total initially_running wait_to_block]    [time: spin block sync cleanup vmop] page_trap_count
297.425: CGC_Operation                    [      33          0              0    ]      [     0     0     0     0    29    ]  0   
2017-11-17T09:57:56.015+0800: 297.455: Total time for which application threads were stopped: 0.0301531 seconds, Stopping threads took: 0.0000674 seconds
2017-11-17T09:57:56.016+0800: 297.455: [GC cleanup 3060M->3060M(6440M), 0.0228751 secs]
 [Times: user=0.02 sys=0.00, real=0.02 secs] 
         vmop                    [threads: total initially_running wait_to_block]    [time: spin block sync cleanup vmop] page_trap_count
297.455: CGC_Operation                    [      33          0              0    ]      [     0     0     0     0    22    ]  0   
2017-11-17T09:57:56.039+0800: 297.478: Total time for which application threads were stopped: 0.0230773 seconds, Stopping threads took: 0.0000175 seconds
 297.683: [G1Ergonomics (Concurrent Cycles) do not request concurrent cycle initiation, reason: still doing mixed collections, occupancy: 3200253952 bytes, allocation request: 437491632 bytes, threshold: 3038773230 bytes (45.00 %), source: concurrent humongous allocation]
         vmop                    [threads: total initially_running wait_to_block]    [time: spin block sync cleanup vmop] page_trap_count
298.478: no vm operation                  [      33          0              0    ]      [     0     0     0     0     0    ]  0   
2017-11-17T09:57:57.039+0800: 298.478: Total time for which application threads were stopped: 0.0002466 seconds, Stopping threads took: 0.0000525 seconds
 299.325: [G1Ergonomics (Concurrent Cycles) do not request concurrent cycle initiation, reason: still doing mixed collections, occupancy: 3638558720 bytes, allocation request: 437491632 bytes, threshold: 3038773230 bytes (45.00 %), source: concurrent humongous allocation]
         vmop                    [threads: total initially_running wait_to_block]    [time: spin block sync cleanup vmop] page_trap_count
299.479: no vm operation                  [      33          0              0    ]      [     0     0     0     0     0    ]  0   
2017-11-17T09:57:58.039+0800: 299.479: Total time for which application threads were stopped: 0.0002574 seconds, Stopping threads took: 0.0000496 seconds
 300.660: [G1Ergonomics (Concurrent Cycles) do not request concurrent cycle initiation, reason: still doing mixed collections, occupancy: 4076863488 bytes, allocation request: 437491632 bytes, threshold: 3038773230 bytes (45.00 %), source: concurrent humongous allocation]
         vmop                    [threads: total initially_running wait_to_block]    [time: spin block sync cleanup vmop] page_trap_count
301.479: no vm operation                  [      33          0              0    ]      [     0     0     0     0     0    ]  0   
2017-11-17T09:58:00.040+0800: 301.479: Total time for which application threads were stopped: 0.0001896 seconds, Stopping threads took: 0.0000492 seconds
 302.069: [G1Ergonomics (Concurrent Cycles) do not request concurrent cycle initiation, reason: still doing mixed collections, occupancy: 4515168256 bytes, allocation request: 437491632 bytes, threshold: 3038773230 bytes (45.00 %), source: concurrent humongous allocation]
         vmop                    [threads: total initially_running wait_to_block]    [time: spin block sync cleanup vmop] page_trap_count
302.479: no vm operation                  [      33          0              0    ]      [     0     0     0     0     0    ]  0   
2017-11-17T09:58:01.040+0800: 302.480: Total time for which application threads were stopped: 0.0002242 seconds, Stopping threads took: 0.0000553 seconds
         vmop                    [threads: total initially_running wait_to_block]    [time: spin block sync cleanup vmop] page_trap_count
304.480: no vm operation                  [      33          0              0    ]      [     0     0     0     0     0    ]  0   
2017-11-17T09:58:03.040+0800: 304.480: Total time for which application threads were stopped: 0.0001661 seconds, Stopping threads took: 0.0000383 seconds
         vmop                    [threads: total initially_running wait_to_block]    [time: spin block sync cleanup vmop] page_trap_count
306.902: RevokeBias                       [      33          0              0    ]      [     0     0     0     0     0    ]  0   
2017-11-17T09:58:05.463+0800: 306.902: Total time for which application threads were stopped: 0.0002205 seconds, Stopping threads took: 0.0000777 seconds
         vmop                    [threads: total initially_running wait_to_block]    [time: spin block sync cleanup vmop] page_trap_count
306.902: RevokeBias                       [      33          0              0    ]      [     0     0     0     0     0    ]  0   
2017-11-17T09:58:05.463+0800: 306.903: Total time for which application threads were stopped: 0.0000921 seconds, Stopping threads took: 0.0000156 seconds
         vmop                    [threads: total initially_running wait_to_block]    [time: spin block sync cleanup vmop] page_trap_count
306.903: RevokeBias                       [      33          0              0    ]      [     0     0     0     0     0    ]  0   
2017-11-17T09:58:05.463+0800: 306.903: Total time for which application threads were stopped: 0.0000715 seconds, Stopping threads took: 0.0000179 seconds
         vmop                    [threads: total initially_running wait_to_block]    [time: spin block sync cleanup vmop] page_trap_count
306.906: RevokeBias                       [      33          0              2    ]      [     0     0     0     0     0    ]  0   
2017-11-17T09:58:05.467+0800: 306.907: Total time for which application threads were stopped: 0.0003432 seconds, Stopping threads took: 0.0001545 seconds
         vmop                    [threads: total initially_running wait_to_block]    [time: spin block sync cleanup vmop] page_trap_count
306.912: RevokeBias                       [      33          1              2    ]      [     0     0     0     0     0    ]  0   
2017-11-17T09:58:05.473+0800: 306.912: Total time for which application threads were stopped: 0.0003482 seconds, Stopping threads took: 0.0001891 seconds
 306.914: [G1Ergonomics (Concurrent Cycles) do not request concurrent cycle initiation, reason: still doing mixed collections, occupancy: 4953473024 bytes, allocation request: 437491632 bytes, threshold: 3038773230 bytes (45.00 %), source: concurrent humongous allocation]
 307.538: [G1Ergonomics (Concurrent Cycles) do not request concurrent cycle initiation, reason: still doing mixed collections, occupancy: 5391777792 bytes, allocation request: 437491632 bytes, threshold: 3038773230 bytes (45.00 %), source: concurrent humongous allocation]
2017-11-17T09:58:06.099+0800: 307.539: [GC pause (G1 Humongous Allocation) (young) 307.539: [G1Ergonomics (CSet Construction) start choosing CSet, _pending_cards: 1318, predicted base time: 11.74 ms, remaining time: 188.26 ms, target pause time: 200.00 ms]
 307.539: [G1Ergonomics (CSet Construction) add young regions to CSet, eden: 416 regions, survivors: 3 regions, predicted young region time: 13.63 ms]
 307.539: [G1Ergonomics (CSet Construction) finish choosing CSet, eden: 416 regions, survivors: 3 regions, old: 0 regions, predicted pause time: 25.37 ms, target pause time: 200.00 ms]
 307.546: [G1Ergonomics (Concurrent Cycles) do not request concurrent cycle initiation, reason: still doing mixed collections, occupancy: 3200253952 bytes, allocation request: 0 bytes, threshold: 3038773230 bytes (45.00 %), source: end of GC]
 307.547: [G1Ergonomics (Mixed GCs) do not start mixed GCs, reason: reclaimable percentage not over threshold, candidate old regions: 78 regions, reclaimable: 37537840 bytes (0.56 %), threshold: 5.00 %]
, 0.0077146 secs]
   [Parallel Time: 2.1 ms, GC Workers: 8]
      [GC Worker Start (ms): Min: 307539.3, Avg: 307539.4, Max: 307539.5, Diff: 0.2]
      [Ext Root Scanning (ms): Min: 0.2, Avg: 0.5, Max: 1.2, Diff: 1.0, Sum: 3.6]
      [Update RS (ms): Min: 0.0, Avg: 0.3, Max: 0.8, Diff: 0.8, Sum: 2.5]
         [Processed Buffers: Min: 0, Avg: 2.0, Max: 11, Diff: 11, Sum: 16]
      [Scan RS (ms): Min: 0.0, Avg: 0.1, Max: 0.2, Diff: 0.2, Sum: 0.6]
      [Code Root Scanning (ms): Min: 0.0, Avg: 0.1, Max: 0.4, Diff: 0.4, Sum: 0.5]
      [Object Copy (ms): Min: 0.5, Avg: 0.8, Max: 0.9, Diff: 0.4, Sum: 6.0]
      [Termination (ms): Min: 0.0, Avg: 0.0, Max: 0.0, Diff: 0.0, Sum: 0.0]
         [Termination Attempts: Min: 1, Avg: 1.0, Max: 1, Diff: 0, Sum: 8]
      [GC Worker Other (ms): Min: 0.0, Avg: 0.1, Max: 0.1, Diff: 0.1, Sum: 0.5]
      [GC Worker Total (ms): Min: 1.6, Avg: 1.7, Max: 1.8, Diff: 0.2, Sum: 13.7]
      [GC Worker End (ms): Min: 307541.1, Avg: 307541.1, Max: 307541.2, Diff: 0.1]
   [Code Root Fixup: 0.1 ms]
   [Code Root Purge: 0.0 ms]
   [Clear CT: 0.3 ms]
   [Other: 5.3 ms]
      [Choose CSet: 0.0 ms]
      [Ref Proc: 0.3 ms]
      [Ref Enq: 0.0 ms]
      [Redirty Cards: 0.3 ms]
      [Humongous Register: 0.3 ms]
      [Humongous Reclaim: 3.4 ms]
      [Free CSet: 0.6 ms]
   [Eden: 416.0M(2873.0M)->0.0B(2545.0M) Survivors: 3072.0K->3072.0K Heap: 5479.7M(6440.0M)->2977.9M(6440.0M)]
 [Times: user=0.02 sys=0.00, real=0.00 secs] 
 307.547: [G1Ergonomics (Concurrent Cycles) request concurrent cycle initiation, reason: occupancy higher than threshold, occupancy: 3638558720 bytes, allocation request: 0 bytes, threshold: 3038773230 bytes (45.00 %), source: STW humongous allocation]
         vmop                    [threads: total initially_running wait_to_block]    [time: spin block sync cleanup vmop] page_trap_count
307.538: G1IncCollectionPause             [      33          0              0    ]      [     0     0     0     0     8    ]  0   
2017-11-17T09:58:06.108+0800: 307.547: Total time for which application threads were stopped: 0.0086198 seconds, Stopping threads took: 0.0000482 seconds
         vmop                    [threads: total initially_running wait_to_block]    [time: spin block sync cleanup vmop] page_trap_count
307.547: RevokeBias                       [      33          0              1    ]      [     0    72    72     0     0    ]  0   
2017-11-17T09:58:06.181+0800: 307.620: Total time for which application threads were stopped: 0.0732167 seconds, Stopping threads took: 0.0729395 seconds
 308.291: [G1Ergonomics (Concurrent Cycles) request concurrent cycle initiation, reason: occupancy higher than threshold, occupancy: 3638558720 bytes, allocation request: 437491632 bytes, threshold: 3038773230 bytes (45.00 %), source: concurrent humongous allocation]
 308.291: [G1Ergonomics (Concurrent Cycles) request concurrent cycle initiation, reason: requested by GC cause, GC cause: G1 Humongous Allocation]
 308.291: [G1Ergonomics (Concurrent Cycles) initiate concurrent cycle, reason: concurrent cycle initiation requested]
2017-11-17T09:58:06.852+0800: 308.291: [GC pause (G1 Humongous Allocation) (young) (initial-mark) 308.292: [G1Ergonomics (CSet Construction) start choosing CSet, _pending_cards: 1797, predicted base time: 10.61 ms, remaining time: 189.39 ms, target pause time: 200.00 ms]
 308.292: [G1Ergonomics (CSet Construction) add young regions to CSet, eden: 1 regions, survivors: 3 regions, predicted young region time: 0.15 ms]
 308.292: [G1Ergonomics (CSet Construction) finish choosing CSet, eden: 1 regions, survivors: 3 regions, old: 0 regions, predicted pause time: 10.76 ms, target pause time: 200.00 ms]
, 0.0061021 secs]
   [Parallel Time: 3.1 ms, GC Workers: 8]
      [GC Worker Start (ms): Min: 308292.1, Avg: 308292.3, Max: 308292.8, Diff: 0.6]
      [Ext Root Scanning (ms): Min: 1.1, Avg: 1.5, Max: 1.7, Diff: 0.6, Sum: 11.8]
      [Update RS (ms): Min: 0.0, Avg: 0.3, Max: 0.5, Diff: 0.5, Sum: 2.4]
         [Processed Buffers: Min: 1, Avg: 1.4, Max: 4, Diff: 3, Sum: 11]
      [Scan RS (ms): Min: 0.0, Avg: 0.0, Max: 0.0, Diff: 0.0, Sum: 0.0]
      [Code Root Scanning (ms): Min: 0.0, Avg: 0.1, Max: 0.4, Diff: 0.4, Sum: 0.5]
      [Object Copy (ms): Min: 0.6, Avg: 0.8, Max: 1.0, Diff: 0.5, Sum: 6.2]
      [Termination (ms): Min: 0.0, Avg: 0.0, Max: 0.0, Diff: 0.0, Sum: 0.0]
         [Termination Attempts: Min: 1, Avg: 2.2, Max: 4, Diff: 3, Sum: 18]
      [GC Worker Other (ms): Min: 0.0, Avg: 0.0, Max: 0.0, Diff: 0.0, Sum: 0.1]
      [GC Worker Total (ms): Min: 2.2, Avg: 2.6, Max: 2.8, Diff: 0.6, Sum: 21.1]
      [GC Worker End (ms): Min: 308294.9, Avg: 308294.9, Max: 308294.9, Diff: 0.0]
   [Code Root Fixup: 0.1 ms]
   [Code Root Purge: 0.0 ms]
   [Clear CT: 0.3 ms]
   [Other: 2.7 ms]
      [Choose CSet: 0.0 ms]
      [Ref Proc: 0.4 ms]
      [Ref Enq: 0.0 ms]
      [Redirty Cards: 0.3 ms]
      [Humongous Register: 0.1 ms]
      [Humongous Reclaim: 0.1 ms]
      [Free CSet: 0.2 ms]
   [Eden: 1024.0K(2545.0M)->0.0B(2163.0M) Survivors: 3072.0K->4096.0K Heap: 3396.1M(6440.0M)->3395.4M(6440.0M)]
 [Times: user=0.02 sys=0.00, real=0.00 secs] 
         vmop                    [threads: total initially_running wait_to_block]    [time: spin block sync cleanup vmop] page_trap_count
308.291: G1IncCollectionPause             [      33          0              0    ]      [     0     0     0     0     6    ]  0   
2017-11-17T09:58:06.858+0800: 308.297: [GC concurrent-root-region-scan-start]
2017-11-17T09:58:06.858+0800: 308.297: Total time for which application threads were stopped: 0.0065056 seconds, Stopping threads took: 0.0000465 seconds
2017-11-17T09:58:06.860+0800: 308.299: [GC concurrent-root-region-scan-end, 0.0020896 secs]
2017-11-17T09:58:06.860+0800: 308.300: [GC concurrent-mark-start]
         vmop                    [threads: total initially_running wait_to_block]    [time: spin block sync cleanup vmop] page_trap_count
309.298: no vm operation                  [      33          0              1    ]      [     0    66    66     0     0    ]  0   
2017-11-17T09:58:07.925+0800: 309.364: Total time for which application threads were stopped: 0.0667814 seconds, Stopping threads took: 0.0665088 seconds
2017-11-17T09:58:07.969+0800: 309.409: [GC concurrent-mark-end, 1.1089375 secs]
2017-11-17T09:58:07.997+0800: 309.436: [GC remark 2017-11-17T09:58:07.997+0800: 309.436: [Finalize Marking, 0.0004329 secs] 2017-11-17T09:58:07.997+0800: 309.437: [GC ref-proc, 0.0001982 secs] 2017-11-17T09:58:07.998+0800: 309.437: [Unloading, 0.0046736 secs], 0.0130102 secs]
 [Times: user=0.08 sys=0.00, real=0.01 secs] 
         vmop                    [threads: total initially_running wait_to_block]    [time: spin block sync cleanup vmop] page_trap_count
309.409: CGC_Operation                    [      33          0              1    ]      [     0    24    27     0    13    ]  0   
2017-11-17T09:58:08.010+0800: 309.450: Total time for which application threads were stopped: 0.0409482 seconds, Stopping threads took: 0.0276798 seconds
2017-11-17T09:58:08.010+0800: 309.450: [GC cleanup 4230M->4230M(6440M), 0.0029968 secs]
 [Times: user=0.02 sys=0.00, real=0.01 secs] 
         vmop                    [threads: total initially_running wait_to_block]    [time: spin block sync cleanup vmop] page_trap_count
309.450: CGC_Operation                    [      33          0              0    ]      [     0     0     0     0     3    ]  0   
2017-11-17T09:58:08.013+0800: 309.453: Total time for which application threads were stopped: 0.0032773 seconds, Stopping threads took: 0.0000869 seconds
 310.034: [G1Ergonomics (Concurrent Cycles) do not request concurrent cycle initiation, reason: still doing mixed collections, occupancy: 4515168256 bytes, allocation request: 437491632 bytes, threshold: 3038773230 bytes (45.00 %), source: concurrent humongous allocation]
         vmop                    [threads: total initially_running wait_to_block]    [time: spin block sync cleanup vmop] page_trap_count
310.724: RevokeBias                       [      33          0              0    ]      [     0     0     0     0     0    ]  0   
2017-11-17T09:58:09.285+0800: 310.725: Total time for which application threads were stopped: 0.0002171 seconds, Stopping threads took: 0.0000583 seconds
 310.726: [G1Ergonomics (Concurrent Cycles) do not request concurrent cycle initiation, reason: still doing mixed collections, occupancy: 4953473024 bytes, allocation request: 437491632 bytes, threshold: 3038773230 bytes (45.00 %), source: concurrent humongous allocation]
         vmop                    [threads: total initially_running wait_to_block]    [time: spin block sync cleanup vmop] page_trap_count
311.474: RevokeBias                       [      33          0              0    ]      [     0     0     0     0     0    ]  0   
2017-11-17T09:58:10.034+0800: 311.474: Total time for which application threads were stopped: 0.0002557 seconds, Stopping threads took: 0.0000745 seconds
 311.475: [G1Ergonomics (Concurrent Cycles) do not request concurrent cycle initiation, reason: still doing mixed collections, occupancy: 5391777792 bytes, allocation request: 437491632 bytes, threshold: 3038773230 bytes (45.00 %), source: concurrent humongous allocation]
 312.168: [G1Ergonomics (Concurrent Cycles) do not request concurrent cycle initiation, reason: still doing mixed collections, occupancy: 5830082560 bytes, allocation request: 437491632 bytes, threshold: 3038773230 bytes (45.00 %), source: concurrent humongous allocation]
2017-11-17T09:58:10.729+0800: 312.169: [GC pause (G1 Humongous Allocation) (young) 312.169: [G1Ergonomics (CSet Construction) start choosing CSet, _pending_cards: 2060, predicted base time: 9.41 ms, remaining time: 190.59 ms, target pause time: 200.00 ms]
 312.169: [G1Ergonomics (CSet Construction) add young regions to CSet, eden: 2 regions, survivors: 4 regions, predicted young region time: 0.47 ms]
 312.169: [G1Ergonomics (CSet Construction) finish choosing CSet, eden: 2 regions, survivors: 4 regions, old: 0 regions, predicted pause time: 9.88 ms, target pause time: 200.00 ms]
 312.176: [G1Ergonomics (Concurrent Cycles) do not request concurrent cycle initiation, reason: still doing mixed collections, occupancy: 3639607296 bytes, allocation request: 0 bytes, threshold: 3038773230 bytes (45.00 %), source: end of GC]
 312.176: [G1Ergonomics (Mixed GCs) do not start mixed GCs, reason: reclaimable percentage not over threshold, candidate old regions: 78 regions, reclaimable: 37537840 bytes (0.56 %), threshold: 5.00 %]
, 0.0069601 secs]
   [Parallel Time: 1.9 ms, GC Workers: 8]
      [GC Worker Start (ms): Min: 312169.3, Avg: 312169.4, Max: 312169.5, Diff: 0.2]
      [Ext Root Scanning (ms): Min: 0.2, Avg: 0.5, Max: 1.4, Diff: 1.1, Sum: 3.8]
      [Update RS (ms): Min: 0.0, Avg: 0.2, Max: 0.5, Diff: 0.5, Sum: 2.0]
         [Processed Buffers: Min: 0, Avg: 1.8, Max: 8, Diff: 8, Sum: 14]
      [Scan RS (ms): Min: 0.0, Avg: 0.0, Max: 0.0, Diff: 0.0, Sum: 0.0]
      [Code Root Scanning (ms): Min: 0.0, Avg: 0.0, Max: 0.2, Diff: 0.2, Sum: 0.4]
      [Object Copy (ms): Min: 0.3, Avg: 0.8, Max: 1.0, Diff: 0.7, Sum: 6.7]
      [Termination (ms): Min: 0.0, Avg: 0.1, Max: 0.1, Diff: 0.1, Sum: 0.9]
         [Termination Attempts: Min: 1, Avg: 3.4, Max: 7, Diff: 6, Sum: 27]
      [GC Worker Other (ms): Min: 0.0, Avg: 0.0, Max: 0.0, Diff: 0.0, Sum: 0.1]
      [GC Worker Total (ms): Min: 1.6, Avg: 1.7, Max: 1.9, Diff: 0.2, Sum: 13.9]
      [GC Worker End (ms): Min: 312171.1, Avg: 312171.1, Max: 312171.1, Diff: 0.0]
   [Code Root Fixup: 0.1 ms]
   [Code Root Purge: 0.0 ms]
   [Clear CT: 0.4 ms]
   [Other: 4.5 ms]
      [Choose CSet: 0.0 ms]
      [Ref Proc: 0.2 ms]
      [Ref Enq: 0.0 ms]
      [Redirty Cards: 0.3 ms]
      [Humongous Register: 0.3 ms]
      [Humongous Reclaim: 3.2 ms]
      [Free CSet: 0.2 ms]
   [Eden: 2048.0K(2163.0M)->0.0B(1901.0M) Survivors: 4096.0K->3072.0K Heap: 5483.5M(6440.0M)->3395.5M(6440.0M)]
 [Times: user=0.02 sys=0.00, real=0.01 secs] 
 312.176: [G1Ergonomics (Concurrent Cycles) request concurrent cycle initiation, reason: occupancy higher than threshold, occupancy: 4077912064 bytes, allocation request: 0 bytes, threshold: 3038773230 bytes (45.00 %), source: STW humongous allocation]
         vmop                    [threads: total initially_running wait_to_block]    [time: spin block sync cleanup vmop] page_trap_count
312.168: G1IncCollectionPause             [      33          0              0    ]      [     0     0     0     0     7    ]  0   
2017-11-17T09:58:10.737+0800: 312.176: Total time for which application threads were stopped: 0.0078249 seconds, Stopping threads took: 0.0000495 seconds
 312.871: [G1Ergonomics (Concurrent Cycles) request concurrent cycle initiation, reason: occupancy higher than threshold, occupancy: 4077912064 bytes, allocation request: 437491632 bytes, threshold: 3038773230 bytes (45.00 %), source: concurrent humongous allocation]
 312.871: [G1Ergonomics (Concurrent Cycles) request concurrent cycle initiation, reason: requested by GC cause, GC cause: G1 Humongous Allocation]
 312.871: [G1Ergonomics (Concurrent Cycles) initiate concurrent cycle, reason: concurrent cycle initiation requested]
2017-11-17T09:58:11.431+0800: 312.871: [GC pause (G1 Humongous Allocation) (young) (initial-mark) 312.872: [G1Ergonomics (CSet Construction) start choosing CSet, _pending_cards: 3075, predicted base time: 8.79 ms, remaining time: 191.21 ms, target pause time: 200.00 ms]
 312.872: [G1Ergonomics (CSet Construction) add young regions to CSet, eden: 1 regions, survivors: 3 regions, predicted young region time: 0.31 ms]
 312.872: [G1Ergonomics (CSet Construction) finish choosing CSet, eden: 1 regions, survivors: 3 regions, old: 0 regions, predicted pause time: 9.11 ms, target pause time: 200.00 ms]
, 0.0065690 secs]
   [Parallel Time: 2.7 ms, GC Workers: 8]
      [GC Worker Start (ms): Min: 312871.9, Avg: 312872.0, Max: 312872.1, Diff: 0.2]
      [Ext Root Scanning (ms): Min: 1.3, Avg: 1.3, Max: 1.4, Diff: 0.2, Sum: 10.7]
      [Update RS (ms): Min: 0.4, Avg: 0.5, Max: 0.7, Diff: 0.3, Sum: 4.0]
         [Processed Buffers: Min: 1, Avg: 2.1, Max: 5, Diff: 4, Sum: 17]
      [Scan RS (ms): Min: 0.0, Avg: 0.0, Max: 0.0, Diff: 0.0, Sum: 0.0]
      [Code Root Scanning (ms): Min: 0.0, Avg: 0.0, Max: 0.2, Diff: 0.2, Sum: 0.4]
      [Object Copy (ms): Min: 0.3, Avg: 0.4, Max: 0.5, Diff: 0.2, Sum: 3.3]
      [Termination (ms): Min: 0.0, Avg: 0.0, Max: 0.1, Diff: 0.1, Sum: 0.3]
         [Termination Attempts: Min: 1, Avg: 1.1, Max: 2, Diff: 1, Sum: 9]
      [GC Worker Other (ms): Min: 0.0, Avg: 0.0, Max: 0.0, Diff: 0.0, Sum: 0.1]
      [GC Worker Total (ms): Min: 2.3, Avg: 2.4, Max: 2.4, Diff: 0.2, Sum: 18.9]
      [GC Worker End (ms): Min: 312874.4, Avg: 312874.4, Max: 312874.4, Diff: 0.0]
   [Code Root Fixup: 0.1 ms]
   [Code Root Purge: 0.0 ms]
   [Clear CT: 0.3 ms]
   [Other: 3.5 ms]
      [Choose CSet: 0.0 ms]
      [Ref Proc: 0.4 ms]
      [Ref Enq: 0.0 ms]
      [Redirty Cards: 0.3 ms]
      [Humongous Register: 0.2 ms]
      [Humongous Reclaim: 0.8 ms]
      [Free CSet: 0.2 ms]
   [Eden: 1024.0K(1901.0M)->0.0B(1963.0M) Survivors: 3072.0K->2048.0K Heap: 3813.2M(6440.0M)->3395.3M(6440.0M)]
 [Times: user=0.02 sys=0.00, real=0.00 secs] 
         vmop                    [threads: total initially_running wait_to_block]    [time: spin block sync cleanup vmop] page_trap_count
312.871: G1IncCollectionPause             [      33          0              1    ]      [     0     0     0     0     6    ]  0   
2017-11-17T09:58:11.438+0800: 312.878: [GC concurrent-root-region-scan-start]
2017-11-17T09:58:11.438+0800: 312.878: Total time for which application threads were stopped: 0.0070359 seconds, Stopping threads took: 0.0000923 seconds
2017-11-17T09:58:11.440+0800: 312.880: [GC concurrent-root-region-scan-end, 0.0019459 secs]
2017-11-17T09:58:11.440+0800: 312.880: [GC concurrent-mark-start]
2017-11-17T09:58:12.299+0800: 313.739: [GC concurrent-mark-end, 0.8593592 secs]
2017-11-17T09:58:12.300+0800: 313.739: [GC remark 2017-11-17T09:58:12.300+0800: 313.739: [Finalize Marking, 0.0004001 secs] 2017-11-17T09:58:12.300+0800: 313.740: [GC ref-proc, 0.0001661 secs] 2017-11-17T09:58:12.300+0800: 313.740: [Unloading, 0.0042684 secs], 0.0136907 secs]
 [Times: user=0.07 sys=0.00, real=0.01 secs] 
         vmop                    [threads: total initially_running wait_to_block]    [time: spin block sync cleanup vmop] page_trap_count
313.739: CGC_Operation                    [      33          0              1    ]      [     0     0     0     0    13    ]  0   
2017-11-17T09:58:12.314+0800: 313.753: Total time for which application threads were stopped: 0.0140698 seconds, Stopping threads took: 0.0001040 seconds
2017-11-17T09:58:12.314+0800: 313.753: [GC cleanup 4230M->4230M(6440M), 0.0030026 secs]
 [Times: user=0.01 sys=0.00, real=0.00 secs] 
         vmop                    [threads: total initially_running wait_to_block]    [time: spin block sync cleanup vmop] page_trap_count
313.753: CGC_Operation                    [      33          0              0    ]      [     0     0     0     0     3    ]  0   
2017-11-17T09:58:12.317+0800: 313.757: Total time for which application threads were stopped: 0.0032571 seconds, Stopping threads took: 0.0000842 seconds
 314.370: [G1Ergonomics (Concurrent Cycles) do not request concurrent cycle initiation, reason: still doing mixed collections, occupancy: 4517265408 bytes, allocation request: 437491632 bytes, threshold: 3038773230 bytes (45.00 %), source: concurrent humongous allocation]
 315.044: [G1Ergonomics (Concurrent Cycles) do not request concurrent cycle initiation, reason: still doing mixed collections, occupancy: 4955570176 bytes, allocation request: 437491632 bytes, threshold: 3038773230 bytes (45.00 %), source: concurrent humongous allocation]
         vmop                    [threads: total initially_running wait_to_block]    [time: spin block sync cleanup vmop] page_trap_count
315.226: RevokeBias                       [      33          0              0    ]      [     0     0     0     0     0    ]  0   
2017-11-17T09:58:13.787+0800: 315.226: Total time for which application threads were stopped: 0.0002538 seconds, Stopping threads took: 0.0000658 seconds
         vmop                    [threads: total initially_running wait_to_block]    [time: spin block sync cleanup vmop] page_trap_count
315.227: RevokeBias                       [      33          0              0    ]      [     0     0     0     0     0    ]  0   
2017-11-17T09:58:13.788+0800: 315.227: Total time for which application threads were stopped: 0.0001241 seconds, Stopping threads took: 0.0000227 seconds
 315.734: [G1Ergonomics (Concurrent Cycles) do not request concurrent cycle initiation, reason: still doing mixed collections, occupancy: 5393874944 bytes, allocation request: 437491632 bytes, threshold: 3038773230 bytes (45.00 %), source: concurrent humongous allocation]
 316.410: [G1Ergonomics (Concurrent Cycles) do not request concurrent cycle initiation, reason: still doing mixed collections, occupancy: 5832179712 bytes, allocation request: 437491632 bytes, threshold: 3038773230 bytes (45.00 %), source: concurrent humongous allocation]
2017-11-17T09:58:14.971+0800: 316.410: [GC pause (G1 Humongous Allocation) (young) 316.410: [G1Ergonomics (CSet Construction) start choosing CSet, _pending_cards: 2061, predicted base time: 7.97 ms, remaining time: 192.03 ms, target pause time: 200.00 ms]
 316.410: [G1Ergonomics (CSet Construction) add young regions to CSet, eden: 2 regions, survivors: 2 regions, predicted young region time: 0.29 ms]
 316.410: [G1Ergonomics (CSet Construction) finish choosing CSet, eden: 2 regions, survivors: 2 regions, old: 0 regions, predicted pause time: 8.27 ms, target pause time: 200.00 ms]
 316.417: [G1Ergonomics (Concurrent Cycles) do not request concurrent cycle initiation, reason: still doing mixed collections, occupancy: 3640655872 bytes, allocation request: 0 bytes, threshold: 3038773230 bytes (45.00 %), source: end of GC]
 316.417: [G1Ergonomics (Mixed GCs) do not start mixed GCs, reason: reclaimable percentage not over threshold, candidate old regions: 78 regions, reclaimable: 37538896 bytes (0.56 %), threshold: 5.00 %]
, 0.0064457 secs]
   [Parallel Time: 1.5 ms, GC Workers: 8]
      [GC Worker Start (ms): Min: 316410.8, Avg: 316411.0, Max: 316411.1, Diff: 0.3]
      [Ext Root Scanning (ms): Min: 0.2, Avg: 0.5, Max: 1.0, Diff: 0.8, Sum: 3.6]
      [Update RS (ms): Min: 0.0, Avg: 0.3, Max: 0.4, Diff: 0.4, Sum: 2.0]
         [Processed Buffers: Min: 0, Avg: 1.9, Max: 7, Diff: 7, Sum: 15]
      [Scan RS (ms): Min: 0.0, Avg: 0.0, Max: 0.0, Diff: 0.0, Sum: 0.0]
      [Code Root Scanning (ms): Min: 0.0, Avg: 0.0, Max: 0.1, Diff: 0.1, Sum: 0.1]
      [Object Copy (ms): Min: 0.2, Avg: 0.4, Max: 0.5, Diff: 0.2, Sum: 2.9]
      [Termination (ms): Min: 0.0, Avg: 0.0, Max: 0.0, Diff: 0.0, Sum: 0.0]
         [Termination Attempts: Min: 1, Avg: 1.0, Max: 1, Diff: 0, Sum: 8]
      [GC Worker Other (ms): Min: 0.0, Avg: 0.0, Max: 0.0, Diff: 0.0, Sum: 0.1]
      [GC Worker Total (ms): Min: 1.0, Avg: 1.1, Max: 1.2, Diff: 0.3, Sum: 8.8]
      [GC Worker End (ms): Min: 316412.1, Avg: 316412.1, Max: 316412.1, Diff: 0.0]
   [Code Root Fixup: 0.1 ms]
   [Code Root Purge: 0.0 ms]
   [Clear CT: 0.3 ms]
   [Other: 4.6 ms]
      [Choose CSet: 0.0 ms]
      [Ref Proc: 0.4 ms]
      [Ref Enq: 0.0 ms]
      [Redirty Cards: 0.2 ms]
      [Humongous Register: 0.3 ms]
      [Humongous Reclaim: 3.3 ms]
      [Free CSet: 0.2 ms]
   [Eden: 2048.0K(1963.0M)->0.0B(2009.0M) Survivors: 2048.0K->2048.0K Heap: 5482.6M(6440.0M)->3395.1M(6440.0M)]
 [Times: user=0.02 sys=0.00, real=0.01 secs] 
 316.417: [G1Ergonomics (Concurrent Cycles) request concurrent cycle initiation, reason: occupancy higher than threshold, occupancy: 4078960640 bytes, allocation request: 0 bytes, threshold: 3038773230 bytes (45.00 %), source: STW humongous allocation]
         vmop                    [threads: total initially_running wait_to_block]    [time: spin block sync cleanup vmop] page_trap_count
316.410: G1IncCollectionPause             [      33          0              0    ]      [     0     0     0     0     7    ]  0   
2017-11-17T09:58:14.978+0800: 316.417: Total time for which application threads were stopped: 0.0073044 seconds, Stopping threads took: 0.0000482 seconds
         vmop                    [threads: total initially_running wait_to_block]    [time: spin block sync cleanup vmop] page_trap_count
317.142: RevokeBias                       [      33          0              0    ]      [     0     0     0     0     0    ]  0   
2017-11-17T09:58:15.702+0800: 317.142: Total time for which application threads were stopped: 0.0002011 seconds, Stopping threads took: 0.0000481 seconds
 317.142: [G1Ergonomics (Concurrent Cycles) request concurrent cycle initiation, reason: occupancy higher than threshold, occupancy: 4078960640 bytes, allocation request: 659984 bytes, threshold: 3038773230 bytes (45.00 %), source: concurrent humongous allocation]
 317.143: [G1Ergonomics (Concurrent Cycles) request concurrent cycle initiation, reason: requested by GC cause, GC cause: G1 Humongous Allocation]
 317.143: [G1Ergonomics (Concurrent Cycles) initiate concurrent cycle, reason: concurrent cycle initiation requested]
2017-11-17T09:58:15.703+0800: 317.143: [GC pause (G1 Humongous Allocation) (young) (initial-mark) 317.143: [G1Ergonomics (CSet Construction) start choosing CSet, _pending_cards: 2051, predicted base time: 7.52 ms, remaining time: 192.48 ms, target pause time: 200.00 ms]
 317.143: [G1Ergonomics (CSet Construction) add young regions to CSet, eden: 1 regions, survivors: 2 regions, predicted young region time: 0.20 ms]
 317.143: [G1Ergonomics (CSet Construction) finish choosing CSet, eden: 1 regions, survivors: 2 regions, old: 0 regions, predicted pause time: 7.72 ms, target pause time: 200.00 ms]
, 0.0066726 secs]
   [Parallel Time: 2.3 ms, GC Workers: 8]
      [GC Worker Start (ms): Min: 317143.7, Avg: 317143.8, Max: 317143.9, Diff: 0.2]
      [Ext Root Scanning (ms): Min: 1.2, Avg: 1.3, Max: 1.4, Diff: 0.2, Sum: 10.8]
      [Update RS (ms): Min: 0.0, Avg: 0.1, Max: 0.2, Diff: 0.2, Sum: 1.0]
         [Processed Buffers: Min: 0, Avg: 1.6, Max: 5, Diff: 5, Sum: 13]
      [Scan RS (ms): Min: 0.0, Avg: 0.0, Max: 0.0, Diff: 0.0, Sum: 0.0]
      [Code Root Scanning (ms): Min: 0.0, Avg: 0.0, Max: 0.1, Diff: 0.1, Sum: 0.1]
      [Object Copy (ms): Min: 0.3, Avg: 0.4, Max: 0.6, Diff: 0.3, Sum: 3.0]
      [Termination (ms): Min: 0.0, Avg: 0.0, Max: 0.0, Diff: 0.0, Sum: 0.0]
         [Termination Attempts: Min: 1, Avg: 1.0, Max: 1, Diff: 0, Sum: 8]
      [GC Worker Other (ms): Min: 0.0, Avg: 0.0, Max: 0.0, Diff: 0.0, Sum: 0.1]
      [GC Worker Total (ms): Min: 1.8, Avg: 1.9, Max: 2.0, Diff: 0.2, Sum: 15.1]
      [GC Worker End (ms): Min: 317145.7, Avg: 317145.7, Max: 317145.7, Diff: 0.0]
   [Code Root Fixup: 0.0 ms]
   [Code Root Purge: 0.0 ms]
   [Clear CT: 0.3 ms]
   [Other: 4.0 ms]
      [Choose CSet: 0.0 ms]
      [Ref Proc: 0.5 ms]
      [Ref Enq: 0.0 ms]
      [Redirty Cards: 0.3 ms]
      [Humongous Register: 0.1 ms]
      [Humongous Reclaim: 1.4 ms]
      [Free CSet: 0.2 ms]
   [Eden: 1024.0K(2009.0M)->0.0B(2231.0M) Survivors: 2048.0K->2048.0K Heap: 3813.1M(6440.0M)->2978.3M(6440.0M)]
 [Times: user=0.01 sys=0.01, real=0.00 secs] 
         vmop                    [threads: total initially_running wait_to_block]    [time: spin block sync cleanup vmop] page_trap_count
317.143: G1IncCollectionPause             [      33          0              0    ]      [     0     0     0     0     6    ]  0   
2017-11-17T09:58:15.710+0800: 317.150: [GC concurrent-root-region-scan-start]
2017-11-17T09:58:15.710+0800: 317.150: Total time for which application threads were stopped: 0.0069895 seconds, Stopping threads took: 0.0000203 seconds
2017-11-17T09:58:15.711+0800: 317.151: [GC concurrent-root-region-scan-end, 0.0014712 secs]
2017-11-17T09:58:15.712+0800: 317.151: [GC concurrent-mark-start]
2017-11-17T09:58:16.795+0800: 318.234: [GC concurrent-mark-end, 1.0831508 secs]
2017-11-17T09:58:16.868+0800: 318.307: [GC remark 2017-11-17T09:58:16.868+0800: 318.307: [Finalize Marking, 0.0147123 secs] 2017-11-17T09:58:16.882+0800: 318.322: [GC ref-proc, 0.0002892 secs] 2017-11-17T09:58:16.883+0800: 318.322: [Unloading, 0.0043218 secs], 0.0264075 secs]
 [Times: user=0.08 sys=0.00, real=0.03 secs] 
         vmop                    [threads: total initially_running wait_to_block]    [time: spin block sync cleanup vmop] page_trap_count
318.234: CGC_Operation                    [      33          1              1    ]      [    72     0    72     0    26    ]  1   
2017-11-17T09:58:16.894+0800: 318.334: Total time for which application threads were stopped: 0.0993510 seconds, Stopping threads took: 0.0726899 seconds
2017-11-17T09:58:16.907+0800: 318.347: [GC cleanup 4266M->4266M(6440M), 0.0029171 secs]
 [Times: user=0.02 sys=0.00, real=0.00 secs] 
         vmop                    [threads: total initially_running wait_to_block]    [time: spin block sync cleanup vmop] page_trap_count
318.347: CGC_Operation                    [      33          0              0    ]      [     0     0     0     0     2    ]  0   
2017-11-17T09:58:16.910+0800: 318.350: Total time for which application threads were stopped: 0.0031747 seconds, Stopping threads took: 0.0000797 seconds
 318.518: [G1Ergonomics (Concurrent Cycles) do not request concurrent cycle initiation, reason: still doing mixed collections, occupancy: 4561305600 bytes, allocation request: 559632 bytes, threshold: 3038773230 bytes (45.00 %), source: concurrent humongous allocation]
 318.519: [G1Ergonomics (Concurrent Cycles) do not request concurrent cycle initiation, reason: still doing mixed collections, occupancy: 4562354176 bytes, allocation request: 1119248 bytes, threshold: 3038773230 bytes (45.00 %), source: concurrent humongous allocation]
 318.519: [G1Ergonomics (Concurrent Cycles) do not request concurrent cycle initiation, reason: still doing mixed collections, occupancy: 4564451328 bytes, allocation request: 2238480 bytes, threshold: 3038773230 bytes (45.00 %), source: concurrent humongous allocation]
 318.520: [G1Ergonomics (Concurrent Cycles) do not request concurrent cycle initiation, reason: still doing mixed collections, occupancy: 4567597056 bytes, allocation request: 4476944 bytes, threshold: 3038773230 bytes (45.00 %), source: concurrent humongous allocation]
 318.521: [G1Ergonomics (Concurrent Cycles) do not request concurrent cycle initiation, reason: still doing mixed collections, occupancy: 4572839936 bytes, allocation request: 8953872 bytes, threshold: 3038773230 bytes (45.00 %), source: concurrent humongous allocation]
 318.524: [G1Ergonomics (Concurrent Cycles) do not request concurrent cycle initiation, reason: still doing mixed collections, occupancy: 4582277120 bytes, allocation request: 17907728 bytes, threshold: 3038773230 bytes (45.00 %), source: concurrent humongous allocation]
 318.531: [G1Ergonomics (Concurrent Cycles) do not request concurrent cycle initiation, reason: still doing mixed collections, occupancy: 4601151488 bytes, allocation request: 35815440 bytes, threshold: 3038773230 bytes (45.00 %), source: concurrent humongous allocation]
 318.544: [G1Ergonomics (Concurrent Cycles) do not request concurrent cycle initiation, reason: still doing mixed collections, occupancy: 4637851648 bytes, allocation request: 71630864 bytes, threshold: 3038773230 bytes (45.00 %), source: concurrent humongous allocation]
 318.572: [G1Ergonomics (Concurrent Cycles) do not request concurrent cycle initiation, reason: still doing mixed collections, occupancy: 4710203392 bytes, allocation request: 143261712 bytes, threshold: 3038773230 bytes (45.00 %), source: concurrent humongous allocation]
 318.628: [G1Ergonomics (Concurrent Cycles) do not request concurrent cycle initiation, reason: still doing mixed collections, occupancy: 4853858304 bytes, allocation request: 286523408 bytes, threshold: 3038773230 bytes (45.00 %), source: concurrent humongous allocation]
 318.747: [G1Ergonomics (Concurrent Cycles) do not request concurrent cycle initiation, reason: still doing mixed collections, occupancy: 5141168128 bytes, allocation request: 573046800 bytes, threshold: 3038773230 bytes (45.00 %), source: concurrent humongous allocation]
2017-11-17T09:58:17.308+0800: 318.748: [GC pause (G1 Humongous Allocation) (young) 318.754: [G1Ergonomics (CSet Construction) start choosing CSet, _pending_cards: 579527, predicted base time: 92.98 ms, remaining time: 107.02 ms, target pause time: 200.00 ms]
 318.754: [G1Ergonomics (CSet Construction) add young regions to CSet, eden: 1 regions, survivors: 2 regions, predicted young region time: 0.31 ms]
 318.754: [G1Ergonomics (CSet Construction) finish choosing CSet, eden: 1 regions, survivors: 2 regions, old: 0 regions, predicted pause time: 93.29 ms, target pause time: 200.00 ms]
 318.799: [G1Ergonomics (Concurrent Cycles) do not request concurrent cycle initiation, reason: still doing mixed collections, occupancy: 4165992448 bytes, allocation request: 0 bytes, threshold: 3038773230 bytes (45.00 %), source: end of GC]
 318.799: [G1Ergonomics (Mixed GCs) do not start mixed GCs, reason: reclaimable percentage not over threshold, candidate old regions: 78 regions, reclaimable: 37538896 bytes (0.56 %), threshold: 5.00 %]
, 0.0509537 secs]
   [Parallel Time: 41.6 ms, GC Workers: 8]
      [GC Worker Start (ms): Min: 318754.2, Avg: 318754.3, Max: 318754.4, Diff: 0.2]
      [Ext Root Scanning (ms): Min: 0.2, Avg: 0.4, Max: 1.0, Diff: 0.8, Sum: 3.6]
      [Update RS (ms): Min: 39.9, Avg: 40.3, Max: 40.5, Diff: 0.6, Sum: 322.7]
         [Processed Buffers: Min: 228, Avg: 283.5, Max: 313, Diff: 85, Sum: 2268]
      [Scan RS (ms): Min: 0.0, Avg: 0.1, Max: 0.2, Diff: 0.2, Sum: 0.4]
      [Code Root Scanning (ms): Min: 0.0, Avg: 0.0, Max: 0.1, Diff: 0.1, Sum: 0.1]
      [Object Copy (ms): Min: 0.1, Avg: 0.3, Max: 0.4, Diff: 0.3, Sum: 2.6]
      [Termination (ms): Min: 0.0, Avg: 0.0, Max: 0.0, Diff: 0.0, Sum: 0.0]
         [Termination Attempts: Min: 1, Avg: 1.0, Max: 1, Diff: 0, Sum: 8]
      [GC Worker Other (ms): Min: 0.0, Avg: 0.0, Max: 0.0, Diff: 0.0, Sum: 0.1]
      [GC Worker Total (ms): Min: 41.1, Avg: 41.2, Max: 41.3, Diff: 0.2, Sum: 329.5]
      [GC Worker End (ms): Min: 318795.5, Avg: 318795.5, Max: 318795.5, Diff: 0.0]
   [Code Root Fixup: 0.0 ms]
   [Code Root Purge: 0.0 ms]
   [Clear CT: 0.3 ms]
   [Other: 9.0 ms]
      [Choose CSet: 0.0 ms]
      [Ref Proc: 0.2 ms]
      [Ref Enq: 0.0 ms]
      [Redirty Cards: 0.2 ms]
      [Humongous Register: 0.3 ms]
      [Humongous Reclaim: 1.6 ms]
      [Free CSet: 0.2 ms]
   [Eden: 1024.0K(2231.0M)->0.0B(1547.0M) Survivors: 2048.0K->1024.0K Heap: 4813.4M(6440.0M)->3895.4M(6440.0M)]
 [Times: user=0.34 sys=0.00, real=0.06 secs] 
         vmop                    [threads: total initially_running wait_to_block]    [time: spin block sync cleanup vmop] page_trap_count
318.747: G1IncCollectionPause             [      33          0              0    ]      [     0     0     0     0    51    ]  0   
2017-11-17T09:58:17.360+0800: 318.799: Total time for which application threads were stopped: 0.0518563 seconds, Stopping threads took: 0.0000750 seconds
 318.800: [G1Ergonomics (Heap Sizing) attempt heap expansion, reason: allocation request failed, allocation request: 573046800 bytes]
 318.800: [G1Ergonomics (Heap Sizing) expand the heap, requested expansion amount: 573046800 bytes, attempted expansion amount: 573571072 bytes]
2017-11-17T09:58:17.362+0800: 318.802: [Full GC (Allocation Failure)  3895M->3855M(6656M), 1.7516132 secs]
   [Eden: 0.0B(1547.0M)->0.0B(1745.0M) Survivors: 1024.0K->0.0B Heap: 3895.4M(6656.0M)->3855.2M(6656.0M)], [Metaspace: 47472K->47472K(1091584K)]
 [Times: user=2.39 sys=0.00, real=1.75 secs] 
2017-11-17T09:58:19.115+0800: 320.554: [Full GC (Allocation Failure)  3855M->3853M(6656M), 1.5960644 secs]
   [Eden: 0.0B(1745.0M)->0.0B(1747.0M) Survivors: 0.0B->0.0B Heap: 3855.2M(6656.0M)->3853.3M(6656.0M)], [Metaspace: 47472K->46866K(1091584K)]
 [Times: user=2.29 sys=0.01, real=1.59 secs] 
         vmop                    [threads: total initially_running wait_to_block]    [time: spin block sync cleanup vmop] page_trap_count
318.799: G1CollectForAllocation           [      33          0              0    ]      [     0     0     0     0  3351    ]  0   
2017-11-17T09:58:20.711+0800: 322.151: Total time for which application threads were stopped: 3.3515611 seconds, Stopping threads took: 0.0000308 seconds
java.lang.OutOfMemoryError: Java heap space
Dumping heap to java_pid29493.hprof ...
         vmop                    [threads: total initially_running wait_to_block]    [time: spin block sync cleanup vmop] page_trap_count
322.151: HeapDumper                       [      33          0              0    ]      [     0     0     0     0 46332    ]  0   
2017-11-17T09:59:07.044+0800: 368.483: Total time for which application threads were stopped: 46.3324062 seconds, Stopping threads took: 0.0000440 seconds
Heap dump file created [4232885286 bytes in 46.385 secs]
         vmop                    [threads: total initially_running wait_to_block]    [time: spin block sync cleanup vmop] page_trap_count
368.536: RevokeBias                       [      28          0              2    ]      [     0     0     5     0     0    ]  0   
2017-11-17T09:59:07.103+0800: 368.542: Total time for which application threads were stopped: 0.0062010 seconds, Stopping threads took: 0.0059615 seconds
         vmop                    [threads: total initially_running wait_to_block]    [time: spin block sync cleanup vmop] page_trap_count
368.543: RevokeBias                       [      28          0              2    ]      [     0     0     0     0     0    ]  0   
2017-11-17T09:59:07.104+0800: 368.544: Total time for which application threads were stopped: 0.0003022 seconds, Stopping threads took: 0.0001410 seconds
         vmop                    [threads: total initially_running wait_to_block]    [time: spin block sync cleanup vmop] page_trap_count
368.556: Deoptimize                       [      28          0              2    ]      [     0     0     0     0     0    ]  0   
2017-11-17T09:59:07.118+0800: 368.557: Total time for which application threads were stopped: 0.0016502 seconds, Stopping threads took: 0.0009119 seconds
         vmop                    [threads: total initially_running wait_to_block]    [time: spin block sync cleanup vmop] page_trap_count
368.574: RevokeBias                       [      31          0              1    ]      [     0     0     5     0     0    ]  0   
2017-11-17T09:59:07.140+0800: 368.580: Total time for which application threads were stopped: 0.0052872 seconds, Stopping threads took: 0.0050487 seconds
         vmop                    [threads: total initially_running wait_to_block]    [time: spin block sync cleanup vmop] page_trap_count
368.580: RevokeBias                       [      31          1              1    ]      [     0     0     0     0     0    ]  0   
2017-11-17T09:59:07.141+0800: 368.580: Total time for which application threads were stopped: 0.0002495 seconds, Stopping threads took: 0.0001556 seconds
         vmop                    [threads: total initially_running wait_to_block]    [time: spin block sync cleanup vmop] page_trap_count
368.581: RevokeBias                       [      31          0              1    ]      [     0     0     0     0     0    ]  0   
2017-11-17T09:59:07.141+0800: 368.581: Total time for which application threads were stopped: 0.0001959 seconds, Stopping threads took: 0.0000724 seconds
         vmop                    [threads: total initially_running wait_to_block]    [time: spin block sync cleanup vmop] page_trap_count
368.586: RevokeBias                       [      31          0              0    ]      [     0     0     0     0     0    ]  0   
2017-11-17T09:59:07.146+0800: 368.586: Total time for which application threads were stopped: 0.0001300 seconds, Stopping threads took: 0.0000411 seconds
         vmop                    [threads: total initially_running wait_to_block]    [time: spin block sync cleanup vmop] page_trap_count
368.586: RevokeBias                       [      31          0              0    ]      [     0     0     0     0     0    ]  0   
2017-11-17T09:59:07.147+0800: 368.586: Total time for which application threads were stopped: 0.0001162 seconds, Stopping threads took: 0.0000370 seconds
         vmop                    [threads: total initially_running wait_to_block]    [time: spin block sync cleanup vmop] page_trap_count
368.593: RevokeBias                       [      32          0              0    ]      [     0     0     0     0     0    ]  0   
2017-11-17T09:59:07.154+0800: 368.593: Total time for which application threads were stopped: 0.0001354 seconds, Stopping threads took: 0.0000363 seconds
Heap
 garbage-first heap   total 6815744K, used 3956053K [0x0000000620000000, 0x000000062010d000, 0x00000007c0000000)
  region size 1024K, 11 young (11264K), 0 survivors (0K)
 Metaspace       used 47232K, capacity 47580K, committed 48512K, reserved 1091584K
  class space    used 5785K, capacity 5885K, committed 6016K, reserved 1048576K
         vmop                    [threads: total initially_running wait_to_block]    [time: spin block sync cleanup vmop] page_trap_count
368.628: Exit                             [      31          1              1    ]      [     0     0     0     0   312    ]  0   

Polling page always armed
ForceSafepoint                     1
Deoptimize                        15
HeapDumper                         1
CollectForMetadataAllocation         2
CGC_Operation                     24
G1CollectForAllocation             1
G1IncCollectionPause              53
EnableBiasedLocking                1
RevokeBias                       393
BulkRevokeBias                    18
Exit                               1
    4 VM operations coalesced during safepoint
Maximum sync time    277 ms
Maximum vm operation time (except for Exit VM operation)  46332 ms
