 0.047: [G1Ergonomics (Heap Sizing) expand the heap, requested expansion amount: 528482304 bytes, attempted expansion amount: 528482304 bytes]
         vmop                    [threads: total initially_running wait_to_block]    [time: spin block sync cleanup vmop] page_trap_count
0.716: Deoptimize                       [      10          0              0    ]      [     0     0     0     0     0    ]  0   
2017-11-17T21:49:09.544+0800: 0.716: Total time for which application threads were stopped: 0.0001943 seconds, Stopping threads took: 0.0000333 seconds
         vmop                    [threads: total initially_running wait_to_block]    [time: spin block sync cleanup vmop] page_trap_count
0.731: Deoptimize                       [      10          0              0    ]      [     0     0     0     0     0    ]  0   
2017-11-17T21:49:09.559+0800: 0.731: Total time for which application threads were stopped: 0.0001187 seconds, Stopping threads took: 0.0000124 seconds
2017-11-17T21:49:09.830+0800: 1.003: [GC pause (G1 Evacuation Pause) (young) 1.003: [G1Ergonomics (CSet Construction) start choosing CSet, _pending_cards: 0, predicted base time: 10.00 ms, remaining time: 190.00 ms, target pause time: 200.00 ms]
 1.003: [G1Ergonomics (CSet Construction) add young regions to CSet, eden: 25 regions, survivors: 0 regions, predicted young region time: 382.49 ms]
 1.003: [G1Ergonomics (CSet Construction) finish choosing CSet, eden: 25 regions, survivors: 0 regions, old: 0 regions, predicted pause time: 392.49 ms, target pause time: 200.00 ms]
, 0.0119957 secs]
   [Parallel Time: 7.3 ms, GC Workers: 8]
      [GC Worker Start (ms): Min: 1006.1, Avg: 1008.0, Max: 1009.9, Diff: 3.7]
      [Ext Root Scanning (ms): Min: 0.0, Avg: 0.3, Max: 1.3, Diff: 1.3, Sum: 2.1]
      [Update RS (ms): Min: 0.0, Avg: 0.0, Max: 0.0, Diff: 0.0, Sum: 0.0]
         [Processed Buffers: Min: 0, Avg: 0.0, Max: 0, Diff: 0, Sum: 0]
      [Scan RS (ms): Min: 0.0, Avg: 0.0, Max: 0.0, Diff: 0.0, Sum: 0.0]
      [Code Root Scanning (ms): Min: 0.0, Avg: 0.1, Max: 0.3, Diff: 0.3, Sum: 0.5]
      [Object Copy (ms): Min: 0.0, Avg: 1.2, Max: 2.0, Diff: 2.0, Sum: 9.6]
      [Termination (ms): Min: 0.0, Avg: 0.3, Max: 0.4, Diff: 0.4, Sum: 2.4]
         [Termination Attempts: Min: 1, Avg: 12.0, Max: 26, Diff: 25, Sum: 96]
      [GC Worker Other (ms): Min: 0.0, Avg: 0.0, Max: 0.0, Diff: 0.0, Sum: 0.1]
      [GC Worker Total (ms): Min: 0.0, Avg: 1.8, Max: 3.8, Diff: 3.7, Sum: 14.8]
      [GC Worker End (ms): Min: 1009.9, Avg: 1009.9, Max: 1009.9, Diff: 0.1]
   [Code Root Fixup: 0.1 ms]
   [Code Root Purge: 0.0 ms]
   [Clear CT: 0.3 ms]
   [Other: 4.2 ms]
      [Choose CSet: 0.0 ms]
      [Ref Proc: 3.6 ms]
      [Ref Enq: 0.0 ms]
      [Redirty Cards: 0.3 ms]
      [Humongous Register: 0.1 ms]
      [Humongous Reclaim: 0.0 ms]
      [Free CSet: 0.1 ms]
   [Eden: 25.0M(25.0M)->0.0B(35.0M) Survivors: 0.0B->4096.0K Heap: 25.0M(504.0M)->5199.5K(504.0M)]
 [Times: user=0.02 sys=0.00, real=0.01 secs] 
         vmop                    [threads: total initially_running wait_to_block]    [time: spin block sync cleanup vmop] page_trap_count
1.002: G1IncCollectionPause             [      10          0              0    ]      [     0     0     0     0    12    ]  0   
2017-11-17T21:49:09.843+0800: 1.015: Total time for which application threads were stopped: 0.0124122 seconds, Stopping threads took: 0.0000365 seconds
2017-11-17T21:49:10.288+0800: 1.460: [GC pause (G1 Evacuation Pause) (young) 1.460: [G1Ergonomics (CSet Construction) start choosing CSet, _pending_cards: 512, predicted base time: 13.08 ms, remaining time: 186.92 ms, target pause time: 200.00 ms]
 1.460: [G1Ergonomics (CSet Construction) add young regions to CSet, eden: 35 regions, survivors: 4 regions, predicted young region time: 179.11 ms]
 1.460: [G1Ergonomics (CSet Construction) finish choosing CSet, eden: 35 regions, survivors: 4 regions, old: 0 regions, predicted pause time: 192.20 ms, target pause time: 200.00 ms]
, 0.0286171 secs]
   [Parallel Time: 12.5 ms, GC Workers: 8]
      [GC Worker Start (ms): Min: 1460.4, Avg: 1467.3, Max: 1469.7, Diff: 9.3]
      [Ext Root Scanning (ms): Min: 0.0, Avg: 0.3, Max: 2.1, Diff: 2.1, Sum: 2.1]
      [Update RS (ms): Min: 0.0, Avg: 0.0, Max: 0.2, Diff: 0.2, Sum: 0.2]
         [Processed Buffers: Min: 0, Avg: 0.2, Max: 2, Diff: 2, Sum: 2]
      [Scan RS (ms): Min: 0.0, Avg: 0.0, Max: 0.1, Diff: 0.1, Sum: 0.1]
      [Code Root Scanning (ms): Min: 0.0, Avg: 0.1, Max: 0.8, Diff: 0.8, Sum: 0.8]
      [Object Copy (ms): Min: 0.0, Avg: 2.2, Max: 9.2, Diff: 9.2, Sum: 17.4]
      [Termination (ms): Min: 0.0, Avg: 2.9, Max: 3.5, Diff: 3.5, Sum: 23.4]
         [Termination Attempts: Min: 1, Avg: 22.2, Max: 49, Diff: 48, Sum: 178]
      [GC Worker Other (ms): Min: 0.0, Avg: 0.0, Max: 0.0, Diff: 0.0, Sum: 0.1]
      [GC Worker Total (ms): Min: 3.1, Avg: 5.5, Max: 12.3, Diff: 9.2, Sum: 44.1]
      [GC Worker End (ms): Min: 1472.8, Avg: 1472.8, Max: 1472.8, Diff: 0.0]
   [Code Root Fixup: 0.2 ms]
   [Code Root Purge: 0.0 ms]
   [Clear CT: 0.2 ms]
   [Other: 15.6 ms]
      [Choose CSet: 0.0 ms]
      [Ref Proc: 14.9 ms]
      [Ref Enq: 0.0 ms]
      [Redirty Cards: 0.3 ms]
      [Humongous Register: 0.0 ms]
      [Humongous Reclaim: 0.0 ms]
      [Free CSet: 0.1 ms]
   [Eden: 35.0M(35.0M)->0.0B(297.0M) Survivors: 4096.0K->5120.0K Heap: 40.1M(504.0M)->8717.0K(504.0M)]
 [Times: user=0.05 sys=0.00, real=0.03 secs] 
         vmop                    [threads: total initially_running wait_to_block]    [time: spin block sync cleanup vmop] page_trap_count
1.460: G1IncCollectionPause             [      10          0              0    ]      [     0     0     0     0    28    ]  0   
2017-11-17T21:49:10.317+0800: 1.489: Total time for which application threads were stopped: 0.0289197 seconds, Stopping threads took: 0.0000383 seconds
         vmop                    [threads: total initially_running wait_to_block]    [time: spin block sync cleanup vmop] page_trap_count
1.610: Deoptimize                       [      10          0              0    ]      [     0     0     0     0     0    ]  0   
2017-11-17T21:49:10.438+0800: 1.611: Total time for which application threads were stopped: 0.0003283 seconds, Stopping threads took: 0.0000411 seconds
         vmop                    [threads: total initially_running wait_to_block]    [time: spin block sync cleanup vmop] page_trap_count
1.736: Deoptimize                       [      11          0              0    ]      [     0     0     0     0     0    ]  0   
2017-11-17T21:49:10.564+0800: 1.736: Total time for which application threads were stopped: 0.0002800 seconds, Stopping threads took: 0.0000326 seconds
         vmop                    [threads: total initially_running wait_to_block]    [time: spin block sync cleanup vmop] page_trap_count
1.853: Deoptimize                       [      19          0              0    ]      [     0     0     0     0     0    ]  0   
2017-11-17T21:49:10.681+0800: 1.853: Total time for which application threads were stopped: 0.0003201 seconds, Stopping threads took: 0.0000406 seconds
         vmop                    [threads: total initially_running wait_to_block]    [time: spin block sync cleanup vmop] page_trap_count
1.915: Deoptimize                       [      19          0              0    ]      [     0     0     0     0     0    ]  0   
2017-11-17T21:49:10.743+0800: 1.916: Total time for which application threads were stopped: 0.0003296 seconds, Stopping threads took: 0.0000486 seconds
         vmop                    [threads: total initially_running wait_to_block]    [time: spin block sync cleanup vmop] page_trap_count
2.047: Deoptimize                       [      19          0              0    ]      [     0     0     0     0     0    ]  0   
2017-11-17T21:49:10.875+0800: 2.047: Total time for which application threads were stopped: 0.0003125 seconds, Stopping threads took: 0.0000391 seconds
         vmop                    [threads: total initially_running wait_to_block]    [time: spin block sync cleanup vmop] page_trap_count
2.053: Deoptimize                       [      19          0              2    ]      [     0     0     0     0     0    ]  0   
2017-11-17T21:49:10.881+0800: 2.053: Total time for which application threads were stopped: 0.0001787 seconds, Stopping threads took: 0.0000362 seconds
         vmop                    [threads: total initially_running wait_to_block]    [time: spin block sync cleanup vmop] page_trap_count
2.054: Deoptimize                       [      19          0              1    ]      [     0     0     0     0     0    ]  0   
2017-11-17T21:49:10.882+0800: 2.055: Total time for which application threads were stopped: 0.0001537 seconds, Stopping threads took: 0.0000373 seconds
 2.328: [G1Ergonomics (Concurrent Cycles) request concurrent cycle initiation, reason: requested by GC cause, GC cause: Metadata GC Threshold]
 2.328: [G1Ergonomics (Concurrent Cycles) initiate concurrent cycle, reason: concurrent cycle initiation requested]
2017-11-17T21:49:11.156+0800: 2.328: [GC pause (Metadata GC Threshold) (young) (initial-mark) 2.328: [G1Ergonomics (CSet Construction) start choosing CSet, _pending_cards: 1280, predicted base time: 19.79 ms, remaining time: 180.21 ms, target pause time: 200.00 ms]
 2.328: [G1Ergonomics (CSet Construction) add young regions to CSet, eden: 73 regions, survivors: 5 regions, predicted young region time: 125.30 ms]
 2.328: [G1Ergonomics (CSet Construction) finish choosing CSet, eden: 73 regions, survivors: 5 regions, old: 0 regions, predicted pause time: 145.09 ms, target pause time: 200.00 ms]
, 0.0486766 secs]
   [Parallel Time: 15.2 ms, GC Workers: 8]
      [GC Worker Start (ms): Min: 2328.2, Avg: 2330.2, Max: 2330.9, Diff: 2.7]
      [Ext Root Scanning (ms): Min: 0.1, Avg: 3.9, Max: 8.8, Diff: 8.8, Sum: 31.0]
      [Update RS (ms): Min: 0.0, Avg: 0.1, Max: 0.3, Diff: 0.3, Sum: 0.7]
         [Processed Buffers: Min: 0, Avg: 0.6, Max: 2, Diff: 2, Sum: 5]
      [Scan RS (ms): Min: 0.0, Avg: 0.0, Max: 0.1, Diff: 0.1, Sum: 0.1]
      [Code Root Scanning (ms): Min: 0.0, Avg: 0.2, Max: 1.0, Diff: 1.0, Sum: 1.2]
      [Object Copy (ms): Min: 0.0, Avg: 5.3, Max: 8.8, Diff: 8.8, Sum: 42.4]
      [Termination (ms): Min: 0.0, Avg: 0.6, Max: 3.6, Diff: 3.6, Sum: 4.5]
         [Termination Attempts: Min: 1, Avg: 44.5, Max: 79, Diff: 78, Sum: 356]
      [GC Worker Other (ms): Min: 0.0, Avg: 0.0, Max: 0.0, Diff: 0.0, Sum: 0.1]
      [GC Worker Total (ms): Min: 8.9, Avg: 10.0, Max: 12.3, Diff: 3.4, Sum: 80.0]
      [GC Worker End (ms): Min: 2339.8, Avg: 2340.2, Max: 2343.2, Diff: 3.4]
   [Code Root Fixup: 0.4 ms]
   [Code Root Purge: 0.0 ms]
   [Clear CT: 6.2 ms]
   [Other: 26.9 ms]
      [Choose CSet: 0.0 ms]
      [Ref Proc: 26.0 ms]
      [Ref Enq: 0.1 ms]
      [Redirty Cards: 0.2 ms]
      [Humongous Register: 0.0 ms]
      [Humongous Reclaim: 0.0 ms]
      [Free CSet: 0.2 ms]
   [Eden: 73.0M(297.0M)->0.0B(289.0M) Survivors: 5120.0K->13.0M Heap: 113.5M(504.0M)->47.8M(504.0M)]
 [Times: user=0.12 sys=0.00, real=0.05 secs] 
         vmop                    [threads: total initially_running wait_to_block]    [time: spin block sync cleanup vmop] 2017-11-17T21:49:11.206+0800: page_trap_count
2.378: 2.328: [GC concurrent-root-region-scan-start]
CollectForMetadataAllocation       [      31          0              0    ]      [     0     0     0     0    50    ]  0   
2017-11-17T21:49:11.206+0800: 2.378: Total time for which application threads were stopped: 0.0503210 seconds, Stopping threads took: 0.0000501 seconds
2017-11-17T21:49:11.225+0800: 2.398: [GC concurrent-root-region-scan-end, 0.0196283 secs]
2017-11-17T21:49:11.225+0800: 2.398: [GC concurrent-mark-start]
2017-11-17T21:49:11.226+0800: 2.398: [GC concurrent-mark-end, 0.0005154 secs]
2017-11-17T21:49:11.226+0800: 2.398: [GC remark 2017-11-17T21:49:11.226+0800: 2.399: [Finalize Marking, 0.0300177 secs] 2017-11-17T21:49:11.256+0800: 2.429: [GC ref-proc, 0.0001711 secs] 2017-11-17T21:49:11.257+0800: 2.429: [Unloading, 0.0347678 secs], 0.0656756 secs]
 [Times: user=0.09 sys=0.00, real=0.06 secs] 
         vmop                    [threads: total initially_running wait_to_block]    [time: spin block sync cleanup vmop] page_trap_count
2.398: CGC_Operation                    [      31          1              2    ]      [     0     0     0     0    65    ]  0   
2017-11-17T21:49:11.292+0800: 2.464: Total time for which application threads were stopped: 0.0660046 seconds, Stopping threads took: 0.0001736 seconds
2017-11-17T21:49:11.292+0800: 2.464: [GC cleanup 50M->47M(504M), 0.0019436 secs]
 [Times: user=0.00 sys=0.00, real=0.00 secs] 
         vmop                    [threads: total initially_running wait_to_block]    [time: spin block sync cleanup vmop] page_trap_count
2.464: CGC_Operation                    [      31          0              0    ]      [     0     0     0     0     1    ]  0   
2017-11-17T21:49:11.294+0800: 2.466: Total time for which application threads were stopped: 0.0021068 seconds, Stopping threads took: 0.0000195 seconds
2017-11-17T21:49:11.294+0800: 2.467: [GC concurrent-cleanup-start]
2017-11-17T21:49:11.294+0800: 2.467: [GC concurrent-cleanup-end, 0.0000307 secs]
         vmop                    [threads: total initially_running wait_to_block]    [time: spin block sync cleanup vmop] page_trap_count
3.467: no vm operation                  [      35          0              0    ]      [     0     0     0     0     0    ]  0   
2017-11-17T21:49:12.295+0800: 3.467: Total time for which application threads were stopped: 0.0001708 seconds, Stopping threads took: 0.0000310 seconds
         vmop                    [threads: total initially_running wait_to_block]    [time: spin block sync cleanup vmop] page_trap_count
4.288: EnableBiasedLocking              [      35          0              0    ]      [     0     0     0     0     0    ]  0   
2017-11-17T21:49:13.116+0800: 4.288: Total time for which application threads were stopped: 0.0004572 seconds, Stopping threads took: 0.0000455 seconds
         vmop                    [threads: total initially_running wait_to_block]    [time: spin block sync cleanup vmop] page_trap_count
4.481: RevokeBias                       [      29          0              0    ]      [     0     0     0     0     0    ]  0   
2017-11-17T21:49:13.309+0800: 4.481: Total time for which application threads were stopped: 0.0002877 seconds, Stopping threads took: 0.0001757 seconds
         vmop                    [threads: total initially_running wait_to_block]    [time: spin block sync cleanup vmop] page_trap_count
5.481: RevokeBias                       [      28          0              0    ]      [     0     0     0     0     0    ]  0   
2017-11-17T21:49:14.309+0800: 5.481: Total time for which application threads were stopped: 0.0002104 seconds, Stopping threads took: 0.0000686 seconds
         vmop                    [threads: total initially_running wait_to_block]    [time: spin block sync cleanup vmop] page_trap_count
8.481: no vm operation                  [      27          0              0    ]      [     0     0     0     0     0    ]  0   
2017-11-17T21:49:17.309+0800: 8.482: Total time for which application threads were stopped: 0.0001448 seconds, Stopping threads took: 0.0000311 seconds
         vmop                    [threads: total initially_running wait_to_block]    [time: spin block sync cleanup vmop] page_trap_count
13.844: RevokeBias                       [      28          0              0    ]      [     0     0     0     0     0    ]  0   
2017-11-17T21:49:22.672+0800: 13.844: Total time for which application threads were stopped: 0.0001655 seconds, Stopping threads took: 0.0000448 seconds
         vmop                    [threads: total initially_running wait_to_block]    [time: spin block sync cleanup vmop] page_trap_count
13.853: RevokeBias                       [      28          0              1    ]      [     0     0     0     0     0    ]  0   
2017-11-17T21:49:22.681+0800: 13.853: Total time for which application threads were stopped: 0.0002499 seconds, Stopping threads took: 0.0001511 seconds
         vmop                    [threads: total initially_running wait_to_block]    [time: spin block sync cleanup vmop] page_trap_count
13.867: RevokeBias                       [      28          0              0    ]      [     0     0     0     0     0    ]  0   
2017-11-17T21:49:22.695+0800: 13.868: Total time for which application threads were stopped: 0.0001539 seconds, Stopping threads took: 0.0000422 seconds
         vmop                    [threads: total initially_running wait_to_block]    [time: spin block sync cleanup vmop] page_trap_count
13.869: BulkRevokeBias                   [      28          0              0    ]      [     0     0     0     0     0    ]  0   
2017-11-17T21:49:22.697+0800: 13.869: Total time for which application threads were stopped: 0.0002152 seconds, Stopping threads took: 0.0000376 seconds
         vmop                    [threads: total initially_running wait_to_block]    [time: spin block sync cleanup vmop] page_trap_count
13.961: RevokeBias                       [      29          0              0    ]      [     0     0     0     0     0    ]  0   
2017-11-17T21:49:22.789+0800: 13.961: Total time for which application threads were stopped: 0.0002083 seconds, Stopping threads took: 0.0000324 seconds
         vmop                    [threads: total initially_running wait_to_block]    [time: spin block sync cleanup vmop] page_trap_count
13.963: RevokeBias                       [      29          0              0    ]      [     0     0     0     0     0    ]  0   
2017-11-17T21:49:22.791+0800: 13.963: Total time for which application threads were stopped: 0.0001466 seconds, Stopping threads took: 0.0000399 seconds
         vmop                    [threads: total initially_running wait_to_block]    [time: spin block sync cleanup vmop] page_trap_count
13.964: RevokeBias                       [      29          0              0    ]      [     0     0     0     0     0    ]  0   
2017-11-17T21:49:22.791+0800: 13.964: Total time for which application threads were stopped: 0.0001134 seconds, Stopping threads took: 0.0000225 seconds
         vmop                    [threads: total initially_running wait_to_block]    [time: spin block sync cleanup vmop] page_trap_count
13.964: RevokeBias                       [      29          0              0    ]      [     0     0     0     0     0    ]  0   
2017-11-17T21:49:22.792+0800: 13.964: Total time for which application threads were stopped: 0.0001457 seconds, Stopping threads took: 0.0000297 seconds
         vmop                    [threads: total initially_running wait_to_block]    [time: spin block sync cleanup vmop] page_trap_count
13.964: RevokeBias                       [      29          1              2    ]      [     0     5     6     0     0    ]  0   
2017-11-17T21:49:22.799+0800: 13.971: Total time for which application threads were stopped: 0.0063370 seconds, Stopping threads took: 0.0062028 seconds
         vmop                    [threads: total initially_running wait_to_block]    [time: spin block sync cleanup vmop] page_trap_count
13.974: RevokeBias                       [      29          0              1    ]      [     0     6     6     0     0    ]  0   
2017-11-17T21:49:22.808+0800: 13.980: Total time for which application threads were stopped: 0.0061763 seconds, Stopping threads took: 0.0060607 seconds
         vmop                    [threads: total initially_running wait_to_block]    [time: spin block sync cleanup vmop] page_trap_count
14.013: RevokeBias                       [      30          1              1    ]      [     0     0     0     0     0    ]  0   
2017-11-17T21:49:22.842+0800: 14.014: Total time for which application threads were stopped: 0.0002279 seconds, Stopping threads took: 0.0001252 seconds
         vmop                    [threads: total initially_running wait_to_block]    [time: spin block sync cleanup vmop] page_trap_count
14.014: RevokeBias                       [      30          1              1    ]      [     0     0     0     0     0    ]  0   
2017-11-17T21:49:22.842+0800: 14.014: Total time for which application threads were stopped: 0.0001047 seconds, Stopping threads took: 0.0000558 seconds
         vmop                    [threads: total initially_running wait_to_block]    [time: spin block sync cleanup vmop] page_trap_count
14.014: RevokeBias                       [      30          0              1    ]      [     0     0     0     0     0    ]  0   
2017-11-17T21:49:22.842+0800: 14.014: Total time for which application threads were stopped: 0.0001236 seconds, Stopping threads took: 0.0000739 seconds
         vmop                    [threads: total initially_running wait_to_block]    [time: spin block sync cleanup vmop] page_trap_count
14.014: RevokeBias                       [      30          1              0    ]      [     0     0     0     0     0    ]  0   
2017-11-17T21:49:22.842+0800: 14.014: Total time for which application threads were stopped: 0.0000645 seconds, Stopping threads took: 0.0000175 seconds
         vmop                    [threads: total initially_running wait_to_block]    [time: spin block sync cleanup vmop] page_trap_count
14.014: RevokeBias                       [      30          0              0    ]      [     0     0     0     0     0    ]  0   
2017-11-17T21:49:22.842+0800: 14.014: Total time for which application threads were stopped: 0.0000912 seconds, Stopping threads took: 0.0000195 seconds
         vmop                    [threads: total initially_running wait_to_block]    [time: spin block sync cleanup vmop] page_trap_count
14.014: RevokeBias                       [      29          0              0    ]      [     0     0     0     0     0    ]  0   
2017-11-17T21:49:22.842+0800: 14.014: Total time for which application threads were stopped: 0.0000808 seconds, Stopping threads took: 0.0000222 seconds
         vmop                    [threads: total initially_running wait_to_block]    [time: spin block sync cleanup vmop] page_trap_count
14.014: RevokeBias                       [      29          0              0    ]      [     0     0     0     0     0    ]  0   
2017-11-17T21:49:22.842+0800: 14.014: Total time for which application threads were stopped: 0.0000584 seconds, Stopping threads took: 0.0000171 seconds
         vmop                    [threads: total initially_running wait_to_block]    [time: spin block sync cleanup vmop] page_trap_count
14.014: RevokeBias                       [      29          0              0    ]      [     0     0     0     0     0    ]  0   
2017-11-17T21:49:22.842+0800: 14.015: Total time for which application threads were stopped: 0.0000584 seconds, Stopping threads took: 0.0000154 seconds
         vmop                    [threads: total initially_running wait_to_block]    [time: spin block sync cleanup vmop] page_trap_count
14.015: RevokeBias                       [      29          0              0    ]      [     0     0     0     0     0    ]  0   
2017-11-17T21:49:22.842+0800: 14.015: Total time for which application threads were stopped: 0.0000659 seconds, Stopping threads took: 0.0000168 seconds
         vmop                    [threads: total initially_running wait_to_block]    [time: spin block sync cleanup vmop] page_trap_count
14.039: RevokeBias                       [      29          0              1    ]      [     0     0     0     0     0    ]  0   
2017-11-17T21:49:22.867+0800: 14.039: Total time for which application threads were stopped: 0.0002129 seconds, Stopping threads took: 0.0000547 seconds
         vmop                    [threads: total initially_running wait_to_block]    [time: spin block sync cleanup vmop] page_trap_count
14.039: RevokeBias                       [      29          0              1    ]      [     0     0     0     0     0    ]  0   
2017-11-17T21:49:22.867+0800: 14.039: Total time for which application threads were stopped: 0.0001131 seconds, Stopping threads took: 0.0000445 seconds
         vmop                    [threads: total initially_running wait_to_block]    [time: spin block sync cleanup vmop] page_trap_count
14.047: BulkRevokeBias                   [      29          0              1    ]      [     0     0     0     0     0    ]  0   
2017-11-17T21:49:22.875+0800: 14.047: Total time for which application threads were stopped: 0.0002354 seconds, Stopping threads took: 0.0000450 seconds
         vmop                    [threads: total initially_running wait_to_block]    [time: spin block sync cleanup vmop] page_trap_count
14.134: RevokeBias                       [      29          1              1    ]      [     1     0     1     0     0    ]  0   
2017-11-17T21:49:22.963+0800: 14.135: Total time for which application threads were stopped: 0.0013397 seconds, Stopping threads took: 0.0011199 seconds
         vmop                    [threads: total initially_running wait_to_block]    [time: spin block sync cleanup vmop] page_trap_count
14.155: RevokeBias                       [      30          0              0    ]      [     0     0     0     0     0    ]  0   
2017-11-17T21:49:22.984+0800: 14.156: Total time for which application threads were stopped: 0.0001701 seconds, Stopping threads took: 0.0000439 seconds
         vmop                    [threads: total initially_running wait_to_block]    [time: spin block sync cleanup vmop] page_trap_count
14.156: RevokeBias                       [      30          0              0    ]      [     0     0     0     0     0    ]  0   
2017-11-17T21:49:22.984+0800: 14.156: Total time for which application threads were stopped: 0.0000946 seconds, Stopping threads took: 0.0000254 seconds
         vmop                    [threads: total initially_running wait_to_block]    [time: spin block sync cleanup vmop] page_trap_count
14.156: RevokeBias                       [      30          0              1    ]      [     0     0     0     0     0    ]  0   
2017-11-17T21:49:22.984+0800: 14.157: Total time for which application threads were stopped: 0.0001297 seconds, Stopping threads took: 0.0000589 seconds
         vmop                    [threads: total initially_running wait_to_block]    [time: spin block sync cleanup vmop] page_trap_count
14.157: RevokeBias                       [      30          0              0    ]      [     0     0     0     0     0    ]  0   
2017-11-17T21:49:22.985+0800: 14.157: Total time for which application threads were stopped: 0.0001130 seconds, Stopping threads took: 0.0000304 seconds
         vmop                    [threads: total initially_running wait_to_block]    [time: spin block sync cleanup vmop] page_trap_count
14.159: RevokeBias                       [      30          0              0    ]      [     0     0     0     0     0    ]  0   
2017-11-17T21:49:22.987+0800: 14.159: Total time for which application threads were stopped: 0.0002130 seconds, Stopping threads took: 0.0000665 seconds
         vmop                    [threads: total initially_running wait_to_block]    [time: spin block sync cleanup vmop] page_trap_count
14.161: RevokeBias                       [      30          0              1    ]      [     0     0     0     0     0    ]  0   
2017-11-17T21:49:22.990+0800: 14.162: Total time for which application threads were stopped: 0.0002292 seconds, Stopping threads took: 0.0001274 seconds
         vmop                    [threads: total initially_running wait_to_block]    [time: spin block sync cleanup vmop] page_trap_count
14.173: RevokeBias                       [      32          0              0    ]      [     0     0     0     0     0    ]  0   
2017-11-17T21:49:23.001+0800: 14.173: Total time for which application threads were stopped: 0.0001365 seconds, Stopping threads took: 0.0000389 seconds
         vmop                    [threads: total initially_running wait_to_block]    [time: spin block sync cleanup vmop] page_trap_count
14.174: RevokeBias                       [      32          0              1    ]      [     0     0     0     0     0    ]  0   
2017-11-17T21:49:23.002+0800: 14.174: Total time for which application threads were stopped: 0.0001243 seconds, Stopping threads took: 0.0000646 seconds
         vmop                    [threads: total initially_running wait_to_block]    [time: spin block sync cleanup vmop] page_trap_count
14.188: RevokeBias                       [      32          0              0    ]      [     0     0     0     0     0    ]  0   
2017-11-17T21:49:23.016+0800: 14.188: Total time for which application threads were stopped: 0.0001730 seconds, Stopping threads took: 0.0000420 seconds
         vmop                    [threads: total initially_running wait_to_block]    [time: spin block sync cleanup vmop] page_trap_count
14.193: RevokeBias                       [      32          0              0    ]      [     0     0     0     0     0    ]  0   
2017-11-17T21:49:23.021+0800: 14.193: Total time for which application threads were stopped: 0.0001561 seconds, Stopping threads took: 0.0000375 seconds
         vmop                    [threads: total initially_running wait_to_block]    [time: spin block sync cleanup vmop] page_trap_count
14.211: RevokeBias                       [      32          0              1    ]      [     0     0     0     0     0    ]  0   
2017-11-17T21:49:23.039+0800: 14.211: Total time for which application threads were stopped: 0.0002016 seconds, Stopping threads took: 0.0000826 seconds
         vmop                    [threads: total initially_running wait_to_block]    [time: spin block sync cleanup vmop] page_trap_count
14.222: RevokeBias                       [      32          0              0    ]      [     0     0     0     0     0    ]  0   
2017-11-17T21:49:23.050+0800: 14.222: Total time for which application threads were stopped: 0.0001630 seconds, Stopping threads took: 0.0000369 seconds
         vmop                    [threads: total initially_running wait_to_block]    [time: spin block sync cleanup vmop] page_trap_count
14.331: RevokeBias                       [      32          0              0    ]      [     0     0     0     0     0    ]  0   
2017-11-17T21:49:23.159+0800: 14.331: Total time for which application threads were stopped: 0.0001925 seconds, Stopping threads took: 0.0000455 seconds
         vmop                    [threads: total initially_running wait_to_block]    [time: spin block sync cleanup vmop] page_trap_count
14.380: RevokeBias                       [      32          2              0    ]      [     0     0     0     0     0    ]  0   
2017-11-17T21:49:23.208+0800: 14.380: Total time for which application threads were stopped: 0.0002596 seconds, Stopping threads took: 0.0001175 seconds
         vmop                    [threads: total initially_running wait_to_block]    [time: spin block sync cleanup vmop] page_trap_count
14.380: RevokeBias                       [      32          0              1    ]      [     0     0     0     0     0    ]  0   
2017-11-17T21:49:23.208+0800: 14.380: Total time for which application threads were stopped: 0.0002032 seconds, Stopping threads took: 0.0000795 seconds
         vmop                    [threads: total initially_running wait_to_block]    [time: spin block sync cleanup vmop] page_trap_count
14.391: RevokeBias                       [      32          0              1    ]      [     0     0     0     0     0    ]  0   
2017-11-17T21:49:23.219+0800: 14.391: Total time for which application threads were stopped: 0.0002270 seconds, Stopping threads took: 0.0000929 seconds
         vmop                    [threads: total initially_running wait_to_block]    [time: spin block sync cleanup vmop] page_trap_count
14.392: RevokeBias                       [      32          0              0    ]      [     0     0     0     0     0    ]  0   
2017-11-17T21:49:23.219+0800: 14.392: Total time for which application threads were stopped: 0.0001180 seconds, Stopping threads took: 0.0000274 seconds
         vmop                    [threads: total initially_running wait_to_block]    [time: spin block sync cleanup vmop] page_trap_count
14.392: RevokeBias                       [      32          0              0    ]      [     0     0     0     0     0    ]  0   
2017-11-17T21:49:23.220+0800: 14.392: Total time for which application threads were stopped: 0.0001205 seconds, Stopping threads took: 0.0000183 seconds
         vmop                    [threads: total initially_running wait_to_block]    [time: spin block sync cleanup vmop] page_trap_count
14.392: RevokeBias                       [      32          0              0    ]      [     0     0     0     0     0    ]  0   
2017-11-17T21:49:23.220+0800: 14.392: Total time for which application threads were stopped: 0.0001029 seconds, Stopping threads took: 0.0000236 seconds
         vmop                    [threads: total initially_running wait_to_block]    [time: spin block sync cleanup vmop] page_trap_count
14.392: RevokeBias                       [      32          0              0    ]      [     0     0     0     0     0    ]  0   
2017-11-17T21:49:23.220+0800: 14.392: Total time for which application threads were stopped: 0.0000733 seconds, Stopping threads took: 0.0000147 seconds
         vmop                    [threads: total initially_running wait_to_block]    [time: spin block sync cleanup vmop] page_trap_count
14.393: RevokeBias                       [      32          0              0    ]      [     0     0     0     0     0    ]  0   
2017-11-17T21:49:23.221+0800: 14.393: Total time for which application threads were stopped: 0.0000895 seconds, Stopping threads took: 0.0000222 seconds
         vmop                    [threads: total initially_running wait_to_block]    [time: spin block sync cleanup vmop] page_trap_count
14.393: RevokeBias                       [      32          0              0    ]      [     0     0     0     0     0    ]  0   
2017-11-17T21:49:23.221+0800: 14.393: Total time for which application threads were stopped: 0.0000730 seconds, Stopping threads took: 0.0000153 seconds
         vmop                    [threads: total initially_running wait_to_block]    [time: spin block sync cleanup vmop] page_trap_count
14.393: RevokeBias                       [      32          0              0    ]      [     0     0     0     0     0    ]  0   
2017-11-17T21:49:23.221+0800: 14.393: Total time for which application threads were stopped: 0.0000762 seconds, Stopping threads took: 0.0000187 seconds
         vmop                    [threads: total initially_running wait_to_block]    [time: spin block sync cleanup vmop] page_trap_count
14.393: RevokeBias                       [      32          0              0    ]      [     0     0     0     0     0    ]  0   
2017-11-17T21:49:23.221+0800: 14.393: Total time for which application threads were stopped: 0.0000783 seconds, Stopping threads took: 0.0000154 seconds
         vmop                    [threads: total initially_running wait_to_block]    [time: spin block sync cleanup vmop] page_trap_count
14.393: BulkRevokeBias                   [      32          0              0    ]      [     0     0     0     0     0    ]  0   
2017-11-17T21:49:23.221+0800: 14.393: Total time for which application threads were stopped: 0.0001815 seconds, Stopping threads took: 0.0000154 seconds
         vmop                    [threads: total initially_running wait_to_block]    [time: spin block sync cleanup vmop] page_trap_count
14.400: RevokeBias                       [      32          2              0    ]      [     0     0     0     0     0    ]  0   
2017-11-17T21:49:23.228+0800: 14.400: Total time for which application threads were stopped: 0.0002809 seconds, Stopping threads took: 0.0001248 seconds
         vmop                    [threads: total initially_running wait_to_block]    [time: spin block sync cleanup vmop] page_trap_count
14.411: RevokeBias                       [      32          0              1    ]      [     0     0     0     0     0    ]  0   
2017-11-17T21:49:23.239+0800: 14.411: Total time for which application threads were stopped: 0.0002052 seconds, Stopping threads took: 0.0000695 seconds
         vmop                    [threads: total initially_running wait_to_block]    [time: spin block sync cleanup vmop] page_trap_count
14.411: RevokeBias                       [      32          0              1    ]      [     0     0     0     0     0    ]  0   
2017-11-17T21:49:23.239+0800: 14.412: Total time for which application threads were stopped: 0.0001540 seconds, Stopping threads took: 0.0000585 seconds
         vmop                    [threads: total initially_running wait_to_block]    [time: spin block sync cleanup vmop] page_trap_count
14.415: RevokeBias                       [      32          0              1    ]      [     0     0     0     0     0    ]  0   
2017-11-17T21:49:23.243+0800: 14.416: Total time for which application threads were stopped: 0.0001869 seconds, Stopping threads took: 0.0000655 seconds
         vmop                    [threads: total initially_running wait_to_block]    [time: spin block sync cleanup vmop] page_trap_count
14.418: RevokeBias                       [      32          1              2    ]      [     0     0     0     0     0    ]  0   
2017-11-17T21:49:23.246+0800: 14.418: Total time for which application threads were stopped: 0.0008443 seconds, Stopping threads took: 0.0007337 seconds
         vmop                    [threads: total initially_running wait_to_block]    [time: spin block sync cleanup vmop] page_trap_count
14.419: RevokeBias                       [      32          3              3    ]      [     0     0     0     0     0    ]  0   
2017-11-17T21:49:23.247+0800: 14.419: Total time for which application threads were stopped: 0.0002827 seconds, Stopping threads took: 0.0001759 seconds
         vmop                    [threads: total initially_running wait_to_block]    [time: spin block sync cleanup vmop] page_trap_count
14.421: RevokeBias                       [      32          0              1    ]      [     0     0     0     0     0    ]  0   
2017-11-17T21:49:23.249+0800: 14.421: Total time for which application threads were stopped: 0.0001722 seconds, Stopping threads took: 0.0000684 seconds
         vmop                    [threads: total initially_running wait_to_block]    [time: spin block sync cleanup vmop] page_trap_count
14.421: RevokeBias                       [      32          0              1    ]      [     0     0     0     0     0    ]  0   
2017-11-17T21:49:23.249+0800: 14.421: Total time for which application threads were stopped: 0.0002012 seconds, Stopping threads took: 0.0001254 seconds
         vmop                    [threads: total initially_running wait_to_block]    [time: spin block sync cleanup vmop] page_trap_count
14.425: RevokeBias                       [      32          0              0    ]      [     0     0     0     0     0    ]  0   
2017-11-17T21:49:23.253+0800: 14.425: Total time for which application threads were stopped: 0.0001273 seconds, Stopping threads took: 0.0000257 seconds
         vmop                    [threads: total initially_running wait_to_block]    [time: spin block sync cleanup vmop] page_trap_count
14.428: RevokeBias                       [      32          0              1    ]      [     0     0     0     0     0    ]  0   
2017-11-17T21:49:23.256+0800: 14.428: Total time for which application threads were stopped: 0.0001483 seconds, Stopping threads took: 0.0000586 seconds
         vmop                    [threads: total initially_running wait_to_block]    [time: spin block sync cleanup vmop] page_trap_count
14.430: RevokeBias                       [      32          0              0    ]      [     0     0     0     0     0    ]  0   
2017-11-17T21:49:23.258+0800: 14.430: Total time for which application threads were stopped: 0.0001428 seconds, Stopping threads took: 0.0000230 seconds
         vmop                    [threads: total initially_running wait_to_block]    [time: spin block sync cleanup vmop] page_trap_count
14.502: BulkRevokeBias                   [      32          0              0    ]      [     0     0     0     0     0    ]  0   
2017-11-17T21:49:23.330+0800: 14.502: Total time for which application threads were stopped: 0.0003101 seconds, Stopping threads took: 0.0000411 seconds
 15.118: [G1Ergonomics (Concurrent Cycles) request concurrent cycle initiation, reason: requested by GC cause, GC cause: Metadata GC Threshold]
 15.118: [G1Ergonomics (Concurrent Cycles) initiate concurrent cycle, reason: concurrent cycle initiation requested]
2017-11-17T21:49:23.946+0800: 15.118: [GC pause (Metadata GC Threshold) (young) (initial-mark) 15.118: [G1Ergonomics (CSet Construction) start choosing CSet, _pending_cards: 1280, predicted base time: 28.84 ms, remaining time: 171.16 ms, target pause time: 200.00 ms]
 15.118: [G1Ergonomics (CSet Construction) add young regions to CSet, eden: 167 regions, survivors: 13 regions, predicted young region time: 85.53 ms]
 15.118: [G1Ergonomics (CSet Construction) finish choosing CSet, eden: 167 regions, survivors: 13 regions, old: 0 regions, predicted pause time: 114.37 ms, target pause time: 200.00 ms]
 15.178: [G1Ergonomics (Mixed GCs) do not start mixed GCs, reason: concurrent cycle is about to start]
, 0.0595651 secs]
   [Parallel Time: 33.9 ms, GC Workers: 8]
      [GC Worker Start (ms): Min: 15118.4, Avg: 15118.7, Max: 15120.5, Diff: 2.1]
      [Ext Root Scanning (ms): Min: 1.3, Avg: 5.5, Max: 11.7, Diff: 10.4, Sum: 43.7]
      [Update RS (ms): Min: 0.0, Avg: 0.0, Max: 0.0, Diff: 0.0, Sum: 0.0]
         [Processed Buffers: Min: 0, Avg: 0.6, Max: 5, Diff: 5, Sum: 5]
      [Scan RS (ms): Min: 0.0, Avg: 0.0, Max: 0.1, Diff: 0.1, Sum: 0.3]
      [Code Root Scanning (ms): Min: 0.0, Avg: 2.2, Max: 13.2, Diff: 13.2, Sum: 17.6]
      [Object Copy (ms): Min: 0.0, Avg: 5.3, Max: 17.4, Diff: 17.4, Sum: 42.4]
      [Termination (ms): Min: 0.0, Avg: 9.1, Max: 22.2, Diff: 22.2, Sum: 72.9]
         [Termination Attempts: Min: 1, Avg: 4.0, Max: 10, Diff: 9, Sum: 32]
      [GC Worker Other (ms): Min: 0.0, Avg: 0.0, Max: 0.0, Diff: 0.0, Sum: 0.1]
      [GC Worker Total (ms): Min: 18.7, Avg: 22.1, Max: 33.5, Diff: 14.8, Sum: 177.2]
      [GC Worker End (ms): Min: 15139.2, Avg: 15140.9, Max: 15152.2, Diff: 12.9]
   [Code Root Fixup: 0.5 ms]
   [Code Root Purge: 0.0 ms]
   [Clear CT: 9.5 ms]
   [Other: 15.6 ms]
      [Choose CSet: 0.0 ms]
      [Ref Proc: 10.2 ms]
      [Ref Enq: 0.1 ms]
      [Redirty Cards: 4.5 ms]
      [Humongous Register: 0.0 ms]
      [Humongous Reclaim: 0.0 ms]
      [Free CSet: 0.4 ms]
   [Eden: 167.0M(289.0M)->0.0B(280.0M) Survivors: 13.0M->22.0M Heap: 259.3M(504.0M)->102.0M(504.0M)]
 [Times: user=0.09 sys=0.01, real=0.06 secs] 
2017-11-17T21:49:24.006+0800: 15.178: [GC concurrent-root-region-scan-start]
         vmop                    [threads: total initially_running wait_to_block]    [time: spin block sync cleanup vmop] page_trap_count
15.118: CollectForMetadataAllocation       [      32          0              0    ]      [     0     0     0     0    59    ]  0   
2017-11-17T21:49:24.006+0800: 15.178: Total time for which application threads were stopped: 0.0600493 seconds, Stopping threads took: 0.0000265 seconds
         vmop                    [threads: total initially_running wait_to_block]    [time: spin block sync cleanup vmop] page_trap_count
15.182: RevokeBias                       [      32          0              2    ]      [     0     0     0     0     0    ]  0   
2017-11-17T21:49:24.011+0800: 15.183: Total time for which application threads were stopped: 0.0003862 seconds, Stopping threads took: 0.0002601 seconds
         vmop                    [threads: total initially_running wait_to_block]    [time: spin block sync cleanup vmop] page_trap_count
15.183: RevokeBias                       [      32          0              2    ]      [     0     0     0     0     0    ]  0   
2017-11-17T21:49:24.011+0800: 15.183: Total time for which application threads were stopped: 0.0005374 seconds, Stopping threads took: 0.0002972 seconds
         vmop                    [threads: total initially_running wait_to_block]    [time: spin block sync cleanup vmop] page_trap_count
15.183: RevokeBias                       [      32          0              0    ]      [     0     0     0     0     0    ]  0   
2017-11-17T21:49:24.012+0800: 15.184: Total time for which application threads were stopped: 0.0002303 seconds, Stopping threads took: 0.0000239 seconds
         vmop                    [threads: total initially_running wait_to_block]    [time: spin block sync cleanup vmop] page_trap_count
15.184: RevokeBias                       [      32          0              0    ]      [     0     0     0     0     0    ]  0   
2017-11-17T21:49:24.012+0800: 15.184: Total time for which application threads were stopped: 0.0002463 seconds, Stopping threads took: 0.0000211 seconds
         vmop                    [threads: total initially_running wait_to_block]    [time: spin block sync cleanup vmop] page_trap_count
15.184: RevokeBias                       [      32          0              0    ]      [     0     0     0     0     0    ]  0   
2017-11-17T21:49:24.012+0800: 15.184: Total time for which application threads were stopped: 0.0002206 seconds, Stopping threads took: 0.0000201 seconds
         vmop                    [threads: total initially_running wait_to_block]    [time: spin block sync cleanup vmop] page_trap_count
15.184: RevokeBias                       [      32          0              0    ]      [     0     0     0     0     0    ]  0   
2017-11-17T21:49:24.012+0800: 15.185: Total time for which application threads were stopped: 0.0002230 seconds, Stopping threads took: 0.0000265 seconds
         vmop                    [threads: total initially_running wait_to_block]    [time: spin block sync cleanup vmop] page_trap_count
15.185: RevokeBias                       [      32          0              0    ]      [     0     0     0     0     0    ]  0   
2017-11-17T21:49:24.013+0800: 15.185: 2017-11-17T21:49:24.013+0800[GC concurrent-root-region-scan-end, 0.0068069 secs]
2017-11-17T21:49:24.013+0800: 15.185: [GC concurrent-mark-start]
: 15.185: Total time for which application threads were stopped: 0.0002154 seconds, Stopping threads took: 0.0000200 seconds
         vmop                    [threads: total initially_running wait_to_block]    [time: spin block sync cleanup vmop] page_trap_count
15.185: RevokeBias                       [      32          0              1    ]      [     0     0    13     0     0    ]  0   
2017-11-17T21:49:24.026+0800: 15.198: Total time for which application threads were stopped: 0.0001519 seconds, Stopping threads took: 0.0000330 seconds
         vmop                    [threads: total initially_running wait_to_block]    [time: spin block sync cleanup vmop] page_trap_count
15.198: RevokeBias                       [      32          0              0    ]      [     0     0     0     0     0    ]  0   
2017-11-17T21:49:24.026+0800: 15.199: Total time for which application threads were stopped: 0.0000869 seconds, Stopping threads took: 0.0000065 seconds
         vmop                    [threads: total initially_running wait_to_block]    [time: spin block sync cleanup vmop] page_trap_count
15.199: RevokeBias                       [      32          0              0    ]      [     0     0     0     0     0    ]  0   
2017-11-17T21:49:24.026+0800: 15.199: Total time for which application threads were stopped: 0.0000781 seconds, Stopping threads took: 0.0000059 seconds
         vmop                    [threads: total initially_running wait_to_block]    [time: spin block sync cleanup vmop] page_trap_count
15.199: RevokeBias                       [      32          0              0    ]      [     0     0     0     0     0    ]  0   
2017-11-17T21:49:24.027+0800: 15.199: Total time for which application threads were stopped: 0.0000762 seconds, Stopping threads took: 0.0000053 seconds
         vmop                    [threads: total initially_running wait_to_block]    [time: spin block sync cleanup vmop] page_trap_count
15.199: RevokeBias                       [      32          0              0    ]      [     0     0     0     0     0    ]  0   
2017-11-17T21:49:24.027+0800: 15.199: Total time for which application threads were stopped: 0.0000754 seconds, Stopping threads took: 0.0000054 seconds
         vmop                    [threads: total initially_running wait_to_block]    [time: spin block sync cleanup vmop] page_trap_count
15.199: RevokeBias                       [      32          0              0    ]      [     0     0     0     0     0    ]  0   
2017-11-17T21:49:24.027+0800: 15.199: Total time for which application threads were stopped: 0.0000767 seconds, Stopping threads took: 0.0000055 seconds
         vmop                    [threads: total initially_running wait_to_block]    [time: spin block sync cleanup vmop] page_trap_count
15.199: RevokeBias                       [      32          0              0    ]      [     0     0     0     0     0    ]  0   
2017-11-17T21:49:24.027+0800: 15.199: Total time for which application threads were stopped: 0.0000755 seconds, Stopping threads took: 0.0000053 seconds
         vmop                    [threads: total initially_running wait_to_block]    [time: spin block sync cleanup vmop] page_trap_count
15.199: RevokeBias                       [      32          0              0    ]      [     0     0     0     0     0    ]  0   
2017-11-17T21:49:24.027+0800: 15.199: Total time for which application threads were stopped: 0.0000761 seconds, Stopping threads took: 0.0000054 seconds
         vmop                    [threads: total initially_running wait_to_block]    [time: spin block sync cleanup vmop] page_trap_count
15.199: RevokeBias                       [      32          0              0    ]      [     0     0     0     0     0    ]  0   
2017-11-17T21:49:24.027+0800: 15.199: Total time for which application threads were stopped: 0.0000965 seconds, Stopping threads took: 0.0000057 seconds
         vmop                    [threads: total initially_running wait_to_block]    [time: spin block sync cleanup vmop] page_trap_count
15.199: RevokeBias                       [      32          0              0    ]      [     0     0     0     0     0    ]  0   
2017-11-17T21:49:24.027+0800: 15.199: Total time for which application threads were stopped: 0.0000904 seconds, Stopping threads took: 0.0000054 seconds
         vmop                    [threads: total initially_running wait_to_block]    [time: spin block sync cleanup vmop] page_trap_count
15.199: RevokeBias                       [      32          0              0    ]      [     0     0     0     0     0    ]  0   
2017-11-17T21:49:24.027+0800: 15.199: Total time for which application threads were stopped: 0.0001123 seconds, Stopping threads took: 0.0000182 seconds
         vmop                    [threads: total initially_running wait_to_block]    [time: spin block sync cleanup vmop] page_trap_count
15.200: RevokeBias                       [      32          0              2    ]      [     0     0     0     0     0    ]  0   
2017-11-17T21:49:24.028+0800: 15.200: Total time for which application threads were stopped: 0.0003793 seconds, Stopping threads took: 0.0001541 seconds
2017-11-17T21:49:24.029+0800: 15.201: [GC concurrent-mark-end, 0.0163507 secs]
         vmop                    [threads: total initially_running wait_to_block]    [time: spin block sync cleanup vmop] page_trap_count
15.201: RevokeBias                       [      32          0              2    ]      [     0     0     0     0     0    ]  0   
2017-11-17T21:49:24.029+0800: 15.201: Total time for which application threads were stopped: 0.0002050 seconds, Stopping threads took: 0.0000912 seconds
2017-11-17T21:49:24.029+0800: 15.202: [GC remark 2017-11-17T21:49:24.029+0800: 15.202: [Finalize Marking, 0.0049722 secs] 2017-11-17T21:49:24.034+0800: 15.207: [GC ref-proc, 0.0001828 secs] 2017-11-17T21:49:24.035+0800: 15.207: [Unloading, 0.0161532 secs], 0.0230742 secs]
 [Times: user=0.02 sys=0.00, real=0.02 secs] 
         vmop                    [threads: total initially_running wait_to_block]    [time: spin block sync cleanup vmop] page_trap_count
15.201: RevokeBias                       [      32          0              1    ]      [     0     0     0     0    23    ]  0   
2017-11-17T21:49:24.053+0800: 15.225: Total time for which application threads were stopped: 0.0234227 seconds, Stopping threads took: 0.0000689 seconds
2017-11-17T21:49:24.053+0800: 15.225: [GC cleanup 102M->102M(504M), 0.0023492 secs]
 [Times: user=0.00 sys=0.00, real=0.01 secs] 
         vmop                    [threads: total initially_running wait_to_block]    [time: spin block sync cleanup vmop] page_trap_count
15.225: CGC_Operation                    [      32          0              0    ]      [     0     0     0     0     2    ]  0   
2017-11-17T21:49:24.055+0800: 15.228: Total time for which application threads were stopped: 0.0026004 seconds, Stopping threads took: 0.0000399 seconds
         vmop                    [threads: total initially_running wait_to_block]    [time: spin block sync cleanup vmop] page_trap_count
15.228: RevokeBias                       [      32          0              0    ]      [     0     0     0     0     0    ]  0   
2017-11-17T21:49:24.056+0800: 15.228: Total time for which application threads were stopped: 0.0001897 seconds, Stopping threads took: 0.0000484 seconds
         vmop                    [threads: total initially_running wait_to_block]    [time: spin block sync cleanup vmop] page_trap_count
15.228: RevokeBias                       [      32          0              0    ]      [     0     0     0     0     0    ]  0   
2017-11-17T21:49:24.056+0800: 15.228: Total time for which application threads were stopped: 0.0001183 seconds, Stopping threads took: 0.0000222 seconds
         vmop                    [threads: total initially_running wait_to_block]    [time: spin block sync cleanup vmop] page_trap_count
15.228: RevokeBias                       [      32          0              0    ]      [     0     0     0     0     0    ]  0   
2017-11-17T21:49:24.056+0800: 15.228: Total time for which application threads were stopped: 0.0000916 seconds, Stopping threads took: 0.0000088 seconds
         vmop                    [threads: total initially_running wait_to_block]    [time: spin block sync cleanup vmop] page_trap_count
15.228: RevokeBias                       [      32          0              0    ]      [     0     0     0     0     0    ]  0   
2017-11-17T21:49:24.056+0800: 15.228: Total time for which application threads were stopped: 0.0000826 seconds, Stopping threads took: 0.0000084 seconds
         vmop                    [threads: total initially_running wait_to_block]    [time: spin block sync cleanup vmop] page_trap_count
15.228: BulkRevokeBias                   [      32          0              0    ]      [     0     0     0     0     0    ]  0   
2017-11-17T21:49:24.056+0800: 15.229: Total time for which application threads were stopped: 0.0002017 seconds, Stopping threads took: 0.0000240 seconds
         vmop                    [threads: total initially_running wait_to_block]    [time: spin block sync cleanup vmop] page_trap_count
15.229: RevokeBias                       [      32          1              0    ]      [     0     0     0     0     0    ]  0   
2017-11-17T21:49:24.057+0800: 15.229: Total time for which application threads were stopped: 0.0002204 seconds, Stopping threads took: 0.0000900 seconds
         vmop                    [threads: total initially_running wait_to_block]    [time: spin block sync cleanup vmop] page_trap_count
15.229: RevokeBias                       [      32          0              0    ]      [     0     0     0     0     0    ]  0   
2017-11-17T21:49:24.058+0800: 15.230: Total time for which application threads were stopped: 0.0001408 seconds, Stopping threads took: 0.0000304 seconds
         vmop                    [threads: total initially_running wait_to_block]    [time: spin block sync cleanup vmop] page_trap_count
15.246: Deoptimize                       [      32          0              0    ]      [     0     0     0     0     0    ]  0   
2017-11-17T21:49:24.074+0800: 15.247: Total time for which application threads were stopped: 0.0005278 seconds, Stopping threads took: 0.0000531 seconds
         vmop                    [threads: total initially_running wait_to_block]    [time: spin block sync cleanup vmop] page_trap_count
15.281: Deoptimize                       [      32          0              0    ]      [     0     0     0     0     0    ]  0   
2017-11-17T21:49:24.109+0800: 15.281: Total time for which application threads were stopped: 0.0003834 seconds, Stopping threads took: 0.0000383 seconds
         vmop                    [threads: total initially_running wait_to_block]    [time: spin block sync cleanup vmop] page_trap_count
15.301: RevokeBias                       [      32          0              0    ]      [     0     0     0     0     0    ]  0   
2017-11-17T21:49:24.129+0800: 15.301: Total time for which application threads were stopped: 0.0002006 seconds, Stopping threads took: 0.0000517 seconds
         vmop                    [threads: total initially_running wait_to_block]    [time: spin block sync cleanup vmop] page_trap_count
15.307: RevokeBias                       [      33          0              1    ]      [     0     0     0     0     0    ]  0   
2017-11-17T21:49:24.136+0800: 15.308: Total time for which application threads were stopped: 0.0004088 seconds, Stopping threads took: 0.0000933 seconds
         vmop                    [threads: total initially_running wait_to_block]    [time: spin block sync cleanup vmop] page_trap_count
15.308: RevokeBias                       [      33          1              0    ]      [     0     0     0     0     0    ]  0   
2017-11-17T21:49:24.136+0800: 15.308: Total time for which application threads were stopped: 0.0001694 seconds, Stopping threads took: 0.0000643 seconds
         vmop                    [threads: total initially_running wait_to_block]    [time: spin block sync cleanup vmop] page_trap_count
15.308: RevokeBias                       [      33          0              0    ]      [     0     0     0     0     0    ]  0   
2017-11-17T21:49:24.136+0800: 15.308: Total time for which application threads were stopped: 0.0000958 seconds, Stopping threads took: 0.0000173 seconds
         vmop                    [threads: total initially_running wait_to_block]    [time: spin block sync cleanup vmop] page_trap_count
15.308: RevokeBias                       [      33          0              1    ]      [     0     0     0     0     0    ]  0   
2017-11-17T21:49:24.136+0800: 15.308: Total time for which application threads were stopped: 0.0001687 seconds, Stopping threads took: 0.0000692 seconds
         vmop                    [threads: total initially_running wait_to_block]    [time: spin block sync cleanup vmop] page_trap_count
15.309: BulkRevokeBias                   [      33          0              1    ]      [     0     0     0     0     0    ]  0   
2017-11-17T21:49:24.137+0800: 15.309: Total time for which application threads were stopped: 0.0003857 seconds, Stopping threads took: 0.0000657 seconds
         vmop                    [threads: total initially_running wait_to_block]    [time: spin block sync cleanup vmop] page_trap_count
15.309: RevokeBias                       [      33          0              1    ]      [     0     0     0     0     0    ]  0   
2017-11-17T21:49:24.137+0800: 15.309: Total time for which application threads were stopped: 0.0002999 seconds, Stopping threads took: 0.0002023 seconds
         vmop                    [threads: total initially_running wait_to_block]    [time: spin block sync cleanup vmop] page_trap_count
15.309: RevokeBias                       [      33          1              1    ]      [     0     0     0     0     0    ]  0   
2017-11-17T21:49:24.137+0800: 15.310: Total time for which application threads were stopped: 0.0002306 seconds, Stopping threads took: 0.0001238 seconds
         vmop                    [threads: total initially_running wait_to_block]    [time: spin block sync cleanup vmop] page_trap_count
15.310: RevokeBias                       [      33          0              1    ]      [     0     0     0     0     0    ]  0   
2017-11-17T21:49:24.138+0800: 15.310: Total time for which application threads were stopped: 0.0001892 seconds, Stopping threads took: 0.0000494 seconds
         vmop                    [threads: total initially_running wait_to_block]    [time: spin block sync cleanup vmop] page_trap_count
15.310: RevokeBias                       [      33          1              1    ]      [     0     0     0     0     0    ]  0   
2017-11-17T21:49:24.138+0800: 15.310: Total time for which application threads were stopped: 0.0002334 seconds, Stopping threads took: 0.0001047 seconds
         vmop                    [threads: total initially_running wait_to_block]    [time: spin block sync cleanup vmop] page_trap_count
15.311: RevokeBias                       [      34          0              0    ]      [     0     0     0     0     0    ]  0   
2017-11-17T21:49:24.139+0800: 15.311: Total time for which application threads were stopped: 0.0001166 seconds, Stopping threads took: 0.0000313 seconds
         vmop                    [threads: total initially_running wait_to_block]    [time: spin block sync cleanup vmop] page_trap_count
15.311: RevokeBias                       [      34          0              0    ]      [     0     0     0     0     0    ]  0   
2017-11-17T21:49:24.139+0800: 15.311: Total time for which application threads were stopped: 0.0000865 seconds, Stopping threads took: 0.0000197 seconds
         vmop                    [threads: total initially_running wait_to_block]    [time: spin block sync cleanup vmop] page_trap_count
15.318: RevokeBias                       [      34          0              0    ]      [     0     0     0     0     0    ]  0   
2017-11-17T21:49:24.146+0800: 15.318: Total time for which application threads were stopped: 0.0001139 seconds, Stopping threads took: 0.0000335 seconds
         vmop                    [threads: total initially_running wait_to_block]    [time: spin block sync cleanup vmop] page_trap_count
15.385: RevokeBias                       [      34          0              0    ]      [     0     0     0     0     0    ]  0   
2017-11-17T21:49:24.213+0800: 15.385: Total time for which application threads were stopped: 0.0001516 seconds, Stopping threads took: 0.0000419 seconds
         vmop                    [threads: total initially_running wait_to_block]    [time: spin block sync cleanup vmop] page_trap_count
15.413: RevokeBias                       [      34          0              0    ]      [     0     0     0     0     0    ]  0   
2017-11-17T21:49:24.241+0800: 15.413: Total time for which application threads were stopped: 0.0001596 seconds, Stopping threads took: 0.0000393 seconds
         vmop                    [threads: total initially_running wait_to_block]    [time: spin block sync cleanup vmop] page_trap_count
16.402: ForceSafepoint                   [      34          0              1    ]      [     0     0     0     0     0    ]  0   
2017-11-17T21:49:25.230+0800: 16.402: Total time for which application threads were stopped: 0.0003769 seconds, Stopping threads took: 0.0000753 seconds
         vmop                    [threads: total initially_running wait_to_block]    [time: spin block sync cleanup vmop] page_trap_count
16.460: RevokeBias                       [      34          0              1    ]      [     0     0     0     0     0    ]  0   
2017-11-17T21:49:25.288+0800: 16.460: Total time for which application threads were stopped: 0.0001983 seconds, Stopping threads took: 0.0000623 seconds
2017-11-17T21:49:25.457+0800: 16.629: [GC pause (G1 Evacuation Pause) (young) 16.629: [G1Ergonomics (CSet Construction) start choosing CSet, _pending_cards: 0, predicted base time: 35.06 ms, remaining time: 164.94 ms, target pause time: 200.00 ms]
 16.629: [G1Ergonomics (CSet Construction) add young regions to CSet, eden: 280 regions, survivors: 22 regions, predicted young region time: 178.69 ms]
 16.629: [G1Ergonomics (CSet Construction) finish choosing CSet, eden: 280 regions, survivors: 22 regions, old: 0 regions, predicted pause time: 213.75 ms, target pause time: 200.00 ms]
 16.659: [G1Ergonomics (Mixed GCs) do not start mixed GCs, reason: candidate old regions not available]
, 0.0298285 secs]
   [Parallel Time: 24.7 ms, GC Workers: 8]
      [GC Worker Start (ms): Min: 16629.2, Avg: 16630.9, Max: 16634.1, Diff: 4.9]
      [Ext Root Scanning (ms): Min: 0.0, Avg: 1.7, Max: 7.5, Diff: 7.5, Sum: 13.7]
      [Update RS (ms): Min: 0.0, Avg: 0.0, Max: 0.0, Diff: 0.0, Sum: 0.0]
         [Processed Buffers: Min: 0, Avg: 0.0, Max: 0, Diff: 0, Sum: 0]
      [Scan RS (ms): Min: 0.0, Avg: 0.1, Max: 0.2, Diff: 0.2, Sum: 0.5]
      [Code Root Scanning (ms): Min: 0.0, Avg: 4.3, Max: 15.2, Diff: 15.2, Sum: 34.8]
      [Object Copy (ms): Min: 4.4, Avg: 14.2, Max: 21.1, Diff: 16.6, Sum: 113.8]
      [Termination (ms): Min: 0.0, Avg: 2.4, Max: 3.3, Diff: 3.3, Sum: 19.5]
         [Termination Attempts: Min: 1, Avg: 4.4, Max: 16, Diff: 15, Sum: 35]
      [GC Worker Other (ms): Min: 0.0, Avg: 0.1, Max: 0.1, Diff: 0.1, Sum: 0.4]
      [GC Worker Total (ms): Min: 19.6, Avg: 22.8, Max: 24.5, Diff: 5.0, Sum: 182.8]
      [GC Worker End (ms): Min: 16653.7, Avg: 16653.7, Max: 16653.8, Diff: 0.1]
   [Code Root Fixup: 1.0 ms]
   [Code Root Purge: 0.0 ms]
   [Clear CT: 0.4 ms]
   [Other: 3.8 ms]
      [Choose CSet: 0.0 ms]
      [Ref Proc: 2.5 ms]
      [Ref Enq: 0.0 ms]
      [Redirty Cards: 0.3 ms]
      [Humongous Register: 0.0 ms]
      [Humongous Reclaim: 0.0 ms]
      [Free CSet: 0.6 ms]
   [Eden: 280.0M(280.0M)->0.0B(282.0M) Survivors: 22.0M->20.0M Heap: 382.0M(504.0M)->99.5M(504.0M)]
 [Times: user=0.07 sys=0.00, real=0.03 secs] 
         vmop                    [threads: total initially_running wait_to_block]    [time: spin block sync cleanup vmop] page_trap_count
16.629: G1IncCollectionPause             [      34          0              0    ]      [     0     0     0     0    29    ]  0   
2017-11-17T21:49:25.487+0800: 16.659: Total time for which application threads were stopped: 0.0301496 seconds, Stopping threads took: 0.0000501 seconds
         vmop                    [threads: total initially_running wait_to_block]    [time: spin block sync cleanup vmop] page_trap_count
16.659: RevokeBias                       [      34          1              2    ]      [     0     0     0     0     0    ]  0   
2017-11-17T21:49:25.487+0800: 16.660: Total time for which application threads were stopped: 0.0002205 seconds, Stopping threads took: 0.0001123 seconds
         vmop                    [threads: total initially_running wait_to_block]    [time: spin block sync cleanup vmop] page_trap_count
16.660: RevokeBias                       [      34          1              1    ]      [     0     0     0     0     0    ]  0   
2017-11-17T21:49:25.488+0800: 16.660: Total time for which application threads were stopped: 0.0002256 seconds, Stopping threads took: 0.0001228 seconds
2017-11-17T21:49:25.763+0800: 16.935: [GC pause (G1 Evacuation Pause) (young) 16.935: [G1Ergonomics (CSet Construction) start choosing CSet, _pending_cards: 0, predicted base time: 29.93 ms, remaining time: 170.07 ms, target pause time: 200.00 ms]
 16.935: [G1Ergonomics (CSet Construction) add young regions to CSet, eden: 282 regions, survivors: 20 regions, predicted young region time: 150.00 ms]
 16.935: [G1Ergonomics (CSet Construction) finish choosing CSet, eden: 282 regions, survivors: 20 regions, old: 0 regions, predicted pause time: 179.93 ms, target pause time: 200.00 ms]
, 0.0423664 secs]
   [Parallel Time: 26.2 ms, GC Workers: 8]
      [GC Worker Start (ms): Min: 16935.5, Avg: 16939.0, Max: 16944.5, Diff: 9.0]
      [Ext Root Scanning (ms): Min: 0.0, Avg: 0.7, Max: 3.5, Diff: 3.5, Sum: 5.6]
      [Update RS (ms): Min: 0.0, Avg: 0.0, Max: 0.0, Diff: 0.0, Sum: 0.0]
         [Processed Buffers: Min: 0, Avg: 0.0, Max: 0, Diff: 0, Sum: 0]
      [Scan RS (ms): Min: 0.0, Avg: 0.1, Max: 0.2, Diff: 0.2, Sum: 0.6]
      [Code Root Scanning (ms): Min: 0.0, Avg: 3.3, Max: 12.5, Diff: 12.5, Sum: 26.6]
      [Object Copy (ms): Min: 7.0, Avg: 14.1, Max: 19.3, Diff: 12.3, Sum: 112.6]
      [Termination (ms): Min: 0.0, Avg: 4.4, Max: 5.0, Diff: 5.0, Sum: 34.8]
         [Termination Attempts: Min: 1, Avg: 1.1, Max: 2, Diff: 1, Sum: 9]
      [GC Worker Other (ms): Min: 0.0, Avg: 0.0, Max: 0.0, Diff: 0.0, Sum: 0.1]
      [GC Worker Total (ms): Min: 17.0, Avg: 22.5, Max: 26.0, Diff: 9.0, Sum: 180.3]
      [GC Worker End (ms): Min: 16961.5, Avg: 16961.5, Max: 16961.5, Diff: 0.0]
   [Code Root Fixup: 1.0 ms]
   [Code Root Purge: 0.0 ms]
   [Clear CT: 0.3 ms]
   [Other: 14.8 ms]
      [Choose CSet: 0.0 ms]
      [Ref Proc: 13.7 ms]
      [Ref Enq: 0.0 ms]
      [Redirty Cards: 0.4 ms]
      [Humongous Register: 0.0 ms]
      [Humongous Reclaim: 0.0 ms]
      [Free CSet: 0.5 ms]
   [Eden: 282.0M(282.0M)->0.0B(278.0M) Survivors: 20.0M->24.0M Heap: 381.5M(504.0M)->104.0M(504.0M)]
 [Times: user=0.10 sys=0.00, real=0.04 secs] 
         vmop                    [threads: total initially_running wait_to_block]    [time: spin block sync cleanup vmop] page_trap_count
16.935: G1IncCollectionPause             [      34          0              0    ]      [     0     0     0     0    42    ]  0   
2017-11-17T21:49:25.806+0800: 16.978: Total time for which application threads were stopped: 0.0427248 seconds, Stopping threads took: 0.0000461 seconds
2017-11-17T21:49:26.209+0800: 17.381: [GC pause (G1 Evacuation Pause) (young) 17.381: [G1Ergonomics (CSet Construction) start choosing CSet, _pending_cards: 1025, predicted base time: 29.69 ms, remaining time: 170.31 ms, target pause time: 200.00 ms]
 17.381: [G1Ergonomics (CSet Construction) add young regions to CSet, eden: 278 regions, survivors: 24 regions, predicted young region time: 117.98 ms]
 17.381: [G1Ergonomics (CSet Construction) finish choosing CSet, eden: 278 regions, survivors: 24 regions, old: 0 regions, predicted pause time: 147.67 ms, target pause time: 200.00 ms]
, 0.0629185 secs]
   [Parallel Time: 56.6 ms, GC Workers: 8]
      [GC Worker Start (ms): Min: 17381.3, Avg: 17387.0, Max: 17395.3, Diff: 14.0]
      [Ext Root Scanning (ms): Min: 0.0, Avg: 0.6, Max: 3.1, Diff: 3.1, Sum: 4.8]
      [Update RS (ms): Min: 0.0, Avg: 1.0, Max: 3.3, Diff: 3.3, Sum: 8.1]
         [Processed Buffers: Min: 0, Avg: 0.6, Max: 2, Diff: 2, Sum: 5]
      [Scan RS (ms): Min: 0.0, Avg: 0.1, Max: 0.2, Diff: 0.2, Sum: 0.6]
      [Code Root Scanning (ms): Min: 0.0, Avg: 0.5, Max: 2.0, Diff: 2.0, Sum: 4.3]
      [Object Copy (ms): Min: 19.7, Avg: 30.7, Max: 42.2, Diff: 22.5, Sum: 245.8]
      [Termination (ms): Min: 0.0, Avg: 8.3, Max: 16.2, Diff: 16.2, Sum: 66.1]
         [Termination Attempts: Min: 1, Avg: 9.9, Max: 32, Diff: 31, Sum: 79]
      [GC Worker Other (ms): Min: 0.0, Avg: 0.0, Max: 0.0, Diff: 0.0, Sum: 0.2]
      [GC Worker Total (ms): Min: 32.0, Avg: 41.2, Max: 49.9, Diff: 17.9, Sum: 329.9]
      [GC Worker End (ms): Min: 17427.2, Avg: 17428.2, Max: 17431.2, Diff: 4.0]
   [Code Root Fixup: 1.0 ms]
   [Code Root Purge: 0.0 ms]
   [Clear CT: 0.4 ms]
   [Other: 4.9 ms]
      [Choose CSet: 0.0 ms]
      [Ref Proc: 3.7 ms]
      [Ref Enq: 0.0 ms]
      [Redirty Cards: 0.4 ms]
      [Humongous Register: 0.0 ms]
      [Humongous Reclaim: 0.0 ms]
      [Free CSet: 0.5 ms]
   [Eden: 278.0M(278.0M)->0.0B(276.0M) Survivors: 24.0M->26.0M Heap: 382.5M(504.0M)->111.0M(504.0M)]
 [Times: user=0.17 sys=0.00, real=0.06 secs] 
         vmop                    [threads: total initially_running wait_to_block]    [time: spin block sync cleanup vmop] page_trap_count
17.381: G1IncCollectionPause             [      34          0              0    ]      [     0     0     0     0    63    ]  0   
2017-11-17T21:49:26.272+0800: 17.444: Total time for which application threads were stopped: 0.0632890 seconds, Stopping threads took: 0.0000603 seconds
2017-11-17T21:49:26.711+0800: 17.883: [GC pause (G1 Evacuation Pause) (young) 17.883: [G1Ergonomics (CSet Construction) start choosing CSet, _pending_cards: 2315, predicted base time: 29.78 ms, remaining time: 170.22 ms, target pause time: 200.00 ms]
 17.883: [G1Ergonomics (CSet Construction) add young regions to CSet, eden: 276 regions, survivors: 26 regions, predicted young region time: 126.02 ms]
 17.883: [G1Ergonomics (CSet Construction) finish choosing CSet, eden: 276 regions, survivors: 26 regions, old: 0 regions, predicted pause time: 155.80 ms, target pause time: 200.00 ms]
, 0.0610071 secs]
   [Parallel Time: 58.5 ms, GC Workers: 8]
      [GC Worker Start (ms): Min: 17883.1, Avg: 17885.7, Max: 17891.2, Diff: 8.1]
      [Ext Root Scanning (ms): Min: 0.0, Avg: 0.6, Max: 2.2, Diff: 2.2, Sum: 4.6]
      [Update RS (ms): Min: 0.0, Avg: 0.8, Max: 3.8, Diff: 3.8, Sum: 6.1]
         [Processed Buffers: Min: 0, Avg: 1.5, Max: 4, Diff: 4, Sum: 12]
      [Scan RS (ms): Min: 0.0, Avg: 0.5, Max: 1.2, Diff: 1.2, Sum: 4.3]
      [Code Root Scanning (ms): Min: 0.0, Avg: 0.1, Max: 0.4, Diff: 0.4, Sum: 0.9]
      [Object Copy (ms): Min: 28.6, Avg: 40.0, Max: 53.8, Diff: 25.2, Sum: 320.1]
      [Termination (ms): Min: 0.0, Avg: 13.6, Max: 21.1, Diff: 21.1, Sum: 108.6]
         [Termination Attempts: Min: 1, Avg: 13.5, Max: 48, Diff: 47, Sum: 108]
      [GC Worker Other (ms): Min: 0.0, Avg: 0.0, Max: 0.1, Diff: 0.1, Sum: 0.2]
      [GC Worker Total (ms): Min: 49.8, Avg: 55.6, Max: 58.4, Diff: 8.6, Sum: 444.8]
      [GC Worker End (ms): Min: 17941.0, Avg: 17941.3, Max: 17941.5, Diff: 0.5]
   [Code Root Fixup: 0.1 ms]
   [Code Root Purge: 0.0 ms]
   [Clear CT: 0.5 ms]
   [Other: 1.8 ms]
      [Choose CSet: 0.0 ms]
      [Ref Proc: 0.5 ms]
      [Ref Enq: 0.0 ms]
      [Redirty Cards: 0.3 ms]
      [Humongous Register: 0.0 ms]
      [Humongous Reclaim: 0.0 ms]
      [Free CSet: 0.6 ms]
   [Eden: 276.0M(276.0M)->0.0B(279.0M) Survivors: 26.0M->23.0M Heap: 387.0M(504.0M)->119.5M(504.0M)]
 [Times: user=0.19 sys=0.01, real=0.06 secs] 
         vmop                    [threads: total initially_running wait_to_block]    [time: spin block sync cleanup vmop] page_trap_count
17.883: G1IncCollectionPause             [      34          0              0    ]      [     0     0     0     0    61    ]  0   
2017-11-17T21:49:26.772+0800: 17.944: Total time for which application threads were stopped: 0.0614620 seconds, Stopping threads took: 0.0000668 seconds
2017-11-17T21:49:27.193+0800: 18.365: [GC pause (G1 Evacuation Pause) (young) 18.365: [G1Ergonomics (CSet Construction) start choosing CSet, _pending_cards: 2325, predicted base time: 24.69 ms, remaining time: 175.31 ms, target pause time: 200.00 ms]
 18.365: [G1Ergonomics (CSet Construction) add young regions to CSet, eden: 279 regions, survivors: 23 regions, predicted young region time: 77.53 ms]
 18.365: [G1Ergonomics (CSet Construction) finish choosing CSet, eden: 279 regions, survivors: 23 regions, old: 0 regions, predicted pause time: 102.22 ms, target pause time: 200.00 ms]
, 0.0678162 secs]
   [Parallel Time: 63.7 ms, GC Workers: 8]
      [GC Worker Start (ms): Min: 18365.1, Avg: 18365.5, Max: 18366.3, Diff: 1.2]
      [Ext Root Scanning (ms): Min: 0.0, Avg: 0.4, Max: 1.1, Diff: 1.1, Sum: 2.8]
      [Update RS (ms): Min: 0.0, Avg: 1.8, Max: 5.0, Diff: 5.0, Sum: 14.4]
         [Processed Buffers: Min: 0, Avg: 1.6, Max: 7, Diff: 7, Sum: 13]
      [Scan RS (ms): Min: 0.0, Avg: 0.4, Max: 1.4, Diff: 1.4, Sum: 3.3]
      [Code Root Scanning (ms): Min: 0.0, Avg: 0.0, Max: 0.1, Diff: 0.1, Sum: 0.1]
      [Object Copy (ms): Min: 22.8, Avg: 27.4, Max: 51.3, Diff: 28.5, Sum: 219.2]
      [Termination (ms): Min: 0.0, Avg: 25.7, Max: 36.8, Diff: 36.8, Sum: 205.2]
         [Termination Attempts: Min: 1, Avg: 5.5, Max: 13, Diff: 12, Sum: 44]
      [GC Worker Other (ms): Min: 0.0, Avg: 0.0, Max: 0.0, Diff: 0.0, Sum: 0.1]
      [GC Worker Total (ms): Min: 53.9, Avg: 55.7, Max: 62.3, Diff: 8.4, Sum: 445.3]
      [GC Worker End (ms): Min: 18420.1, Avg: 18421.2, Max: 18428.5, Diff: 8.4]
   [Code Root Fixup: 0.0 ms]
   [Code Root Purge: 0.0 ms]
   [Clear CT: 0.3 ms]
   [Other: 3.8 ms]
      [Choose CSet: 0.0 ms]
      [Ref Proc: 2.9 ms]
      [Ref Enq: 0.0 ms]
      [Redirty Cards: 0.2 ms]
      [Humongous Register: 0.1 ms]
      [Humongous Reclaim: 0.0 ms]
      [Free CSet: 0.4 ms]
   [Eden: 279.0M(279.0M)->0.0B(279.0M) Survivors: 23.0M->23.0M Heap: 399.5M(504.0M)->130.5M(504.0M)]
 [Times: user=0.23 sys=0.00, real=0.07 secs] 
         vmop                    [threads: total initially_running wait_to_block]    [time: spin block sync cleanup vmop] page_trap_count
18.365: G1IncCollectionPause             [      34          0              0    ]      [     0     0     0     0    67    ]  0   
2017-11-17T21:49:27.261+0800: 18.433: Total time for which application threads were stopped: 0.0681497 seconds, Stopping threads took: 0.0000499 seconds
2017-11-17T21:49:27.635+0800: 18.807: [GC pause (G1 Evacuation Pause) (young) 18.807: [G1Ergonomics (CSet Construction) start choosing CSet, _pending_cards: 2836, predicted base time: 22.78 ms, remaining time: 177.22 ms, target pause time: 200.00 ms]
 18.807: [G1Ergonomics (CSet Construction) add young regions to CSet, eden: 279 regions, survivors: 23 regions, predicted young region time: 72.72 ms]
 18.807: [G1Ergonomics (CSet Construction) finish choosing CSet, eden: 279 regions, survivors: 23 regions, old: 0 regions, predicted pause time: 95.50 ms, target pause time: 200.00 ms]
, 0.0312615 secs]
   [Parallel Time: 29.7 ms, GC Workers: 8]
      [GC Worker Start (ms): Min: 18806.9, Avg: 18808.7, Max: 18819.2, Diff: 12.3]
      [Ext Root Scanning (ms): Min: 0.0, Avg: 0.5, Max: 1.0, Diff: 1.0, Sum: 4.0]
      [Update RS (ms): Min: 0.0, Avg: 4.4, Max: 20.9, Diff: 20.9, Sum: 35.3]
         [Processed Buffers: Min: 0, Avg: 1.8, Max: 5, Diff: 5, Sum: 14]
      [Scan RS (ms): Min: 0.0, Avg: 0.2, Max: 0.7, Diff: 0.6, Sum: 1.7]
      [Code Root Scanning (ms): Min: 0.0, Avg: 0.0, Max: 0.1, Diff: 0.1, Sum: 0.1]
      [Object Copy (ms): Min: 2.8, Avg: 18.1, Max: 23.2, Diff: 20.4, Sum: 145.0]
      [Termination (ms): Min: 0.0, Avg: 4.3, Max: 5.0, Diff: 5.0, Sum: 34.5]
         [Termination Attempts: Min: 1, Avg: 1.2, Max: 2, Diff: 1, Sum: 10]
      [GC Worker Other (ms): Min: 0.0, Avg: 0.0, Max: 0.1, Diff: 0.1, Sum: 0.2]
      [GC Worker Total (ms): Min: 17.1, Avg: 27.6, Max: 29.5, Diff: 12.3, Sum: 220.9]
      [GC Worker End (ms): Min: 18836.3, Avg: 18836.4, Max: 18836.4, Diff: 0.1]
   [Code Root Fixup: 0.0 ms]
   [Code Root Purge: 0.0 ms]
   [Clear CT: 0.2 ms]
   [Other: 1.3 ms]
      [Choose CSet: 0.0 ms]
      [Ref Proc: 0.4 ms]
      [Ref Enq: 0.0 ms]
      [Redirty Cards: 0.3 ms]
      [Humongous Register: 0.1 ms]
      [Humongous Reclaim: 0.0 ms]
      [Free CSet: 0.4 ms]
   [Eden: 279.0M(279.0M)->0.0B(279.0M) Survivors: 23.0M->23.0M Heap: 409.5M(504.0M)->139.5M(504.0M)]
 [Times: user=0.17 sys=0.01, real=0.04 secs] 
         vmop                    [threads: total initially_running wait_to_block]    [time: spin block sync cleanup vmop] page_trap_count
18.807: G1IncCollectionPause             [      34          0              1    ]      [     0     0     0     0    31    ]  0   
2017-11-17T21:49:27.666+0800: 18.838: Total time for which application threads were stopped: 0.0316682 seconds, Stopping threads took: 0.0001018 seconds
2017-11-17T21:49:28.110+0800: 19.282: [GC pause (G1 Evacuation Pause) (young) 19.282: [G1Ergonomics (CSet Construction) start choosing CSet, _pending_cards: 3350, predicted base time: 20.56 ms, remaining time: 179.44 ms, target pause time: 200.00 ms]
 19.282: [G1Ergonomics (CSet Construction) add young regions to CSet, eden: 279 regions, survivors: 23 regions, predicted young region time: 51.85 ms]
 19.282: [G1Ergonomics (CSet Construction) finish choosing CSet, eden: 279 regions, survivors: 23 regions, old: 0 regions, predicted pause time: 72.41 ms, target pause time: 200.00 ms]
, 0.0338887 secs]
   [Parallel Time: 28.2 ms, GC Workers: 8]
      [GC Worker Start (ms): Min: 19282.2, Avg: 19284.9, Max: 19295.2, Diff: 13.0]
      [Ext Root Scanning (ms): Min: 0.0, Avg: 0.3, Max: 0.9, Diff: 0.9, Sum: 2.7]
      [Update RS (ms): Min: 0.0, Avg: 3.8, Max: 19.2, Diff: 19.2, Sum: 30.4]
         [Processed Buffers: Min: 0, Avg: 2.2, Max: 6, Diff: 6, Sum: 18]
      [Scan RS (ms): Min: 0.0, Avg: 0.1, Max: 0.2, Diff: 0.2, Sum: 0.4]
      [Code Root Scanning (ms): Min: 0.0, Avg: 0.0, Max: 0.1, Diff: 0.1, Sum: 0.1]
      [Object Copy (ms): Min: 8.2, Avg: 20.9, Max: 24.4, Diff: 16.2, Sum: 167.5]
      [Termination (ms): Min: 0.0, Avg: 0.2, Max: 0.2, Diff: 0.2, Sum: 1.2]
         [Termination Attempts: Min: 1, Avg: 8.8, Max: 21, Diff: 20, Sum: 70]
      [GC Worker Other (ms): Min: 0.0, Avg: 0.0, Max: 0.0, Diff: 0.0, Sum: 0.1]
      [GC Worker Total (ms): Min: 15.1, Avg: 25.3, Max: 28.0, Diff: 12.9, Sum: 202.4]
      [GC Worker End (ms): Min: 19310.2, Avg: 19310.2, Max: 19310.3, Diff: 0.1]
   [Code Root Fixup: 0.0 ms]
   [Code Root Purge: 0.0 ms]
   [Clear CT: 0.3 ms]
   [Other: 5.4 ms]
      [Choose CSet: 0.0 ms]
      [Ref Proc: 4.3 ms]
      [Ref Enq: 0.0 ms]
      [Redirty Cards: 0.5 ms]
      [Humongous Register: 0.0 ms]
      [Humongous Reclaim: 0.0 ms]
      [Free CSet: 0.3 ms]
   [Eden: 279.0M(279.0M)->0.0B(273.0M) Survivors: 23.0M->24.0M Heap: 418.5M(504.0M)->149.0M(504.0M)]
 [Times: user=0.15 sys=0.01, real=0.04 secs] 
         vmop                    [threads: total initially_running wait_to_block]    [time: spin block sync cleanup vmop] page_trap_count
19.282: G1IncCollectionPause             [      34          0              0    ]      [     0     0     0     0    34    ]  0   
2017-11-17T21:49:28.144+0800: 19.316: Total time for which application threads were stopped: 0.0342560 seconds, Stopping threads took: 0.0000580 seconds
2017-11-17T21:49:28.537+0800: 19.709: [GC pause (G1 Evacuation Pause) (young) 19.710: [G1Ergonomics (CSet Construction) start choosing CSet, _pending_cards: 3307, predicted base time: 18.83 ms, remaining time: 181.17 ms, target pause time: 200.00 ms]
 19.710: [G1Ergonomics (CSet Construction) add young regions to CSet, eden: 273 regions, survivors: 24 regions, predicted young region time: 49.73 ms]
 19.710: [G1Ergonomics (CSet Construction) finish choosing CSet, eden: 273 regions, survivors: 24 regions, old: 0 regions, predicted pause time: 68.56 ms, target pause time: 200.00 ms]
, 0.0508039 secs]
   [Parallel Time: 37.2 ms, GC Workers: 8]
      [GC Worker Start (ms): Min: 19709.6, Avg: 19715.3, Max: 19723.2, Diff: 13.6]
      [Ext Root Scanning (ms): Min: 0.0, Avg: 1.1, Max: 7.1, Diff: 7.1, Sum: 8.7]
      [Update RS (ms): Min: 0.0, Avg: 1.6, Max: 6.6, Diff: 6.6, Sum: 13.1]
         [Processed Buffers: Min: 0, Avg: 1.9, Max: 7, Diff: 7, Sum: 15]
      [Scan RS (ms): Min: 0.0, Avg: 1.2, Max: 3.3, Diff: 3.2, Sum: 9.8]
      [Code Root Scanning (ms): Min: 0.0, Avg: 0.0, Max: 0.1, Diff: 0.1, Sum: 0.1]
      [Object Copy (ms): Min: 22.3, Avg: 26.0, Max: 27.7, Diff: 5.4, Sum: 207.8]
      [Termination (ms): Min: 0.0, Avg: 1.4, Max: 1.8, Diff: 1.8, Sum: 10.8]
         [Termination Attempts: Min: 1, Avg: 63.8, Max: 170, Diff: 169, Sum: 510]
      [GC Worker Other (ms): Min: 0.0, Avg: 0.0, Max: 0.0, Diff: 0.0, Sum: 0.1]
      [GC Worker Total (ms): Min: 23.4, Avg: 31.3, Max: 37.0, Diff: 13.6, Sum: 250.4]
      [GC Worker End (ms): Min: 19746.6, Avg: 19746.6, Max: 19746.6, Diff: 0.1]
   [Code Root Fixup: 0.0 ms]
   [Code Root Purge: 0.0 ms]
   [Clear CT: 0.3 ms]
   [Other: 13.3 ms]
      [Choose CSet: 0.0 ms]
      [Ref Proc: 12.5 ms]
      [Ref Enq: 0.0 ms]
      [Redirty Cards: 0.3 ms]
      [Humongous Register: 0.0 ms]
      [Humongous Reclaim: 0.0 ms]
      [Free CSet: 0.3 ms]
   [Eden: 273.0M(273.0M)->0.0B(263.0M) Survivors: 24.0M->23.0M Heap: 424.0M(504.0M)->159.0M(504.0M)]
 [Times: user=0.16 sys=0.01, real=0.05 secs] 
         vmop                    [threads: total initially_running wait_to_block]    [time: spin block sync cleanup vmop] page_trap_count
19.709: G1IncCollectionPause             [      34          0              0    ]      [     0     0     0     0    50    ]  0   
2017-11-17T21:49:28.588+0800: 19.760: Total time for which application threads were stopped: 0.0511612 seconds, Stopping threads took: 0.0000448 seconds
2017-11-17T21:49:28.936+0800: 20.108: [GC pause (G1 Evacuation Pause) (young) 20.108: [G1Ergonomics (CSet Construction) start choosing CSet, _pending_cards: 3587, predicted base time: 23.48 ms, remaining time: 176.52 ms, target pause time: 200.00 ms]
 20.109: [G1Ergonomics (CSet Construction) add young regions to CSet, eden: 263 regions, survivors: 23 regions, predicted young region time: 46.18 ms]
 20.109: [G1Ergonomics (CSet Construction) finish choosing CSet, eden: 263 regions, survivors: 23 regions, old: 0 regions, predicted pause time: 69.66 ms, target pause time: 200.00 ms]
, 0.0359591 secs]
   [Parallel Time: 26.6 ms, GC Workers: 8]
      [GC Worker Start (ms): Min: 20108.6, Avg: 20111.6, Max: 20123.2, Diff: 14.6]
      [Ext Root Scanning (ms): Min: 0.0, Avg: 0.3, Max: 1.0, Diff: 1.0, Sum: 2.5]
      [Update RS (ms): Min: 0.0, Avg: 3.7, Max: 11.2, Diff: 11.2, Sum: 29.5]
         [Processed Buffers: Min: 0, Avg: 2.2, Max: 4, Diff: 4, Sum: 18]
      [Scan RS (ms): Min: 0.0, Avg: 0.1, Max: 0.2, Diff: 0.2, Sum: 0.4]
      [Code Root Scanning (ms): Min: 0.0, Avg: 0.0, Max: 0.0, Diff: 0.0, Sum: 0.1]
      [Object Copy (ms): Min: 11.8, Avg: 19.2, Max: 23.0, Diff: 11.3, Sum: 153.8]
      [Termination (ms): Min: 0.0, Avg: 0.1, Max: 0.2, Diff: 0.2, Sum: 1.2]
         [Termination Attempts: Min: 1, Avg: 3.9, Max: 9, Diff: 8, Sum: 31]
      [GC Worker Other (ms): Min: 0.0, Avg: 0.0, Max: 0.0, Diff: 0.0, Sum: 0.1]
      [GC Worker Total (ms): Min: 11.8, Avg: 23.4, Max: 26.4, Diff: 14.6, Sum: 187.6]
      [GC Worker End (ms): Min: 20135.0, Avg: 20135.0, Max: 20135.1, Diff: 0.0]
   [Code Root Fixup: 0.0 ms]
   [Code Root Purge: 0.0 ms]
   [Clear CT: 0.3 ms]
   [Other: 9.0 ms]
      [Choose CSet: 0.0 ms]
      [Ref Proc: 8.2 ms]
      [Ref Enq: 0.0 ms]
      [Redirty Cards: 0.2 ms]
      [Humongous Register: 0.0 ms]
      [Humongous Reclaim: 0.0 ms]
      [Free CSet: 0.3 ms]
   [Eden: 263.0M(263.0M)->0.0B(254.0M) Survivors: 23.0M->23.0M Heap: 422.0M(504.0M)->168.5M(504.0M)]
 [Times: user=0.16 sys=0.01, real=0.03 secs] 
         vmop                    [threads: total initially_running wait_to_block]    [time: spin block sync cleanup vmop] page_trap_count
20.108: G1IncCollectionPause             [      34          0              0    ]      [     0     0     0     0    36    ]  0   
2017-11-17T21:49:28.972+0800: 20.145: Total time for which application threads were stopped: 0.0363165 seconds, Stopping threads took: 0.0000597 seconds
2017-11-17T21:49:29.340+0800: 20.512: [GC pause (G1 Evacuation Pause) (young) 20.512: [G1Ergonomics (CSet Construction) start choosing CSet, _pending_cards: 3068, predicted base time: 21.51 ms, remaining time: 178.49 ms, target pause time: 200.00 ms]
 20.512: [G1Ergonomics (CSet Construction) add young regions to CSet, eden: 254 regions, survivors: 23 regions, predicted young region time: 36.34 ms]
 20.512: [G1Ergonomics (CSet Construction) finish choosing CSet, eden: 254 regions, survivors: 23 regions, old: 0 regions, predicted pause time: 57.84 ms, target pause time: 200.00 ms]
, 0.0287179 secs]
   [Parallel Time: 27.3 ms, GC Workers: 8]
      [GC Worker Start (ms): Min: 20512.2, Avg: 20515.7, Max: 20525.9, Diff: 13.7]
      [Ext Root Scanning (ms): Min: 0.0, Avg: 0.8, Max: 4.5, Diff: 4.5, Sum: 6.3]
      [Update RS (ms): Min: 0.0, Avg: 2.4, Max: 7.2, Diff: 7.2, Sum: 19.0]
         [Processed Buffers: Min: 0, Avg: 1.8, Max: 4, Diff: 4, Sum: 14]
      [Scan RS (ms): Min: 0.0, Avg: 0.1, Max: 0.2, Diff: 0.2, Sum: 0.4]
      [Code Root Scanning (ms): Min: 0.0, Avg: 0.0, Max: 0.0, Diff: 0.0, Sum: 0.0]
      [Object Copy (ms): Min: 10.3, Avg: 17.7, Max: 22.5, Diff: 12.2, Sum: 141.4]
      [Termination (ms): Min: 0.0, Avg: 2.6, Max: 2.9, Diff: 2.9, Sum: 20.5]
         [Termination Attempts: Min: 1, Avg: 7.5, Max: 13, Diff: 12, Sum: 60]
      [GC Worker Other (ms): Min: 0.0, Avg: 0.0, Max: 0.0, Diff: 0.0, Sum: 0.1]
      [GC Worker Total (ms): Min: 13.3, Avg: 23.5, Max: 27.0, Diff: 13.7, Sum: 187.8]
      [GC Worker End (ms): Min: 20539.2, Avg: 20539.2, Max: 20539.2, Diff: 0.0]
   [Code Root Fixup: 0.0 ms]
   [Code Root Purge: 0.0 ms]
   [Clear CT: 0.2 ms]
   [Other: 1.2 ms]
      [Choose CSet: 0.0 ms]
      [Ref Proc: 0.4 ms]
      [Ref Enq: 0.0 ms]
      [Redirty Cards: 0.2 ms]
      [Humongous Register: 0.0 ms]
      [Humongous Reclaim: 0.0 ms]
      [Free CSet: 0.3 ms]
   [Eden: 254.0M(254.0M)->0.0B(244.0M) Survivors: 23.0M->23.0M Heap: 422.5M(504.0M)->178.0M(504.0M)]
 [Times: user=0.15 sys=0.00, real=0.03 secs] 
         vmop                    [threads: total initially_running wait_to_block]    [time: spin block sync cleanup vmop] page_trap_count
20.512: G1IncCollectionPause             [      34          0              0    ]      [     0     0     0     0    28    ]  0   
2017-11-17T21:49:29.369+0800: 20.541: Total time for which application threads were stopped: 0.0290938 seconds, Stopping threads took: 0.0000511 seconds
2017-11-17T21:49:29.785+0800: 20.957: [GC pause (G1 Evacuation Pause) (young) 20.957: [G1Ergonomics (CSet Construction) start choosing CSet, _pending_cards: 3058, predicted base time: 18.58 ms, remaining time: 181.42 ms, target pause time: 200.00 ms]
 20.957: [G1Ergonomics (CSet Construction) add young regions to CSet, eden: 244 regions, survivors: 23 regions, predicted young region time: 32.51 ms]
 20.957: [G1Ergonomics (CSet Construction) finish choosing CSet, eden: 244 regions, survivors: 23 regions, old: 0 regions, predicted pause time: 51.09 ms, target pause time: 200.00 ms]
, 0.0263159 secs]
   [Parallel Time: 24.7 ms, GC Workers: 8]
      [GC Worker Start (ms): Min: 20957.0, Avg: 20962.4, Max: 20971.2, Diff: 14.3]
      [Ext Root Scanning (ms): Min: 0.0, Avg: 0.4, Max: 0.9, Diff: 0.9, Sum: 3.4]
      [Update RS (ms): Min: 0.0, Avg: 1.8, Max: 4.5, Diff: 4.5, Sum: 14.5]
         [Processed Buffers: Min: 0, Avg: 1.9, Max: 7, Diff: 7, Sum: 15]
      [Scan RS (ms): Min: 0.0, Avg: 0.1, Max: 0.2, Diff: 0.2, Sum: 0.5]
      [Code Root Scanning (ms): Min: 0.0, Avg: 0.0, Max: 0.0, Diff: 0.0, Sum: 0.0]
      [Object Copy (ms): Min: 6.8, Avg: 14.2, Max: 21.2, Diff: 14.4, Sum: 113.3]
      [Termination (ms): Min: 0.0, Avg: 2.6, Max: 3.3, Diff: 3.3, Sum: 20.5]
         [Termination Attempts: Min: 1, Avg: 10.5, Max: 30, Diff: 29, Sum: 84]
      [GC Worker Other (ms): Min: 0.0, Avg: 0.0, Max: 0.0, Diff: 0.0, Sum: 0.1]
      [GC Worker Total (ms): Min: 10.2, Avg: 19.0, Max: 24.4, Diff: 14.2, Sum: 152.3]
      [GC Worker End (ms): Min: 20981.4, Avg: 20981.4, Max: 20981.4, Diff: 0.0]
   [Code Root Fixup: 0.0 ms]
   [Code Root Purge: 0.0 ms]
   [Clear CT: 0.3 ms]
   [Other: 1.3 ms]
      [Choose CSet: 0.0 ms]
      [Ref Proc: 0.5 ms]
      [Ref Enq: 0.0 ms]
      [Redirty Cards: 0.3 ms]
      [Humongous Register: 0.0 ms]
      [Humongous Reclaim: 0.0 ms]
      [Free CSet: 0.3 ms]
   [Eden: 244.0M(244.0M)->0.0B(236.0M) Survivors: 23.0M->22.0M Heap: 422.0M(504.0M)->187.0M(504.0M)]
 [Times: user=0.13 sys=0.00, real=0.02 secs] 
         vmop                    [threads: total initially_running wait_to_block]    [time: spin block sync cleanup vmop] page_trap_count
20.957: G1IncCollectionPause             [      34          0              0    ]      [     0     0     0     0    26    ]  0   
2017-11-17T21:49:29.811+0800: 20.983: Total time for which application threads were stopped: 0.0267004 seconds, Stopping threads took: 0.0000470 seconds
2017-11-17T21:49:30.193+0800: 21.366: [GC pause (G1 Evacuation Pause) (young) 21.366: [G1Ergonomics (CSet Construction) start choosing CSet, _pending_cards: 2793, predicted base time: 16.26 ms, remaining time: 183.74 ms, target pause time: 200.00 ms]
 21.366: [G1Ergonomics (CSet Construction) add young regions to CSet, eden: 236 regions, survivors: 22 regions, predicted young region time: 25.93 ms]
 21.366: [G1Ergonomics (CSet Construction) finish choosing CSet, eden: 236 regions, survivors: 22 regions, old: 0 regions, predicted pause time: 42.20 ms, target pause time: 200.00 ms]
 21.392: [G1Ergonomics (Heap Sizing) attempt heap expansion, reason: recent GC overhead higher than threshold after GC, recent GC overhead: 10.18 %, threshold: 10.00 %, uncommitted: 6450839552 bytes, calculated expansion amount: 1290167910 bytes (20.00 %)]
 21.392: [G1Ergonomics (Heap Sizing) expand the heap, requested expansion amount: 528482304 bytes, attempted expansion amount: 528482304 bytes]
, 0.0308456 secs]
   [Parallel Time: 24.5 ms, GC Workers: 8]
      [GC Worker Start (ms): Min: 21365.8, Avg: 21372.5, Max: 21379.3, Diff: 13.5]
      [Ext Root Scanning (ms): Min: 0.0, Avg: 0.3, Max: 0.9, Diff: 0.9, Sum: 2.5]
      [Update RS (ms): Min: 0.0, Avg: 1.5, Max: 4.7, Diff: 4.7, Sum: 12.4]
         [Processed Buffers: Min: 0, Avg: 1.6, Max: 5, Diff: 5, Sum: 13]
      [Scan RS (ms): Min: 0.0, Avg: 0.1, Max: 0.2, Diff: 0.2, Sum: 0.5]
      [Code Root Scanning (ms): Min: 0.0, Avg: 0.0, Max: 0.0, Diff: 0.0, Sum: 0.0]
      [Object Copy (ms): Min: 10.7, Avg: 15.6, Max: 21.3, Diff: 10.6, Sum: 124.8]
      [Termination (ms): Min: 0.0, Avg: 0.1, Max: 0.2, Diff: 0.2, Sum: 0.6]
         [Termination Attempts: Min: 1, Avg: 19.2, Max: 37, Diff: 36, Sum: 154]
      [GC Worker Other (ms): Min: 0.0, Avg: 0.1, Max: 0.1, Diff: 0.1, Sum: 0.4]
      [GC Worker Total (ms): Min: 10.9, Avg: 17.7, Max: 24.4, Diff: 13.5, Sum: 141.2]
      [GC Worker End (ms): Min: 21390.1, Avg: 21390.2, Max: 21390.2, Diff: 0.1]
   [Code Root Fixup: 0.0 ms]
   [Code Root Purge: 0.0 ms]
   [Clear CT: 0.3 ms]
   [Other: 6.0 ms]
      [Choose CSet: 0.0 ms]
      [Ref Proc: 0.4 ms]
      [Ref Enq: 0.0 ms]
      [Redirty Cards: 0.4 ms]
      [Humongous Register: 0.1 ms]
      [Humongous Reclaim: 0.0 ms]
      [Free CSet: 0.3 ms]
   [Eden: 236.0M(236.0M)->0.0B(583.0M) Survivors: 22.0M->21.0M Heap: 423.0M(504.0M)->194.0M(1008.0M)]
 [Times: user=0.11 sys=0.01, real=0.04 secs] 
         vmop                    [threads: total initially_running wait_to_block]    [time: spin block sync cleanup vmop] page_trap_count
21.365: G1IncCollectionPause             [      34          0              0    ]      [     0     0     0     0    31    ]  0   
2017-11-17T21:49:30.224+0800: 21.397: Total time for which application threads were stopped: 0.0311815 seconds, Stopping threads took: 0.0000543 seconds
2017-11-17T21:49:31.277+0800: 22.449: [GC pause (G1 Evacuation Pause) (young) 22.449: [G1Ergonomics (CSet Construction) start choosing CSet, _pending_cards: 4411, predicted base time: 17.74 ms, remaining time: 182.26 ms, target pause time: 200.00 ms]
 22.449: [G1Ergonomics (CSet Construction) add young regions to CSet, eden: 583 regions, survivors: 21 regions, predicted young region time: 32.79 ms]
 22.449: [G1Ergonomics (CSet Construction) finish choosing CSet, eden: 583 regions, survivors: 21 regions, old: 0 regions, predicted pause time: 50.53 ms, target pause time: 200.00 ms]
, 0.0347335 secs]
   [Parallel Time: 26.6 ms, GC Workers: 8]
      [GC Worker Start (ms): Min: 22449.0, Avg: 22450.7, Max: 22459.5, Diff: 10.5]
      [Ext Root Scanning (ms): Min: 0.0, Avg: 0.3, Max: 0.9, Diff: 0.9, Sum: 2.7]
      [Update RS (ms): Min: 0.0, Avg: 3.9, Max: 10.1, Diff: 10.1, Sum: 30.8]
         [Processed Buffers: Min: 0, Avg: 2.6, Max: 6, Diff: 6, Sum: 21]
      [Scan RS (ms): Min: 0.0, Avg: 0.1, Max: 0.3, Diff: 0.3, Sum: 1.0]
      [Code Root Scanning (ms): Min: 0.0, Avg: 0.0, Max: 0.0, Diff: 0.0, Sum: 0.0]
      [Object Copy (ms): Min: 15.6, Avg: 20.2, Max: 23.1, Diff: 7.5, Sum: 161.7]
      [Termination (ms): Min: 0.0, Avg: 0.1, Max: 0.1, Diff: 0.1, Sum: 0.6]
         [Termination Attempts: Min: 1, Avg: 1.2, Max: 2, Diff: 1, Sum: 10]
      [GC Worker Other (ms): Min: 0.0, Avg: 0.0, Max: 0.1, Diff: 0.0, Sum: 0.2]
      [GC Worker Total (ms): Min: 15.9, Avg: 24.6, Max: 26.4, Diff: 10.5, Sum: 197.2]
      [GC Worker End (ms): Min: 22475.4, Avg: 22475.4, Max: 22475.4, Diff: 0.0]
   [Code Root Fixup: 0.0 ms]
   [Code Root Purge: 0.0 ms]
   [Clear CT: 0.4 ms]
   [Other: 7.7 ms]
      [Choose CSet: 0.0 ms]
      [Ref Proc: 6.5 ms]
      [Ref Enq: 0.0 ms]
      [Redirty Cards: 0.2 ms]
      [Humongous Register: 0.1 ms]
      [Humongous Reclaim: 0.0 ms]
      [Free CSet: 0.6 ms]
   [Eden: 583.0M(583.0M)->0.0B(568.0M) Survivors: 21.0M->36.0M Heap: 777.0M(1008.0M)->209.0M(1008.0M)]
 [Times: user=0.16 sys=0.00, real=0.03 secs] 
         vmop                    [threads: total initially_running wait_to_block]    [time: spin block sync cleanup vmop] page_trap_count
22.449: G1IncCollectionPause             [      34          0              0    ]      [     0     0     0     0    34    ]  0   
2017-11-17T21:49:31.311+0800: 22.484: Total time for which application threads were stopped: 0.0350819 seconds, Stopping threads took: 0.0000526 seconds
2017-11-17T21:49:32.083+0800: 23.255: [GC pause (G1 Evacuation Pause) (young) 23.255: [G1Ergonomics (CSet Construction) start choosing CSet, _pending_cards: 4339, predicted base time: 16.81 ms, remaining time: 183.19 ms, target pause time: 200.00 ms]
 23.255: [G1Ergonomics (CSet Construction) add young regions to CSet, eden: 568 regions, survivors: 36 regions, predicted young region time: 37.14 ms]
 23.255: [G1Ergonomics (CSet Construction) finish choosing CSet, eden: 568 regions, survivors: 36 regions, old: 0 regions, predicted pause time: 53.95 ms, target pause time: 200.00 ms]
, 0.0341354 secs]
   [Parallel Time: 31.8 ms, GC Workers: 8]
      [GC Worker Start (ms): Min: 23254.9, Avg: 23259.6, Max: 23267.2, Diff: 12.3]
      [Ext Root Scanning (ms): Min: 0.0, Avg: 0.3, Max: 0.9, Diff: 0.9, Sum: 2.8]
      [Update RS (ms): Min: 0.0, Avg: 0.6, Max: 2.0, Diff: 2.0, Sum: 4.5]
         [Processed Buffers: Min: 0, Avg: 2.5, Max: 6, Diff: 6, Sum: 20]
      [Scan RS (ms): Min: 0.1, Avg: 1.3, Max: 2.3, Diff: 2.3, Sum: 10.1]
      [Code Root Scanning (ms): Min: 0.0, Avg: 0.0, Max: 0.0, Diff: 0.0, Sum: 0.0]
      [Object Copy (ms): Min: 19.1, Avg: 24.7, Max: 28.0, Diff: 8.9, Sum: 197.2]
      [Termination (ms): Min: 0.0, Avg: 0.1, Max: 0.1, Diff: 0.1, Sum: 0.6]
         [Termination Attempts: Min: 1, Avg: 11.6, Max: 28, Diff: 27, Sum: 93]
      [GC Worker Other (ms): Min: 0.0, Avg: 0.0, Max: 0.1, Diff: 0.0, Sum: 0.2]
      [GC Worker Total (ms): Min: 19.2, Avg: 26.9, Max: 31.6, Diff: 12.4, Sum: 215.4]
      [GC Worker End (ms): Min: 23286.5, Avg: 23286.5, Max: 23286.5, Diff: 0.0]
   [Code Root Fixup: 0.0 ms]
   [Code Root Purge: 0.0 ms]
   [Clear CT: 0.4 ms]
   [Other: 2.0 ms]
      [Choose CSet: 0.0 ms]
      [Ref Proc: 0.5 ms]
      [Ref Enq: 0.0 ms]
      [Redirty Cards: 0.3 ms]
      [Humongous Register: 0.1 ms]
      [Humongous Reclaim: 0.0 ms]
      [Free CSet: 0.8 ms]
   [Eden: 568.0M(568.0M)->0.0B(554.0M) Survivors: 36.0M->50.0M Heap: 781.0M(1008.0M)->227.0M(1008.0M)]
 [Times: user=0.16 sys=0.00, real=0.04 secs] 
         vmop                    [threads: total initially_running wait_to_block]    [time: spin block sync cleanup vmop] page_trap_count
23.255: G1IncCollectionPause             [      34          0              0    ]      [     0     0     0     0    34    ]  0   
2017-11-17T21:49:32.117+0800: 23.289: Total time for which application threads were stopped: 0.0344721 seconds, Stopping threads took: 0.0000486 seconds
2017-11-17T21:49:33.048+0800: 24.220: [GC pause (G1 Evacuation Pause) (young) 24.220: [G1Ergonomics (CSet Construction) start choosing CSet, _pending_cards: 4895, predicted base time: 19.38 ms, remaining time: 180.62 ms, target pause time: 200.00 ms]
 24.220: [G1Ergonomics (CSet Construction) add young regions to CSet, eden: 554 regions, survivors: 50 regions, predicted young region time: 43.73 ms]
 24.221: [G1Ergonomics (CSet Construction) finish choosing CSet, eden: 554 regions, survivors: 50 regions, old: 0 regions, predicted pause time: 63.11 ms, target pause time: 200.00 ms]
, 0.0581582 secs]
   [Parallel Time: 54.9 ms, GC Workers: 8]
      [GC Worker Start (ms): Min: 24220.7, Avg: 24221.3, Max: 24225.3, Diff: 4.6]
      [Ext Root Scanning (ms): Min: 0.0, Avg: 0.6, Max: 0.9, Diff: 0.9, Sum: 4.5]
      [Update RS (ms): Min: 0.0, Avg: 4.2, Max: 6.3, Diff: 6.3, Sum: 33.4]
         [Processed Buffers: Min: 0, Avg: 2.9, Max: 5, Diff: 5, Sum: 23]
      [Scan RS (ms): Min: 0.0, Avg: 1.4, Max: 10.2, Diff: 10.2, Sum: 11.3]
      [Code Root Scanning (ms): Min: 0.0, Avg: 0.0, Max: 0.0, Diff: 0.0, Sum: 0.1]
      [Object Copy (ms): Min: 21.4, Avg: 31.2, Max: 39.5, Diff: 18.1, Sum: 249.7]
      [Termination (ms): Min: 0.0, Avg: 9.5, Max: 12.0, Diff: 12.0, Sum: 75.9]
         [Termination Attempts: Min: 1, Avg: 16.4, Max: 33, Diff: 32, Sum: 131]
      [GC Worker Other (ms): Min: 0.0, Avg: 0.0, Max: 0.0, Diff: 0.0, Sum: 0.2]
      [GC Worker Total (ms): Min: 42.0, Avg: 46.9, Max: 54.4, Diff: 12.5, Sum: 375.0]
      [GC Worker End (ms): Min: 24267.2, Avg: 24268.2, Max: 24275.2, Diff: 8.0]
   [Code Root Fixup: 0.0 ms]
   [Code Root Purge: 0.0 ms]
   [Clear CT: 0.9 ms]
   [Other: 2.4 ms]
      [Choose CSet: 0.0 ms]
      [Ref Proc: 0.5 ms]
      [Ref Enq: 0.0 ms]
      [Redirty Cards: 0.4 ms]
      [Humongous Register: 0.1 ms]
      [Humongous Reclaim: 0.1 ms]
      [Free CSet: 1.0 ms]
   [Eden: 554.0M(554.0M)->0.0B(552.0M) Survivors: 50.0M->52.0M Heap: 781.0M(1008.0M)->242.7M(1008.0M)]
 [Times: user=0.29 sys=0.01, real=0.06 secs] 
         vmop                    [threads: total initially_running wait_to_block]    [time: spin block sync cleanup vmop] page_trap_count
24.220: G1IncCollectionPause             [      34          0              0    ]      [     0     0     0     0    58    ]  0   
2017-11-17T21:49:33.107+0800: 24.279: Total time for which application threads were stopped: 0.0586669 seconds, Stopping threads took: 0.0000620 seconds
         vmop                    [threads: total initially_running wait_to_block]    [time: spin block sync cleanup vmop] page_trap_count
24.394: RevokeBias                       [      34          1              1    ]      [     0     0     0     0     0    ]  1   
2017-11-17T21:49:33.223+0800: 24.395: Total time for which application threads were stopped: 0.0002794 seconds, Stopping threads took: 0.0001085 seconds
2017-11-17T21:49:33.978+0800: 25.150: [GC pause (G1 Evacuation Pause) (young) 25.150: [G1Ergonomics (CSet Construction) start choosing CSet, _pending_cards: 6198, predicted base time: 19.85 ms, remaining time: 180.15 ms, target pause time: 200.00 ms]
 25.150: [G1Ergonomics (CSet Construction) add young regions to CSet, eden: 552 regions, survivors: 52 regions, predicted young region time: 45.39 ms]
 25.150: [G1Ergonomics (CSet Construction) finish choosing CSet, eden: 552 regions, survivors: 52 regions, old: 0 regions, predicted pause time: 65.24 ms, target pause time: 200.00 ms]
, 0.1232153 secs]
   [Parallel Time: 117.0 ms, GC Workers: 8]
      [GC Worker Start (ms): Min: 25150.1, Avg: 25163.1, Max: 25175.2, Diff: 25.2]
      [Ext Root Scanning (ms): Min: 0.0, Avg: 0.3, Max: 1.3, Diff: 1.3, Sum: 2.6]
      [Update RS (ms): Min: 0.0, Avg: 8.9, Max: 53.1, Diff: 53.1, Sum: 71.4]
         [Processed Buffers: Min: 0, Avg: 3.9, Max: 12, Diff: 12, Sum: 31]
      [Scan RS (ms): Min: 0.0, Avg: 0.1, Max: 0.3, Diff: 0.3, Sum: 1.0]
      [Code Root Scanning (ms): Min: 0.0, Avg: 0.0, Max: 0.0, Diff: 0.0, Sum: 0.1]
      [Object Copy (ms): Min: 49.3, Avg: 82.5, Max: 89.2, Diff: 39.9, Sum: 659.7]
      [Termination (ms): Min: 0.0, Avg: 8.6, Max: 12.5, Diff: 12.5, Sum: 68.8]
         [Termination Attempts: Min: 1, Avg: 63.5, Max: 149, Diff: 148, Sum: 508]
      [GC Worker Other (ms): Min: 0.0, Avg: 0.0, Max: 0.1, Diff: 0.0, Sum: 0.2]
      [GC Worker Total (ms): Min: 88.0, Avg: 100.5, Max: 116.2, Diff: 28.3, Sum: 803.8]
      [GC Worker End (ms): Min: 25263.2, Avg: 25263.6, Max: 25266.3, Diff: 3.1]
   [Code Root Fixup: 0.0 ms]
   [Code Root Purge: 0.0 ms]
   [Clear CT: 0.4 ms]
   [Other: 5.8 ms]
      [Choose CSet: 0.0 ms]
      [Ref Proc: 4.5 ms]
      [Ref Enq: 0.0 ms]
      [Redirty Cards: 0.2 ms]
      [Humongous Register: 0.1 ms]
      [Humongous Reclaim: 0.0 ms]
      [Free CSet: 0.7 ms]
   [Eden: 552.0M(552.0M)->0.0B(559.0M) Survivors: 52.0M->45.0M Heap: 794.7M(1008.0M)->259.5M(1008.0M)]
 [Times: user=0.50 sys=0.00, real=0.12 secs] 
         vmop                    [threads: total initially_running wait_to_block]    [time: spin block sync cleanup vmop] page_trap_count
25.150: G1IncCollectionPause             [      34          0              0    ]      [     0     0     0     0   123    ]  0   
2017-11-17T21:49:34.101+0800: 25.273: Total time for which application threads were stopped: 0.1236177 seconds, Stopping threads took: 0.0000474 seconds
         vmop                    [threads: total initially_running wait_to_block]    [time: spin block sync cleanup vmop] page_trap_count
25.387: RevokeBias                       [      34          1              1    ]      [     8     0     8     0     0    ]  1   
2017-11-17T21:49:34.224+0800: 25.396: Total time for which application threads were stopped: 0.0087067 seconds, Stopping threads took: 0.0083796 seconds
         vmop                    [threads: total initially_running wait_to_block]    [time: spin block sync cleanup vmop] page_trap_count
25.795: RevokeBias                       [      34          0              0    ]      [     0     0     0     0     0    ]  0   
2017-11-17T21:49:34.623+0800: 25.795: Total time for which application threads were stopped: 0.0001676 seconds, Stopping threads took: 0.0000396 seconds
         vmop                    [threads: total initially_running wait_to_block]    [time: spin block sync cleanup vmop] page_trap_count
25.941: RevokeBias                       [      34          0              0    ]      [     0     0     0     0     0    ]  0   
2017-11-17T21:49:34.769+0800: 25.942: Total time for which application threads were stopped: 0.0002207 seconds, Stopping threads took: 0.0000430 seconds
         vmop                    [threads: total initially_running wait_to_block]    [time: spin block sync cleanup vmop] page_trap_count
25.959: RevokeBias                       [      35          1              0    ]      [    14     0    14     0     0    ]  0   
2017-11-17T21:49:34.802+0800: 25.974: Total time for which application threads were stopped: 0.0145653 seconds, Stopping threads took: 0.0141787 seconds
         vmop                    [threads: total initially_running wait_to_block]    [time: spin block sync cleanup vmop] page_trap_count
25.974: RevokeBias                       [      35          1              1    ]      [     0     0     0     0     0    ]  0   
2017-11-17T21:49:34.802+0800: 25.974: Total time for which application threads were stopped: 0.0001713 seconds, Stopping threads took: 0.0000760 seconds
         vmop                    [threads: total initially_running wait_to_block]    [time: spin block sync cleanup vmop] page_trap_count
25.974: RevokeBias                       [      35          0              0    ]      [     0     0     0     0     0    ]  0   
2017-11-17T21:49:34.802+0800: 25.974: Total time for which application threads were stopped: 0.0001387 seconds, Stopping threads took: 0.0000149 seconds
         vmop                    [threads: total initially_running wait_to_block]    [time: spin block sync cleanup vmop] page_trap_count
25.976: RevokeBias                       [      35          0              0    ]      [     0     0     0     0     0    ]  0   
2017-11-17T21:49:34.804+0800: 25.977: Total time for which application threads were stopped: 0.0001551 seconds, Stopping threads took: 0.0000119 seconds
         vmop                    [threads: total initially_running wait_to_block]    [time: spin block sync cleanup vmop] page_trap_count
25.977: RevokeBias                       [      35          0              0    ]      [     0     0     0     0     0    ]  0   
2017-11-17T21:49:34.805+0800: 25.977: Total time for which application threads were stopped: 0.0001077 seconds, Stopping threads took: 0.0000142 seconds
         vmop                    [threads: total initially_running wait_to_block]    [time: spin block sync cleanup vmop] page_trap_count
25.977: RevokeBias                       [      35          0              0    ]      [     0     0     0     0     0    ]  0   
2017-11-17T21:49:34.805+0800: 25.977: Total time for which application threads were stopped: 0.0001091 seconds, Stopping threads took: 0.0000243 seconds
2017-11-17T21:49:34.924+0800: 26.096: [GC pause (G1 Evacuation Pause) (young) 26.096: [G1Ergonomics (CSet Construction) start choosing CSet, _pending_cards: 6138, predicted base time: 25.70 ms, remaining time: 174.30 ms, target pause time: 200.00 ms]
 26.096: [G1Ergonomics (CSet Construction) add young regions to CSet, eden: 559 regions, survivors: 45 regions, predicted young region time: 65.01 ms]
 26.096: [G1Ergonomics (CSet Construction) finish choosing CSet, eden: 559 regions, survivors: 45 regions, old: 0 regions, predicted pause time: 90.71 ms, target pause time: 200.00 ms]
, 0.0443807 secs]
   [Parallel Time: 40.9 ms, GC Workers: 8]
      [GC Worker Start (ms): Min: 26096.4, Avg: 26097.6, Max: 26102.6, Diff: 6.2]
      [Ext Root Scanning (ms): Min: 0.0, Avg: 0.4, Max: 0.9, Diff: 0.9, Sum: 3.1]
      [Update RS (ms): Min: 0.0, Avg: 7.2, Max: 14.5, Diff: 14.5, Sum: 57.8]
         [Processed Buffers: Min: 0, Avg: 4.0, Max: 13, Diff: 13, Sum: 32]
      [Scan RS (ms): Min: 0.0, Avg: 1.0, Max: 2.3, Diff: 2.3, Sum: 8.0]
      [Code Root Scanning (ms): Min: 0.0, Avg: 0.0, Max: 0.1, Diff: 0.1, Sum: 0.1]
      [Object Copy (ms): Min: 25.1, Avg: 30.7, Max: 32.4, Diff: 7.4, Sum: 245.5]
      [Termination (ms): Min: 0.0, Avg: 0.1, Max: 0.2, Diff: 0.2, Sum: 0.9]
         [Termination Attempts: Min: 1, Avg: 177.5, Max: 303, Diff: 302, Sum: 1420]
      [GC Worker Other (ms): Min: 0.0, Avg: 0.1, Max: 0.1, Diff: 0.1, Sum: 0.4]
      [GC Worker Total (ms): Min: 34.5, Avg: 39.5, Max: 40.7, Diff: 6.2, Sum: 315.8]
      [GC Worker End (ms): Min: 26137.0, Avg: 26137.0, Max: 26137.1, Diff: 0.1]
   [Code Root Fixup: 0.0 ms]
   [Code Root Purge: 0.0 ms]
   [Clear CT: 0.5 ms]
   [Other: 2.9 ms]
      [Choose CSet: 0.0 ms]
      [Ref Proc: 1.7 ms]
      [Ref Enq: 0.0 ms]
      [Redirty Cards: 0.2 ms]
      [Humongous Register: 0.1 ms]
      [Humongous Reclaim: 0.0 ms]
      [Free CSet: 0.6 ms]
   [Eden: 559.0M(559.0M)->0.0B(559.0M) Survivors: 45.0M->45.0M Heap: 821.3M(1008.0M)->278.8M(1008.0M)]
 [Times: user=0.21 sys=0.00, real=0.04 secs] 
         vmop                    [threads: total initially_running wait_to_block]    [time: spin block sync cleanup vmop] page_trap_count
26.096: G1IncCollectionPause             [      35          0              0    ]      [     0     0     0     0    44    ]  0   
2017-11-17T21:49:34.969+0800: 26.141: Total time for which application threads were stopped: 0.0447659 seconds, Stopping threads took: 0.0000574 seconds
2017-11-17T21:49:35.454+0800: 26.626: [GC pause (G1 Evacuation Pause) (young) 26.626: [G1Ergonomics (CSet Construction) start choosing CSet, _pending_cards: 6146, predicted base time: 22.35 ms, remaining time: 177.65 ms, target pause time: 200.00 ms]
 26.626: [G1Ergonomics (CSet Construction) add young regions to CSet, eden: 559 regions, survivors: 45 regions, predicted young region time: 50.62 ms]
 26.626: [G1Ergonomics (CSet Construction) finish choosing CSet, eden: 559 regions, survivors: 45 regions, old: 0 regions, predicted pause time: 72.96 ms, target pause time: 200.00 ms]
, 0.0594713 secs]
   [Parallel Time: 57.2 ms, GC Workers: 8]
      [GC Worker Start (ms): Min: 26626.2, Avg: 26632.8, Max: 26652.9, Diff: 26.6]
      [Ext Root Scanning (ms): Min: 0.0, Avg: 0.4, Max: 0.9, Diff: 0.9, Sum: 3.5]
      [Update RS (ms): Min: 0.0, Avg: 4.3, Max: 7.8, Diff: 7.8, Sum: 34.5]
         [Processed Buffers: Min: 0, Avg: 3.5, Max: 10, Diff: 10, Sum: 28]
      [Scan RS (ms): Min: 0.0, Avg: 0.2, Max: 0.7, Diff: 0.7, Sum: 1.6]
      [Code Root Scanning (ms): Min: 0.0, Avg: 0.0, Max: 0.1, Diff: 0.1, Sum: 0.1]
      [Object Copy (ms): Min: 25.2, Avg: 39.1, Max: 49.3, Diff: 24.1, Sum: 313.2]
      [Termination (ms): Min: 0.1, Avg: 6.2, Max: 7.6, Diff: 7.5, Sum: 49.8]
         [Termination Attempts: Min: 1, Avg: 162.5, Max: 321, Diff: 320, Sum: 1300]
      [GC Worker Other (ms): Min: 0.0, Avg: 0.0, Max: 0.0, Diff: 0.0, Sum: 0.2]
      [GC Worker Total (ms): Min: 30.4, Avg: 50.4, Max: 57.0, Diff: 26.6, Sum: 402.9]
      [GC Worker End (ms): Min: 26683.2, Avg: 26683.2, Max: 26683.2, Diff: 0.0]
   [Code Root Fixup: 0.0 ms]
   [Code Root Purge: 0.0 ms]
   [Clear CT: 0.4 ms]
   [Other: 1.8 ms]
      [Choose CSet: 0.0 ms]
      [Ref Proc: 0.5 ms]
      [Ref Enq: 0.0 ms]
      [Redirty Cards: 0.3 ms]
      [Humongous Register: 0.1 ms]
      [Humongous Reclaim: 0.0 ms]
      [Free CSet: 0.7 ms]
   [Eden: 559.0M(559.0M)->0.0B(558.0M) Survivors: 45.0M->45.0M Heap: 838.3M(1008.0M)->294.8M(1008.0M)]
 [Times: user=0.28 sys=0.01, real=0.06 secs] 
         vmop                    [threads: total initially_running wait_to_block]    [time: spin block sync cleanup vmop] page_trap_count
26.626: G1IncCollectionPause             [      35          0              0    ]      [     0     0     0     0    59    ]  0   
2017-11-17T21:49:35.514+0800: 26.686: Total time for which application threads were stopped: 0.0598364 seconds, Stopping threads took: 0.0000500 seconds
2017-11-17T21:49:35.999+0800: 27.171: [GC pause (G1 Evacuation Pause) (young) 27.171: [G1Ergonomics (CSet Construction) start choosing CSet, _pending_cards: 8099, predicted base time: 22.67 ms, remaining time: 177.33 ms, target pause time: 200.00 ms]
 27.171: [G1Ergonomics (CSet Construction) add young regions to CSet, eden: 558 regions, survivors: 45 regions, predicted young region time: 47.82 ms]
 27.171: [G1Ergonomics (CSet Construction) finish choosing CSet, eden: 558 regions, survivors: 45 regions, old: 0 regions, predicted pause time: 70.49 ms, target pause time: 200.00 ms]
, 0.0805870 secs]
   [Parallel Time: 78.2 ms, GC Workers: 8]
      [GC Worker Start (ms): Min: 27171.6, Avg: 27179.0, Max: 27199.2, Diff: 27.6]
      [Ext Root Scanning (ms): Min: 0.0, Avg: 0.4, Max: 1.0, Diff: 0.9, Sum: 3.6]
      [Update RS (ms): Min: 0.0, Avg: 6.5, Max: 11.9, Diff: 11.9, Sum: 51.7]
         [Processed Buffers: Min: 0, Avg: 4.4, Max: 12, Diff: 12, Sum: 35]
      [Scan RS (ms): Min: 0.0, Avg: 0.1, Max: 0.5, Diff: 0.4, Sum: 1.0]
      [Code Root Scanning (ms): Min: 0.0, Avg: 0.0, Max: 0.1, Diff: 0.1, Sum: 0.1]
      [Object Copy (ms): Min: 49.9, Avg: 63.3, Max: 67.6, Diff: 17.7, Sum: 506.5]
      [Termination (ms): Min: 0.0, Avg: 0.2, Max: 0.4, Diff: 0.3, Sum: 1.8]
         [Termination Attempts: Min: 1, Avg: 150.0, Max: 296, Diff: 295, Sum: 1200]
      [GC Worker Other (ms): Min: 0.0, Avg: 0.0, Max: 0.1, Diff: 0.0, Sum: 0.2]
      [GC Worker Total (ms): Min: 50.4, Avg: 70.6, Max: 78.0, Diff: 27.7, Sum: 564.9]
      [GC Worker End (ms): Min: 27249.6, Avg: 27249.6, Max: 27249.6, Diff: 0.0]
   [Code Root Fixup: 0.0 ms]
   [Code Root Purge: 0.0 ms]
   [Clear CT: 0.5 ms]
   [Other: 1.9 ms]
      [Choose CSet: 0.0 ms]
      [Ref Proc: 0.4 ms]
      [Ref Enq: 0.0 ms]
      [Redirty Cards: 0.4 ms]
      [Humongous Register: 0.1 ms]
      [Humongous Reclaim: 0.0 ms]
      [Free CSet: 0.8 ms]
   [Eden: 558.0M(558.0M)->0.0B(540.0M) Survivors: 45.0M->45.0M Heap: 853.8M(1008.0M)->311.3M(1008.0M)]
 [Times: user=0.38 sys=0.01, real=0.08 secs] 
         vmop                    [threads: total initially_running wait_to_block]    [time: spin block sync cleanup vmop] page_trap_count
27.171: G1IncCollectionPause             [      35          0              0    ]      [     0     0     0     0    80    ]  0   
2017-11-17T21:49:36.080+0800: 27.252: Total time for which application threads were stopped: 0.0812024 seconds, Stopping threads took: 0.0000597 seconds
2017-11-17T21:49:36.524+0800: 27.696: [GC pause (G1 Evacuation Pause) (young) 27.696: [G1Ergonomics (CSet Construction) start choosing CSet, _pending_cards: 6413, predicted base time: 19.66 ms, remaining time: 180.34 ms, target pause time: 200.00 ms]
 27.696: [G1Ergonomics (CSet Construction) add young regions to CSet, eden: 540 regions, survivors: 45 regions, predicted young region time: 53.37 ms]
 27.696: [G1Ergonomics (CSet Construction) finish choosing CSet, eden: 540 regions, survivors: 45 regions, old: 0 regions, predicted pause time: 73.03 ms, target pause time: 200.00 ms]
, 0.0716020 secs]
   [Parallel Time: 69.1 ms, GC Workers: 8]
      [GC Worker Start (ms): Min: 27696.6, Avg: 27698.0, Max: 27704.2, Diff: 7.6]
      [Ext Root Scanning (ms): Min: 0.0, Avg: 0.5, Max: 1.1, Diff: 1.1, Sum: 3.9]
      [Update RS (ms): Min: 0.2, Avg: 9.8, Max: 26.1, Diff: 26.0, Sum: 78.2]
         [Processed Buffers: Min: 1, Avg: 3.5, Max: 6, Diff: 5, Sum: 28]
      [Scan RS (ms): Min: 0.0, Avg: 0.2, Max: 0.4, Diff: 0.3, Sum: 1.3]
      [Code Root Scanning (ms): Min: 0.0, Avg: 0.0, Max: 0.1, Diff: 0.1, Sum: 0.1]
      [Object Copy (ms): Min: 41.4, Avg: 56.6, Max: 61.6, Diff: 20.2, Sum: 453.1]
      [Termination (ms): Min: 0.0, Avg: 0.5, Max: 0.7, Diff: 0.6, Sum: 4.0]
         [Termination Attempts: Min: 1, Avg: 58.6, Max: 113, Diff: 112, Sum: 469]
      [GC Worker Other (ms): Min: 0.0, Avg: 0.0, Max: 0.1, Diff: 0.1, Sum: 0.3]
      [GC Worker Total (ms): Min: 61.4, Avg: 67.6, Max: 69.0, Diff: 7.6, Sum: 541.0]
      [GC Worker End (ms): Min: 27765.6, Avg: 27765.6, Max: 27765.6, Diff: 0.1]
   [Code Root Fixup: 0.0 ms]
   [Code Root Purge: 0.0 ms]
   [Clear CT: 0.6 ms]
   [Other: 1.9 ms]
      [Choose CSet: 0.0 ms]
      [Ref Proc: 0.4 ms]
      [Ref Enq: 0.0 ms]
      [Redirty Cards: 0.4 ms]
      [Humongous Register: 0.1 ms]
      [Humongous Reclaim: 0.0 ms]
      [Free CSet: 0.8 ms]
   [Eden: 540.0M(540.0M)->0.0B(526.0M) Survivors: 45.0M->44.0M Heap: 851.3M(1008.0M)->326.8M(1008.0M)]
 [Times: user=0.32 sys=0.01, real=0.07 secs] 
         vmop                    [threads: total initially_running wait_to_block]    [time: spin block sync cleanup vmop] page_trap_count
27.696: G1IncCollectionPause             [      35          0              0    ]      [     0     0     0     0    71    ]  0   
2017-11-17T21:49:36.596+0800: 27.768: Total time for which application threads were stopped: 0.0720147 seconds, Stopping threads took: 0.0000672 seconds
2017-11-17T21:49:37.089+0800: 28.261: [GC pause (G1 Evacuation Pause) (young) 28.261: [G1Ergonomics (CSet Construction) start choosing CSet, _pending_cards: 9857, predicted base time: 23.29 ms, remaining time: 176.71 ms, target pause time: 200.00 ms]
 28.261: [G1Ergonomics (CSet Construction) add young regions to CSet, eden: 526 regions, survivors: 44 regions, predicted young region time: 55.44 ms]
 28.261: [G1Ergonomics (CSet Construction) finish choosing CSet, eden: 526 regions, survivors: 44 regions, old: 0 regions, predicted pause time: 78.73 ms, target pause time: 200.00 ms]
, 0.0549464 secs]
   [Parallel Time: 52.3 ms, GC Workers: 8]
      [GC Worker Start (ms): Min: 28261.0, Avg: 28262.4, Max: 28265.6, Diff: 4.5]
      [Ext Root Scanning (ms): Min: 0.0, Avg: 0.4, Max: 1.0, Diff: 1.0, Sum: 3.3]
      [Update RS (ms): Min: 4.8, Avg: 9.1, Max: 14.0, Diff: 9.2, Sum: 72.4]
         [Processed Buffers: Min: 2, Avg: 5.2, Max: 10, Diff: 8, Sum: 42]
      [Scan RS (ms): Min: 0.0, Avg: 0.1, Max: 0.3, Diff: 0.2, Sum: 1.0]
      [Code Root Scanning (ms): Min: 0.0, Avg: 0.0, Max: 0.0, Diff: 0.0, Sum: 0.0]
      [Object Copy (ms): Min: 30.9, Avg: 35.9, Max: 42.4, Diff: 11.5, Sum: 287.4]
      [Termination (ms): Min: 0.0, Avg: 5.2, Max: 6.4, Diff: 6.4, Sum: 41.4]
         [Termination Attempts: Min: 1, Avg: 10.0, Max: 28, Diff: 27, Sum: 80]
      [GC Worker Other (ms): Min: 0.0, Avg: 0.0, Max: 0.1, Diff: 0.1, Sum: 0.3]
      [GC Worker Total (ms): Min: 47.5, Avg: 50.7, Max: 52.1, Diff: 4.5, Sum: 405.9]
      [GC Worker End (ms): Min: 28313.1, Avg: 28313.1, Max: 28313.2, Diff: 0.1]
   [Code Root Fixup: 0.0 ms]
   [Code Root Purge: 0.0 ms]
   [Clear CT: 0.9 ms]
   [Other: 1.8 ms]
      [Choose CSet: 0.0 ms]
      [Ref Proc: 0.5 ms]
      [Ref Enq: 0.0 ms]
      [Redirty Cards: 0.3 ms]
      [Humongous Register: 0.1 ms]
      [Humongous Reclaim: 0.0 ms]
      [Free CSet: 0.7 ms]
   [Eden: 526.0M(526.0M)->0.0B(507.0M) Survivors: 44.0M->44.0M Heap: 854.8M(1008.0M)->344.3M(1008.0M)]
 [Times: user=0.26 sys=0.01, real=0.06 secs] 
         vmop                    [threads: total initially_running wait_to_block]    [time: spin block sync cleanup vmop] page_trap_count
28.261: G1IncCollectionPause             [      35          0              0    ]      [     0     0     0     0    55    ]  0   
2017-11-17T21:49:37.144+0800: 28.316: Total time for which application threads were stopped: 0.0553422 seconds, Stopping threads took: 0.0000482 seconds
         vmop                    [threads: total initially_running wait_to_block]    [time: spin block sync cleanup vmop] page_trap_count
28.758: RevokeBias                       [      35          0              1    ]      [     0     0     0     0     0    ]  0   
2017-11-17T21:49:37.586+0800: 28.758: Total time for which application threads were stopped: 0.0002864 seconds, Stopping threads took: 0.0001085 seconds
         vmop                    [threads: total initially_running wait_to_block]    [time: spin block sync cleanup vmop] page_trap_count
28.758: RevokeBias                       [      35          1              1    ]      [     0     0     0     0     0    ]  1   
2017-11-17T21:49:37.586+0800: 28.758: Total time for which application threads were stopped: 0.0001714 seconds, Stopping threads took: 0.0000670 seconds
2017-11-17T21:49:37.591+0800: 28.763: [GC pause (G1 Evacuation Pause) (young) 28.763: [G1Ergonomics (CSet Construction) start choosing CSet, _pending_cards: 6657, predicted base time: 17.27 ms, remaining time: 182.73 ms, target pause time: 200.00 ms]
 28.763: [G1Ergonomics (CSet Construction) add young regions to CSet, eden: 507 regions, survivors: 44 regions, predicted young region time: 49.74 ms]
 28.763: [G1Ergonomics (CSet Construction) finish choosing CSet, eden: 507 regions, survivors: 44 regions, old: 0 regions, predicted pause time: 67.01 ms, target pause time: 200.00 ms]
, 0.0495107 secs]
   [Parallel Time: 47.4 ms, GC Workers: 8]
      [GC Worker Start (ms): Min: 28763.5, Avg: 28765.1, Max: 28767.8, Diff: 4.2]
      [Ext Root Scanning (ms): Min: 0.0, Avg: 0.4, Max: 1.3, Diff: 1.3, Sum: 3.0]
      [Update RS (ms): Min: 3.8, Avg: 8.5, Max: 19.7, Diff: 15.9, Sum: 67.6]
         [Processed Buffers: Min: 2, Avg: 3.6, Max: 7, Diff: 5, Sum: 29]
      [Scan RS (ms): Min: 0.0, Avg: 0.1, Max: 0.5, Diff: 0.5, Sum: 0.9]
      [Code Root Scanning (ms): Min: 0.0, Avg: 0.0, Max: 0.0, Diff: 0.0, Sum: 0.0]
      [Object Copy (ms): Min: 26.7, Avg: 36.5, Max: 39.7, Diff: 13.0, Sum: 291.9]
      [Termination (ms): Min: 0.0, Avg: 0.1, Max: 0.1, Diff: 0.1, Sum: 0.5]
         [Termination Attempts: Min: 1, Avg: 2.1, Max: 5, Diff: 4, Sum: 17]
      [GC Worker Other (ms): Min: 0.0, Avg: 0.0, Max: 0.1, Diff: 0.1, Sum: 0.3]
      [GC Worker Total (ms): Min: 42.8, Avg: 45.5, Max: 47.1, Diff: 4.3, Sum: 364.3]
      [GC Worker End (ms): Min: 28810.6, Avg: 28810.6, Max: 28810.7, Diff: 0.1]
   [Code Root Fixup: 0.0 ms]
   [Code Root Purge: 0.0 ms]
   [Clear CT: 0.4 ms]
   [Other: 1.7 ms]
      [Choose CSet: 0.0 ms]
      [Ref Proc: 0.4 ms]
      [Ref Enq: 0.0 ms]
      [Redirty Cards: 0.3 ms]
      [Humongous Register: 0.1 ms]
      [Humongous Reclaim: 0.0 ms]
      [Free CSet: 0.6 ms]
   [Eden: 507.0M(507.0M)->0.0B(493.0M) Survivors: 44.0M->43.0M Heap: 851.3M(1008.0M)->359.3M(1008.0M)]
 [Times: user=0.24 sys=0.01, real=0.05 secs] 
         vmop                    [threads: total initially_running wait_to_block]    [time: spin block sync cleanup vmop] page_trap_count
28.763: G1IncCollectionPause             [      35          0              0    ]      [     0     0     0     0    49    ]  0   
2017-11-17T21:49:37.641+0800: 28.813: Total time for which application threads were stopped: 0.0498178 seconds, Stopping threads took: 0.0000338 seconds
2017-11-17T21:49:38.129+0800: 29.301: [GC pause (G1 Evacuation Pause) (young) 29.301: [G1Ergonomics (CSet Construction) start choosing CSet, _pending_cards: 5348, predicted base time: 14.77 ms, remaining time: 185.23 ms, target pause time: 200.00 ms]
 29.301: [G1Ergonomics (CSet Construction) add young regions to CSet, eden: 493 regions, survivors: 43 regions, predicted young region time: 45.45 ms]
 29.301: [G1Ergonomics (CSet Construction) finish choosing CSet, eden: 493 regions, survivors: 43 regions, old: 0 regions, predicted pause time: 60.22 ms, target pause time: 200.00 ms]
, 0.0932803 secs]
   [Parallel Time: 90.5 ms, GC Workers: 8]
      [GC Worker Start (ms): Min: 29300.9, Avg: 29305.9, Max: 29311.2, Diff: 10.3]
      [Ext Root Scanning (ms): Min: 0.0, Avg: 0.3, Max: 1.0, Diff: 1.0, Sum: 2.7]
      [Update RS (ms): Min: 0.0, Avg: 9.9, Max: 24.0, Diff: 24.0, Sum: 79.0]
         [Processed Buffers: Min: 0, Avg: 3.1, Max: 7, Diff: 7, Sum: 25]
      [Scan RS (ms): Min: 0.0, Avg: 0.6, Max: 4.2, Diff: 4.2, Sum: 5.0]
      [Code Root Scanning (ms): Min: 0.0, Avg: 0.0, Max: 0.0, Diff: 0.0, Sum: 0.0]
      [Object Copy (ms): Min: 62.1, Avg: 71.6, Max: 76.6, Diff: 14.5, Sum: 572.4]
      [Termination (ms): Min: 0.0, Avg: 2.8, Max: 3.3, Diff: 3.3, Sum: 22.2]
         [Termination Attempts: Min: 1, Avg: 58.6, Max: 154, Diff: 153, Sum: 469]
      [GC Worker Other (ms): Min: 0.0, Avg: 0.1, Max: 0.1, Diff: 0.1, Sum: 0.5]
      [GC Worker Total (ms): Min: 80.0, Avg: 85.2, Max: 90.3, Diff: 10.3, Sum: 681.9]
      [GC Worker End (ms): Min: 29391.1, Avg: 29391.1, Max: 29391.2, Diff: 0.1]
   [Code Root Fixup: 0.0 ms]
   [Code Root Purge: 0.0 ms]
   [Clear CT: 0.4 ms]
   [Other: 2.3 ms]
      [Choose CSet: 0.0 ms]
      [Ref Proc: 0.8 ms]
      [Ref Enq: 0.0 ms]
      [Redirty Cards: 0.4 ms]
      [Humongous Register: 0.1 ms]
      [Humongous Reclaim: 0.0 ms]
      [Free CSet: 0.7 ms]
   [Eden: 493.0M(493.0M)->0.0B(481.0M) Survivors: 43.0M->41.0M Heap: 852.3M(1008.0M)->373.3M(1008.0M)]
 [Times: user=0.28 sys=0.01, real=0.09 secs] 
         vmop                    [threads: total initially_running wait_to_block]    [time: spin block sync cleanup vmop] page_trap_count
29.301: G1IncCollectionPause             [      35          0              0    ]      [     0     0     0     0    93    ]  0   
2017-11-17T21:49:38.222+0800: 29.394: Total time for which application threads were stopped: 0.0936442 seconds, Stopping threads took: 0.0000395 seconds
2017-11-17T21:49:38.750+0800: 29.922: [GC pause (G1 Evacuation Pause) (young) 29.922: [G1Ergonomics (CSet Construction) start choosing CSet, _pending_cards: 4822, predicted base time: 15.63 ms, remaining time: 184.37 ms, target pause time: 200.00 ms]
 29.922: [G1Ergonomics (CSet Construction) add young regions to CSet, eden: 481 regions, survivors: 41 regions, predicted young region time: 54.91 ms]
 29.922: [G1Ergonomics (CSet Construction) finish choosing CSet, eden: 481 regions, survivors: 41 regions, old: 0 regions, predicted pause time: 70.54 ms, target pause time: 200.00 ms]
, 0.0435921 secs]
   [Parallel Time: 41.2 ms, GC Workers: 8]
      [GC Worker Start (ms): Min: 29922.3, Avg: 29928.8, Max: 29956.4, Diff: 34.1]
      [Ext Root Scanning (ms): Min: 0.0, Avg: 0.4, Max: 1.0, Diff: 1.0, Sum: 3.5]
      [Update RS (ms): Min: 0.0, Avg: 3.7, Max: 7.5, Diff: 7.5, Sum: 29.5]
         [Processed Buffers: Min: 0, Avg: 2.8, Max: 6, Diff: 6, Sum: 22]
      [Scan RS (ms): Min: 0.0, Avg: 0.1, Max: 0.4, Diff: 0.3, Sum: 0.8]
      [Code Root Scanning (ms): Min: 0.0, Avg: 0.0, Max: 0.0, Diff: 0.0, Sum: 0.0]
      [Object Copy (ms): Min: 0.7, Avg: 25.4, Max: 31.9, Diff: 31.2, Sum: 203.5]
      [Termination (ms): Min: 0.0, Avg: 4.7, Max: 6.0, Diff: 6.0, Sum: 37.9]
         [Termination Attempts: Min: 1, Avg: 33.8, Max: 78, Diff: 77, Sum: 270]
      [GC Worker Other (ms): Min: 0.0, Avg: 0.0, Max: 0.1, Diff: 0.1, Sum: 0.2]
      [GC Worker Total (ms): Min: 6.9, Avg: 34.4, Max: 41.0, Diff: 34.1, Sum: 275.5]
      [GC Worker End (ms): Min: 29963.2, Avg: 29963.2, Max: 29963.3, Diff: 0.1]
   [Code Root Fixup: 0.0 ms]
   [Code Root Purge: 0.0 ms]
   [Clear CT: 0.4 ms]
   [Other: 2.0 ms]
      [Choose CSet: 0.0 ms]
      [Ref Proc: 0.5 ms]
      [Ref Enq: 0.0 ms]
      [Redirty Cards: 0.4 ms]
      [Humongous Register: 0.1 ms]
      [Humongous Reclaim: 0.0 ms]
      [Free CSet: 0.7 ms]
   [Eden: 481.0M(481.0M)->0.0B(468.0M) Survivors: 41.0M->40.0M Heap: 854.3M(1008.0M)->387.8M(1008.0M)]
 [Times: user=0.21 sys=0.01, real=0.04 secs] 
         vmop                    [threads: total initially_running wait_to_block]    [time: spin block sync cleanup vmop] page_trap_count
29.922: G1IncCollectionPause             [      35          0              0    ]      [     0     0     0     0    43    ]  0   
2017-11-17T21:49:38.794+0800: 29.966: Total time for which application threads were stopped: 0.0439886 seconds, Stopping threads took: 0.0000601 seconds
2017-11-17T21:49:39.266+0800: 30.438: [GC pause (G1 Evacuation Pause) (young) 30.438: [G1Ergonomics (CSet Construction) start choosing CSet, _pending_cards: 4040, predicted base time: 14.26 ms, remaining time: 185.74 ms, target pause time: 200.00 ms]
 30.438: [G1Ergonomics (CSet Construction) add young regions to CSet, eden: 468 regions, survivors: 40 regions, predicted young region time: 47.08 ms]
 30.438: [G1Ergonomics (CSet Construction) finish choosing CSet, eden: 468 regions, survivors: 40 regions, old: 0 regions, predicted pause time: 61.34 ms, target pause time: 200.00 ms]
 30.505: [G1Ergonomics (Heap Sizing) attempt heap expansion, reason: recent GC overhead higher than threshold after GC, recent GC overhead: 10.15 %, threshold: 10.00 %, uncommitted: 5922357248 bytes, calculated expansion amount: 1184471449 bytes (20.00 %)]
 30.505: [G1Ergonomics (Heap Sizing) expand the heap, requested expansion amount: 1056964608 bytes, attempted expansion amount: 1056964608 bytes]
, 0.0760790 secs]
   [Parallel Time: 64.0 ms, GC Workers: 8]
      [GC Worker Start (ms): Min: 30437.9, Avg: 30441.4, Max: 30447.2, Diff: 9.4]
      [Ext Root Scanning (ms): Min: 0.0, Avg: 0.4, Max: 0.9, Diff: 0.9, Sum: 3.6]
      [Update RS (ms): Min: 0.0, Avg: 3.0, Max: 6.4, Diff: 6.4, Sum: 23.7]
         [Processed Buffers: Min: 0, Avg: 2.2, Max: 5, Diff: 5, Sum: 18]
      [Scan RS (ms): Min: 0.0, Avg: 0.1, Max: 0.4, Diff: 0.3, Sum: 0.8]
      [Code Root Scanning (ms): Min: 0.0, Avg: 0.0, Max: 0.0, Diff: 0.0, Sum: 0.0]
      [Object Copy (ms): Min: 47.1, Avg: 49.5, Max: 51.7, Diff: 4.7, Sum: 395.8]
      [Termination (ms): Min: 0.0, Avg: 2.1, Max: 7.4, Diff: 7.4, Sum: 17.0]
         [Termination Attempts: Min: 1, Avg: 5.5, Max: 13, Diff: 12, Sum: 44]
      [GC Worker Other (ms): Min: 0.0, Avg: 0.0, Max: 0.0, Diff: 0.0, Sum: 0.1]
      [GC Worker Total (ms): Min: 47.3, Avg: 55.1, Max: 63.8, Diff: 16.5, Sum: 441.0]
      [GC Worker End (ms): Min: 30494.5, Avg: 30496.5, Max: 30501.8, Diff: 7.2]
   [Code Root Fixup: 0.0 ms]
   [Code Root Purge: 0.0 ms]
   [Clear CT: 0.3 ms]
   [Other: 11.7 ms]
      [Choose CSet: 0.0 ms]
      [Ref Proc: 1.5 ms]
      [Ref Enq: 0.0 ms]
      [Redirty Cards: 0.3 ms]
      [Humongous Register: 0.1 ms]
      [Humongous Reclaim: 0.0 ms]
      [Free CSet: 0.6 ms]
   [Eden: 468.0M(468.0M)->0.0B(1170.0M) Survivors: 40.0M->39.0M Heap: 855.8M(1008.0M)->401.3M(2016.0M)]
 [Times: user=0.21 sys=0.01, real=0.07 secs] 
         vmop                    [threads: total initially_running wait_to_block]    [time: spin block sync cleanup vmop] page_trap_count
30.437: G1IncCollectionPause             [      35          0              1    ]      [     0     0     0     0    76    ]  0   
2017-11-17T21:49:39.342+0800: 30.514: Total time for which application threads were stopped: 0.0764279 seconds, Stopping threads took: 0.0000558 seconds
2017-11-17T21:49:41.184+0800: 32.356: [GC pause (G1 Evacuation Pause) (young) 32.356: [G1Ergonomics (CSet Construction) start choosing CSet, _pending_cards: 7729, predicted base time: 23.63 ms, remaining time: 176.37 ms, target pause time: 200.00 ms]
 32.356: [G1Ergonomics (CSet Construction) add young regions to CSet, eden: 1170 regions, survivors: 39 regions, predicted young region time: 69.11 ms]
 32.356: [G1Ergonomics (CSet Construction) finish choosing CSet, eden: 1170 regions, survivors: 39 regions, old: 0 regions, predicted pause time: 92.74 ms, target pause time: 200.00 ms]
 32.414: [G1Ergonomics (Heap Sizing) attempt heap expansion, reason: recent GC overhead higher than threshold after GC, recent GC overhead: 11.16 %, threshold: 10.00 %, uncommitted: 4865392640 bytes, calculated expansion amount: 973078528 bytes (20.00 %)]
 32.414: [G1Ergonomics (Heap Sizing) expand the heap, requested expansion amount: 973078528 bytes, attempted expansion amount: 973078528 bytes]
, 0.0661771 secs]
   [Parallel Time: 54.1 ms, GC Workers: 8]
      [GC Worker Start (ms): Min: 32356.6, Avg: 32359.4, Max: 32366.8, Diff: 10.2]
      [Ext Root Scanning (ms): Min: 0.0, Avg: 0.4, Max: 1.1, Diff: 1.1, Sum: 3.0]
      [Update RS (ms): Min: 0.0, Avg: 4.8, Max: 8.4, Diff: 8.4, Sum: 38.8]
         [Processed Buffers: Min: 0, Avg: 4.2, Max: 16, Diff: 16, Sum: 34]
      [Scan RS (ms): Min: 0.1, Avg: 2.7, Max: 15.8, Diff: 15.7, Sum: 21.9]
      [Code Root Scanning (ms): Min: 0.0, Avg: 0.0, Max: 0.0, Diff: 0.0, Sum: 0.1]
      [Object Copy (ms): Min: 30.9, Avg: 42.9, Max: 45.2, Diff: 14.3, Sum: 343.5]
      [Termination (ms): Min: 0.0, Avg: 0.2, Max: 0.2, Diff: 0.2, Sum: 1.3]
         [Termination Attempts: Min: 1, Avg: 2.1, Max: 5, Diff: 4, Sum: 17]
      [GC Worker Other (ms): Min: 0.0, Avg: 0.1, Max: 0.1, Diff: 0.1, Sum: 0.5]
      [GC Worker Total (ms): Min: 43.8, Avg: 51.1, Max: 54.0, Diff: 10.2, Sum: 408.9]
      [GC Worker End (ms): Min: 32410.5, Avg: 32410.5, Max: 32410.6, Diff: 0.1]
   [Code Root Fixup: 0.0 ms]
   [Code Root Purge: 0.0 ms]
   [Clear CT: 0.8 ms]
   [Other: 11.3 ms]
      [Choose CSet: 0.0 ms]
      [Ref Proc: 0.4 ms]
      [Ref Enq: 0.0 ms]
      [Redirty Cards: 0.3 ms]
      [Humongous Register: 0.1 ms]
      [Humongous Reclaim: 0.0 ms]
      [Free CSet: 1.3 ms]
   [Eden: 1170.0M(1170.0M)->0.0B(1698.0M) Survivors: 39.0M->68.0M Heap: 1575.3M(2016.0M)->434.3M(2944.0M)]
 [Times: user=0.27 sys=0.01, real=0.06 secs] 
         vmop                    [threads: total initially_running wait_to_block]    [time: spin block sync cleanup vmop] page_trap_count
32.356: G1IncCollectionPause             [      35          0              0    ]      [     0     0     0     0    66    ]  0   
2017-11-17T21:49:41.250+0800: 32.423: Total time for which application threads were stopped: 0.0665637 seconds, Stopping threads took: 0.0000504 seconds
         vmop                    [threads: total initially_running wait_to_block]    [time: spin block sync cleanup vmop] page_trap_count
33.104: RevokeBias                       [      35          0              0    ]      [     0     0     0     0     0    ]  0   
2017-11-17T21:49:41.932+0800: 33.104: Total time for which application threads were stopped: 0.0002351 seconds, Stopping threads took: 0.0000853 seconds
         vmop                    [threads: total initially_running wait_to_block]    [time: spin block sync cleanup vmop] page_trap_count
33.107: BulkRevokeBias                   [      35          0              0    ]      [     0     0     0     0     0    ]  0   
2017-11-17T21:49:41.935+0800: 33.107: Total time for which application threads were stopped: 0.0003572 seconds, Stopping threads took: 0.0000425 seconds
         vmop                    [threads: total initially_running wait_to_block]    [time: spin block sync cleanup vmop] page_trap_count
33.166: RevokeBias                       [      35          1              0    ]      [     0     0     0     0     0    ]  0   
2017-11-17T21:49:41.994+0800: 33.166: Total time for which application threads were stopped: 0.0003189 seconds, Stopping threads took: 0.0001277 seconds
         vmop                    [threads: total initially_running wait_to_block]    [time: spin block sync cleanup vmop] page_trap_count
34.166: no vm operation                  [      35          1              1    ]      [     0     0     0     0     0    ]  1   
2017-11-17T21:49:42.994+0800: 34.167: Total time for which application threads were stopped: 0.0002584 seconds, Stopping threads took: 0.0000915 seconds
         vmop                    [threads: total initially_running wait_to_block]    [time: spin block sync cleanup vmop] page_trap_count
34.379: RevokeBias                       [      35          0              1    ]      [     0     0     0     0     0    ]  0   
2017-11-17T21:49:43.208+0800: 34.380: Total time for which application threads were stopped: 0.0003266 seconds, Stopping threads took: 0.0001809 seconds
2017-11-17T21:49:43.278+0800: 34.450: [GC pause (G1 Evacuation Pause) (young) 34.450: [G1Ergonomics (CSet Construction) start choosing CSet, _pending_cards: 8492, predicted base time: 23.86 ms, remaining time: 176.14 ms, target pause time: 200.00 ms]
 34.450: [G1Ergonomics (CSet Construction) add young regions to CSet, eden: 1698 regions, survivors: 68 regions, predicted young region time: 109.62 ms]
 34.450: [G1Ergonomics (CSet Construction) finish choosing CSet, eden: 1698 regions, survivors: 68 regions, old: 0 regions, predicted pause time: 133.48 ms, target pause time: 200.00 ms]
, 0.1109267 secs]
   [Parallel Time: 106.6 ms, GC Workers: 8]
      [GC Worker Start (ms): Min: 34450.2, Avg: 34452.5, Max: 34458.8, Diff: 8.6]
      [Ext Root Scanning (ms): Min: 0.0, Avg: 0.4, Max: 0.9, Diff: 0.9, Sum: 2.8]
      [Update RS (ms): Min: 2.1, Avg: 9.6, Max: 14.0, Diff: 11.9, Sum: 76.7]
         [Processed Buffers: Min: 3, Avg: 5.5, Max: 10, Diff: 7, Sum: 44]
      [Scan RS (ms): Min: 1.0, Avg: 8.1, Max: 37.3, Diff: 36.3, Sum: 64.4]
      [Code Root Scanning (ms): Min: 0.0, Avg: 0.0, Max: 0.0, Diff: 0.0, Sum: 0.2]
      [Object Copy (ms): Min: 50.2, Avg: 79.9, Max: 89.7, Diff: 39.5, Sum: 639.4]
      [Termination (ms): Min: 0.0, Avg: 6.1, Max: 7.0, Diff: 7.0, Sum: 48.9]
         [Termination Attempts: Min: 1, Avg: 199.2, Max: 349, Diff: 348, Sum: 1594]
      [GC Worker Other (ms): Min: 0.0, Avg: 0.1, Max: 0.1, Diff: 0.1, Sum: 0.4]
      [GC Worker Total (ms): Min: 97.9, Avg: 104.1, Max: 106.5, Diff: 8.6, Sum: 832.9]
      [GC Worker End (ms): Min: 34556.6, Avg: 34556.6, Max: 34556.7, Diff: 0.1]
   [Code Root Fixup: 0.0 ms]
   [Code Root Purge: 0.0 ms]
   [Clear CT: 0.7 ms]
   [Other: 3.5 ms]
      [Choose CSet: 0.0 ms]
      [Ref Proc: 0.5 ms]
      [Ref Enq: 0.0 ms]
      [Redirty Cards: 0.3 ms]
      [Humongous Register: 0.2 ms]
      [Humongous Reclaim: 0.1 ms]
      [Free CSet: 2.0 ms]
   [Eden: 1698.0M(1698.0M)->0.0B(1654.0M) Survivors: 68.0M->112.0M Heap: 2136.5M(2944.0M)->482.5M(2944.0M)]
 [Times: user=0.51 sys=0.01, real=0.11 secs] 
         vmop                    [threads: total initially_running wait_to_block]    [time: spin block sync cleanup vmop] page_trap_count
34.449: G1IncCollectionPause             [      35          0              0    ]      [     0     0     0     0   111    ]  0   
2017-11-17T21:49:43.389+0800: 34.561: Total time for which application threads were stopped: 0.1112617 seconds, Stopping threads took: 0.0000523 seconds
         vmop                    [threads: total initially_running wait_to_block]    [time: spin block sync cleanup vmop] page_trap_count
35.561: no vm operation                  [      35          1              1    ]      [     0     0     0     0     0    ]  0   
2017-11-17T21:49:44.389+0800: 35.561: Total time for which application threads were stopped: 0.0001978 seconds, Stopping threads took: 0.0000597 seconds
2017-11-17T21:49:44.856+0800: 36.028: [GC pause (G1 Evacuation Pause) (young) 36.028: [G1Ergonomics (CSet Construction) start choosing CSet, _pending_cards: 9332, predicted base time: 23.07 ms, remaining time: 176.93 ms, target pause time: 200.00 ms]
 36.028: [G1Ergonomics (CSet Construction) add young regions to CSet, eden: 1654 regions, survivors: 112 regions, predicted young region time: 152.33 ms]
 36.028: [G1Ergonomics (CSet Construction) finish choosing CSet, eden: 1654 regions, survivors: 112 regions, old: 0 regions, predicted pause time: 175.40 ms, target pause time: 200.00 ms]
, 0.1476021 secs]
   [Parallel Time: 143.1 ms, GC Workers: 8]
      [GC Worker Start (ms): Min: 36028.4, Avg: 36032.0, Max: 36043.2, Diff: 14.8]
      [Ext Root Scanning (ms): Min: 0.0, Avg: 0.4, Max: 0.9, Diff: 0.9, Sum: 2.8]
      [Update RS (ms): Min: 0.0, Avg: 10.6, Max: 18.9, Diff: 18.9, Sum: 85.0]
         [Processed Buffers: Min: 0, Avg: 5.1, Max: 11, Diff: 11, Sum: 41]
      [Scan RS (ms): Min: 12.6, Avg: 27.4, Max: 47.7, Diff: 35.1, Sum: 219.3]
      [Code Root Scanning (ms): Min: 0.0, Avg: 0.0, Max: 0.0, Diff: 0.0, Sum: 0.2]
      [Object Copy (ms): Min: 65.2, Avg: 92.5, Max: 107.5, Diff: 42.3, Sum: 739.6]
      [Termination (ms): Min: 0.1, Avg: 7.8, Max: 9.8, Diff: 9.8, Sum: 62.7]
         [Termination Attempts: Min: 1, Avg: 100.1, Max: 221, Diff: 220, Sum: 801]
      [GC Worker Other (ms): Min: 0.0, Avg: 0.1, Max: 0.1, Diff: 0.1, Sum: 0.4]
      [GC Worker Total (ms): Min: 127.4, Avg: 138.8, Max: 142.3, Diff: 14.9, Sum: 1110.1]
      [GC Worker End (ms): Min: 36170.6, Avg: 36170.7, Max: 36171.2, Diff: 0.6]
   [Code Root Fixup: 0.0 ms]
   [Code Root Purge: 0.0 ms]
   [Clear CT: 1.0 ms]
   [Other: 3.5 ms]
      [Choose CSet: 0.0 ms]
      [Ref Proc: 0.3 ms]
      [Ref Enq: 0.0 ms]
      [Redirty Cards: 0.4 ms]
      [Humongous Register: 0.2 ms]
      [Humongous Reclaim: 0.1 ms]
      [Free CSet: 2.2 ms]
   [Eden: 1654.0M(1654.0M)->0.0B(1612.0M) Survivors: 112.0M->154.0M Heap: 2138.5M(2944.0M)->526.5M(2944.0M)]
 [Times: user=0.62 sys=0.01, real=0.15 secs] 
         vmop                    [threads: total initially_running wait_to_block]    [time: spin block sync cleanup vmop] page_trap_count
36.028: G1IncCollectionPause             [      35          0              0    ]      [     0     0     0     0   147    ]  0   
2017-11-17T21:49:45.004+0800: 36.176: Total time for which application threads were stopped: 0.1479902 seconds, Stopping threads took: 0.0000548 seconds
         vmop                    [threads: total initially_running wait_to_block]    [time: spin block sync cleanup vmop] page_trap_count
37.176: no vm operation                  [      35          1              1    ]      [     0     0     0     0     0    ]  1   
2017-11-17T21:49:46.004+0800: 37.176: Total time for which application threads were stopped: 0.0002555 seconds, Stopping threads took: 0.0001032 seconds
2017-11-17T21:49:46.209+0800: 37.381: [GC pause (G1 Evacuation Pause) (young) 37.381: [G1Ergonomics (CSet Construction) start choosing CSet, _pending_cards: 10041, predicted base time: 23.01 ms, remaining time: 176.99 ms, target pause time: 200.00 ms]
 37.381: [G1Ergonomics (CSet Construction) add young regions to CSet, eden: 1395 regions, survivors: 154 regions, predicted young region time: 159.81 ms]
 37.381: [G1Ergonomics (CSet Construction) finish choosing CSet, eden: 1395 regions, survivors: 154 regions, old: 0 regions, predicted pause time: 182.81 ms, target pause time: 200.00 ms]
, 0.2180445 secs]
   [Parallel Time: 194.9 ms, GC Workers: 8]
      [GC Worker Start (ms): Min: 37381.1, Avg: 37382.9, Max: 37385.7, Diff: 4.6]
      [Ext Root Scanning (ms): Min: 0.0, Avg: 0.3, Max: 0.9, Diff: 0.9, Sum: 2.8]
      [Update RS (ms): Min: 5.8, Avg: 9.8, Max: 14.5, Diff: 8.7, Sum: 78.7]
         [Processed Buffers: Min: 2, Avg: 5.5, Max: 17, Diff: 15, Sum: 44]
      [Scan RS (ms): Min: 24.9, Avg: 36.4, Max: 50.5, Diff: 25.5, Sum: 290.9]
      [Code Root Scanning (ms): Min: 0.0, Avg: 0.0, Max: 0.1, Diff: 0.1, Sum: 0.2]
      [Object Copy (ms): Min: 110.3, Avg: 126.3, Max: 139.6, Diff: 29.4, Sum: 1010.2]
      [Termination (ms): Min: 0.0, Avg: 8.7, Max: 10.3, Diff: 10.3, Sum: 69.8]
         [Termination Attempts: Min: 1, Avg: 11.0, Max: 23, Diff: 22, Sum: 88]
      [GC Worker Other (ms): Min: 0.0, Avg: 0.8, Max: 3.2, Diff: 3.2, Sum: 6.6]
      [GC Worker Total (ms): Min: 178.3, Avg: 182.4, Max: 186.1, Diff: 7.8, Sum: 1459.2]
      [GC Worker End (ms): Min: 37564.1, Avg: 37565.3, Max: 37567.3, Diff: 3.2]
   [Code Root Fixup: 0.0 ms]
   [Code Root Purge: 0.0 ms]
   [Clear CT: 0.7 ms]
   [Other: 22.4 ms]
      [Choose CSet: 0.0 ms]
      [Ref Proc: 19.3 ms]
      [Ref Enq: 0.0 ms]
      [Redirty Cards: 0.3 ms]
      [Humongous Register: 0.1 ms]
      [Humongous Reclaim: 0.1 ms]
      [Free CSet: 2.1 ms]
   [Eden: 1395.0M(784.0M)->0.0B(1686.0M) Survivors: 154.0M->80.0M Heap: 1925.5M(2944.0M)->566.9M(2944.0M)]
 [Times: user=0.81 sys=0.03, real=0.22 secs] 
         vmop                    [threads: total initially_running wait_to_block]    [time: spin block sync cleanup vmop] page_trap_count
37.381: G1IncCollectionPause             [      35          0              0    ]      [     0     0     0     0   218    ]  0   
2017-11-17T21:49:46.427+0800: 37.599: Total time for which application threads were stopped: 0.2184710 seconds, Stopping threads took: 0.0000545 seconds
         vmop                    [threads: total initially_running wait_to_block]    [time: spin block sync cleanup vmop] page_trap_count
37.759: RevokeBias                       [      35          1              0    ]      [     0     0     0     0     0    ]  0   
2017-11-17T21:49:46.587+0800: 37.759: Total time for which application threads were stopped: 0.0002694 seconds, Stopping threads took: 0.0000617 seconds
         vmop                    [threads: total initially_running wait_to_block]    [time: spin block sync cleanup vmop] page_trap_count
37.759: RevokeBias                       [      35          1              1    ]      [     0     0     0     0     0    ]  1   
2017-11-17T21:49:46.587+0800: 37.759: Total time for which application threads were stopped: 0.0001517 seconds, Stopping threads took: 0.0000689 seconds
         vmop                    [threads: total initially_running wait_to_block]    [time: spin block sync cleanup vmop] page_trap_count
39.053: RevokeBias                       [      35          0              0    ]      [     0     0     0     0     0    ]  0   
2017-11-17T21:49:47.882+0800: 39.054: Total time for which application threads were stopped: 0.0001861 seconds, Stopping threads took: 0.0000457 seconds
         vmop                    [threads: total initially_running wait_to_block]    [time: spin block sync cleanup vmop] page_trap_count
39.114: RevokeBias                       [      35          0              0    ]      [     0     0     0     0     0    ]  0   
2017-11-17T21:49:47.942+0800: 39.115: Total time for which application threads were stopped: 0.0002393 seconds, Stopping threads took: 0.0000634 seconds
         vmop                    [threads: total initially_running wait_to_block]    [time: spin block sync cleanup vmop] page_trap_count
39.126: RevokeBias                       [      35          0              0    ]      [     0     0     0     0     0    ]  0   
2017-11-17T21:49:47.954+0800: 39.126: Total time for which application threads were stopped: 0.0001939 seconds, Stopping threads took: 0.0000457 seconds
2017-11-17T21:49:48.102+0800: 39.274: [GC pause (G1 Evacuation Pause) (young) 39.274: [G1Ergonomics (CSet Construction) start choosing CSet, _pending_cards: 11055, predicted base time: 34.50 ms, remaining time: 165.50 ms, target pause time: 200.00 ms]
 39.274: [G1Ergonomics (CSet Construction) add young regions to CSet, eden: 1686 regions, survivors: 80 regions, predicted young region time: 119.20 ms]
 39.274: [G1Ergonomics (CSet Construction) finish choosing CSet, eden: 1686 regions, survivors: 80 regions, old: 0 regions, predicted pause time: 153.70 ms, target pause time: 200.00 ms]
, 0.1089442 secs]
   [Parallel Time: 105.0 ms, GC Workers: 8]
      [GC Worker Start (ms): Min: 39274.5, Avg: 39280.3, Max: 39289.5, Diff: 15.0]
      [Ext Root Scanning (ms): Min: 0.0, Avg: 0.3, Max: 1.0, Diff: 1.0, Sum: 2.4]
      [Update RS (ms): Min: 6.5, Avg: 18.6, Max: 39.1, Diff: 32.7, Sum: 149.0]
         [Processed Buffers: Min: 2, Avg: 6.6, Max: 14, Diff: 12, Sum: 53]
      [Scan RS (ms): Min: 0.1, Avg: 6.2, Max: 17.2, Diff: 17.0, Sum: 49.6]
      [Code Root Scanning (ms): Min: 0.0, Avg: 0.0, Max: 0.1, Diff: 0.1, Sum: 0.2]
      [Object Copy (ms): Min: 51.1, Avg: 62.4, Max: 68.5, Diff: 17.4, Sum: 498.9]
      [Termination (ms): Min: 0.0, Avg: 11.3, Max: 13.4, Diff: 13.4, Sum: 90.8]
         [Termination Attempts: Min: 1, Avg: 65.1, Max: 122, Diff: 121, Sum: 521]
      [GC Worker Other (ms): Min: 0.0, Avg: 0.1, Max: 0.1, Diff: 0.1, Sum: 0.6]
      [GC Worker Total (ms): Min: 89.7, Avg: 98.9, Max: 104.8, Diff: 15.1, Sum: 791.5]
      [GC Worker End (ms): Min: 39379.2, Avg: 39379.3, Max: 39379.3, Diff: 0.1]
   [Code Root Fixup: 0.0 ms]
   [Code Root Purge: 0.0 ms]
   [Clear CT: 0.7 ms]
   [Other: 3.2 ms]
      [Choose CSet: 0.0 ms]
      [Ref Proc: 0.4 ms]
      [Ref Enq: 0.0 ms]
      [Redirty Cards: 0.2 ms]
      [Humongous Register: 0.2 ms]
      [Humongous Reclaim: 0.1 ms]
      [Free CSet: 1.9 ms]
   [Eden: 1686.0M(1686.0M)->0.0B(1643.0M) Survivors: 80.0M->123.0M Heap: 2255.7M(2944.0M)->612.7M(2944.0M)]
 [Times: user=0.48 sys=0.03, real=0.11 secs] 
         vmop                    [threads: total initially_running wait_to_block]    [time: spin block sync cleanup vmop] page_trap_count
39.274: G1IncCollectionPause             [      35          0              0    ]      [     0     0     0     0   109    ]  0   
2017-11-17T21:49:48.211+0800: 39.383: Total time for which application threads were stopped: 0.1094000 seconds, Stopping threads took: 0.0000511 seconds
2017-11-17T21:49:49.645+0800: 40.817: [GC pause (G1 Evacuation Pause) (young) 40.817: [G1Ergonomics (CSet Construction) start choosing CSet, _pending_cards: 16901, predicted base time: 42.17 ms, remaining time: 157.83 ms, target pause time: 200.00 ms]
 40.817: [G1Ergonomics (CSet Construction) add young regions to CSet, eden: 1643 regions, survivors: 123 regions, predicted young region time: 118.27 ms]
 40.817: [G1Ergonomics (CSet Construction) finish choosing CSet, eden: 1643 regions, survivors: 123 regions, old: 0 regions, predicted pause time: 160.44 ms, target pause time: 200.00 ms]
, 0.1121241 secs]
   [Parallel Time: 108.4 ms, GC Workers: 8]
      [GC Worker Start (ms): Min: 40817.7, Avg: 40817.8, Max: 40818.2, Diff: 0.5]
      [Ext Root Scanning (ms): Min: 0.0, Avg: 0.4, Max: 1.0, Diff: 1.0, Sum: 3.1]
      [Update RS (ms): Min: 13.5, Avg: 16.3, Max: 26.1, Diff: 12.6, Sum: 130.1]
         [Processed Buffers: Min: 1, Avg: 8.9, Max: 14, Diff: 13, Sum: 71]
      [Scan RS (ms): Min: 0.1, Avg: 0.4, Max: 0.5, Diff: 0.4, Sum: 2.8]
      [Code Root Scanning (ms): Min: 0.0, Avg: 0.0, Max: 0.1, Diff: 0.1, Sum: 0.2]
      [Object Copy (ms): Min: 70.6, Avg: 89.3, Max: 92.9, Diff: 22.3, Sum: 714.6]
      [Termination (ms): Min: 0.0, Avg: 1.7, Max: 10.7, Diff: 10.7, Sum: 13.3]
         [Termination Attempts: Min: 1, Avg: 954.8, Max: 1536, Diff: 1535, Sum: 7638]
      [GC Worker Other (ms): Min: 0.0, Avg: 0.1, Max: 0.2, Diff: 0.2, Sum: 0.8]
      [GC Worker Total (ms): Min: 107.7, Avg: 108.1, Max: 108.3, Diff: 0.6, Sum: 864.9]
      [GC Worker End (ms): Min: 40925.9, Avg: 40925.9, Max: 40926.0, Diff: 0.1]
   [Code Root Fixup: 0.0 ms]
   [Code Root Purge: 0.0 ms]
   [Clear CT: 0.7 ms]
   [Other: 3.0 ms]
      [Choose CSet: 0.0 ms]
      [Ref Proc: 0.4 ms]
      [Ref Enq: 0.0 ms]
      [Redirty Cards: 0.2 ms]
      [Humongous Register: 0.2 ms]
      [Humongous Reclaim: 0.1 ms]
      [Free CSet: 1.7 ms]
   [Eden: 1643.0M(1643.0M)->0.0B(1644.0M) Survivors: 123.0M->122.0M Heap: 2257.2M(2944.0M)->657.3M(2944.0M)]
 [Times: user=0.65 sys=0.00, real=0.11 secs] 
         vmop                    [threads: total initially_running wait_to_block]    [time: spin block sync cleanup vmop] page_trap_count
40.817: G1IncCollectionPause             [      35          0              0    ]      [     0     0     0     0   112    ]  0   
2017-11-17T21:49:49.758+0800: 40.930: Total time for which application threads were stopped: 0.1125415 seconds, Stopping threads took: 0.0000602 seconds
2017-11-17T21:49:52.329+0800: 43.501: [GC pause (G1 Evacuation Pause) (young) 43.501: [G1Ergonomics (CSet Construction) start choosing CSet, _pending_cards: 17267, predicted base time: 37.41 ms, remaining time: 162.59 ms, target pause time: 200.00 ms]
 43.501: [G1Ergonomics (CSet Construction) add young regions to CSet, eden: 1644 regions, survivors: 122 regions, predicted young region time: 126.78 ms]
 43.501: [G1Ergonomics (CSet Construction) finish choosing CSet, eden: 1644 regions, survivors: 122 regions, old: 0 regions, predicted pause time: 164.19 ms, target pause time: 200.00 ms]
, 0.1710974 secs]
   [Parallel Time: 166.0 ms, GC Workers: 8]
      [GC Worker Start (ms): Min: 43501.3, Avg: 43508.5, Max: 43515.2, Diff: 13.9]
      [Ext Root Scanning (ms): Min: 0.0, Avg: 0.3, Max: 1.3, Diff: 1.3, Sum: 2.5]
      [Update RS (ms): Min: 11.1, Avg: 25.1, Max: 65.0, Diff: 53.9, Sum: 200.7]
         [Processed Buffers: Min: 3, Avg: 8.9, Max: 19, Diff: 16, Sum: 71]
      [Scan RS (ms): Min: 0.4, Avg: 3.2, Max: 9.1, Diff: 8.7, Sum: 25.3]
      [Code Root Scanning (ms): Min: 0.0, Avg: 0.0, Max: 0.1, Diff: 0.1, Sum: 0.2]
      [Object Copy (ms): Min: 70.6, Avg: 104.6, Max: 128.6, Diff: 58.0, Sum: 836.4]
      [Termination (ms): Min: 0.0, Avg: 19.8, Max: 28.8, Diff: 28.8, Sum: 158.6]
         [Termination Attempts: Min: 1, Avg: 5.0, Max: 18, Diff: 17, Sum: 40]
      [GC Worker Other (ms): Min: 0.0, Avg: 0.0, Max: 0.0, Diff: 0.0, Sum: 0.2]
      [GC Worker Total (ms): Min: 144.0, Avg: 153.0, Max: 165.9, Diff: 21.9, Sum: 1224.0]
      [GC Worker End (ms): Min: 43659.2, Avg: 43661.5, Max: 43667.2, Diff: 8.0]
   [Code Root Fixup: 0.0 ms]
   [Code Root Purge: 0.0 ms]
   [Clear CT: 1.2 ms]
   [Other: 3.9 ms]
      [Choose CSet: 0.0 ms]
      [Ref Proc: 1.4 ms]
      [Ref Enq: 0.0 ms]
      [Redirty Cards: 0.2 ms]
      [Humongous Register: 0.2 ms]
      [Humongous Reclaim: 0.1 ms]
      [Free CSet: 1.9 ms]
   [Eden: 1644.0M(1644.0M)->0.0B(1639.0M) Survivors: 122.0M->127.0M Heap: 2303.3M(2944.0M)->702.3M(2944.0M)]
 [Times: user=0.66 sys=0.00, real=0.17 secs] 
         vmop                    [threads: total initially_running wait_to_block]    [time: spin block sync cleanup vmop] page_trap_count
43.501: G1IncCollectionPause             [      35          0              0    ]      [     0     0     0     0   171    ]  0   
2017-11-17T21:49:52.500+0800: 43.672: Total time for which application threads were stopped: 0.1714439 seconds, Stopping threads took: 0.0000369 seconds
         vmop                    [threads: total initially_running wait_to_block]    [time: spin block sync cleanup vmop] page_trap_count
43.760: RevokeBias                       [      35          1              1    ]      [     0     0     0     0     0    ]  0   
2017-11-17T21:49:52.588+0800: 43.760: Total time for which application threads were stopped: 0.0003453 seconds, Stopping threads took: 0.0001002 seconds
         vmop                    [threads: total initially_running wait_to_block]    [time: spin block sync cleanup vmop] page_trap_count
43.760: RevokeBias                       [      35          1              1    ]      [     0     0     0     0     0    ]  1   
2017-11-17T21:49:52.588+0800: 43.760: Total time for which application threads were stopped: 0.0001859 seconds, Stopping threads took: 0.0000639 seconds
         vmop                    [threads: total initially_running wait_to_block]    [time: spin block sync cleanup vmop] page_trap_count
44.379: RevokeBias                       [      35          1              2    ]      [    29     0    29     0     0    ]  1   
2017-11-17T21:49:53.237+0800: 44.409: Total time for which application threads were stopped: 0.0298279 seconds, Stopping threads took: 0.0296437 seconds
2017-11-17T21:49:55.099+0800: 46.271: [GC pause (G1 Evacuation Pause) (young) 46.271: [G1Ergonomics (CSet Construction) start choosing CSet, _pending_cards: 11611, predicted base time: 32.29 ms, remaining time: 167.71 ms, target pause time: 200.00 ms]
 46.271: [G1Ergonomics (CSet Construction) add young regions to CSet, eden: 1639 regions, survivors: 127 regions, predicted young region time: 129.37 ms]
 46.271: [G1Ergonomics (CSet Construction) finish choosing CSet, eden: 1639 regions, survivors: 127 regions, old: 0 regions, predicted pause time: 161.66 ms, target pause time: 200.00 ms]
, 0.1565082 secs]
   [Parallel Time: 144.3 ms, GC Workers: 8]
      [GC Worker Start (ms): Min: 46271.0, Avg: 46275.6, Max: 46283.2, Diff: 12.2]
      [Ext Root Scanning (ms): Min: 0.0, Avg: 0.4, Max: 0.9, Diff: 0.9, Sum: 2.9]
      [Update RS (ms): Min: 0.2, Avg: 15.1, Max: 35.9, Diff: 35.7, Sum: 120.5]
         [Processed Buffers: Min: 2, Avg: 6.6, Max: 12, Diff: 10, Sum: 53]
      [Scan RS (ms): Min: 0.2, Avg: 3.1, Max: 4.8, Diff: 4.5, Sum: 24.7]
      [Code Root Scanning (ms): Min: 0.0, Avg: 0.0, Max: 0.1, Diff: 0.1, Sum: 0.2]
      [Object Copy (ms): Min: 83.4, Avg: 100.8, Max: 114.0, Diff: 30.6, Sum: 806.3]
      [Termination (ms): Min: 0.0, Avg: 9.7, Max: 13.0, Diff: 13.0, Sum: 77.9]
         [Termination Attempts: Min: 1, Avg: 130.6, Max: 402, Diff: 401, Sum: 1045]
      [GC Worker Other (ms): Min: 0.0, Avg: 0.0, Max: 0.1, Diff: 0.1, Sum: 0.4]
      [GC Worker Total (ms): Min: 120.0, Avg: 129.1, Max: 132.2, Diff: 12.2, Sum: 1032.8]
      [GC Worker End (ms): Min: 46403.2, Avg: 46404.7, Max: 46415.2, Diff: 12.0]
   [Code Root Fixup: 0.0 ms]
   [Code Root Purge: 0.0 ms]
   [Clear CT: 0.6 ms]
   [Other: 11.5 ms]
      [Choose CSet: 0.1 ms]
      [Ref Proc: 8.6 ms]
      [Ref Enq: 0.0 ms]
      [Redirty Cards: 0.2 ms]
      [Humongous Register: 0.2 ms]
      [Humongous Reclaim: 0.1 ms]
      [Free CSet: 2.1 ms]
   [Eden: 1639.0M(1639.0M)->0.0B(1640.0M) Survivors: 127.0M->126.0M Heap: 2345.3M(2944.0M)->750.3M(2944.0M)]
 [Times: user=0.61 sys=0.01, real=0.16 secs] 
         vmop                    [threads: total initially_running wait_to_block]    [time: spin block sync cleanup vmop] page_trap_count
46.270: G1IncCollectionPause             [      35          0              0    ]      [     0     0     0     0   156    ]  0   
2017-11-17T21:49:55.255+0800: 46.427: Total time for which application threads were stopped: 0.1569144 seconds, Stopping threads took: 0.0000549 seconds
         vmop                    [threads: total initially_running wait_to_block]    [time: spin block sync cleanup vmop] page_trap_count
47.700: RevokeBias                       [      35          0              0    ]      [     0     0     0     0     0    ]  0   
2017-11-17T21:49:56.528+0800: 47.700: Total time for which application threads were stopped: 0.0001587 seconds, Stopping threads took: 0.0000445 seconds
         vmop                    [threads: total initially_running wait_to_block]    [time: spin block sync cleanup vmop] page_trap_count
47.770: RevokeBias                       [      35          0              0    ]      [     0     0     0     0     0    ]  0   
2017-11-17T21:49:56.598+0800: 47.770: Total time for which application threads were stopped: 0.0002769 seconds, Stopping threads took: 0.0000616 seconds
         vmop                    [threads: total initially_running wait_to_block]    [time: spin block sync cleanup vmop] page_trap_count
48.770: no vm operation                  [      35          1              1    ]      [     0     0     0     0     0    ]  1   
2017-11-17T21:49:57.599+0800: 48.771: Total time for which application threads were stopped: 0.0002502 seconds, Stopping threads took: 0.0000607 seconds
2017-11-17T21:49:59.348+0800: 50.520: [GC pause (G1 Evacuation Pause) (young) 50.520: [G1Ergonomics (CSet Construction) start choosing CSet, _pending_cards: 16352, predicted base time: 42.87 ms, remaining time: 157.13 ms, target pause time: 200.00 ms]
 50.520: [G1Ergonomics (CSet Construction) add young regions to CSet, eden: 1640 regions, survivors: 126 regions, predicted young region time: 117.38 ms]
 50.520: [G1Ergonomics (CSet Construction) finish choosing CSet, eden: 1640 regions, survivors: 126 regions, old: 0 regions, predicted pause time: 160.25 ms, target pause time: 200.00 ms]
, 0.1992920 secs]
   [Parallel Time: 187.0 ms, GC Workers: 8]
      [GC Worker Start (ms): Min: 50520.6, Avg: 50522.0, Max: 50531.0, Diff: 10.4]
      [Ext Root Scanning (ms): Min: 0.0, Avg: 0.4, Max: 1.0, Diff: 1.0, Sum: 2.9]
      [Update RS (ms): Min: 11.7, Avg: 19.5, Max: 23.5, Diff: 11.8, Sum: 156.1]
         [Processed Buffers: Min: 4, Avg: 9.1, Max: 19, Diff: 15, Sum: 73]
      [Scan RS (ms): Min: 0.2, Avg: 16.0, Max: 42.2, Diff: 42.0, Sum: 127.8]
      [Code Root Scanning (ms): Min: 0.0, Avg: 0.0, Max: 0.1, Diff: 0.1, Sum: 0.2]
      [Object Copy (ms): Min: 112.1, Avg: 139.2, Max: 156.1, Diff: 44.1, Sum: 1113.8]
      [Termination (ms): Min: 0.0, Avg: 10.1, Max: 11.7, Diff: 11.7, Sum: 80.9]
         [Termination Attempts: Min: 1, Avg: 42.1, Max: 90, Diff: 89, Sum: 337]
      [GC Worker Other (ms): Min: 0.0, Avg: 0.0, Max: 0.1, Diff: 0.0, Sum: 0.2]
      [GC Worker Total (ms): Min: 176.2, Avg: 185.2, Max: 186.7, Diff: 10.4, Sum: 1481.9]
      [GC Worker End (ms): Min: 50707.2, Avg: 50707.2, Max: 50707.3, Diff: 0.1]
   [Code Root Fixup: 0.0 ms]
   [Code Root Purge: 0.0 ms]
   [Clear CT: 0.8 ms]
   [Other: 11.5 ms]
      [Choose CSet: 0.0 ms]
      [Ref Proc: 8.6 ms]
      [Ref Enq: 0.0 ms]
      [Redirty Cards: 0.3 ms]
      [Humongous Register: 0.2 ms]
      [Humongous Reclaim: 0.1 ms]
      [Free CSet: 2.0 ms]
   [Eden: 1640.0M(1640.0M)->0.0B(1639.0M) Survivors: 126.0M->127.0M Heap: 2393.4M(2944.0M)->797.4M(2944.0M)]
 [Times: user=0.87 sys=0.02, real=0.20 secs] 
         vmop                    [threads: total initially_running wait_to_block]    [time: spin block sync cleanup vmop] page_trap_count
50.520: G1IncCollectionPause             [      35          0              0    ]      [     0     0     0     0   199    ]  0   
2017-11-17T21:49:59.548+0800: 50.720: Total time for which application threads were stopped: 0.1996822 seconds, Stopping threads took: 0.0000601 seconds
         vmop                    [threads: total initially_running wait_to_block]    [time: spin block sync cleanup vmop] page_trap_count
52.720: no vm operation                  [      35          1              1    ]      [     0     0     0     0     0    ]  1   
2017-11-17T21:50:01.548+0800: 52.720: Total time for which application threads were stopped: 0.0002399 seconds, Stopping threads took: 0.0000765 seconds
         vmop                    [threads: total initially_running wait_to_block]    [time: spin block sync cleanup vmop] page_trap_count
54.380: RevokeBias                       [      35          1              1    ]      [     0     0     0     0     0    ]  1   
2017-11-17T21:50:03.208+0800: 54.380: Total time for which application threads were stopped: 0.0003270 seconds, Stopping threads took: 0.0001702 seconds
2017-11-17T21:50:03.304+0800: 54.476: [GC pause (G1 Evacuation Pause) (young) 54.477: [G1Ergonomics (CSet Construction) start choosing CSet, _pending_cards: 19818, predicted base time: 45.11 ms, remaining time: 154.89 ms, target pause time: 200.00 ms]
 54.477: [G1Ergonomics (CSet Construction) add young regions to CSet, eden: 1639 regions, survivors: 127 regions, predicted young region time: 130.48 ms]
 54.477: [G1Ergonomics (CSet Construction) finish choosing CSet, eden: 1639 regions, survivors: 127 regions, old: 0 regions, predicted pause time: 175.60 ms, target pause time: 200.00 ms]
, 0.1857949 secs]
   [Parallel Time: 168.4 ms, GC Workers: 8]
      [GC Worker Start (ms): Min: 54476.8, Avg: 54477.7, Max: 54479.9, Diff: 3.0]
      [Ext Root Scanning (ms): Min: 0.0, Avg: 0.4, Max: 1.0, Diff: 1.0, Sum: 2.8]
      [Update RS (ms): Min: 23.4, Avg: 27.0, Max: 31.6, Diff: 8.2, Sum: 215.6]
         [Processed Buffers: Min: 3, Avg: 10.8, Max: 19, Diff: 16, Sum: 86]
      [Scan RS (ms): Min: 0.1, Avg: 4.6, Max: 12.4, Diff: 12.3, Sum: 36.7]
      [Code Root Scanning (ms): Min: 0.0, Avg: 0.0, Max: 0.1, Diff: 0.1, Sum: 0.2]
      [Object Copy (ms): Min: 106.5, Avg: 115.3, Max: 128.6, Diff: 22.1, Sum: 922.3]
      [Termination (ms): Min: 0.0, Avg: 11.6, Max: 21.8, Diff: 21.8, Sum: 92.6]
         [Termination Attempts: Min: 1, Avg: 230.6, Max: 393, Diff: 392, Sum: 1845]
      [GC Worker Other (ms): Min: 0.0, Avg: 0.0, Max: 0.1, Diff: 0.1, Sum: 0.3]
      [GC Worker Total (ms): Min: 155.4, Avg: 158.8, Max: 168.3, Diff: 12.9, Sum: 1270.5]
      [GC Worker End (ms): Min: 54635.2, Avg: 54636.5, Max: 54645.2, Diff: 9.9]
   [Code Root Fixup: 0.0 ms]
   [Code Root Purge: 0.0 ms]
   [Clear CT: 4.4 ms]
   [Other: 13.0 ms]
      [Choose CSet: 0.0 ms]
      [Ref Proc: 9.6 ms]
      [Ref Enq: 0.0 ms]
      [Redirty Cards: 0.3 ms]
      [Humongous Register: 0.2 ms]
      [Humongous Reclaim: 0.1 ms]
      [Free CSet: 2.4 ms]
   [Eden: 1639.0M(1639.0M)->0.0B(1639.0M) Survivors: 127.0M->127.0M Heap: 2439.4M(2944.0M)->843.4M(2944.0M)]
 [Times: user=0.76 sys=0.00, real=0.18 secs] 
         vmop                    [threads: total initially_running wait_to_block]    [time: spin block sync cleanup vmop] page_trap_count
54.476: G1IncCollectionPause             [      35          0              0    ]      [     0     0     0     0   186    ]  0   
2017-11-17T21:50:03.490+0800: 54.662: Total time for which application threads were stopped: 0.1862185 seconds, Stopping threads took: 0.0000658 seconds
         vmop                    [threads: total initially_running wait_to_block]    [time: spin block sync cleanup vmop] page_trap_count
55.663: no vm operation                  [      35          0              0    ]      [     0     0     0     0     0    ]  0   
2017-11-17T21:50:04.491+0800: 55.663: Total time for which application threads were stopped: 0.0002081 seconds, Stopping threads took: 0.0000426 seconds
         vmop                    [threads: total initially_running wait_to_block]    [time: spin block sync cleanup vmop] page_trap_count
57.663: no vm operation                  [      35          0              0    ]      [     0     0     0     0     0    ]  0   
2017-11-17T21:50:06.491+0800: 57.663: Total time for which application threads were stopped: 0.0001824 seconds, Stopping threads took: 0.0000382 seconds
2017-11-17T21:50:07.208+0800: 58.380: [GC pause (G1 Evacuation Pause) (young) 58.380: [G1Ergonomics (CSet Construction) start choosing CSet, _pending_cards: 12076, predicted base time: 38.00 ms, remaining time: 162.00 ms, target pause time: 200.00 ms]
 58.380: [G1Ergonomics (CSet Construction) add young regions to CSet, eden: 1639 regions, survivors: 127 regions, predicted young region time: 132.26 ms]
 58.380: [G1Ergonomics (CSet Construction) finish choosing CSet, eden: 1639 regions, survivors: 127 regions, old: 0 regions, predicted pause time: 170.26 ms, target pause time: 200.00 ms]
, 0.0955894 secs]
   [Parallel Time: 91.8 ms, GC Workers: 8]
      [GC Worker Start (ms): Min: 58380.3, Avg: 58380.7, Max: 58382.9, Diff: 2.6]
      [Ext Root Scanning (ms): Min: 0.0, Avg: 1.2, Max: 7.3, Diff: 7.2, Sum: 9.8]
      [Update RS (ms): Min: 2.8, Avg: 12.0, Max: 27.8, Diff: 24.9, Sum: 96.0]
         [Processed Buffers: Min: 3, Avg: 6.4, Max: 15, Diff: 12, Sum: 51]
      [Scan RS (ms): Min: 0.1, Avg: 3.6, Max: 5.0, Diff: 4.9, Sum: 28.8]
      [Code Root Scanning (ms): Min: 0.0, Avg: 0.0, Max: 0.1, Diff: 0.1, Sum: 0.2]
      [Object Copy (ms): Min: 60.7, Avg: 74.0, Max: 76.4, Diff: 15.8, Sum: 591.9]
      [Termination (ms): Min: 0.0, Avg: 0.2, Max: 0.3, Diff: 0.3, Sum: 1.9]
         [Termination Attempts: Min: 1, Avg: 495.6, Max: 756, Diff: 755, Sum: 3965]
      [GC Worker Other (ms): Min: 0.0, Avg: 0.1, Max: 0.2, Diff: 0.1, Sum: 0.8]
      [GC Worker Total (ms): Min: 88.9, Avg: 91.2, Max: 91.6, Diff: 2.7, Sum: 729.4]
      [GC Worker End (ms): Min: 58471.8, Avg: 58471.9, Max: 58471.9, Diff: 0.1]
   [Code Root Fixup: 0.0 ms]
   [Code Root Purge: 0.0 ms]
   [Clear CT: 0.7 ms]
   [Other: 3.1 ms]
      [Choose CSet: 0.0 ms]
      [Ref Proc: 0.4 ms]
      [Ref Enq: 0.0 ms]
      [Redirty Cards: 0.2 ms]
      [Humongous Register: 0.2 ms]
      [Humongous Reclaim: 0.1 ms]
      [Free CSet: 1.9 ms]
   [Eden: 1639.0M(1639.0M)->0.0B(1610.0M) Survivors: 127.0M->126.0M Heap: 2486.4M(2944.0M)->889.4M(2944.0M)]
 [Times: user=0.53 sys=0.01, real=0.10 secs] 
         vmop                    [threads: total initially_running wait_to_block]    [time: spin block sync cleanup vmop] page_trap_count
58.380: G1IncCollectionPause             [      34          0              0    ]      [     0     0     0     0    95    ]  0   
2017-11-17T21:50:07.304+0800: 58.476: Total time for which application threads were stopped: 0.0959811 seconds, Stopping threads took: 0.0000519 seconds
         vmop                    [threads: total initially_running wait_to_block]    [time: spin block sync cleanup vmop] page_trap_count
60.976: RevokeBias                       [      34          0              0    ]      [     0     0     0     0     0    ]  0   
2017-11-17T21:50:09.805+0800: 60.977: Total time for which application threads were stopped: 0.0001904 seconds, Stopping threads took: 0.0000717 seconds
         vmop                    [threads: total initially_running wait_to_block]    [time: spin block sync cleanup vmop] page_trap_count
61.977: no vm operation                  [      34          0              0    ]      [     0     0     0     0     0    ]  0   
2017-11-17T21:50:10.805+0800: 61.977: Total time for which application threads were stopped: 0.0001736 seconds, Stopping threads took: 0.0000361 seconds
         vmop                    [threads: total initially_running wait_to_block]    [time: spin block sync cleanup vmop] page_trap_count
62.977: no vm operation                  [      32          0              0    ]      [     0     0     0     0     0    ]  0   
2017-11-17T21:50:11.805+0800: 62.977: Total time for which application threads were stopped: 0.0001769 seconds, Stopping threads took: 0.0000547 seconds
         vmop                    [threads: total initially_running wait_to_block]    [time: spin block sync cleanup vmop] page_trap_count
64.379: RevokeBias                       [      32          0              0    ]      [     0     0     0     0     0    ]  0   
2017-11-17T21:50:13.207+0800: 64.379: Total time for which application threads were stopped: 0.0002016 seconds, Stopping threads took: 0.0000689 seconds
         vmop                    [threads: total initially_running wait_to_block]    [time: spin block sync cleanup vmop] page_trap_count
64.644: RevokeBias                       [      32          0              0    ]      [     0     0     0     0     0    ]  0   
2017-11-17T21:50:13.472+0800: 64.644: Total time for which application threads were stopped: 0.0001580 seconds, Stopping threads took: 0.0000480 seconds
         vmop                    [threads: total initially_running wait_to_block]    [time: spin block sync cleanup vmop] page_trap_count
64.646: RevokeBias                       [      32          0              0    ]      [     0     0     0     0     0    ]  0   
2017-11-17T21:50:13.474+0800: 64.646: Total time for which application threads were stopped: 0.0001168 seconds, Stopping threads took: 0.0000366 seconds
         vmop                    [threads: total initially_running wait_to_block]    [time: spin block sync cleanup vmop] page_trap_count
64.650: RevokeBias                       [      32          0              1    ]      [     0     0     0     0     0    ]  0   
2017-11-17T21:50:13.478+0800: 64.651: Total time for which application threads were stopped: 0.0001865 seconds, Stopping threads took: 0.0000763 seconds
         vmop                    [threads: total initially_running wait_to_block]    [time: spin block sync cleanup vmop] page_trap_count
64.652: RevokeBias                       [      32          0              1    ]      [     0     0     0     0     0    ]  0   
2017-11-17T21:50:13.480+0800: 64.652: Total time for which application threads were stopped: 0.0001835 seconds, Stopping threads took: 0.0000857 seconds
         vmop                    [threads: total initially_running wait_to_block]    [time: spin block sync cleanup vmop] page_trap_count
64.761: RevokeBias                       [      32          1              1    ]      [     0     0     0     0     0    ]  1   
2017-11-17T21:50:13.590+0800: 64.762: Total time for which application threads were stopped: 0.0003160 seconds, Stopping threads took: 0.0000726 seconds
         vmop                    [threads: total initially_running wait_to_block]    [time: spin block sync cleanup vmop] page_trap_count
64.762: RevokeBias                       [      32          1              1    ]      [     0     0     0     0     0    ]  1   
2017-11-17T21:50:13.590+0800: 64.762: Total time for which application threads were stopped: 0.0001406 seconds, Stopping threads took: 0.0000657 seconds
2017-11-17T21:50:13.604+0800: 64.776: [GC pause (G1 Evacuation Pause) (young) 64.776: [G1Ergonomics (CSet Construction) start choosing CSet, _pending_cards: 13343, predicted base time: 40.05 ms, remaining time: 159.95 ms, target pause time: 200.00 ms]
 64.776: [G1Ergonomics (CSet Construction) add young regions to CSet, eden: 1610 regions, survivors: 126 regions, predicted young region time: 129.64 ms]
 64.776: [G1Ergonomics (CSet Construction) finish choosing CSet, eden: 1610 regions, survivors: 126 regions, old: 0 regions, predicted pause time: 169.70 ms, target pause time: 200.00 ms]
, 0.1215544 secs]
   [Parallel Time: 117.6 ms, GC Workers: 8]
      [GC Worker Start (ms): Min: 64776.8, Avg: 64782.3, Max: 64791.2, Diff: 14.4]
      [Ext Root Scanning (ms): Min: 0.0, Avg: 0.4, Max: 1.0, Diff: 1.0, Sum: 2.9]
      [Update RS (ms): Min: 6.1, Avg: 17.9, Max: 38.5, Diff: 32.4, Sum: 143.3]
         [Processed Buffers: Min: 2, Avg: 7.6, Max: 16, Diff: 14, Sum: 61]
      [Scan RS (ms): Min: 0.4, Avg: 7.7, Max: 15.2, Diff: 14.8, Sum: 61.2]
      [Code Root Scanning (ms): Min: 0.0, Avg: 0.0, Max: 0.1, Diff: 0.1, Sum: 0.2]
      [Object Copy (ms): Min: 77.8, Avg: 85.9, Max: 90.5, Diff: 12.7, Sum: 686.9]
      [Termination (ms): Min: 0.0, Avg: 0.1, Max: 0.1, Diff: 0.1, Sum: 0.9]
         [Termination Attempts: Min: 1, Avg: 291.8, Max: 373, Diff: 372, Sum: 2334]
      [GC Worker Other (ms): Min: 0.0, Avg: 0.1, Max: 0.2, Diff: 0.2, Sum: 1.0]
      [GC Worker Total (ms): Min: 103.0, Avg: 112.1, Max: 117.5, Diff: 14.5, Sum: 896.4]
      [GC Worker End (ms): Min: 64894.2, Avg: 64894.3, Max: 64894.4, Diff: 0.2]
   [Code Root Fixup: 0.0 ms]
   [Code Root Purge: 0.0 ms]
   [Clear CT: 0.7 ms]
   [Other: 3.2 ms]
      [Choose CSet: 0.0 ms]
      [Ref Proc: 0.5 ms]
      [Ref Enq: 0.0 ms]
      [Redirty Cards: 0.2 ms]
      [Humongous Register: 0.3 ms]
      [Humongous Reclaim: 0.1 ms]
      [Free CSet: 1.8 ms]
   [Eden: 1610.0M(1610.0M)->0.0B(1565.0M) Survivors: 126.0M->125.0M Heap: 2502.2M(2944.0M)->934.2M(2944.0M)]
 [Times: user=0.71 sys=0.00, real=0.12 secs] 
         vmop                    [threads: total initially_running wait_to_block]    [time: spin block sync cleanup vmop] page_trap_count
64.776: G1IncCollectionPause             [      32          0              0    ]      [     0     0     0     0   121    ]  0   
2017-11-17T21:50:13.726+0800: 64.898: Total time for which application threads were stopped: 0.1219029 seconds, Stopping threads took: 0.0000579 seconds
         vmop                    [threads: total initially_running wait_to_block]    [time: spin block sync cleanup vmop] page_trap_count
64.962: RevokeBias                       [      32          0              1    ]      [     0     0     0     0     0    ]  0   
2017-11-17T21:50:13.790+0800: 64.962: Total time for which application threads were stopped: 0.0003189 seconds, Stopping threads took: 0.0000750 seconds
         vmop                    [threads: total initially_running wait_to_block]    [time: spin block sync cleanup vmop] page_trap_count
64.968: RevokeBias                       [      33          0              0    ]      [     0     0     0     0     0    ]  0   
2017-11-17T21:50:13.796+0800: 64.968: Total time for which application threads were stopped: 0.0001343 seconds, Stopping threads took: 0.0000390 seconds
         vmop                    [threads: total initially_running wait_to_block]    [time: spin block sync cleanup vmop] page_trap_count
65.117: RevokeBias                       [      33          0              1    ]      [     0     0     0     0     0    ]  0   
2017-11-17T21:50:13.945+0800: 65.118: Total time for which application threads were stopped: 0.0003007 seconds, Stopping threads took: 0.0001484 seconds
         vmop                    [threads: total initially_running wait_to_block]    [time: spin block sync cleanup vmop] page_trap_count
65.183: RevokeBias                       [      33          0              0    ]      [     0     0     0     0     0    ]  0   
2017-11-17T21:50:14.012+0800: 65.184: Total time for which application threads were stopped: 0.0002433 seconds, Stopping threads took: 0.0000958 seconds
         vmop                    [threads: total initially_running wait_to_block]    [time: spin block sync cleanup vmop] page_trap_count
66.673: RevokeBias                       [      33          0              0    ]      [     0     0     0     0     0    ]  0   
2017-11-17T21:50:15.501+0800: 66.673: Total time for which application threads were stopped: 0.0001640 seconds, Stopping threads took: 0.0000429 seconds
         vmop                    [threads: total initially_running wait_to_block]    [time: spin block sync cleanup vmop] page_trap_count
66.675: RevokeBias                       [      33          1              0    ]      [     0     0     0     0     0    ]  0   
2017-11-17T21:50:15.503+0800: 66.676: Total time for which application threads were stopped: 0.0001897 seconds, Stopping threads took: 0.0000965 seconds
         vmop                    [threads: total initially_running wait_to_block]    [time: spin block sync cleanup vmop] page_trap_count
71.863: RevokeBias                       [      33          2              2    ]      [     0     0     0     0     0    ]  0   
2017-11-17T21:50:20.691+0800: 71.863: Total time for which application threads were stopped: 0.0002982 seconds, Stopping threads took: 0.0001713 seconds
         vmop                    [threads: total initially_running wait_to_block]    [time: spin block sync cleanup vmop] page_trap_count
71.865: RevokeBias                       [      33          0              0    ]      [     0     0     0     0     0    ]  0   
2017-11-17T21:50:20.693+0800: 71.865: Total time for which application threads were stopped: 0.0001093 seconds, Stopping threads took: 0.0000344 seconds
         vmop                    [threads: total initially_running wait_to_block]    [time: spin block sync cleanup vmop] page_trap_count
71.945: RevokeBias                       [      33          0              2    ]      [     0     0     0     0     0    ]  0   
2017-11-17T21:50:20.773+0800: 71.945: Total time for which application threads were stopped: 0.0002086 seconds, Stopping threads took: 0.0000595 seconds
         vmop                    [threads: total initially_running wait_to_block]    [time: spin block sync cleanup vmop] page_trap_count
71.951: RevokeBias                       [      33          0              0    ]      [     0     0     0     0     0    ]  0   
2017-11-17T21:50:20.779+0800: 71.951: Total time for which application threads were stopped: 0.0001680 seconds, Stopping threads took: 0.0000414 seconds
 72.623: [G1Ergonomics (Concurrent Cycles) request concurrent cycle initiation, reason: occupancy higher than threshold, occupancy: 1319108608 bytes, allocation request: 437491632 bytes, threshold: 1389153465 bytes (45.00 %), source: concurrent humongous allocation]
 72.624: [G1Ergonomics (Concurrent Cycles) request concurrent cycle initiation, reason: requested by GC cause, GC cause: G1 Humongous Allocation]
 72.624: [G1Ergonomics (Concurrent Cycles) initiate concurrent cycle, reason: concurrent cycle initiation requested]
2017-11-17T21:50:21.451+0800: 72.624: [GC pause (G1 Humongous Allocation) (young) (initial-mark) 72.624: [G1Ergonomics (CSet Construction) start choosing CSet, _pending_cards: 14499, predicted base time: 38.24 ms, remaining time: 161.76 ms, target pause time: 200.00 ms]
 72.624: [G1Ergonomics (CSet Construction) add young regions to CSet, eden: 132 regions, survivors: 125 regions, predicted young region time: 102.32 ms]
 72.624: [G1Ergonomics (CSet Construction) finish choosing CSet, eden: 132 regions, survivors: 125 regions, old: 0 regions, predicted pause time: 140.56 ms, target pause time: 200.00 ms]
, 0.1885795 secs]
   [Parallel Time: 143.1 ms, GC Workers: 8]
      [GC Worker Start (ms): Min: 72624.4, Avg: 72625.6, Max: 72626.6, Diff: 2.2]
      [Ext Root Scanning (ms): Min: 0.1, Avg: 7.1, Max: 24.4, Diff: 24.4, Sum: 56.5]
      [Update RS (ms): Min: 0.0, Avg: 1.0, Max: 1.8, Diff: 1.8, Sum: 8.4]
         [Processed Buffers: Min: 0, Avg: 8.9, Max: 18, Diff: 18, Sum: 71]
      [Scan RS (ms): Min: 0.1, Avg: 15.5, Max: 43.0, Diff: 42.9, Sum: 124.1]
      [Code Root Scanning (ms): Min: 0.0, Avg: 0.0, Max: 0.1, Diff: 0.1, Sum: 0.2]
      [Object Copy (ms): Min: 80.7, Avg: 105.1, Max: 116.5, Diff: 35.8, Sum: 840.8]
      [Termination (ms): Min: 0.0, Avg: 9.8, Max: 12.4, Diff: 12.4, Sum: 78.6]
         [Termination Attempts: Min: 1, Avg: 50.6, Max: 138, Diff: 137, Sum: 405]
      [GC Worker Other (ms): Min: 0.0, Avg: 0.0, Max: 0.0, Diff: 0.0, Sum: 0.1]
      [GC Worker Total (ms): Min: 137.6, Avg: 138.6, Max: 139.8, Diff: 2.2, Sum: 1108.6]
      [GC Worker End (ms): Min: 72764.2, Avg: 72764.2, Max: 72764.2, Diff: 0.0]
   [Code Root Fixup: 0.0 ms]
   [Code Root Purge: 0.0 ms]
   [Clear CT: 0.2 ms]
   [Other: 45.3 ms]
      [Choose CSet: 0.0 ms]
      [Ref Proc: 32.1 ms]
      [Ref Enq: 0.0 ms]
      [Redirty Cards: 11.3 ms]
      [Humongous Register: 0.1 ms]
      [Humongous Reclaim: 0.1 ms]
      [Free CSet: 0.5 ms]
   [Eden: 132.0M(1565.0M)->0.0B(1181.0M) Survivors: 125.0M->85.0M Heap: 1487.5M(2944.0M)->1356.9M(2944.0M)]
 [Times: user=0.45 sys=0.01, real=0.19 secs] 
         vmop                    [threads: total initially_running wait_to_block]    [time: spin block sync cleanup vmop] page_trap_count
2017-11-17T21:50:21.640+0800: 72.812: [GC concurrent-root-region-scan-start]
72.623: G1IncCollectionPause             [      33          0              0    ]      [     0     0     0     0   188    ]  0   
2017-11-17T21:50:21.655+0800: 72.827: Total time for which application threads were stopped: 0.2038255 seconds, Stopping threads took: 0.0000286 seconds
2017-11-17T21:50:21.693+0800: 72.865: [GC concurrent-root-region-scan-end, 0.0524160 secs]
2017-11-17T21:50:21.693+0800: 72.865: [GC concurrent-mark-start]
         vmop                    [threads: total initially_running wait_to_block]    [time: spin block sync cleanup vmop] page_trap_count
73.827: no vm operation                  [      33          0              0    ]      [     0     0     0     0     0    ]  0   
2017-11-17T21:50:22.655+0800: 73.828: Total time for which application threads were stopped: 0.0002234 seconds, Stopping threads took: 0.0000458 seconds
2017-11-17T21:50:22.784+0800: 73.956: [GC concurrent-mark-end, 1.0911773 secs]
2017-11-17T21:50:22.784+0800: 73.956: [GC remark 2017-11-17T21:50:22.784+0800: 73.956: [Finalize Marking, 0.0008751 secs] 2017-11-17T21:50:22.785+0800: 73.957: [GC ref-proc, 0.0002778 secs] 2017-11-17T21:50:22.785+0800: 73.957: [Unloading, 0.0110101 secs], 0.0268427 secs]
 [Times: user=0.03 sys=0.00, real=0.02 secs] 
         vmop                    [threads: total initially_running wait_to_block]    [time: spin block sync cleanup vmop] page_trap_count
73.956: CGC_Operation                    [      33          0              0    ]      [     0     0     0     0    26    ]  0   
2017-11-17T21:50:22.811+0800: 73.983: Total time for which application threads were stopped: 0.0270863 seconds, Stopping threads took: 0.0000452 seconds
2017-11-17T21:50:22.811+0800: 73.984: [GC cleanup 1798M->1761M(2944M), 0.0070448 secs]
 [Times: user=0.01 sys=0.00, real=0.01 secs] 
         vmop                    [threads: total initially_running wait_to_block]    [time: spin block sync cleanup vmop] page_trap_count
73.983: CGC_Operation                    [      33          0              0    ]      [     0     0     0     0     7    ]  0   
2017-11-17T21:50:22.818+0800: 73.991: Total time for which application threads were stopped: 0.0072233 seconds, Stopping threads took: 0.0000302 seconds
2017-11-17T21:50:22.819+0800: 73.991: [GC concurrent-cleanup-start]
2017-11-17T21:50:22.819+0800: 73.991: [GC concurrent-cleanup-end, 0.0000874 secs]
         vmop                    [threads: total initially_running wait_to_block]    [time: spin block sync cleanup vmop] page_trap_count
74.293: RevokeBias                       [      32          0              0    ]      [     0     0     0     0     0    ]  0   
2017-11-17T21:50:23.121+0800: 74.293: Total time for which application threads were stopped: 0.0001947 seconds, Stopping threads took: 0.0000684 seconds
         vmop                    [threads: total initially_running wait_to_block]    [time: spin block sync cleanup vmop] page_trap_count
74.295: RevokeBias                       [      32          0              1    ]      [     0     0     0     0     0    ]  0   
2017-11-17T21:50:23.124+0800: 74.296: Total time for which application threads were stopped: 0.0002118 seconds, Stopping threads took: 0.0000799 seconds
         vmop                    [threads: total initially_running wait_to_block]    [time: spin block sync cleanup vmop] page_trap_count
74.296: RevokeBias                       [      32          1              1    ]      [     0     0     0     0     0    ]  0   
2017-11-17T21:50:23.124+0800: 74.296: Total time for which application threads were stopped: 0.0001814 seconds, Stopping threads took: 0.0000885 seconds
         vmop                    [threads: total initially_running wait_to_block]    [time: spin block sync cleanup vmop] page_trap_count
74.296: RevokeBias                       [      32          0              0    ]      [     0     0     0     0     0    ]  0   
2017-11-17T21:50:23.124+0800: 74.296: Total time for which application threads were stopped: 0.0001685 seconds, Stopping threads took: 0.0000352 seconds
         vmop                    [threads: total initially_running wait_to_block]    [time: spin block sync cleanup vmop] page_trap_count
74.297: RevokeBias                       [      32          1              1    ]      [     0     0     0     0     0    ]  0   
2017-11-17T21:50:23.125+0800: 74.297: Total time for which application threads were stopped: 0.0002093 seconds, Stopping threads took: 0.0001100 seconds
         vmop                    [threads: total initially_running wait_to_block]    [time: spin block sync cleanup vmop] page_trap_count
74.298: RevokeBias                       [      32          0              1    ]      [     0     0     0     0     0    ]  0   
2017-11-17T21:50:23.126+0800: 74.298: Total time for which application threads were stopped: 0.0001677 seconds, Stopping threads took: 0.0000681 seconds
         vmop                    [threads: total initially_running wait_to_block]    [time: spin block sync cleanup vmop] page_trap_count
74.327: RevokeBias                       [      32          0              0    ]      [     0     0     0     0     0    ]  0   
2017-11-17T21:50:23.155+0800: 74.327: Total time for which application threads were stopped: 0.0002183 seconds, Stopping threads took: 0.0000588 seconds
 74.327: [G1Ergonomics (Concurrent Cycles) do not request concurrent cycle initiation, reason: still doing mixed collections, occupancy: 1741684736 bytes, allocation request: 2136360 bytes, threshold: 1389153465 bytes (45.00 %), source: concurrent humongous allocation]
 74.327: [G1Ergonomics (Concurrent Cycles) do not request concurrent cycle initiation, reason: still doing mixed collections, occupancy: 1744830464 bytes, allocation request: 2136360 bytes, threshold: 1389153465 bytes (45.00 %), source: concurrent humongous allocation]
         vmop                    [threads: total initially_running wait_to_block]    [time: spin block sync cleanup vmop] page_trap_count
74.333: RevokeBias                       [      32          0              1    ]      [     0     0     0     0     0    ]  0   
2017-11-17T21:50:23.161+0800: 74.334: Total time for which application threads were stopped: 0.0002682 seconds, Stopping threads took: 0.0001288 seconds
 74.338: [G1Ergonomics (Concurrent Cycles) do not request concurrent cycle initiation, reason: still doing mixed collections, occupancy: 1747976192 bytes, allocation request: 437491632 bytes, threshold: 1389153465 bytes (45.00 %), source: concurrent humongous allocation]
         vmop                    [threads: total initially_running wait_to_block]    [time: spin block sync cleanup vmop] page_trap_count
74.380: RevokeBias                       [      32          0              2    ]      [     0    34    34     0     0    ]  0   
2017-11-17T21:50:23.242+0800: 74.414: Total time for which application threads were stopped: 0.0344594 seconds, Stopping threads took: 0.0342325 seconds
         vmop                    [threads: total initially_running wait_to_block]    [time: spin block sync cleanup vmop] page_trap_count
74.415: RevokeBias                       [      32          0              1    ]      [     0     0     0     0     0    ]  0   
2017-11-17T21:50:23.243+0800: 74.416: Total time for which application threads were stopped: 0.0001692 seconds, Stopping threads took: 0.0000934 seconds
         vmop                    [threads: total initially_running wait_to_block]    [time: spin block sync cleanup vmop] page_trap_count
75.416: no vm operation                  [      32          1              1    ]      [     0     0     0     0     0    ]  1   
2017-11-17T21:50:24.244+0800: 75.416: Total time for which application threads were stopped: 0.0002355 seconds, Stopping threads took: 0.0000811 seconds
         vmop                    [threads: total initially_running wait_to_block]    [time: spin block sync cleanup vmop] page_trap_count
75.540: Deoptimize                       [      32          0              1    ]      [     0     0     0     0     0    ]  0   
2017-11-17T21:50:24.369+0800: 75.541: Total time for which application threads were stopped: 0.0007862 seconds, Stopping threads took: 0.0000456 seconds
         vmop                    [threads: total initially_running wait_to_block]    [time: spin block sync cleanup vmop] page_trap_count
76.541: no vm operation                  [      32          0              0    ]      [     0     0     0     0     0    ]  0   
2017-11-17T21:50:25.369+0800: 76.542: Total time for which application threads were stopped: 0.0002318 seconds, Stopping threads took: 0.0000499 seconds
 76.794: [G1Ergonomics (Concurrent Cycles) do not request concurrent cycle initiation, reason: still doing mixed collections, occupancy: 2186280960 bytes, allocation request: 437491632 bytes, threshold: 1389153465 bytes (45.00 %), source: concurrent humongous allocation]
         vmop                    [threads: total initially_running wait_to_block]    [time: spin block sync cleanup vmop] page_trap_count
77.542: no vm operation                  [      32          1              1    ]      [     0     0     0     0     0    ]  1   
2017-11-17T21:50:26.370+0800: 77.542: Total time for which application threads were stopped: 0.0002176 seconds, Stopping threads took: 0.0000797 seconds
 78.533: [G1Ergonomics (Concurrent Cycles) do not request concurrent cycle initiation, reason: still doing mixed collections, occupancy: 2624585728 bytes, allocation request: 437491632 bytes, threshold: 1389153465 bytes (45.00 %), source: concurrent humongous allocation]
 78.533: [G1Ergonomics (Heap Sizing) attempt heap expansion, reason: humongous allocation request failed, allocation request: 437491632 bytes]
         vmop                    [threads: total initially_running wait_to_block]    [time: spin block sync cleanup vmop] page_trap_count
78.542: no vm operation                  [      32          0              1    ]      [     0   140   140     0     0    ]  0   
2017-11-17T21:50:27.511+0800: 78.683: Total time for which application threads were stopped: 0.1411649 seconds, Stopping threads took: 0.1409533 seconds
         vmop                    [threads: total initially_running wait_to_block]    [time: spin block sync cleanup vmop] page_trap_count
79.683: no vm operation                  [      32          0              0    ]      [     0     0     0     0     0    ]  0   
2017-11-17T21:50:28.511+0800: 79.683: Total time for which application threads were stopped: 0.0002186 seconds, Stopping threads took: 0.0000760 seconds
 80.269: [G1Ergonomics (Concurrent Cycles) do not request concurrent cycle initiation, reason: still doing mixed collections, occupancy: 3062890496 bytes, allocation request: 437491632 bytes, threshold: 1586390625 bytes (45.00 %), source: concurrent humongous allocation]
 80.270: [G1Ergonomics (Heap Sizing) attempt heap expansion, reason: humongous allocation request failed, allocation request: 437491632 bytes]
         vmop                    [threads: total initially_running wait_to_block]    [time: spin block sync cleanup vmop] page_trap_count
80.684: no vm operation                  [      32          0              0    ]      [     0     0     0     0     0    ]  0   
2017-11-17T21:50:29.512+0800: 80.684: Total time for which application threads were stopped: 0.0002141 seconds, Stopping threads took: 0.0000508 seconds
2017-11-17T21:50:29.977+0800: 81.149: [GC pause (G1 Evacuation Pause) (young) 81.149: [G1Ergonomics (CSet Construction) start choosing CSet, _pending_cards: 15884, predicted base time: 54.85 ms, remaining time: 145.15 ms, target pause time: 200.00 ms]
 81.149: [G1Ergonomics (CSet Construction) add young regions to CSet, eden: 356 regions, survivors: 85 regions, predicted young region time: 75.02 ms]
 81.149: [G1Ergonomics (CSet Construction) finish choosing CSet, eden: 356 regions, survivors: 85 regions, old: 0 regions, predicted pause time: 129.87 ms, target pause time: 200.00 ms]
 81.150: [G1Ergonomics (Heap Sizing) attempt heap expansion, reason: region allocation request failed, allocation request: 524280 bytes]
 81.150: [G1Ergonomics (Heap Sizing) expand the heap, requested expansion amount: 524280 bytes, attempted expansion amount: 1048576 bytes]
 81.175: [G1Ergonomics (Heap Sizing) attempt heap expansion, reason: region allocation request failed, allocation request: 524280 bytes]
 81.175: [G1Ergonomics (Heap Sizing) expand the heap, requested expansion amount: 524280 bytes, attempted expansion amount: 1048576 bytes]
 81.179: [G1Ergonomics (Heap Sizing) attempt heap expansion, reason: region allocation request failed, allocation request: 524280 bytes]
 81.179: [G1Ergonomics (Heap Sizing) expand the heap, requested expansion amount: 524280 bytes, attempted expansion amount: 1048576 bytes]
 81.179: [G1Ergonomics (Heap Sizing) attempt heap expansion, reason: region allocation request failed, allocation request: 524280 bytes]
 81.179: [G1Ergonomics (Heap Sizing) expand the heap, requested expansion amount: 524280 bytes, attempted expansion amount: 1048576 bytes]
 81.180: [G1Ergonomics (Heap Sizing) attempt heap expansion, reason: region allocation request failed, allocation request: 524280 bytes]
 81.180: [G1Ergonomics (Heap Sizing) expand the heap, requested expansion amount: 524280 bytes, attempted expansion amount: 1048576 bytes]
 81.183: [G1Ergonomics (Heap Sizing) attempt heap expansion, reason: region allocation request failed, allocation request: 524280 bytes]
 81.183: [G1Ergonomics (Heap Sizing) expand the heap, requested expansion amount: 524280 bytes, attempted expansion amount: 1048576 bytes]
 81.190: [G1Ergonomics (Heap Sizing) attempt heap expansion, reason: region allocation request failed, allocation request: 524280 bytes]
 81.190: [G1Ergonomics (Heap Sizing) expand the heap, requested expansion amount: 524280 bytes, attempted expansion amount: 1048576 bytes]
 81.194: [G1Ergonomics (Heap Sizing) attempt heap expansion, reason: region allocation request failed, allocation request: 524280 bytes]
 81.194: [G1Ergonomics (Heap Sizing) expand the heap, requested expansion amount: 524280 bytes, attempted expansion amount: 1048576 bytes]
 81.198: [G1Ergonomics (Heap Sizing) attempt heap expansion, reason: region allocation request failed, allocation request: 524280 bytes]
 81.198: [G1Ergonomics (Heap Sizing) expand the heap, requested expansion amount: 524280 bytes, attempted expansion amount: 1048576 bytes]
 81.200: [G1Ergonomics (Heap Sizing) attempt heap expansion, reason: region allocation request failed, allocation request: 524280 bytes]
 81.200: [G1Ergonomics (Heap Sizing) expand the heap, requested expansion amount: 524280 bytes, attempted expansion amount: 1048576 bytes]
 81.206: [G1Ergonomics (Heap Sizing) attempt heap expansion, reason: region allocation request failed, allocation request: 524280 bytes]
 81.206: [G1Ergonomics (Heap Sizing) expand the heap, requested expansion amount: 524280 bytes, attempted expansion amount: 1048576 bytes]
 81.208: [G1Ergonomics (Heap Sizing) attempt heap expansion, reason: region allocation request failed, allocation request: 524280 bytes]
 81.210: [G1Ergonomics (Heap Sizing) expand the heap, requested expansion amount: 524280 bytes, attempted expansion amount: 1048576 bytes]
 81.211: [G1Ergonomics (Heap Sizing) attempt heap expansion, reason: region allocation request failed, allocation request: 524280 bytes]
 81.211: [G1Ergonomics (Heap Sizing) expand the heap, requested expansion amount: 524280 bytes, attempted expansion amount: 1048576 bytes]
 81.226: [G1Ergonomics (Heap Sizing) attempt heap expansion, reason: region allocation request failed, allocation request: 524280 bytes]
 81.226: [G1Ergonomics (Heap Sizing) expand the heap, requested expansion amount: 524280 bytes, attempted expansion amount: 1048576 bytes]
 81.228: [G1Ergonomics (Heap Sizing) attempt heap expansion, reason: region allocation request failed, allocation request: 524280 bytes]
 81.229: [G1Ergonomics (Heap Sizing) expand the heap, requested expansion amount: 524280 bytes, attempted expansion amount: 1048576 bytes]
 81.229: [G1Ergonomics (Heap Sizing) attempt heap expansion, reason: region allocation request failed, allocation request: 524280 bytes]
 81.229: [G1Ergonomics (Heap Sizing) expand the heap, requested expansion amount: 524280 bytes, attempted expansion amount: 1048576 bytes]
 81.232: [G1Ergonomics (Heap Sizing) attempt heap expansion, reason: region allocation request failed, allocation request: 524280 bytes]
 81.232: [G1Ergonomics (Heap Sizing) expand the heap, requested expansion amount: 524280 bytes, attempted expansion amount: 1048576 bytes]
 81.233: [G1Ergonomics (Heap Sizing) attempt heap expansion, reason: region allocation request failed, allocation request: 524280 bytes]
 81.233: [G1Ergonomics (Heap Sizing) expand the heap, requested expansion amount: 524280 bytes, attempted expansion amount: 1048576 bytes]
 81.235: [G1Ergonomics (Heap Sizing) attempt heap expansion, reason: region allocation request failed, allocation request: 524280 bytes]
 81.235: [G1Ergonomics (Heap Sizing) expand the heap, requested expansion amount: 524280 bytes, attempted expansion amount: 1048576 bytes]
 81.237: [G1Ergonomics (Heap Sizing) attempt heap expansion, reason: region allocation request failed, allocation request: 524280 bytes]
 81.237: [G1Ergonomics (Heap Sizing) expand the heap, requested expansion amount: 524280 bytes, attempted expansion amount: 1048576 bytes]
 81.239: [G1Ergonomics (Heap Sizing) attempt heap expansion, reason: region allocation request failed, allocation request: 524280 bytes]
 81.239: [G1Ergonomics (Heap Sizing) expand the heap, requested expansion amount: 524280 bytes, attempted expansion amount: 1048576 bytes]
 81.242: [G1Ergonomics (Heap Sizing) attempt heap expansion, reason: region allocation request failed, allocation request: 524280 bytes]
 81.242: [G1Ergonomics (Heap Sizing) expand the heap, requested expansion amount: 524280 bytes, attempted expansion amount: 1048576 bytes]
 81.246: [G1Ergonomics (Heap Sizing) attempt heap expansion, reason: region allocation request failed, allocation request: 524280 bytes]
 81.251: [G1Ergonomics (Heap Sizing) expand the heap, requested expansion amount: 524280 bytes, attempted expansion amount: 1048576 bytes]
 81.254: [G1Ergonomics (Heap Sizing) attempt heap expansion, reason: region allocation request failed, allocation request: 524280 bytes]
 81.254: [G1Ergonomics (Heap Sizing) expand the heap, requested expansion amount: 524280 bytes, attempted expansion amount: 1048576 bytes]
 81.255: [G1Ergonomics (Heap Sizing) attempt heap expansion, reason: region allocation request failed, allocation request: 524280 bytes]
 81.255: [G1Ergonomics (Heap Sizing) expand the heap, requested expansion amount: 524280 bytes, attempted expansion amount: 1048576 bytes]
 81.258: [G1Ergonomics (Heap Sizing) attempt heap expansion, reason: region allocation request failed, allocation request: 524280 bytes]
 81.258: [G1Ergonomics (Heap Sizing) expand the heap, requested expansion amount: 524280 bytes, attempted expansion amount: 1048576 bytes]
 81.262: [G1Ergonomics (Heap Sizing) attempt heap expansion, reason: region allocation request failed, allocation request: 524280 bytes]
 81.262: [G1Ergonomics (Heap Sizing) expand the heap, requested expansion amount: 524280 bytes, attempted expansion amount: 1048576 bytes]
 81.262: [G1Ergonomics (Heap Sizing) attempt heap expansion, reason: region allocation request failed, allocation request: 524280 bytes]
 81.262: [G1Ergonomics (Heap Sizing) expand the heap, requested expansion amount: 524280 bytes, attempted expansion amount: 1048576 bytes]
 81.264: [G1Ergonomics (Heap Sizing) attempt heap expansion, reason: region allocation request failed, allocation request: 524280 bytes]
 81.264: [G1Ergonomics (Heap Sizing) expand the heap, requested expansion amount: 524280 bytes, attempted expansion amount: 1048576 bytes]
 81.267: [G1Ergonomics (Heap Sizing) attempt heap expansion, reason: region allocation request failed, allocation request: 524280 bytes]
 81.267: [G1Ergonomics (Heap Sizing) expand the heap, requested expansion amount: 524280 bytes, attempted expansion amount: 1048576 bytes]
 81.267: [G1Ergonomics (Heap Sizing) attempt heap expansion, reason: region allocation request failed, allocation request: 524280 bytes]
 81.267: [G1Ergonomics (Heap Sizing) expand the heap, requested expansion amount: 524280 bytes, attempted expansion amount: 1048576 bytes]
 81.268: [G1Ergonomics (Heap Sizing) attempt heap expansion, reason: region allocation request failed, allocation request: 524280 bytes]
 81.268: [G1Ergonomics (Heap Sizing) expand the heap, requested expansion amount: 524280 bytes, attempted expansion amount: 1048576 bytes]
 81.271: [G1Ergonomics (Heap Sizing) attempt heap expansion, reason: region allocation request failed, allocation request: 524280 bytes]
 81.271: [G1Ergonomics (Heap Sizing) expand the heap, requested expansion amount: 524280 bytes, attempted expansion amount: 1048576 bytes]
 81.272: [G1Ergonomics (Heap Sizing) attempt heap expansion, reason: region allocation request failed, allocation request: 524280 bytes]
 81.272: [G1Ergonomics (Heap Sizing) expand the heap, requested expansion amount: 524280 bytes, attempted expansion amount: 1048576 bytes]
 81.274: [G1Ergonomics (Heap Sizing) attempt heap expansion, reason: region allocation request failed, allocation request: 524280 bytes]
 81.274: [G1Ergonomics (Heap Sizing) expand the heap, requested expansion amount: 524280 bytes, attempted expansion amount: 1048576 bytes]
 81.277: [G1Ergonomics (Heap Sizing) attempt heap expansion, reason: region allocation request failed, allocation request: 524280 bytes]
 81.277: [G1Ergonomics (Heap Sizing) expand the heap, requested expansion amount: 524280 bytes, attempted expansion amount: 1048576 bytes]
 81.278: [G1Ergonomics (Heap Sizing) attempt heap expansion, reason: region allocation request failed, allocation request: 524280 bytes]
 81.278: [G1Ergonomics (Heap Sizing) expand the heap, requested expansion amount: 524280 bytes, attempted expansion amount: 1048576 bytes]
 81.281: [G1Ergonomics (Heap Sizing) attempt heap expansion, reason: region allocation request failed, allocation request: 524280 bytes]
 81.281: [G1Ergonomics (Heap Sizing) expand the heap, requested expansion amount: 524280 bytes, attempted expansion amount: 1048576 bytes]
 81.282: [G1Ergonomics (Heap Sizing) attempt heap expansion, reason: region allocation request failed, allocation request: 524280 bytes]
 81.282: [G1Ergonomics (Heap Sizing) expand the heap, requested expansion amount: 524280 bytes, attempted expansion amount: 1048576 bytes]
 81.282: [G1Ergonomics (Heap Sizing) attempt heap expansion, reason: region allocation request failed, allocation request: 524280 bytes]
 81.282: [G1Ergonomics (Heap Sizing) expand the heap, requested expansion amount: 524280 bytes, attempted expansion amount: 1048576 bytes]
 81.284: [G1Ergonomics (Heap Sizing) attempt heap expansion, reason: region allocation request failed, allocation request: 524280 bytes]
 81.284: [G1Ergonomics (Heap Sizing) expand the heap, requested expansion amount: 524280 bytes, attempted expansion amount: 1048576 bytes]
 81.286: [G1Ergonomics (Heap Sizing) attempt heap expansion, reason: region allocation request failed, allocation request: 524280 bytes]
 81.286: [G1Ergonomics (Heap Sizing) expand the heap, requested expansion amount: 524280 bytes, attempted expansion amount: 1048576 bytes]
 81.287: [G1Ergonomics (Heap Sizing) attempt heap expansion, reason: region allocation request failed, allocation request: 524280 bytes]
 81.287: [G1Ergonomics (Heap Sizing) expand the heap, requested expansion amount: 524280 bytes, attempted expansion amount: 1048576 bytes]
 81.287: [G1Ergonomics (Heap Sizing) attempt heap expansion, reason: region allocation request failed, allocation request: 524280 bytes]
 81.287: [G1Ergonomics (Heap Sizing) expand the heap, requested expansion amount: 524280 bytes, attempted expansion amount: 1048576 bytes]
 81.290: [G1Ergonomics (Heap Sizing) attempt heap expansion, reason: region allocation request failed, allocation request: 524280 bytes]
 81.290: [G1Ergonomics (Heap Sizing) expand the heap, requested expansion amount: 524280 bytes, attempted expansion amount: 1048576 bytes]
 81.293: [G1Ergonomics (Heap Sizing) attempt heap expansion, reason: region allocation request failed, allocation request: 524280 bytes]
 81.293: [G1Ergonomics (Heap Sizing) expand the heap, requested expansion amount: 524280 bytes, attempted expansion amount: 1048576 bytes]
 81.295: [G1Ergonomics (Heap Sizing) attempt heap expansion, reason: region allocation request failed, allocation request: 524280 bytes]
 81.295: [G1Ergonomics (Heap Sizing) expand the heap, requested expansion amount: 524280 bytes, attempted expansion amount: 1048576 bytes]
 81.299: [G1Ergonomics (Heap Sizing) attempt heap expansion, reason: region allocation request failed, allocation request: 524280 bytes]
 81.299: [G1Ergonomics (Heap Sizing) expand the heap, requested expansion amount: 524280 bytes, attempted expansion amount: 1048576 bytes]
 81.301: [G1Ergonomics (Heap Sizing) attempt heap expansion, reason: region allocation request failed, allocation request: 524280 bytes]
 81.301: [G1Ergonomics (Heap Sizing) expand the heap, requested expansion amount: 524280 bytes, attempted expansion amount: 1048576 bytes]
 81.301: [G1Ergonomics (Heap Sizing) attempt heap expansion, reason: region allocation request failed, allocation request: 524280 bytes]
 81.301: [G1Ergonomics (Heap Sizing) expand the heap, requested expansion amount: 524280 bytes, attempted expansion amount: 1048576 bytes]
 81.304: [G1Ergonomics (Heap Sizing) attempt heap expansion, reason: region allocation request failed, allocation request: 524280 bytes]
 81.304: [G1Ergonomics (Heap Sizing) expand the heap, requested expansion amount: 524280 bytes, attempted expansion amount: 1048576 bytes]
 81.305: [G1Ergonomics (Heap Sizing) attempt heap expansion, reason: region allocation request failed, allocation request: 524280 bytes]
 81.305: [G1Ergonomics (Heap Sizing) expand the heap, requested expansion amount: 524280 bytes, attempted expansion amount: 1048576 bytes]
 81.305: [G1Ergonomics (Heap Sizing) attempt heap expansion, reason: region allocation request failed, allocation request: 524280 bytes]
 81.305: [G1Ergonomics (Heap Sizing) expand the heap, requested expansion amount: 524280 bytes, attempted expansion amount: 1048576 bytes]
 81.307: [G1Ergonomics (Heap Sizing) attempt heap expansion, reason: region allocation request failed, allocation request: 524280 bytes]
 81.307: [G1Ergonomics (Heap Sizing) expand the heap, requested expansion amount: 524280 bytes, attempted expansion amount: 1048576 bytes]
 81.310: [G1Ergonomics (Heap Sizing) attempt heap expansion, reason: region allocation request failed, allocation request: 524280 bytes]
 81.313: [G1Ergonomics (Heap Sizing) expand the heap, requested expansion amount: 524280 bytes, attempted expansion amount: 1048576 bytes]
 81.313: [G1Ergonomics (Heap Sizing) attempt heap expansion, reason: region allocation request failed, allocation request: 524280 bytes]
 81.313: [G1Ergonomics (Heap Sizing) expand the heap, requested expansion amount: 524280 bytes, attempted expansion amount: 1048576 bytes]
 81.315: [G1Ergonomics (Heap Sizing) attempt heap expansion, reason: region allocation request failed, allocation request: 524280 bytes]
 81.315: [G1Ergonomics (Heap Sizing) expand the heap, requested expansion amount: 524280 bytes, attempted expansion amount: 1048576 bytes]
 81.319: [G1Ergonomics (Heap Sizing) attempt heap expansion, reason: region allocation request failed, allocation request: 524280 bytes]
 81.319: [G1Ergonomics (Heap Sizing) expand the heap, requested expansion amount: 524280 bytes, attempted expansion amount: 1048576 bytes]
 81.320: [G1Ergonomics (Heap Sizing) attempt heap expansion, reason: region allocation request failed, allocation request: 524280 bytes]
 81.320: [G1Ergonomics (Heap Sizing) expand the heap, requested expansion amount: 524280 bytes, attempted expansion amount: 1048576 bytes]
 81.321: [G1Ergonomics (Heap Sizing) attempt heap expansion, reason: region allocation request failed, allocation request: 524280 bytes]
 81.321: [G1Ergonomics (Heap Sizing) expand the heap, requested expansion amount: 524280 bytes, attempted expansion amount: 1048576 bytes]
 81.326: [G1Ergonomics (Heap Sizing) attempt heap expansion, reason: region allocation request failed, allocation request: 524280 bytes]
 81.326: [G1Ergonomics (Heap Sizing) expand the heap, requested expansion amount: 524280 bytes, attempted expansion amount: 1048576 bytes]
 81.326: [G1Ergonomics (Heap Sizing) attempt heap expansion, reason: region allocation request failed, allocation request: 524280 bytes]
 81.326: [G1Ergonomics (Heap Sizing) expand the heap, requested expansion amount: 524280 bytes, attempted expansion amount: 1048576 bytes]
 81.327: [G1Ergonomics (Heap Sizing) attempt heap expansion, reason: region allocation request failed, allocation request: 524280 bytes]
 81.327: [G1Ergonomics (Heap Sizing) expand the heap, requested expansion amount: 524280 bytes, attempted expansion amount: 1048576 bytes]
 81.328: [G1Ergonomics (Heap Sizing) attempt heap expansion, reason: region allocation request failed, allocation request: 524280 bytes]
 81.328: [G1Ergonomics (Heap Sizing) expand the heap, requested expansion amount: 524280 bytes, attempted expansion amount: 1048576 bytes]
 81.331: [G1Ergonomics (Heap Sizing) attempt heap expansion, reason: region allocation request failed, allocation request: 524280 bytes]
 81.332: [G1Ergonomics (Heap Sizing) expand the heap, requested expansion amount: 524280 bytes, attempted expansion amount: 1048576 bytes]
 81.332: [G1Ergonomics (Heap Sizing) attempt heap expansion, reason: region allocation request failed, allocation request: 524280 bytes]
 81.332: [G1Ergonomics (Heap Sizing) expand the heap, requested expansion amount: 524280 bytes, attempted expansion amount: 1048576 bytes]
 81.333: [G1Ergonomics (Heap Sizing) attempt heap expansion, reason: region allocation request failed, allocation request: 524280 bytes]
 81.333: [G1Ergonomics (Heap Sizing) expand the heap, requested expansion amount: 524280 bytes, attempted expansion amount: 1048576 bytes]
 81.336: [G1Ergonomics (Heap Sizing) attempt heap expansion, reason: region allocation request failed, allocation request: 524280 bytes]
 81.336: [G1Ergonomics (Heap Sizing) expand the heap, requested expansion amount: 524280 bytes, attempted expansion amount: 1048576 bytes]
 81.337: [G1Ergonomics (Heap Sizing) attempt heap expansion, reason: region allocation request failed, allocation request: 524280 bytes]
 81.337: [G1Ergonomics (Heap Sizing) expand the heap, requested expansion amount: 524280 bytes, attempted expansion amount: 1048576 bytes]
 81.339: [G1Ergonomics (Heap Sizing) attempt heap expansion, reason: region allocation request failed, allocation request: 524280 bytes]
 81.339: [G1Ergonomics (Heap Sizing) expand the heap, requested expansion amount: 524280 bytes, attempted expansion amount: 1048576 bytes]
 81.340: [G1Ergonomics (Heap Sizing) attempt heap expansion, reason: region allocation request failed, allocation request: 524280 bytes]
 81.340: [G1Ergonomics (Heap Sizing) expand the heap, requested expansion amount: 524280 bytes, attempted expansion amount: 1048576 bytes]
 81.344: [G1Ergonomics (Heap Sizing) attempt heap expansion, reason: region allocation request failed, allocation request: 524280 bytes]
 81.344: [G1Ergonomics (Heap Sizing) expand the heap, requested expansion amount: 524280 bytes, attempted expansion amount: 1048576 bytes]
 81.351: [G1Ergonomics (Heap Sizing) attempt heap expansion, reason: region allocation request failed, allocation request: 524280 bytes]
 81.351: [G1Ergonomics (Heap Sizing) expand the heap, requested expansion amount: 524280 bytes, attempted expansion amount: 1048576 bytes]
 81.352: [G1Ergonomics (Heap Sizing) attempt heap expansion, reason: region allocation request failed, allocation request: 524280 bytes]
 81.352: [G1Ergonomics (Heap Sizing) expand the heap, requested expansion amount: 524280 bytes, attempted expansion amount: 1048576 bytes]
 81.353: [G1Ergonomics (Heap Sizing) attempt heap expansion, reason: region allocation request failed, allocation request: 524280 bytes]
 81.353: [G1Ergonomics (Heap Sizing) expand the heap, requested expansion amount: 524280 bytes, attempted expansion amount: 1048576 bytes]
 81.354: [G1Ergonomics (Heap Sizing) attempt heap expansion, reason: region allocation request failed, allocation request: 524280 bytes]
 81.354: [G1Ergonomics (Heap Sizing) expand the heap, requested expansion amount: 524280 bytes, attempted expansion amount: 1048576 bytes]
 81.359: [G1Ergonomics (Heap Sizing) attempt heap expansion, reason: region allocation request failed, allocation request: 524280 bytes]
 81.359: [G1Ergonomics (Heap Sizing) expand the heap, requested expansion amount: 524280 bytes, attempted expansion amount: 1048576 bytes]
 81.362: [G1Ergonomics (Heap Sizing) attempt heap expansion, reason: region allocation request failed, allocation request: 524280 bytes]
 81.362: [G1Ergonomics (Heap Sizing) expand the heap, requested expansion amount: 524280 bytes, attempted expansion amount: 1048576 bytes]
 81.362: [G1Ergonomics (Heap Sizing) attempt heap expansion, reason: region allocation request failed, allocation request: 524280 bytes]
 81.363: [G1Ergonomics (Heap Sizing) expand the heap, requested expansion amount: 524280 bytes, attempted expansion amount: 1048576 bytes]
 81.365: [G1Ergonomics (Heap Sizing) attempt heap expansion, reason: region allocation request failed, allocation request: 524280 bytes]
 81.365: [G1Ergonomics (Heap Sizing) expand the heap, requested expansion amount: 524280 bytes, attempted expansion amount: 1048576 bytes]
 81.367: [G1Ergonomics (Heap Sizing) attempt heap expansion, reason: region allocation request failed, allocation request: 524280 bytes]
 81.367: [G1Ergonomics (Heap Sizing) expand the heap, requested expansion amount: 524280 bytes, attempted expansion amount: 1048576 bytes]
 81.368: [G1Ergonomics (Heap Sizing) attempt heap expansion, reason: region allocation request failed, allocation request: 524280 bytes]
 81.368: [G1Ergonomics (Heap Sizing) expand the heap, requested expansion amount: 524280 bytes, attempted expansion amount: 1048576 bytes]
 81.369: [G1Ergonomics (Heap Sizing) attempt heap expansion, reason: region allocation request failed, allocation request: 524280 bytes]
 81.369: [G1Ergonomics (Heap Sizing) expand the heap, requested expansion amount: 524280 bytes, attempted expansion amount: 1048576 bytes]
 81.372: [G1Ergonomics (Heap Sizing) attempt heap expansion, reason: region allocation request failed, allocation request: 524280 bytes]
 81.372: [G1Ergonomics (Heap Sizing) expand the heap, requested expansion amount: 524280 bytes, attempted expansion amount: 1048576 bytes]
 81.374: [G1Ergonomics (Heap Sizing) attempt heap expansion, reason: region allocation request failed, allocation request: 524280 bytes]
 81.374: [G1Ergonomics (Heap Sizing) expand the heap, requested expansion amount: 524280 bytes, attempted expansion amount: 1048576 bytes]
 81.377: [G1Ergonomics (Heap Sizing) attempt heap expansion, reason: region allocation request failed, allocation request: 524280 bytes]
 81.377: [G1Ergonomics (Heap Sizing) expand the heap, requested expansion amount: 524280 bytes, attempted expansion amount: 1048576 bytes]
 81.377: [G1Ergonomics (Heap Sizing) attempt heap expansion, reason: region allocation request failed, allocation request: 524280 bytes]
 81.377: [G1Ergonomics (Heap Sizing) expand the heap, requested expansion amount: 524280 bytes, attempted expansion amount: 1048576 bytes]
 81.381: [G1Ergonomics (Heap Sizing) attempt heap expansion, reason: region allocation request failed, allocation request: 524280 bytes]
 81.381: [G1Ergonomics (Heap Sizing) expand the heap, requested expansion amount: 524280 bytes, attempted expansion amount: 1048576 bytes]
 81.381: [G1Ergonomics (Heap Sizing) attempt heap expansion, reason: region allocation request failed, allocation request: 524280 bytes]
 81.381: [G1Ergonomics (Heap Sizing) expand the heap, requested expansion amount: 524280 bytes, attempted expansion amount: 1048576 bytes]
 81.382: [G1Ergonomics (Heap Sizing) attempt heap expansion, reason: region allocation request failed, allocation request: 524280 bytes]
 81.382: [G1Ergonomics (Heap Sizing) expand the heap, requested expansion amount: 524280 bytes, attempted expansion amount: 1048576 bytes]
 81.383: [G1Ergonomics (Heap Sizing) attempt heap expansion, reason: region allocation request failed, allocation request: 524280 bytes]
 81.383: [G1Ergonomics (Heap Sizing) expand the heap, requested expansion amount: 524280 bytes, attempted expansion amount: 1048576 bytes]
 81.384: [G1Ergonomics (Heap Sizing) attempt heap expansion, reason: region allocation request failed, allocation request: 524280 bytes]
 81.384: [G1Ergonomics (Heap Sizing) expand the heap, requested expansion amount: 524280 bytes, attempted expansion amount: 1048576 bytes]
 81.385: [G1Ergonomics (Heap Sizing) attempt heap expansion, reason: region allocation request failed, allocation request: 524280 bytes]
 81.385: [G1Ergonomics (Heap Sizing) expand the heap, requested expansion amount: 524280 bytes, attempted expansion amount: 1048576 bytes]
 81.388: [G1Ergonomics (Concurrent Cycles) do not request concurrent cycle initiation, reason: still doing mixed collections, occupancy: 2229272576 bytes, allocation request: 0 bytes, threshold: 1827510660 bytes (45.00 %), source: end of GC]
 81.388: [G1Ergonomics (Mixed GCs) do not start mixed GCs, reason: reclaimable percentage not over threshold, candidate old regions: 122 regions, reclaimable: 54855112 bytes (1.35 %), threshold: 5.00 %]
, 0.2391337 secs]
   [Parallel Time: 229.6 ms, GC Workers: 8]
      [GC Worker Start (ms): Min: 81149.9, Avg: 81171.2, Max: 81179.6, Diff: 29.7]
      [Ext Root Scanning (ms): Min: 0.0, Avg: 0.4, Max: 3.3, Diff: 3.3, Sum: 3.4]
      [Update RS (ms): Min: 0.0, Avg: 7.4, Max: 56.0, Diff: 56.0, Sum: 59.1]
         [Processed Buffers: Min: 0, Avg: 9.1, Max: 39, Diff: 39, Sum: 73]
      [Scan RS (ms): Min: 0.0, Avg: 3.1, Max: 17.2, Diff: 17.2, Sum: 25.1]
      [Code Root Scanning (ms): Min: 0.0, Avg: 0.0, Max: 0.2, Diff: 0.2, Sum: 0.3]
      [Object Copy (ms): Min: 169.7, Avg: 196.9, Max: 204.0, Diff: 34.3, Sum: 1575.1]
      [Termination (ms): Min: 0.0, Avg: 0.1, Max: 0.2, Diff: 0.2, Sum: 0.9]
         [Termination Attempts: Min: 1, Avg: 74.0, Max: 132, Diff: 131, Sum: 592]
      [GC Worker Other (ms): Min: 0.0, Avg: 0.0, Max: 0.1, Diff: 0.1, Sum: 0.3]
      [GC Worker Total (ms): Min: 199.6, Avg: 208.0, Max: 229.2, Diff: 29.7, Sum: 1664.3]
      [GC Worker End (ms): Min: 81379.2, Avg: 81379.2, Max: 81379.3, Diff: 0.1]
   [Code Root Fixup: 0.1 ms]
   [Code Root Purge: 0.0 ms]
   [Clear CT: 0.4 ms]
   [Other: 9.0 ms]
      [Choose CSet: 0.0 ms]
      [Ref Proc: 5.3 ms]
      [Ref Enq: 0.0 ms]
      [Redirty Cards: 0.3 ms]
      [Humongous Register: 0.4 ms]
      [Humongous Reclaim: 2.0 ms]
      [Free CSet: 0.7 ms]
   [Eden: 356.0M(1181.0M)->0.0B(1261.0M) Survivors: 85.0M->49.0M Heap: 3765.6M(3780.0M)->2163.4M(3873.0M)]
 [Times: user=0.53 sys=0.09, real=0.24 secs] 
         vmop                    [threads: total initially_running wait_to_block]    [time: spin block sync cleanup vmop] page_trap_count
81.149: G1IncCollectionPause             [      32          0              1    ]      [     0     0     0     0   239    ]  0   
2017-11-17T21:50:30.217+0800: 81.389: Total time for which application threads were stopped: 0.2396124 seconds, Stopping threads took: 0.0000709 seconds
         vmop                    [threads: total initially_running wait_to_block]    [time: spin block sync cleanup vmop] page_trap_count
81.390: RevokeBias                       [      32          1              1    ]      [     0     0     0     0     0    ]  1   
2017-11-17T21:50:30.218+0800: 81.390: Total time for which application threads were stopped: 0.0002090 seconds, Stopping threads took: 0.0000813 seconds
         vmop                    [threads: total initially_running wait_to_block]    [time: spin block sync cleanup vmop] page_trap_count
81.390: RevokeBias                       [      32          1              1    ]      [     0     0     0     0     0    ]  1   
2017-11-17T21:50:30.218+0800: 81.390: Total time for which application threads were stopped: 0.0001378 seconds, Stopping threads took: 0.0000501 seconds
         vmop                    [threads: total initially_running wait_to_block]    [time: spin block sync cleanup vmop] page_trap_count
81.390: RevokeBias                       [      32          1              1    ]      [     0     0     0     0     0    ]  1   
2017-11-17T21:50:30.218+0800: 81.390: Total time for which application threads were stopped: 0.0001327 seconds, Stopping threads took: 0.0000503 seconds
         vmop                    [threads: total initially_running wait_to_block]    [time: spin block sync cleanup vmop] page_trap_count
81.390: RevokeBias                       [      32          1              1    ]      [     0     0     0     0     0    ]  1   
2017-11-17T21:50:30.218+0800: 81.390: Total time for which application threads were stopped: 0.0001256 seconds, Stopping threads took: 0.0000462 seconds
         vmop                    [threads: total initially_running wait_to_block]    [time: spin block sync cleanup vmop] page_trap_count
81.390: RevokeBias                       [      32          1              1    ]      [     0     0     0     0     0    ]  1   
2017-11-17T21:50:30.218+0800: 81.391: Total time for which application threads were stopped: 0.0001578 seconds, Stopping threads took: 0.0000613 seconds
         vmop                    [threads: total initially_running wait_to_block]    [time: spin block sync cleanup vmop] page_trap_count
81.391: RevokeBias                       [      32          1              1    ]      [     0     0     0     0     0    ]  1   
2017-11-17T21:50:30.219+0800: 81.391: Total time for which application threads were stopped: 0.0001238 seconds, Stopping threads took: 0.0000504 seconds
         vmop                    [threads: total initially_running wait_to_block]    [time: spin block sync cleanup vmop] page_trap_count
82.685: RevokeBias                       [      32          0              0    ]      [     0     0     0     0     0    ]  0   
2017-11-17T21:50:31.514+0800: 82.686: Total time for which application threads were stopped: 0.0002577 seconds, Stopping threads took: 0.0001252 seconds
 82.695: [G1Ergonomics (Concurrent Cycles) request concurrent cycle initiation, reason: occupancy higher than threshold, occupancy: 2229272576 bytes, allocation request: 437491632 bytes, threshold: 1827510660 bytes (45.00 %), source: concurrent humongous allocation]
 82.696: [G1Ergonomics (Concurrent Cycles) request concurrent cycle initiation, reason: requested by GC cause, GC cause: G1 Humongous Allocation]
 82.696: [G1Ergonomics (Concurrent Cycles) initiate concurrent cycle, reason: concurrent cycle initiation requested]
2017-11-17T21:50:31.523+0800: 82.696: [GC pause (G1 Humongous Allocation) (young) (initial-mark) 82.696: [G1Ergonomics (CSet Construction) start choosing CSet, _pending_cards: 25104, predicted base time: 60.76 ms, remaining time: 139.24 ms, target pause time: 200.00 ms]
 82.696: [G1Ergonomics (CSet Construction) add young regions to CSet, eden: 33 regions, survivors: 49 regions, predicted young region time: 29.22 ms]
 82.696: [G1Ergonomics (CSet Construction) finish choosing CSet, eden: 33 regions, survivors: 49 regions, old: 0 regions, predicted pause time: 89.98 ms, target pause time: 200.00 ms]
, 0.0528778 secs]
   [Parallel Time: 49.4 ms, GC Workers: 8]
      [GC Worker Start (ms): Min: 82696.3, Avg: 82696.6, Max: 82697.0, Diff: 0.7]
      [Ext Root Scanning (ms): Min: 1.6, Avg: 7.9, Max: 26.2, Diff: 24.6, Sum: 63.2]
      [Update RS (ms): Min: 0.0, Avg: 13.6, Max: 47.4, Diff: 47.4, Sum: 108.9]
         [Processed Buffers: Min: 0, Avg: 13.1, Max: 27, Diff: 27, Sum: 105]
      [Scan RS (ms): Min: 0.0, Avg: 0.0, Max: 0.1, Diff: 0.1, Sum: 0.2]
      [Code Root Scanning (ms): Min: 0.0, Avg: 0.0, Max: 0.3, Diff: 0.3, Sum: 0.3]
      [Object Copy (ms): Min: 0.2, Avg: 17.8, Max: 22.5, Diff: 22.3, Sum: 142.1]
      [Termination (ms): Min: 0.0, Avg: 9.6, Max: 11.1, Diff: 11.1, Sum: 77.0]
         [Termination Attempts: Min: 1, Avg: 7.6, Max: 13, Diff: 12, Sum: 61]
      [GC Worker Other (ms): Min: 0.0, Avg: 0.0, Max: 0.0, Diff: 0.0, Sum: 0.1]
      [GC Worker Total (ms): Min: 48.5, Avg: 49.0, Max: 49.2, Diff: 0.7, Sum: 391.7]
      [GC Worker End (ms): Min: 82745.5, Avg: 82745.5, Max: 82745.6, Diff: 0.0]
   [Code Root Fixup: 0.1 ms]
   [Code Root Purge: 0.0 ms]
   [Clear CT: 0.2 ms]
   [Other: 3.2 ms]
      [Choose CSet: 0.0 ms]
      [Ref Proc: 0.6 ms]
      [Ref Enq: 0.0 ms]
      [Redirty Cards: 0.3 ms]
      [Humongous Register: 0.1 ms]
      [Humongous Reclaim: 0.8 ms]
      [Free CSet: 0.2 ms]
   [Eden: 33.0M(1261.0M)->0.0B(1689.0M) Survivors: 49.0M->44.0M Heap: 2196.4M(3873.0M)->1741.2M(3873.0M)]
 [Times: user=0.25 sys=0.00, real=0.05 secs] 
         vmop                    [threads: total initially_running wait_to_block]    [time: spin block sync cleanup vmop] page_trap_count
82.695: G1IncCollectionPause             [      32          0              0    ]      [     0     0     0     0    53    ]  0   
2017-11-17T21:50:31.577+0800: 82.749: [GC concurrent-root-region-scan-start]
2017-11-17T21:50:31.577+0800: 82.749: Total time for which application threads were stopped: 0.0533198 seconds, Stopping threads took: 0.0000500 seconds
2017-11-17T21:50:31.590+0800: 82.762: [GC concurrent-root-region-scan-end, 0.0132196 secs]
2017-11-17T21:50:31.590+0800: 82.762: [GC concurrent-mark-start]
         vmop                    [threads: total initially_running wait_to_block]    [time: spin block sync cleanup vmop] page_trap_count
82.750: RevokeBias                       [      32          0              2    ]      [     0    77    77     0     0    ]  0   
2017-11-17T21:50:31.655+0800: 82.827: Total time for which application threads were stopped: 0.0775675 seconds, Stopping threads took: 0.0772604 seconds
         vmop                    [threads: total initially_running wait_to_block]    [time: spin block sync cleanup vmop] page_trap_count
82.827: RevokeBias                       [      32          0              0    ]      [     0     0     0     0     0    ]  0   
2017-11-17T21:50:31.655+0800: 82.828: Total time for which application threads were stopped: 0.0002130 seconds, Stopping threads took: 0.0001000 seconds
         vmop                    [threads: total initially_running wait_to_block]    [time: spin block sync cleanup vmop] page_trap_count
83.828: no vm operation                  [      32          0              1    ]      [     0     0     0     0     0    ]  0   
2017-11-17T21:50:32.656+0800: 83.828: Total time for which application threads were stopped: 0.0003273 seconds, Stopping threads took: 0.0001186 seconds
2017-11-17T21:50:32.676+0800: 83.848: [GC concurrent-mark-end, 1.0861767 secs]
2017-11-17T21:50:32.676+0800: 83.848: [GC remark 2017-11-17T21:50:32.676+0800: 83.849: [Finalize Marking, 0.0004815 secs] 2017-11-17T21:50:32.677+0800: 83.849: [GC ref-proc, 0.0003399 secs] 2017-11-17T21:50:32.677+0800: 83.849: [Unloading, 0.0047398 secs], 0.0113618 secs]
 [Times: user=0.05 sys=0.00, real=0.01 secs] 
         vmop                    [threads: total initially_running wait_to_block]    [time: spin block sync cleanup vmop] page_trap_count
83.848: CGC_Operation                    [      32          0              0    ]      [     0     0     0     0    11    ]  0   
2017-11-17T21:50:32.688+0800: 83.860: Total time for which application threads were stopped: 0.0116291 seconds, Stopping threads took: 0.0000680 seconds
2017-11-17T21:50:32.688+0800: 83.860: [GC cleanup 2240M->2240M(3873M), 0.0034510 secs]
 [Times: user=0.02 sys=0.00, real=0.00 secs] 
         vmop                    [threads: total initially_running wait_to_block]    [time: spin block sync cleanup vmop] page_trap_count
83.860: CGC_Operation                    [      32          0              0    ]      [     0     0     0     0     3    ]  0   
2017-11-17T21:50:32.692+0800: 83.864: Total time for which application threads were stopped: 0.0036828 seconds, Stopping threads took: 0.0000693 seconds
         vmop                    [threads: total initially_running wait_to_block]    [time: spin block sync cleanup vmop] page_trap_count
84.379: RevokeBias                       [      32          0              0    ]      [     0     0     0     0     0    ]  0   
2017-11-17T21:50:33.207+0800: 84.380: Total time for which application threads were stopped: 0.0002596 seconds, Stopping threads took: 0.0001328 seconds
         vmop                    [threads: total initially_running wait_to_block]    [time: spin block sync cleanup vmop] page_trap_count
85.918: BulkRevokeBias                   [      32          0              1    ]      [     0     0     0     0     0    ]  0   
2017-11-17T21:50:34.746+0800: 85.918: Total time for which application threads were stopped: 0.0002951 seconds, Stopping threads took: 0.0000766 seconds
         vmop                    [threads: total initially_running wait_to_block]    [time: spin block sync cleanup vmop] page_trap_count
85.920: RevokeBias                       [      32          0              0    ]      [     0     0     0     0     0    ]  0   
2017-11-17T21:50:34.748+0800: 85.920: Total time for which application threads were stopped: 0.0001135 seconds, Stopping threads took: 0.0000391 seconds
         vmop                    [threads: total initially_running wait_to_block]    [time: spin block sync cleanup vmop] page_trap_count
85.921: RevokeBias                       [      32          0              0    ]      [     0     0     0     0     0    ]  0   
2017-11-17T21:50:34.749+0800: 85.922: Total time for which application threads were stopped: 0.0001191 seconds, Stopping threads took: 0.0000325 seconds
         vmop                    [threads: total initially_running wait_to_block]    [time: spin block sync cleanup vmop] page_trap_count
85.923: RevokeBias                       [      32          1              1    ]      [     0     0     0     0     0    ]  0   
2017-11-17T21:50:34.751+0800: 85.923: Total time for which application threads were stopped: 0.0001632 seconds, Stopping threads took: 0.0000571 seconds
         vmop                    [threads: total initially_running wait_to_block]    [time: spin block sync cleanup vmop] page_trap_count
85.940: RevokeBias                       [      32          0              0    ]      [     0     0     0     0     0    ]  0   
2017-11-17T21:50:34.768+0800: 85.940: Total time for which application threads were stopped: 0.0002247 seconds, Stopping threads took: 0.0001034 seconds
         vmop                    [threads: total initially_running wait_to_block]    [time: spin block sync cleanup vmop] page_trap_count
85.964: RevokeBias                       [      32          0              0    ]      [     0     0     0     0     0    ]  0   
2017-11-17T21:50:34.792+0800: 85.964: Total time for which application threads were stopped: 0.0001787 seconds, Stopping threads took: 0.0000528 seconds
         vmop                    [threads: total initially_running wait_to_block]    [time: spin block sync cleanup vmop] page_trap_count
85.964: RevokeBias                       [      32          0              0    ]      [     0     0     0     0     0    ]  0   
2017-11-17T21:50:34.792+0800: 85.964: Total time for which application threads were stopped: 0.0000760 seconds, Stopping threads took: 0.0000173 seconds
         vmop                    [threads: total initially_running wait_to_block]    [time: spin block sync cleanup vmop] page_trap_count
85.964: RevokeBias                       [      32          0              0    ]      [     0     0     0     0     0    ]  0   
2017-11-17T21:50:34.792+0800: 85.964: Total time for which application threads were stopped: 0.0000676 seconds, Stopping threads took: 0.0000154 seconds
         vmop                    [threads: total initially_running wait_to_block]    [time: spin block sync cleanup vmop] page_trap_count
85.965: RevokeBias                       [      32          0              0    ]      [     0     0     0     0     0    ]  0   
2017-11-17T21:50:34.792+0800: 85.965: Total time for which application threads were stopped: 0.0000628 seconds, Stopping threads took: 0.0000147 seconds
         vmop                    [threads: total initially_running wait_to_block]    [time: spin block sync cleanup vmop] page_trap_count
85.965: RevokeBias                       [      32          0              2    ]      [     0     0     0     0     0    ]  0   
2017-11-17T21:50:34.793+0800: 85.966: Total time for which application threads were stopped: 0.0002435 seconds, Stopping threads took: 0.0001339 seconds
         vmop                    [threads: total initially_running wait_to_block]    [time: spin block sync cleanup vmop] page_trap_count
85.966: RevokeBias                       [      32          0              1    ]      [     0     0     0     0     0    ]  0   
2017-11-17T21:50:34.794+0800: 85.966: Total time for which application threads were stopped: 0.0001960 seconds, Stopping threads took: 0.0000993 seconds
         vmop                    [threads: total initially_running wait_to_block]    [time: spin block sync cleanup vmop] page_trap_count
85.967: RevokeBias                       [      32          0              1    ]      [     0     0     0     0     0    ]  0   
2017-11-17T21:50:34.795+0800: 85.967: Total time for which application threads were stopped: 0.0001661 seconds, Stopping threads took: 0.0000829 seconds
         vmop                    [threads: total initially_running wait_to_block]    [time: spin block sync cleanup vmop] page_trap_count
85.967: RevokeBias                       [      32          0              0    ]      [     0     0     0     0     0    ]  0   
2017-11-17T21:50:34.795+0800: 85.967: Total time for which application threads were stopped: 0.0001002 seconds, Stopping threads took: 0.0000287 seconds
         vmop                    [threads: total initially_running wait_to_block]    [time: spin block sync cleanup vmop] page_trap_count
85.967: RevokeBias                       [      32          0              0    ]      [     0     0     0     0     0    ]  0   
2017-11-17T21:50:34.795+0800: 85.967: Total time for which application threads were stopped: 0.0000857 seconds, Stopping threads took: 0.0000251 seconds
         vmop                    [threads: total initially_running wait_to_block]    [time: spin block sync cleanup vmop] page_trap_count
85.968: RevokeBias                       [      32          2              1    ]      [     0     0     0     0     0    ]  0   
2017-11-17T21:50:34.796+0800: 85.968: Total time for which application threads were stopped: 0.0002127 seconds, Stopping threads took: 0.0001182 seconds
         vmop                    [threads: total initially_running wait_to_block]    [time: spin block sync cleanup vmop] page_trap_count
85.969: RevokeBias                       [      32          1              1    ]      [     0     0     0     0     0    ]  0   
2017-11-17T21:50:34.797+0800: 85.969: Total time for which application threads were stopped: 0.0001567 seconds, Stopping threads took: 0.0000696 seconds
         vmop                    [threads: total initially_running wait_to_block]    [time: spin block sync cleanup vmop] page_trap_count
85.969: RevokeBias                       [      32          2              0    ]      [     0     0     0     0     0    ]  0   
2017-11-17T21:50:34.797+0800: 85.969: Total time for which application threads were stopped: 0.0002307 seconds, Stopping threads took: 0.0001374 seconds
         vmop                    [threads: total initially_running wait_to_block]    [time: spin block sync cleanup vmop] page_trap_count
85.970: BulkRevokeBias                   [      32          0              1    ]      [     0     0     0     0     0    ]  0   
2017-11-17T21:50:34.798+0800: 85.970: Total time for which application threads were stopped: 0.0003253 seconds, Stopping threads took: 0.0001026 seconds
         vmop                    [threads: total initially_running wait_to_block]    [time: spin block sync cleanup vmop] page_trap_count
85.970: RevokeBias                       [      32          0              1    ]      [     0     0     0     0     0    ]  0   
2017-11-17T21:50:34.798+0800: 85.971: Total time for which application threads were stopped: 0.0001781 seconds, Stopping threads took: 0.0000605 seconds
         vmop                    [threads: total initially_running wait_to_block]    [time: spin block sync cleanup vmop] page_trap_count
85.973: RevokeBias                       [      32          0              1    ]      [     0     0     0     0     0    ]  0   
2017-11-17T21:50:34.801+0800: 85.973: Total time for which application threads were stopped: 0.0003145 seconds, Stopping threads took: 0.0001139 seconds
         vmop                    [threads: total initially_running wait_to_block]    [time: spin block sync cleanup vmop] page_trap_count
85.974: RevokeBias                       [      32          0              1    ]      [     0     0     0     0     0    ]  0   
2017-11-17T21:50:34.802+0800: 85.974: Total time for which application threads were stopped: 0.0001825 seconds, Stopping threads took: 0.0000892 seconds
         vmop                    [threads: total initially_running wait_to_block]    [time: spin block sync cleanup vmop] page_trap_count
85.974: RevokeBias                       [      32          0              1    ]      [     0     0     0     0     0    ]  0   
2017-11-17T21:50:34.802+0800: 85.974: Total time for which application threads were stopped: 0.0001621 seconds, Stopping threads took: 0.0000712 seconds
         vmop                    [threads: total initially_running wait_to_block]    [time: spin block sync cleanup vmop] page_trap_count
85.974: RevokeBias                       [      32          0              1    ]      [     0     0     0     0     0    ]  0   
2017-11-17T21:50:34.802+0800: 85.975: Total time for which application threads were stopped: 0.0001660 seconds, Stopping threads took: 0.0000668 seconds
         vmop                    [threads: total initially_running wait_to_block]    [time: spin block sync cleanup vmop] page_trap_count
85.975: RevokeBias                       [      32          1              0    ]      [     0     0     0     0     0    ]  0   
2017-11-17T21:50:34.803+0800: 85.975: Total time for which application threads were stopped: 0.0001558 seconds, Stopping threads took: 0.0000747 seconds
         vmop                    [threads: total initially_running wait_to_block]    [time: spin block sync cleanup vmop] page_trap_count
85.975: RevokeBias                       [      32          0              1    ]      [     0     0     0     0     0    ]  0   
2017-11-17T21:50:34.803+0800: 85.975: Total time for which application threads were stopped: 0.0001760 seconds, Stopping threads took: 0.0000826 seconds
         vmop                    [threads: total initially_running wait_to_block]    [time: spin block sync cleanup vmop] page_trap_count
85.976: RevokeBias                       [      32          0              1    ]      [     0     0     0     0     0    ]  0   
2017-11-17T21:50:34.805+0800: 85.977: Total time for which application threads were stopped: 0.0003497 seconds, Stopping threads took: 0.0001386 seconds
         vmop                    [threads: total initially_running wait_to_block]    [time: spin block sync cleanup vmop] page_trap_count
85.988: RevokeBias                       [      32          0              1    ]      [     0    11    12     0     0    ]  0   
2017-11-17T21:50:34.829+0800: 86.001: Total time for which application threads were stopped: 0.0127692 seconds, Stopping threads took: 0.0124944 seconds
         vmop                    [threads: total initially_running wait_to_block]    [time: spin block sync cleanup vmop] page_trap_count
86.001: RevokeBias                       [      32          0              1    ]      [     0     0     0     0     0    ]  0   
2017-11-17T21:50:34.829+0800: 86.001: Total time for which application threads were stopped: 0.0001837 seconds, Stopping threads took: 0.0000904 seconds
         vmop                    [threads: total initially_running wait_to_block]    [time: spin block sync cleanup vmop] page_trap_count
86.002: RevokeBias                       [      32          1              1    ]      [     0     0     0     0     0    ]  0   
2017-11-17T21:50:34.830+0800: 86.002: Total time for which application threads were stopped: 0.0002275 seconds, Stopping threads took: 0.0001258 seconds
         vmop                    [threads: total initially_running wait_to_block]    [time: spin block sync cleanup vmop] page_trap_count
86.002: RevokeBias                       [      32          0              1    ]      [     0     0     0     0     0    ]  0   
2017-11-17T21:50:34.830+0800: 86.002: Total time for which application threads were stopped: 0.0001938 seconds, Stopping threads took: 0.0000741 seconds
         vmop                    [threads: total initially_running wait_to_block]    [time: spin block sync cleanup vmop] page_trap_count
86.005: RevokeBias                       [      32          1              2    ]      [     1     0     1     0     0    ]  0   
2017-11-17T21:50:34.835+0800: 86.007: Total time for which application threads were stopped: 0.0016369 seconds, Stopping threads took: 0.0014692 seconds
         vmop                    [threads: total initially_running wait_to_block]    [time: spin block sync cleanup vmop] page_trap_count
86.009: RevokeBias                       [      32          0              0    ]      [     0     0     0     0     0    ]  0   
2017-11-17T21:50:34.837+0800: 86.009: Total time for which application threads were stopped: 0.0002061 seconds, Stopping threads took: 0.0000920 seconds
 86.016: [G1Ergonomics (Concurrent Cycles) do not request concurrent cycle initiation, reason: still doing mixed collections, occupancy: 2229272576 bytes, allocation request: 16777232 bytes, threshold: 1827510660 bytes (45.00 %), source: concurrent humongous allocation]
         vmop                    [threads: total initially_running wait_to_block]    [time: spin block sync cleanup vmop] page_trap_count
86.027: Deoptimize                       [      32          1              0    ]      [     0     0     0     0     0    ]  0   
2017-11-17T21:50:34.856+0800: 86.028: Total time for which application threads were stopped: 0.0008238 seconds, Stopping threads took: 0.0001416 seconds
 86.028: [G1Ergonomics (Concurrent Cycles) do not request concurrent cycle initiation, reason: still doing mixed collections, occupancy: 2247098368 bytes, allocation request: 437491632 bytes, threshold: 1827510660 bytes (45.00 %), source: concurrent humongous allocation]
         vmop                    [threads: total initially_running wait_to_block]    [time: spin block sync cleanup vmop] page_trap_count
86.056: RevokeBias                       [      32          0              1    ]      [     0    51    52     0     0    ]  0   
2017-11-17T21:50:34.936+0800: 86.108: Total time for which application threads were stopped: 0.0522927 seconds, Stopping threads took: 0.0520231 seconds
         vmop                    [threads: total initially_running wait_to_block]    [time: spin block sync cleanup vmop] page_trap_count
86.115: RevokeBias                       [      32          0              1    ]      [     0     0     0     0     0    ]  0   
2017-11-17T21:50:34.943+0800: 86.116: Total time for which application threads were stopped: 0.0003528 seconds, Stopping threads took: 0.0001121 seconds
         vmop                    [threads: total initially_running wait_to_block]    [time: spin block sync cleanup vmop] page_trap_count
86.163: RevokeBias                       [      32          0              0    ]      [     0     0     0     0     0    ]  0   
2017-11-17T21:50:34.991+0800: 86.164: Total time for which application threads were stopped: 0.0002989 seconds, Stopping threads took: 0.0000641 seconds
         vmop                    [threads: total initially_running wait_to_block]    [time: spin block sync cleanup vmop] page_trap_count
86.171: RevokeBias                       [      32          0              0    ]      [     0     0     0     0     0    ]  0   
2017-11-17T21:50:34.999+0800: 86.171: Total time for which application threads were stopped: 0.0002218 seconds, Stopping threads took: 0.0000549 seconds
         vmop                    [threads: total initially_running wait_to_block]    [time: spin block sync cleanup vmop] page_trap_count
86.229: RevokeBias                       [      32          0              0    ]      [     0     0     0     0     0    ]  0   
2017-11-17T21:50:35.057+0800: 86.229: Total time for which application threads were stopped: 0.0002213 seconds, Stopping threads took: 0.0000539 seconds
         vmop                    [threads: total initially_running wait_to_block]    [time: spin block sync cleanup vmop] page_trap_count
86.479: RevokeBias                       [      32          0              0    ]      [     0     0     0     0     0    ]  0   
2017-11-17T21:50:35.307+0800: 86.479: Total time for which application threads were stopped: 0.0002446 seconds, Stopping threads took: 0.0000526 seconds
         vmop                    [threads: total initially_running wait_to_block]    [time: spin block sync cleanup vmop] page_trap_count
86.670: BulkRevokeBias                   [      32          0              0    ]      [     0     0     0     0     0    ]  0   
2017-11-17T21:50:35.499+0800: 86.671: Total time for which application threads were stopped: 0.0003882 seconds, Stopping threads took: 0.0000651 seconds
         vmop                    [threads: total initially_running wait_to_block]    [time: spin block sync cleanup vmop] page_trap_count
86.671: RevokeBias                       [      32          0              0    ]      [     0     0     0     0     0    ]  0   
2017-11-17T21:50:35.499+0800: 86.671: Total time for which application threads were stopped: 0.0000788 seconds, Stopping threads took: 0.0000225 seconds
         vmop                    [threads: total initially_running wait_to_block]    [time: spin block sync cleanup vmop] page_trap_count
86.671: RevokeBias                       [      32          0              0    ]      [     0     0     0     0     0    ]  0   
2017-11-17T21:50:35.499+0800: 86.671: Total time for which application threads were stopped: 0.0000927 seconds, Stopping threads took: 0.0000175 seconds
 86.673: [G1Ergonomics (Concurrent Cycles) do not request concurrent cycle initiation, reason: still doing mixed collections, occupancy: 2685403136 bytes, allocation request: 437491632 bytes, threshold: 1827510660 bytes (45.00 %), source: concurrent humongous allocation]
         vmop                    [threads: total initially_running wait_to_block]    [time: spin block sync cleanup vmop] page_trap_count
86.677: RevokeBias                       [      32          0              1    ]      [     0    71    71     0     0    ]  0   
2017-11-17T21:50:35.577+0800: 86.750: Total time for which application threads were stopped: 0.0721046 seconds, Stopping threads took: 0.0718192 seconds
 87.518: [G1Ergonomics (Concurrent Cycles) do not request concurrent cycle initiation, reason: still doing mixed collections, occupancy: 3123707904 bytes, allocation request: 437491632 bytes, threshold: 1827510660 bytes (45.00 %), source: concurrent humongous allocation]
 87.518: [G1Ergonomics (Heap Sizing) attempt heap expansion, reason: humongous allocation request failed, allocation request: 437491632 bytes]
         vmop                    [threads: total initially_running wait_to_block]    [time: spin block sync cleanup vmop] page_trap_count
87.750: no vm operation                  [      32          1              1    ]      [     9     0     9     0     0    ]  1   
2017-11-17T21:50:36.587+0800: 87.759: Total time for which application threads were stopped: 0.0097038 seconds, Stopping threads took: 0.0095049 seconds
         vmop                    [threads: total initially_running wait_to_block]    [time: spin block sync cleanup vmop] page_trap_count
88.397: RevokeBias                       [      32          0              2    ]      [     0     0     0     0     0    ]  0   
2017-11-17T21:50:37.226+0800: 88.398: Total time for which application threads were stopped: 0.0002799 seconds, Stopping threads took: 0.0001166 seconds
         vmop                    [threads: total initially_running wait_to_block]    [time: spin block sync cleanup vmop] page_trap_count
88.398: RevokeBias                       [      32          1              1    ]      [     0     0     0     0     0    ]  0   
2017-11-17T21:50:37.226+0800: 88.398: Total time for which application threads were stopped: 0.0001285 seconds, Stopping threads took: 0.0000544 seconds
         vmop                    [threads: total initially_running wait_to_block]    [time: spin block sync cleanup vmop] page_trap_count
88.398: RevokeBias                       [      32          0              0    ]      [     0     0     0     0     0    ]  0   
2017-11-17T21:50:37.226+0800: 88.398: Total time for which application threads were stopped: 0.0001080 seconds, Stopping threads took: 0.0000195 seconds
 88.400: [G1Ergonomics (Concurrent Cycles) do not request concurrent cycle initiation, reason: still doing mixed collections, occupancy: 3562012672 bytes, allocation request: 437491632 bytes, threshold: 2024747820 bytes (45.00 %), source: concurrent humongous allocation]
 88.400: [G1Ergonomics (Heap Sizing) attempt heap expansion, reason: humongous allocation request failed, allocation request: 437491632 bytes]
         vmop                    [threads: total initially_running wait_to_block]    [time: spin block sync cleanup vmop] page_trap_count
88.413: RevokeBias                       [      32          0              1    ]      [     0   134   134     0     0    ]  0   
2017-11-17T21:50:37.376+0800: 88.548: Total time for which application threads were stopped: 0.1349504 seconds, Stopping threads took: 0.1346442 seconds
         vmop                    [threads: total initially_running wait_to_block]    [time: spin block sync cleanup vmop] page_trap_count
88.599: RevokeBias                       [      32          0              0    ]      [     0     0     0     0     0    ]  0   
2017-11-17T21:50:37.427+0800: 88.599: Total time for which application threads were stopped: 0.0002733 seconds, Stopping threads took: 0.0000793 seconds
         vmop                    [threads: total initially_running wait_to_block]    [time: spin block sync cleanup vmop] page_trap_count
89.187: RevokeBias                       [      32          0              0    ]      [     0     0     0     0     0    ]  0   
2017-11-17T21:50:38.015+0800: 89.187: Total time for which application threads were stopped: 0.0002103 seconds, Stopping threads took: 0.0000657 seconds
         vmop                    [threads: total initially_running wait_to_block]    [time: spin block sync cleanup vmop] page_trap_count
89.187: RevokeBias                       [      32          0              0    ]      [     0     0     0     0     0    ]  0   
2017-11-17T21:50:38.015+0800: 89.187: Total time for which application threads were stopped: 0.0000720 seconds, Stopping threads took: 0.0000158 seconds
         vmop                    [threads: total initially_running wait_to_block]    [time: spin block sync cleanup vmop] page_trap_count
89.187: RevokeBias                       [      32          0              0    ]      [     0     0     0     0     0    ]  0   
2017-11-17T21:50:38.015+0800: 89.187: Total time for which application threads were stopped: 0.0000950 seconds, Stopping threads took: 0.0000324 seconds
 89.188: [G1Ergonomics (Concurrent Cycles) do not request concurrent cycle initiation, reason: still doing mixed collections, occupancy: 4000317440 bytes, allocation request: 437491632 bytes, threshold: 2221984935 bytes (45.00 %), source: concurrent humongous allocation]
 89.189: [G1Ergonomics (Heap Sizing) attempt heap expansion, reason: humongous allocation request failed, allocation request: 437491632 bytes]
         vmop                    [threads: total initially_running wait_to_block]    [time: spin block sync cleanup vmop] page_trap_count
89.209: RevokeBias                       [      32          0              1    ]      [     0   123   124     0     0    ]  0   
2017-11-17T21:50:38.162+0800: 89.334: Total time for which application threads were stopped: 0.1247968 seconds, Stopping threads took: 0.1245561 seconds
         vmop                    [threads: total initially_running wait_to_block]    [time: spin block sync cleanup vmop] page_trap_count
90.079: RevokeBias                       [      32          0              0    ]      [     0     0     0     0     0    ]  0   
2017-11-17T21:50:38.907+0800: 90.079: Total time for which application threads were stopped: 0.0002215 seconds, Stopping threads took: 0.0000747 seconds
         vmop                    [threads: total initially_running wait_to_block]    [time: spin block sync cleanup vmop] page_trap_count
90.080: RevokeBias                       [      32          0              0    ]      [     0     0     0     0     0    ]  0   
2017-11-17T21:50:38.907+0800: 90.080: Total time for which application threads were stopped: 0.0000894 seconds, Stopping threads took: 0.0000233 seconds
         vmop                    [threads: total initially_running wait_to_block]    [time: spin block sync cleanup vmop] page_trap_count
90.080: RevokeBias                       [      32          0              0    ]      [     0     0     0     0     0    ]  0   
2017-11-17T21:50:38.908+0800: 90.080: Total time for which application threads were stopped: 0.0000798 seconds, Stopping threads took: 0.0000216 seconds
 90.081: [G1Ergonomics (Concurrent Cycles) do not request concurrent cycle initiation, reason: still doing mixed collections, occupancy: 4438622208 bytes, allocation request: 437491632 bytes, threshold: 2419222095 bytes (45.00 %), source: concurrent humongous allocation]
 90.082: [G1Ergonomics (Heap Sizing) attempt heap expansion, reason: humongous allocation request failed, allocation request: 437491632 bytes]
         vmop                    [threads: total initially_running wait_to_block]    [time: spin block sync cleanup vmop] page_trap_count
90.096: RevokeBias                       [      32          0              1    ]      [     0   130   131     0     0    ]  0   
2017-11-17T21:50:39.056+0800: 90.228: Total time for which application threads were stopped: 0.1313569 seconds, Stopping threads took: 0.1310922 seconds
 91.142: [G1Ergonomics (Concurrent Cycles) do not request concurrent cycle initiation, reason: still doing mixed collections, occupancy: 4876926976 bytes, allocation request: 437491632 bytes, threshold: 2616459255 bytes (45.00 %), source: concurrent humongous allocation]
 91.143: [G1Ergonomics (Heap Sizing) attempt heap expansion, reason: humongous allocation request failed, allocation request: 437491632 bytes]
         vmop                    [threads: total initially_running wait_to_block]    [time: spin block sync cleanup vmop] page_trap_count
91.228: no vm operation                  [      32          0              1    ]      [     0    60    61     0     0    ]  0   
2017-11-17T21:50:40.117+0800: 91.289: Total time for which application threads were stopped: 0.0612767 seconds, Stopping threads took: 0.0610972 seconds
 91.943: [G1Ergonomics (Concurrent Cycles) do not request concurrent cycle initiation, reason: still doing mixed collections, occupancy: 5315231744 bytes, allocation request: 437491632 bytes, threshold: 2813696370 bytes (45.00 %), source: concurrent humongous allocation]
 91.943: [G1Ergonomics (Heap Sizing) attempt heap expansion, reason: humongous allocation request failed, allocation request: 437491632 bytes]
 92.857: [G1Ergonomics (Concurrent Cycles) do not request concurrent cycle initiation, reason: still doing mixed collections, occupancy: 5753536512 bytes, allocation request: 437491632 bytes, threshold: 3010933530 bytes (45.00 %), source: concurrent humongous allocation]
2017-11-17T21:50:41.686+0800: 92.858: [GC pause (G1 Humongous Allocation) (young) 92.869: [G1Ergonomics (CSet Construction) start choosing CSet, _pending_cards: 873320, predicted base time: 795.40 ms, remaining time: 0.00 ms, target pause time: 200.00 ms]
 92.869: [G1Ergonomics (CSet Construction) add young regions to CSet, eden: 93 regions, survivors: 44 regions, predicted young region time: 24.23 ms]
 92.869: [G1Ergonomics (CSet Construction) finish choosing CSet, eden: 93 regions, survivors: 44 regions, old: 0 regions, predicted pause time: 819.63 ms, target pause time: 200.00 ms]
 92.998: [G1Ergonomics (Mixed GCs) do not start mixed GCs, reason: reclaimable percentage not over threshold, candidate old regions: 127 regions, reclaimable: 57118688 bytes (0.85 %), threshold: 5.00 %]
, 0.1391458 secs]
   [Parallel Time: 121.4 ms, GC Workers: 8]
      [GC Worker Start (ms): Min: 92869.6, Avg: 92870.4, Max: 92875.1, Diff: 5.4]
      [Ext Root Scanning (ms): Min: 0.0, Avg: 0.6, Max: 1.3, Diff: 1.3, Sum: 4.8]
      [Update RS (ms): Min: 104.0, Avg: 109.5, Max: 120.3, Diff: 16.3, Sum: 875.8]
         [Processed Buffers: Min: 232, Avg: 427.6, Max: 650, Diff: 418, Sum: 3421]
      [Scan RS (ms): Min: 0.0, Avg: 0.9, Max: 1.1, Diff: 1.0, Sum: 7.0]
      [Code Root Scanning (ms): Min: 0.0, Avg: 0.0, Max: 0.1, Diff: 0.1, Sum: 0.3]
      [Object Copy (ms): Min: 0.1, Avg: 9.2, Max: 10.6, Diff: 10.6, Sum: 73.5]
      [Termination (ms): Min: 0.0, Avg: 0.2, Max: 0.2, Diff: 0.2, Sum: 1.4]
         [Termination Attempts: Min: 1, Avg: 1.1, Max: 2, Diff: 1, Sum: 9]
      [GC Worker Other (ms): Min: 0.0, Avg: 0.0, Max: 0.0, Diff: 0.0, Sum: 0.1]
      [GC Worker Total (ms): Min: 115.7, Avg: 120.4, Max: 121.2, Diff: 5.5, Sum: 962.9]
      [GC Worker End (ms): Min: 92990.8, Avg: 92990.8, Max: 92990.8, Diff: 0.0]
   [Code Root Fixup: 0.1 ms]
   [Code Root Purge: 0.0 ms]
   [Clear CT: 0.3 ms]
   [Other: 17.4 ms]
      [Choose CSet: 0.0 ms]
      [Ref Proc: 0.7 ms]
      [Ref Enq: 0.0 ms]
      [Redirty Cards: 0.3 ms]
      [Humongous Register: 0.3 ms]
      [Humongous Reclaim: 4.7 ms]
      [Free CSet: 0.3 ms]
   [Eden: 93.0M(1689.0M)->0.0B(274.0M) Survivors: 44.0M->45.0M Heap: 5605.2M(6381.0M)->2593.2M(6381.0M)]
 [Times: user=0.87 sys=0.00, real=0.14 secs] 
 92.998: [G1Ergonomics (Concurrent Cycles) request concurrent cycle initiation, reason: occupancy higher than threshold, occupancy: 3123707904 bytes, allocation request: 0 bytes, threshold: 3010933530 bytes (45.00 %), source: STW humongous allocation]
         vmop                    [threads: total initially_running wait_to_block]    [time: spin block sync cleanup vmop] page_trap_count
92.858: G1IncCollectionPause             [      32          0              0    ]      [     0     0     0     0   139    ]  0   
2017-11-17T21:50:41.826+0800: 92.998: Total time for which application threads were stopped: 0.1400342 seconds, Stopping threads took: 0.0000536 seconds
         vmop                    [threads: total initially_running wait_to_block]    [time: spin block sync cleanup vmop] page_trap_count
92.998: RevokeBias                       [      32          0              1    ]      [     0    75    75     0     0    ]  0   
2017-11-17T21:50:41.902+0800: 93.074: Total time for which application threads were stopped: 0.0754657 seconds, Stopping threads took: 0.0752216 seconds
         vmop                    [threads: total initially_running wait_to_block]    [time: spin block sync cleanup vmop] page_trap_count
93.074: RevokeBias                       [      32          1              1    ]      [    11     0    11     0     0    ]  1   
2017-11-17T21:50:41.914+0800: 93.086: Total time for which application threads were stopped: 0.0119782 seconds, Stopping threads took: 0.0117675 seconds
         vmop                    [threads: total initially_running wait_to_block]    [time: spin block sync cleanup vmop] page_trap_count
93.086: RevokeBias                       [      32          0              0    ]      [     0     0     0     0     0    ]  0   
2017-11-17T21:50:41.914+0800: 93.086: Total time for which application threads were stopped: 0.0001667 seconds, Stopping threads took: 0.0000840 seconds
         vmop                    [threads: total initially_running wait_to_block]    [time: spin block sync cleanup vmop] page_trap_count
93.086: RevokeBias                       [      32          2              0    ]      [     0     0     0     0     0    ]  0   
2017-11-17T21:50:41.914+0800: 93.086: Total time for which application threads were stopped: 0.0002324 seconds, Stopping threads took: 0.0001372 seconds
         vmop                    [threads: total initially_running wait_to_block]    [time: spin block sync cleanup vmop] page_trap_count
93.087: RevokeBias                       [      32          1              0    ]      [     0     0     0     0     0    ]  0   
2017-11-17T21:50:41.915+0800: 93.087: Total time for which application threads were stopped: 0.0001855 seconds, Stopping threads took: 0.0000898 seconds
         vmop                    [threads: total initially_running wait_to_block]    [time: spin block sync cleanup vmop] page_trap_count
93.087: RevokeBias                       [      32          1              0    ]      [     0     0     0     0     0    ]  0   
2017-11-17T21:50:41.915+0800: 93.087: Total time for which application threads were stopped: 0.0001584 seconds, Stopping threads took: 0.0000796 seconds
         vmop                    [threads: total initially_running wait_to_block]    [time: spin block sync cleanup vmop] page_trap_count
93.087: RevokeBias                       [      32          0              1    ]      [     0     0     0     0     0    ]  0   
2017-11-17T21:50:41.915+0800: 93.087: Total time for which application threads were stopped: 0.0002146 seconds, Stopping threads took: 0.0000763 seconds
 93.786: [G1Ergonomics (Concurrent Cycles) request concurrent cycle initiation, reason: occupancy higher than threshold, occupancy: 3123707904 bytes, allocation request: 437491632 bytes, threshold: 3010933530 bytes (45.00 %), source: concurrent humongous allocation]
 93.786: [G1Ergonomics (Concurrent Cycles) request concurrent cycle initiation, reason: requested by GC cause, GC cause: G1 Humongous Allocation]
 93.786: [G1Ergonomics (Concurrent Cycles) initiate concurrent cycle, reason: concurrent cycle initiation requested]
2017-11-17T21:50:42.614+0800: 93.786: [GC pause (G1 Humongous Allocation) (young) (initial-mark) 93.787: [G1Ergonomics (CSet Construction) start choosing CSet, _pending_cards: 16848, predicted base time: 37.49 ms, remaining time: 162.51 ms, target pause time: 200.00 ms]
 93.787: [G1Ergonomics (CSet Construction) add young regions to CSet, eden: 1 regions, survivors: 45 regions, predicted young region time: 16.05 ms]
 93.787: [G1Ergonomics (CSet Construction) finish choosing CSet, eden: 1 regions, survivors: 45 regions, old: 0 regions, predicted pause time: 53.54 ms, target pause time: 200.00 ms]
, 0.0249383 secs]
   [Parallel Time: 20.1 ms, GC Workers: 8]
      [GC Worker Start (ms): Min: 93787.4, Avg: 93787.5, Max: 93787.7, Diff: 0.3]
      [Ext Root Scanning (ms): Min: 1.2, Avg: 2.7, Max: 11.8, Diff: 10.6, Sum: 21.4]
      [Update RS (ms): Min: 0.0, Avg: 3.2, Max: 4.2, Diff: 4.2, Sum: 25.3]
         [Processed Buffers: Min: 0, Avg: 8.6, Max: 11, Diff: 11, Sum: 69]
      [Scan RS (ms): Min: 0.0, Avg: 0.1, Max: 0.3, Diff: 0.3, Sum: 0.6]
      [Code Root Scanning (ms): Min: 0.0, Avg: 0.0, Max: 0.2, Diff: 0.2, Sum: 0.3]
      [Object Copy (ms): Min: 7.8, Avg: 13.6, Max: 14.9, Diff: 7.0, Sum: 109.1]
      [Termination (ms): Min: 0.0, Avg: 0.1, Max: 0.1, Diff: 0.1, Sum: 0.7]
         [Termination Attempts: Min: 1, Avg: 1.6, Max: 3, Diff: 2, Sum: 13]
      [GC Worker Other (ms): Min: 0.0, Avg: 0.0, Max: 0.0, Diff: 0.0, Sum: 0.1]
      [GC Worker Total (ms): Min: 19.4, Avg: 19.7, Max: 19.8, Diff: 0.4, Sum: 157.4]
      [GC Worker End (ms): Min: 93807.2, Avg: 93807.2, Max: 93807.2, Diff: 0.0]
   [Code Root Fixup: 0.1 ms]
   [Code Root Purge: 0.0 ms]
   [Clear CT: 0.3 ms]
   [Other: 4.5 ms]
      [Choose CSet: 0.0 ms]
      [Ref Proc: 0.6 ms]
      [Ref Enq: 0.0 ms]
      [Redirty Cards: 0.3 ms]
      [Humongous Register: 0.2 ms]
      [Humongous Reclaim: 1.1 ms]
      [Free CSet: 0.2 ms]
   [Eden: 1024.0K(274.0M)->0.0B(314.0M) Survivors: 45.0M->5120.0K Heap: 3010.9M(6381.0M)->2595.3M(6381.0M)]
 [Times: user=0.13 sys=0.00, real=0.03 secs] 
         vmop                    [threads: total initially_running wait_to_block]    [time: spin block sync cleanup vmop] page_trap_count
93.786: G1IncCollectionPause             [      32          0              1    ]      [     0     0     0     0    25    ]  0   
2017-11-17T21:50:42.639+0800: 93.811: [GC concurrent-root-region-scan-start]
2017-11-17T21:50:42.639+0800: 93.811: Total time for which application threads were stopped: 0.0256485 seconds, Stopping threads took: 0.0002009 seconds
2017-11-17T21:50:42.641+0800: 93.813: [GC concurrent-root-region-scan-end, 0.0016094 secs]
2017-11-17T21:50:42.641+0800: 93.813: [GC concurrent-mark-start]
         vmop                    [threads: total initially_running wait_to_block]    [time: spin block sync cleanup vmop] page_trap_count
94.378: RevokeBias                       [      32          0              0    ]      [     0     0     0     0     0    ]  0   
2017-11-17T21:50:43.206+0800: 94.378: Total time for which application threads were stopped: 0.0002198 seconds, Stopping threads took: 0.0000467 seconds
         vmop                    [threads: total initially_running wait_to_block]    [time: spin block sync cleanup vmop] page_trap_count
94.380: RevokeBias                       [      32          0              1    ]      [     0     0     0     0     0    ]  0   
2017-11-17T21:50:43.208+0800: 94.380: Total time for which application threads were stopped: 0.0001832 seconds, Stopping threads took: 0.0000477 seconds
2017-11-17T21:50:43.465+0800: 94.637: [GC concurrent-mark-end, 0.8236290 secs]
2017-11-17T21:50:43.552+0800: 94.725: [GC remark 2017-11-17T21:50:43.552+0800: 94.725: [Finalize Marking, 0.0005761 secs] 2017-11-17T21:50:43.553+0800: 94.725: [GC ref-proc, 0.0003266 secs] 2017-11-17T21:50:43.553+0800: 94.726: [Unloading, 0.0059936 secs], 0.0150800 secs]
 [Times: user=0.07 sys=0.00, real=0.02 secs] 
         vmop                    [threads: total initially_running wait_to_block]    [time: spin block sync cleanup vmop] page_trap_count
94.637: CGC_Operation                    [      32          1              1    ]      [    87     0    87     0    15    ]  1   
2017-11-17T21:50:43.568+0800: 94.740: Total time for which application threads were stopped: 0.1029380 seconds, Stopping threads took: 0.0876033 seconds
2017-11-17T21:50:43.568+0800: 94.740: [GC cleanup 3013M->3013M(6381M), 0.0062437 secs]
 [Times: user=0.03 sys=0.01, real=0.00 secs] 
         vmop                    [threads: total initially_running wait_to_block]    [time: spin block sync cleanup vmop] page_trap_count
94.740: CGC_Operation                    [      32          0              0    ]      [     0     0     0     0     6    ]  0   
2017-11-17T21:50:43.574+0800: 94.746: Total time for which application threads were stopped: 0.0064886 seconds, Stopping threads took: 0.0000545 seconds
 95.476: [G1Ergonomics (Concurrent Cycles) do not request concurrent cycle initiation, reason: still doing mixed collections, occupancy: 3606052864 bytes, allocation request: 437491632 bytes, threshold: 3010933530 bytes (45.00 %), source: concurrent humongous allocation]
         vmop                    [threads: total initially_running wait_to_block]    [time: spin block sync cleanup vmop] page_trap_count
95.747: no vm operation                  [      32          0              1    ]      [     0     0     0     0     0    ]  0   
2017-11-17T21:50:44.575+0800: 95.747: Total time for which application threads were stopped: 0.0002656 seconds, Stopping threads took: 0.0001026 seconds
 96.368: [G1Ergonomics (Concurrent Cycles) do not request concurrent cycle initiation, reason: still doing mixed collections, occupancy: 4044357632 bytes, allocation request: 437491632 bytes, threshold: 3010933530 bytes (45.00 %), source: concurrent humongous allocation]
 97.181: [G1Ergonomics (Concurrent Cycles) do not request concurrent cycle initiation, reason: still doing mixed collections, occupancy: 4482662400 bytes, allocation request: 437491632 bytes, threshold: 3010933530 bytes (45.00 %), source: concurrent humongous allocation]
         vmop                    [threads: total initially_running wait_to_block]    [time: spin block sync cleanup vmop] page_trap_count
97.960: RevokeBias                       [      32          0              0    ]      [     0     0     0     0     0    ]  0   
2017-11-17T21:50:46.788+0800: 97.960: Total time for which application threads were stopped: 0.0002052 seconds, Stopping threads took: 0.0000698 seconds
 97.967: [G1Ergonomics (Concurrent Cycles) do not request concurrent cycle initiation, reason: still doing mixed collections, occupancy: 4920967168 bytes, allocation request: 659984 bytes, threshold: 3010933530 bytes (45.00 %), source: concurrent humongous allocation]
 97.968: [G1Ergonomics (Concurrent Cycles) do not request concurrent cycle initiation, reason: still doing mixed collections, occupancy: 4922015744 bytes, allocation request: 1319952 bytes, threshold: 3010933530 bytes (45.00 %), source: concurrent humongous allocation]
 97.969: [G1Ergonomics (Concurrent Cycles) do not request concurrent cycle initiation, reason: still doing mixed collections, occupancy: 4924112896 bytes, allocation request: 2639888 bytes, threshold: 3010933530 bytes (45.00 %), source: concurrent humongous allocation]
 97.971: [G1Ergonomics (Concurrent Cycles) do not request concurrent cycle initiation, reason: still doing mixed collections, occupancy: 4927258624 bytes, allocation request: 5279760 bytes, threshold: 3010933530 bytes (45.00 %), source: concurrent humongous allocation]
 97.976: [G1Ergonomics (Concurrent Cycles) do not request concurrent cycle initiation, reason: still doing mixed collections, occupancy: 4933550080 bytes, allocation request: 10559504 bytes, threshold: 3010933530 bytes (45.00 %), source: concurrent humongous allocation]
 97.985: [G1Ergonomics (Concurrent Cycles) do not request concurrent cycle initiation, reason: still doing mixed collections, occupancy: 4945084416 bytes, allocation request: 21118992 bytes, threshold: 3010933530 bytes (45.00 %), source: concurrent humongous allocation]
 98.005: [G1Ergonomics (Concurrent Cycles) do not request concurrent cycle initiation, reason: still doing mixed collections, occupancy: 4967104512 bytes, allocation request: 42237968 bytes, threshold: 3010933530 bytes (45.00 %), source: concurrent humongous allocation]
 98.044: [G1Ergonomics (Concurrent Cycles) do not request concurrent cycle initiation, reason: still doing mixed collections, occupancy: 5010096128 bytes, allocation request: 84475920 bytes, threshold: 3010933530 bytes (45.00 %), source: concurrent humongous allocation]
 98.120: [G1Ergonomics (Concurrent Cycles) do not request concurrent cycle initiation, reason: still doing mixed collections, occupancy: 5095030784 bytes, allocation request: 168951824 bytes, threshold: 3010933530 bytes (45.00 %), source: concurrent humongous allocation]
 98.278: [G1Ergonomics (Concurrent Cycles) do not request concurrent cycle initiation, reason: still doing mixed collections, occupancy: 5264900096 bytes, allocation request: 337903632 bytes, threshold: 3010933530 bytes (45.00 %), source: concurrent humongous allocation]
 98.602: [G1Ergonomics (Concurrent Cycles) do not request concurrent cycle initiation, reason: still doing mixed collections, occupancy: 5603590144 bytes, allocation request: 675807248 bytes, threshold: 3010933530 bytes (45.00 %), source: concurrent humongous allocation]
2017-11-17T21:50:47.432+0800: 98.604: [GC pause (G1 Humongous Allocation) (young) 98.614: [G1Ergonomics (CSet Construction) start choosing CSet, _pending_cards: 678182, predicted base time: 422.73 ms, remaining time: 0.00 ms, target pause time: 200.00 ms]
 98.614: [G1Ergonomics (CSet Construction) add young regions to CSet, eden: 2 regions, survivors: 5 regions, predicted young region time: 1.95 ms]
 98.614: [G1Ergonomics (CSet Construction) finish choosing CSet, eden: 2 regions, survivors: 5 regions, old: 0 regions, predicted pause time: 424.68 ms, target pause time: 200.00 ms]
 98.732: [G1Ergonomics (Mixed GCs) do not start mixed GCs, reason: reclaimable percentage not over threshold, candidate old regions: 131 regions, reclaimable: 58266192 bytes (0.87 %), threshold: 5.00 %]
, 0.1285896 secs]
   [Parallel Time: 102.4 ms, GC Workers: 8]
      [GC Worker Start (ms): Min: 98614.7, Avg: 98620.4, Max: 98631.2, Diff: 16.6]
      [Ext Root Scanning (ms): Min: 0.0, Avg: 0.5, Max: 1.2, Diff: 1.2, Sum: 3.6]
      [Update RS (ms): Min: 49.1, Avg: 64.4, Max: 101.4, Diff: 52.3, Sum: 515.6]
         [Processed Buffers: Min: 153, Avg: 331.9, Max: 589, Diff: 436, Sum: 2655]
      [Scan RS (ms): Min: 0.0, Avg: 0.5, Max: 2.9, Diff: 2.9, Sum: 3.9]
      [Code Root Scanning (ms): Min: 0.0, Avg: 0.0, Max: 0.1, Diff: 0.1, Sum: 0.3]
      [Object Copy (ms): Min: 0.0, Avg: 0.6, Max: 1.1, Diff: 1.1, Sum: 4.5]
      [Termination (ms): Min: 0.0, Avg: 30.4, Max: 35.4, Diff: 35.4, Sum: 243.6]
         [Termination Attempts: Min: 1, Avg: 1.0, Max: 1, Diff: 0, Sum: 8]
      [GC Worker Other (ms): Min: 0.0, Avg: 0.0, Max: 0.0, Diff: 0.0, Sum: 0.1]
      [GC Worker Total (ms): Min: 85.6, Avg: 96.5, Max: 102.2, Diff: 16.6, Sum: 771.6]
      [GC Worker End (ms): Min: 98716.9, Avg: 98716.9, Max: 98716.9, Diff: 0.0]
   [Code Root Fixup: 0.1 ms]
   [Code Root Purge: 0.0 ms]
   [Clear CT: 0.3 ms]
   [Other: 25.8 ms]
      [Choose CSet: 0.1 ms]
      [Ref Proc: 9.5 ms]
      [Ref Enq: 0.0 ms]
      [Redirty Cards: 0.3 ms]
      [Humongous Register: 0.5 ms]
      [Humongous Reclaim: 4.7 ms]
      [Free CSet: 0.1 ms]
   [Eden: 2048.0K(314.0M)->0.0B(315.0M) Survivors: 5120.0K->4096.0K Heap: 5327.3M(6381.0M)->2499.3M(6381.0M)]
 [Times: user=0.46 sys=0.01, real=0.13 secs] 
 98.733: [G1Ergonomics (Concurrent Cycles) request concurrent cycle initiation, reason: occupancy higher than threshold, occupancy: 3306160128 bytes, allocation request: 0 bytes, threshold: 3010933530 bytes (45.00 %), source: STW humongous allocation]
         vmop                    [threads: total initially_running wait_to_block]    [time: spin block sync cleanup vmop] page_trap_count
98.603: G1IncCollectionPause             [      32          0              0    ]      [     0     0     0     0   129    ]  0   
2017-11-17T21:50:47.561+0800: 98.733: Total time for which application threads were stopped: 0.1298901 seconds, Stopping threads took: 0.0000835 seconds
 99.241: [G1Ergonomics (Concurrent Cycles) request concurrent cycle initiation, reason: occupancy higher than threshold, occupancy: 3306160128 bytes, allocation request: 559632 bytes, threshold: 3010933530 bytes (45.00 %), source: concurrent humongous allocation]
 99.241: [G1Ergonomics (Concurrent Cycles) request concurrent cycle initiation, reason: requested by GC cause, GC cause: G1 Humongous Allocation]
 99.241: [G1Ergonomics (Concurrent Cycles) initiate concurrent cycle, reason: concurrent cycle initiation requested]
2017-11-17T21:50:48.069+0800: 99.241: [GC pause (G1 Humongous Allocation) (young) (initial-mark) 99.242: [G1Ergonomics (CSet Construction) start choosing CSet, _pending_cards: 92930, predicted base time: 67.17 ms, remaining time: 132.83 ms, target pause time: 200.00 ms]
 99.242: [G1Ergonomics (CSet Construction) add young regions to CSet, eden: 1 regions, survivors: 4 regions, predicted young region time: 0.84 ms]
 99.242: [G1Ergonomics (CSet Construction) finish choosing CSet, eden: 1 regions, survivors: 4 regions, old: 0 regions, predicted pause time: 68.01 ms, target pause time: 200.00 ms]
, 0.0251274 secs]
   [Parallel Time: 11.0 ms, GC Workers: 8]
      [GC Worker Start (ms): Min: 99242.4, Avg: 99242.7, Max: 99243.2, Diff: 0.8]
      [Ext Root Scanning (ms): Min: 1.3, Avg: 3.6, Max: 10.0, Diff: 8.7, Sum: 28.4]
      [Update RS (ms): Min: 0.0, Avg: 6.0, Max: 8.1, Diff: 8.1, Sum: 48.3]
         [Processed Buffers: Min: 0, Avg: 45.9, Max: 69, Diff: 69, Sum: 367]
      [Scan RS (ms): Min: 0.0, Avg: 0.1, Max: 0.2, Diff: 0.2, Sum: 0.6]
      [Code Root Scanning (ms): Min: 0.0, Avg: 0.0, Max: 0.2, Diff: 0.2, Sum: 0.2]
      [Object Copy (ms): Min: 0.0, Avg: 0.6, Max: 1.0, Diff: 1.0, Sum: 4.9]
      [Termination (ms): Min: 0.0, Avg: 0.3, Max: 0.4, Diff: 0.4, Sum: 2.1]
         [Termination Attempts: Min: 1, Avg: 1.1, Max: 2, Diff: 1, Sum: 9]
      [GC Worker Other (ms): Min: 0.0, Avg: 0.0, Max: 0.0, Diff: 0.0, Sum: 0.1]
      [GC Worker Total (ms): Min: 10.0, Avg: 10.6, Max: 10.8, Diff: 0.8, Sum: 84.7]
      [GC Worker End (ms): Min: 99253.3, Avg: 99253.3, Max: 99253.3, Diff: 0.0]
   [Code Root Fixup: 0.1 ms]
   [Code Root Purge: 0.0 ms]
   [Clear CT: 0.3 ms]
   [Other: 13.7 ms]
      [Choose CSet: 0.1 ms]
      [Ref Proc: 10.1 ms]
      [Ref Enq: 0.0 ms]
      [Redirty Cards: 0.3 ms]
      [Humongous Register: 0.2 ms]
      [Humongous Reclaim: 0.8 ms]
      [Free CSet: 0.1 ms]
   [Eden: 1024.0K(315.0M)->0.0B(408.0M) Survivors: 4096.0K->5120.0K Heap: 3144.6M(6381.0M)->2822.0M(6381.0M)]
 [Times: user=0.12 sys=0.00, real=0.02 secs] 
         vmop                    [threads: total initially_running wait_to_block]    [time: spin block sync cleanup vmop] page_trap_count
99.241: G1IncCollectionPause             [      32          0              0    ]      [     0     0     0     0    25    ]  0   
2017-11-17T21:50:48.094+0800: 99.266: [GC concurrent-root-region-scan-start]
2017-11-17T21:50:48.094+0800: 99.266: Total time for which application threads were stopped: 0.0257179 seconds, Stopping threads took: 0.0000999 seconds
2017-11-17T21:50:48.096+0800: 99.269: [GC concurrent-root-region-scan-end, 0.0021323 secs]
2017-11-17T21:50:48.096+0800: 99.269: [GC concurrent-mark-start]
2017-11-17T21:50:48.838+0800: 100.010: [GC concurrent-mark-end, 0.7414567 secs]
2017-11-17T21:50:48.838+0800: 100.010: [GC remark 2017-11-17T21:50:48.838+0800: 100.010: [Finalize Marking, 0.0120358 secs] 2017-11-17T21:50:48.850+0800: 100.022: [GC ref-proc, 0.0002379 secs] 2017-11-17T21:50:48.850+0800: 100.023: [Unloading, 0.0039395 secs], 0.0229097 secs]
 [Times: user=0.07 sys=0.01, real=0.02 secs] 
         vmop                    [threads: total initially_running wait_to_block]    [time: spin block sync cleanup vmop] page_trap_count
100.010: CGC_Operation                    [      32          0              0    ]      [     0     0     0     0    22    ]  0   
2017-11-17T21:50:48.861+0800: 100.033: Total time for which application threads were stopped: 0.0232055 seconds, Stopping threads took: 0.0000630 seconds
2017-11-17T21:50:48.861+0800: 100.034: [GC cleanup 3915M->3915M(6381M), 0.0027623 secs]
 [Times: user=0.02 sys=0.00, real=0.01 secs] 
         vmop                    [threads: total initially_running wait_to_block]    [time: spin block sync cleanup vmop] page_trap_count
100.033: CGC_Operation                    [      32          0              0    ]      [     0     0     0     0     2    ]  0   
2017-11-17T21:50:48.864+0800: 100.036: Total time for which application threads were stopped: 0.0029416 seconds, Stopping threads took: 0.0000524 seconds
         vmop                    [threads: total initially_running wait_to_block]    [time: spin block sync cleanup vmop] page_trap_count
107.781: RevokeBias                       [      32          0              0    ]      [     0     0     0     0     0    ]  0   
2017-11-17T21:50:56.609+0800: 107.781: Total time for which application threads were stopped: 0.0001950 seconds, Stopping threads took: 0.0000609 seconds
         vmop                    [threads: total initially_running wait_to_block]    [time: spin block sync cleanup vmop] page_trap_count
109.781: no vm operation                  [      31          0              0    ]      [     0     0     0     0     0    ]  0   
2017-11-17T21:50:58.609+0800: 109.781: Total time for which application threads were stopped: 0.0001934 seconds, Stopping threads took: 0.0000570 seconds
         vmop                    [threads: total initially_running wait_to_block]    [time: spin block sync cleanup vmop] page_trap_count
114.782: no vm operation                  [      31          0              0    ]      [     0     0     0     0     0    ]  0   
2017-11-17T21:51:03.610+0800: 114.782: Total time for which application threads were stopped: 0.0001860 seconds, Stopping threads took: 0.0000558 seconds
         vmop                    [threads: total initially_running wait_to_block]    [time: spin block sync cleanup vmop] page_trap_count
121.782: no vm operation                  [      31          0              0    ]      [     0     0     0     0     0    ]  0   
2017-11-17T21:51:10.610+0800: 121.783: Total time for which application threads were stopped: 0.0002382 seconds, Stopping threads took: 0.0000607 seconds
         vmop                    [threads: total initially_running wait_to_block]    [time: spin block sync cleanup vmop] page_trap_count
122.783: no vm operation                  [      31          0              0    ]      [     0     0     0     0     0    ]  0   
2017-11-17T21:51:11.611+0800: 122.783: Total time for which application threads were stopped: 0.0002041 seconds, Stopping threads took: 0.0000603 seconds
         vmop                    [threads: total initially_running wait_to_block]    [time: spin block sync cleanup vmop] page_trap_count
123.783: no vm operation                  [      31          0              0    ]      [     0     0     0     0     0    ]  0   
2017-11-17T21:51:12.611+0800: 123.783: Total time for which application threads were stopped: 0.0002289 seconds, Stopping threads took: 0.0000415 seconds
         vmop                    [threads: total initially_running wait_to_block]    [time: spin block sync cleanup vmop] page_trap_count
124.783: no vm operation                  [      31          0              0    ]      [     0     0     0     0     0    ]  0   
2017-11-17T21:51:13.611+0800: 124.784: Total time for which application threads were stopped: 0.0002035 seconds, Stopping threads took: 0.0000690 seconds
         vmop                    [threads: total initially_running wait_to_block]    [time: spin block sync cleanup vmop] page_trap_count
132.784: no vm operation                  [      31          0              0    ]      [     0     0     0     0     0    ]  0   
2017-11-17T21:51:21.612+0800: 132.784: Total time for which application threads were stopped: 0.0001929 seconds, Stopping threads took: 0.0000405 seconds
         vmop                    [threads: total initially_running wait_to_block]    [time: spin block sync cleanup vmop] page_trap_count
134.785: no vm operation                  [      31          0              0    ]      [     0     0     0     0     0    ]  0   
2017-11-17T21:51:23.613+0800: 134.785: Total time for which application threads were stopped: 0.0002214 seconds, Stopping threads took: 0.0000374 seconds
         vmop                    [threads: total initially_running wait_to_block]    [time: spin block sync cleanup vmop] page_trap_count
141.465: RevokeBias                       [      31          0              0    ]      [     0     0     0     0     0    ]  0   
2017-11-17T21:51:30.293+0800: 141.465: Total time for which application threads were stopped: 0.0002386 seconds, Stopping threads took: 0.0000636 seconds
 141.465: [G1Ergonomics (Concurrent Cycles) do not request concurrent cycle initiation, reason: still doing mixed collections, occupancy: 4120903680 bytes, allocation request: 2140480 bytes, threshold: 3010933530 bytes (45.00 %), source: concurrent humongous allocation]
 141.466: [G1Ergonomics (Concurrent Cycles) do not request concurrent cycle initiation, reason: still doing mixed collections, occupancy: 4124049408 bytes, allocation request: 2140480 bytes, threshold: 3010933530 bytes (45.00 %), source: concurrent humongous allocation]
 141.477: [G1Ergonomics (Concurrent Cycles) do not request concurrent cycle initiation, reason: still doing mixed collections, occupancy: 4127195136 bytes, allocation request: 437499240 bytes, threshold: 3010933530 bytes (45.00 %), source: concurrent humongous allocation]
 141.907: [G1Ergonomics (Concurrent Cycles) do not request concurrent cycle initiation, reason: still doing mixed collections, occupancy: 4565499904 bytes, allocation request: 437491632 bytes, threshold: 3010933530 bytes (45.00 %), source: concurrent humongous allocation]
         vmop                    [threads: total initially_running wait_to_block]    [time: spin block sync cleanup vmop] page_trap_count
142.603: RevokeBias                       [      31          0              0    ]      [     0     0     0     0     0    ]  0   
2017-11-17T21:51:31.431+0800: 142.604: Total time for which application threads were stopped: 0.0003622 seconds, Stopping threads took: 0.0001430 seconds
 142.604: [G1Ergonomics (Concurrent Cycles) do not request concurrent cycle initiation, reason: still doing mixed collections, occupancy: 5003804672 bytes, allocation request: 4194320 bytes, threshold: 3010933530 bytes (45.00 %), source: concurrent humongous allocation]
 142.604: [G1Ergonomics (Concurrent Cycles) do not request concurrent cycle initiation, reason: still doing mixed collections, occupancy: 5009047552 bytes, allocation request: 4194320 bytes, threshold: 3010933530 bytes (45.00 %), source: concurrent humongous allocation]
         vmop                    [threads: total initially_running wait_to_block]    [time: spin block sync cleanup vmop] page_trap_count
142.632: BulkRevokeBias                   [      31          1              0    ]      [     0     0     0     0     0    ]  0   
2017-11-17T21:51:31.460+0800: 142.632: Total time for which application threads were stopped: 0.0002990 seconds, Stopping threads took: 0.0000651 seconds
 142.632: [G1Ergonomics (Concurrent Cycles) do not request concurrent cycle initiation, reason: still doing mixed collections, occupancy: 5014290432 bytes, allocation request: 4194320 bytes, threshold: 3010933530 bytes (45.00 %), source: concurrent humongous allocation]
 142.633: [G1Ergonomics (Concurrent Cycles) do not request concurrent cycle initiation, reason: still doing mixed collections, occupancy: 5019533312 bytes, allocation request: 4194320 bytes, threshold: 3010933530 bytes (45.00 %), source: concurrent humongous allocation]
         vmop                    [threads: total initially_running wait_to_block]    [time: spin block sync cleanup vmop] page_trap_count
142.663: RevokeBias                       [      31          0              1    ]      [     0     0     0     0     0    ]  0   
2017-11-17T21:51:31.491+0800: 142.664: Total time for which application threads were stopped: 0.0002096 seconds, Stopping threads took: 0.0000593 seconds
 142.664: [G1Ergonomics (Concurrent Cycles) do not request concurrent cycle initiation, reason: still doing mixed collections, occupancy: 5024776192 bytes, allocation request: 4194320 bytes, threshold: 3010933530 bytes (45.00 %), source: concurrent humongous allocation]
 142.664: [G1Ergonomics (Concurrent Cycles) do not request concurrent cycle initiation, reason: still doing mixed collections, occupancy: 5030019072 bytes, allocation request: 4194320 bytes, threshold: 3010933530 bytes (45.00 %), source: concurrent humongous allocation]
         vmop                    [threads: total initially_running wait_to_block]    [time: spin block sync cleanup vmop] page_trap_count
142.687: RevokeBias                       [      31          0              0    ]      [     0     0     0     0     0    ]  0   
2017-11-17T21:51:31.515+0800: 142.687: Total time for which application threads were stopped: 0.0002522 seconds, Stopping threads took: 0.0000533 seconds
 142.687: [G1Ergonomics (Concurrent Cycles) do not request concurrent cycle initiation, reason: still doing mixed collections, occupancy: 5035261952 bytes, allocation request: 4194320 bytes, threshold: 3010933530 bytes (45.00 %), source: concurrent humongous allocation]
 142.688: [G1Ergonomics (Concurrent Cycles) do not request concurrent cycle initiation, reason: still doing mixed collections, occupancy: 5040504832 bytes, allocation request: 4194320 bytes, threshold: 3010933530 bytes (45.00 %), source: concurrent humongous allocation]
         vmop                    [threads: total initially_running wait_to_block]    [time: spin block sync cleanup vmop] page_trap_count
142.726: RevokeBias                       [      31          0              0    ]      [     0     0     0     0     0    ]  0   
2017-11-17T21:51:31.554+0800: 142.726: Total time for which application threads were stopped: 0.0002069 seconds, Stopping threads took: 0.0000401 seconds
 142.727: [G1Ergonomics (Concurrent Cycles) do not request concurrent cycle initiation, reason: still doing mixed collections, occupancy: 5045747712 bytes, allocation request: 4194320 bytes, threshold: 3010933530 bytes (45.00 %), source: concurrent humongous allocation]
 142.728: [G1Ergonomics (Concurrent Cycles) do not request concurrent cycle initiation, reason: still doing mixed collections, occupancy: 5050990592 bytes, allocation request: 4194320 bytes, threshold: 3010933530 bytes (45.00 %), source: concurrent humongous allocation]
         vmop                    [threads: total initially_running wait_to_block]    [time: spin block sync cleanup vmop] page_trap_count
142.754: RevokeBias                       [      31          0              1    ]      [     0     0     0     0     0    ]  0   
2017-11-17T21:51:31.582+0800: 142.754: Total time for which application threads were stopped: 0.0003112 seconds, Stopping threads took: 0.0001205 seconds
 142.754: [G1Ergonomics (Concurrent Cycles) do not request concurrent cycle initiation, reason: still doing mixed collections, occupancy: 5056233472 bytes, allocation request: 1892832 bytes, threshold: 3010933530 bytes (45.00 %), source: concurrent humongous allocation]
 142.754: [G1Ergonomics (Concurrent Cycles) do not request concurrent cycle initiation, reason: still doing mixed collections, occupancy: 5058330624 bytes, allocation request: 1892832 bytes, threshold: 3010933530 bytes (45.00 %), source: concurrent humongous allocation]
         vmop                    [threads: total initially_running wait_to_block]    [time: spin block sync cleanup vmop] page_trap_count
142.800: RevokeBias                       [      31          0              1    ]      [     0     0     0     0     0    ]  0   
2017-11-17T21:51:31.629+0800: 142.801: Total time for which application threads were stopped: 0.0009020 seconds, Stopping threads took: 0.0006859 seconds
 142.801: [G1Ergonomics (Concurrent Cycles) do not request concurrent cycle initiation, reason: still doing mixed collections, occupancy: 5060427776 bytes, allocation request: 4194320 bytes, threshold: 3010933530 bytes (45.00 %), source: concurrent humongous allocation]
 142.802: [G1Ergonomics (Concurrent Cycles) do not request concurrent cycle initiation, reason: still doing mixed collections, occupancy: 5065670656 bytes, allocation request: 4194320 bytes, threshold: 3010933530 bytes (45.00 %), source: concurrent humongous allocation]
         vmop                    [threads: total initially_running wait_to_block]    [time: spin block sync cleanup vmop] page_trap_count
142.840: RevokeBias                       [      31          0              1    ]      [     0     0     0     0     0    ]  0   
2017-11-17T21:51:31.669+0800: 142.841: Total time for which application threads were stopped: 0.0002092 seconds, Stopping threads took: 0.0000445 seconds
         vmop                    [threads: total initially_running wait_to_block]    [time: spin block sync cleanup vmop] page_trap_count
142.841: RevokeBias                       [      31          0              1    ]      [     0     0     0     0     0    ]  0   
2017-11-17T21:51:31.669+0800: 142.841: Total time for which application threads were stopped: 0.0001109 seconds, Stopping threads took: 0.0000228 seconds
         vmop                    [threads: total initially_running wait_to_block]    [time: spin block sync cleanup vmop] page_trap_count
142.841: RevokeBias                       [      31          0              1    ]      [     0     0     0     0     0    ]  0   
2017-11-17T21:51:31.669+0800: 142.841: Total time for which application threads were stopped: 0.0001436 seconds, Stopping threads took: 0.0000370 seconds
         vmop                    [threads: total initially_running wait_to_block]    [time: spin block sync cleanup vmop] page_trap_count
142.901: RevokeBias                       [      31          0              0    ]      [     0     0     0     0     0    ]  0   
2017-11-17T21:51:31.729+0800: 142.902: Total time for which application threads were stopped: 0.0002664 seconds, Stopping threads took: 0.0000363 seconds
 142.902: [G1Ergonomics (Concurrent Cycles) do not request concurrent cycle initiation, reason: still doing mixed collections, occupancy: 5070913536 bytes, allocation request: 4194320 bytes, threshold: 3010933530 bytes (45.00 %), source: concurrent humongous allocation]
 142.903: [G1Ergonomics (Concurrent Cycles) do not request concurrent cycle initiation, reason: still doing mixed collections, occupancy: 5076156416 bytes, allocation request: 4194320 bytes, threshold: 3010933530 bytes (45.00 %), source: concurrent humongous allocation]
         vmop                    [threads: total initially_running wait_to_block]    [time: spin block sync cleanup vmop] page_trap_count
142.944: RevokeBias                       [      31          0              1    ]      [     0     0     0     0     0    ]  0   
2017-11-17T21:51:31.772+0800: 142.944: Total time for which application threads were stopped: 0.0003646 seconds, Stopping threads took: 0.0000974 seconds
 142.944: [G1Ergonomics (Concurrent Cycles) do not request concurrent cycle initiation, reason: still doing mixed collections, occupancy: 5081399296 bytes, allocation request: 4194320 bytes, threshold: 3010933530 bytes (45.00 %), source: concurrent humongous allocation]
 142.945: [G1Ergonomics (Concurrent Cycles) do not request concurrent cycle initiation, reason: still doing mixed collections, occupancy: 5086642176 bytes, allocation request: 4194320 bytes, threshold: 3010933530 bytes (45.00 %), source: concurrent humongous allocation]
         vmop                    [threads: total initially_running wait_to_block]    [time: spin block sync cleanup vmop] page_trap_count
142.976: RevokeBias                       [      31          0              1    ]      [     0     0     0     0     0    ]  0   
2017-11-17T21:51:31.804+0800: 142.977: Total time for which application threads were stopped: 0.0003803 seconds, Stopping threads took: 0.0000998 seconds
         vmop                    [threads: total initially_running wait_to_block]    [time: spin block sync cleanup vmop] page_trap_count
142.979: RevokeBias                       [      31          0              0    ]      [     0     0     0     0     0    ]  0   
2017-11-17T21:51:31.807+0800: 142.979: Total time for which application threads were stopped: 0.0001567 seconds, Stopping threads took: 0.0000359 seconds
         vmop                    [threads: total initially_running wait_to_block]    [time: spin block sync cleanup vmop] page_trap_count
142.979: RevokeBias                       [      31          0              0    ]      [     0     0     0     0     0    ]  0   
2017-11-17T21:51:31.807+0800: 142.980: Total time for which application threads were stopped: 0.0001401 seconds, Stopping threads took: 0.0000286 seconds
         vmop                    [threads: total initially_running wait_to_block]    [time: spin block sync cleanup vmop] page_trap_count
142.998: RevokeBias                       [      31          0              0    ]      [     0     0     0     0     0    ]  0   
2017-11-17T21:51:31.826+0800: 142.998: Total time for which application threads were stopped: 0.0002245 seconds, Stopping threads took: 0.0000474 seconds
 142.999: [G1Ergonomics (Concurrent Cycles) do not request concurrent cycle initiation, reason: still doing mixed collections, occupancy: 5091885056 bytes, allocation request: 4194320 bytes, threshold: 3010933530 bytes (45.00 %), source: concurrent humongous allocation]
 143.000: [G1Ergonomics (Concurrent Cycles) do not request concurrent cycle initiation, reason: still doing mixed collections, occupancy: 5097127936 bytes, allocation request: 4194320 bytes, threshold: 3010933530 bytes (45.00 %), source: concurrent humongous allocation]
         vmop                    [threads: total initially_running wait_to_block]    [time: spin block sync cleanup vmop] page_trap_count
143.029: RevokeBias                       [      31          0              0    ]      [     0     0     0     0     0    ]  0   
2017-11-17T21:51:31.857+0800: 143.029: Total time for which application threads were stopped: 0.0002284 seconds, Stopping threads took: 0.0000454 seconds
 143.029: [G1Ergonomics (Concurrent Cycles) do not request concurrent cycle initiation, reason: still doing mixed collections, occupancy: 5102370816 bytes, allocation request: 4194320 bytes, threshold: 3010933530 bytes (45.00 %), source: concurrent humongous allocation]
 143.030: [G1Ergonomics (Concurrent Cycles) do not request concurrent cycle initiation, reason: still doing mixed collections, occupancy: 5107613696 bytes, allocation request: 4194320 bytes, threshold: 3010933530 bytes (45.00 %), source: concurrent humongous allocation]
         vmop                    [threads: total initially_running wait_to_block]    [time: spin block sync cleanup vmop] page_trap_count
143.043: RevokeBias                       [      31          0              1    ]      [     0     0     0     0     0    ]  0   
2017-11-17T21:51:31.871+0800: 143.043: Total time for which application threads were stopped: 0.0002342 seconds, Stopping threads took: 0.0000614 seconds
         vmop                    [threads: total initially_running wait_to_block]    [time: spin block sync cleanup vmop] page_trap_count
143.043: RevokeBias                       [      31          0              0    ]      [     0     0     0     0     0    ]  0   
2017-11-17T21:51:31.871+0800: 143.043: Total time for which application threads were stopped: 0.0001368 seconds, Stopping threads took: 0.0000376 seconds
         vmop                    [threads: total initially_running wait_to_block]    [time: spin block sync cleanup vmop] page_trap_count
143.044: RevokeBias                       [      31          0              0    ]      [     0     0     0     0     0    ]  0   
2017-11-17T21:51:31.872+0800: 143.044: Total time for which application threads were stopped: 0.0001463 seconds, Stopping threads took: 0.0000307 seconds
         vmop                    [threads: total initially_running wait_to_block]    [time: spin block sync cleanup vmop] page_trap_count
143.063: RevokeBias                       [      31          0              1    ]      [     0     0     0     0     0    ]  0   
2017-11-17T21:51:31.891+0800: 143.063: Total time for which application threads were stopped: 0.0002586 seconds, Stopping threads took: 0.0000809 seconds
 143.063: [G1Ergonomics (Concurrent Cycles) do not request concurrent cycle initiation, reason: still doing mixed collections, occupancy: 5112856576 bytes, allocation request: 4194320 bytes, threshold: 3010933530 bytes (45.00 %), source: concurrent humongous allocation]
 143.064: [G1Ergonomics (Concurrent Cycles) do not request concurrent cycle initiation, reason: still doing mixed collections, occupancy: 5118099456 bytes, allocation request: 4194320 bytes, threshold: 3010933530 bytes (45.00 %), source: concurrent humongous allocation]
         vmop                    [threads: total initially_running wait_to_block]    [time: spin block sync cleanup vmop] page_trap_count
143.087: RevokeBias                       [      31          0              0    ]      [     0     0     0     0     0    ]  0   
2017-11-17T21:51:31.915+0800: 143.087: Total time for which application threads were stopped: 0.0002289 seconds, Stopping threads took: 0.0000437 seconds
 143.103: [G1Ergonomics (Concurrent Cycles) do not request concurrent cycle initiation, reason: still doing mixed collections, occupancy: 5123342336 bytes, allocation request: 4194320 bytes, threshold: 3010933530 bytes (45.00 %), source: concurrent humongous allocation]
 143.104: [G1Ergonomics (Concurrent Cycles) do not request concurrent cycle initiation, reason: still doing mixed collections, occupancy: 5128585216 bytes, allocation request: 4194320 bytes, threshold: 3010933530 bytes (45.00 %), source: concurrent humongous allocation]
         vmop                    [threads: total initially_running wait_to_block]    [time: spin block sync cleanup vmop] page_trap_count
143.116: RevokeBias                       [      31          0              0    ]      [     0     0     0     0     0    ]  0   
2017-11-17T21:51:31.944+0800: 143.117: Total time for which application threads were stopped: 0.0002301 seconds, Stopping threads took: 0.0000441 seconds
         vmop                    [threads: total initially_running wait_to_block]    [time: spin block sync cleanup vmop] page_trap_count
143.117: RevokeBias                       [      31          1              1    ]      [     0     0     0     0     0    ]  0   
2017-11-17T21:51:31.945+0800: 143.117: Total time for which application threads were stopped: 0.0001920 seconds, Stopping threads took: 0.0001051 seconds
         vmop                    [threads: total initially_running wait_to_block]    [time: spin block sync cleanup vmop] page_trap_count
143.117: RevokeBias                       [      31          0              0    ]      [     0     0     0     0     0    ]  0   
2017-11-17T21:51:31.945+0800: 143.117: Total time for which application threads were stopped: 0.0002057 seconds, Stopping threads took: 0.0000688 seconds
         vmop                    [threads: total initially_running wait_to_block]    [time: spin block sync cleanup vmop] page_trap_count
143.122: RevokeBias                       [      31          0              0    ]      [     0     0     0     0     0    ]  0   
2017-11-17T21:51:31.950+0800: 143.122: Total time for which application threads were stopped: 0.0001750 seconds, Stopping threads took: 0.0000379 seconds
 143.122: [G1Ergonomics (Concurrent Cycles) do not request concurrent cycle initiation, reason: still doing mixed collections, occupancy: 5133828096 bytes, allocation request: 4194320 bytes, threshold: 3010933530 bytes (45.00 %), source: concurrent humongous allocation]
 143.123: [G1Ergonomics (Concurrent Cycles) do not request concurrent cycle initiation, reason: still doing mixed collections, occupancy: 5139070976 bytes, allocation request: 4194320 bytes, threshold: 3010933530 bytes (45.00 %), source: concurrent humongous allocation]
         vmop                    [threads: total initially_running wait_to_block]    [time: spin block sync cleanup vmop] page_trap_count
143.145: RevokeBias                       [      31          0              0    ]      [     0     0     0     0     0    ]  0   
2017-11-17T21:51:31.973+0800: 143.145: Total time for which application threads were stopped: 0.0002248 seconds, Stopping threads took: 0.0000514 seconds
 143.145: [G1Ergonomics (Concurrent Cycles) do not request concurrent cycle initiation, reason: still doing mixed collections, occupancy: 5144313856 bytes, allocation request: 4194320 bytes, threshold: 3010933530 bytes (45.00 %), source: concurrent humongous allocation]
 143.146: [G1Ergonomics (Concurrent Cycles) do not request concurrent cycle initiation, reason: still doing mixed collections, occupancy: 5149556736 bytes, allocation request: 4194320 bytes, threshold: 3010933530 bytes (45.00 %), source: concurrent humongous allocation]
         vmop                    [threads: total initially_running wait_to_block]    [time: spin block sync cleanup vmop] page_trap_count
143.159: RevokeBias                       [      31          0              2    ]      [     0     0     0     0     0    ]  0   
2017-11-17T21:51:31.987+0800: 143.159: Total time for which application threads were stopped: 0.0003241 seconds, Stopping threads took: 0.0001496 seconds
         vmop                    [threads: total initially_running wait_to_block]    [time: spin block sync cleanup vmop] page_trap_count
143.163: RevokeBias                       [      31          0              0    ]      [     0     0     0     0     0    ]  0   
2017-11-17T21:51:31.991+0800: 143.164: Total time for which application threads were stopped: 0.0001857 seconds, Stopping threads took: 0.0000450 seconds
         vmop                    [threads: total initially_running wait_to_block]    [time: spin block sync cleanup vmop] page_trap_count
143.164: RevokeBias                       [      31          0              1    ]      [     0     0     0     0     0    ]  0   
2017-11-17T21:51:31.992+0800: 143.164: Total time for which application threads were stopped: 0.0002087 seconds, Stopping threads took: 0.0000734 seconds
         vmop                    [threads: total initially_running wait_to_block]    [time: spin block sync cleanup vmop] page_trap_count
143.168: RevokeBias                       [      31          0              0    ]      [     0     0     0     0     0    ]  0   
2017-11-17T21:51:31.996+0800: 143.168: Total time for which application threads were stopped: 0.0001875 seconds, Stopping threads took: 0.0000444 seconds
 143.168: [G1Ergonomics (Concurrent Cycles) do not request concurrent cycle initiation, reason: still doing mixed collections, occupancy: 5154799616 bytes, allocation request: 4194320 bytes, threshold: 3010933530 bytes (45.00 %), source: concurrent humongous allocation]
 143.169: [G1Ergonomics (Concurrent Cycles) do not request concurrent cycle initiation, reason: still doing mixed collections, occupancy: 5160042496 bytes, allocation request: 4194320 bytes, threshold: 3010933530 bytes (45.00 %), source: concurrent humongous allocation]
         vmop                    [threads: total initially_running wait_to_block]    [time: spin block sync cleanup vmop] page_trap_count
143.873: RevokeBias                       [      31          0              0    ]      [     0     0     0     0     0    ]  0   
2017-11-17T21:51:32.701+0800: 143.873: Total time for which application threads were stopped: 0.0002362 seconds, Stopping threads took: 0.0000412 seconds
 143.876: [G1Ergonomics (Concurrent Cycles) do not request concurrent cycle initiation, reason: still doing mixed collections, occupancy: 5165285376 bytes, allocation request: 4194320 bytes, threshold: 3010933530 bytes (45.00 %), source: concurrent humongous allocation]
 143.877: [G1Ergonomics (Concurrent Cycles) do not request concurrent cycle initiation, reason: still doing mixed collections, occupancy: 5170528256 bytes, allocation request: 4194320 bytes, threshold: 3010933530 bytes (45.00 %), source: concurrent humongous allocation]
         vmop                    [threads: total initially_running wait_to_block]    [time: spin block sync cleanup vmop] page_trap_count
143.911: RevokeBias                       [      31          0              0    ]      [     0     0     0     0     0    ]  0   
2017-11-17T21:51:32.739+0800: 143.911: Total time for which application threads were stopped: 0.0002027 seconds, Stopping threads took: 0.0000291 seconds
 143.911: [G1Ergonomics (Concurrent Cycles) do not request concurrent cycle initiation, reason: still doing mixed collections, occupancy: 5175771136 bytes, allocation request: 4194320 bytes, threshold: 3010933530 bytes (45.00 %), source: concurrent humongous allocation]
 143.912: [G1Ergonomics (Concurrent Cycles) do not request concurrent cycle initiation, reason: still doing mixed collections, occupancy: 5181014016 bytes, allocation request: 4194320 bytes, threshold: 3010933530 bytes (45.00 %), source: concurrent humongous allocation]
         vmop                    [threads: total initially_running wait_to_block]    [time: spin block sync cleanup vmop] page_trap_count
143.935: RevokeBias                       [      31          0              0    ]      [     0     0     0     0     0    ]  0   
2017-11-17T21:51:32.763+0800: 143.935: Total time for which application threads were stopped: 0.0001956 seconds, Stopping threads took: 0.0000286 seconds
 143.935: [G1Ergonomics (Concurrent Cycles) do not request concurrent cycle initiation, reason: still doing mixed collections, occupancy: 5186256896 bytes, allocation request: 4194320 bytes, threshold: 3010933530 bytes (45.00 %), source: concurrent humongous allocation]
 143.936: [G1Ergonomics (Concurrent Cycles) do not request concurrent cycle initiation, reason: still doing mixed collections, occupancy: 5191499776 bytes, allocation request: 4194320 bytes, threshold: 3010933530 bytes (45.00 %), source: concurrent humongous allocation]
         vmop                    [threads: total initially_running wait_to_block]    [time: spin block sync cleanup vmop] page_trap_count
143.965: RevokeBias                       [      31          0              0    ]      [     0     0     0     0     0    ]  0   
2017-11-17T21:51:32.794+0800: 143.966: Total time for which application threads were stopped: 0.0002125 seconds, Stopping threads took: 0.0000529 seconds
 143.966: [G1Ergonomics (Concurrent Cycles) do not request concurrent cycle initiation, reason: still doing mixed collections, occupancy: 5196742656 bytes, allocation request: 4194320 bytes, threshold: 3010933530 bytes (45.00 %), source: concurrent humongous allocation]
 143.967: [G1Ergonomics (Concurrent Cycles) do not request concurrent cycle initiation, reason: still doing mixed collections, occupancy: 5201985536 bytes, allocation request: 4194320 bytes, threshold: 3010933530 bytes (45.00 %), source: concurrent humongous allocation]
         vmop                    [threads: total initially_running wait_to_block]    [time: spin block sync cleanup vmop] page_trap_count
143.980: RevokeBias                       [      31          0              0    ]      [     0     0     0     0     0    ]  0   
2017-11-17T21:51:32.808+0800: 143.980: Total time for which application threads were stopped: 0.0002473 seconds, Stopping threads took: 0.0001044 seconds
 143.980: [G1Ergonomics (Concurrent Cycles) do not request concurrent cycle initiation, reason: still doing mixed collections, occupancy: 5207228416 bytes, allocation request: 4194320 bytes, threshold: 3010933530 bytes (45.00 %), source: concurrent humongous allocation]
 143.981: [G1Ergonomics (Concurrent Cycles) do not request concurrent cycle initiation, reason: still doing mixed collections, occupancy: 5212471296 bytes, allocation request: 4194320 bytes, threshold: 3010933530 bytes (45.00 %), source: concurrent humongous allocation]
         vmop                    [threads: total initially_running wait_to_block]    [time: spin block sync cleanup vmop] page_trap_count
144.025: BulkRevokeBias                   [      31          0              1    ]      [     0     0     0     0     0    ]  0   
2017-11-17T21:51:32.853+0800: 144.026: Total time for which application threads were stopped: 0.0006399 seconds, Stopping threads took: 0.0000677 seconds
 144.026: [G1Ergonomics (Concurrent Cycles) do not request concurrent cycle initiation, reason: still doing mixed collections, occupancy: 5217714176 bytes, allocation request: 4194320 bytes, threshold: 3010933530 bytes (45.00 %), source: concurrent humongous allocation]
 144.027: [G1Ergonomics (Concurrent Cycles) do not request concurrent cycle initiation, reason: still doing mixed collections, occupancy: 5222957056 bytes, allocation request: 4194320 bytes, threshold: 3010933530 bytes (45.00 %), source: concurrent humongous allocation]
 144.055: [G1Ergonomics (Concurrent Cycles) do not request concurrent cycle initiation, reason: still doing mixed collections, occupancy: 5228199936 bytes, allocation request: 4194320 bytes, threshold: 3010933530 bytes (45.00 %), source: concurrent humongous allocation]
 144.056: [G1Ergonomics (Concurrent Cycles) do not request concurrent cycle initiation, reason: still doing mixed collections, occupancy: 5233442816 bytes, allocation request: 4194320 bytes, threshold: 3010933530 bytes (45.00 %), source: concurrent humongous allocation]
 144.074: [G1Ergonomics (Concurrent Cycles) do not request concurrent cycle initiation, reason: still doing mixed collections, occupancy: 5238685696 bytes, allocation request: 4194320 bytes, threshold: 3010933530 bytes (45.00 %), source: concurrent humongous allocation]
 144.075: [G1Ergonomics (Concurrent Cycles) do not request concurrent cycle initiation, reason: still doing mixed collections, occupancy: 5243928576 bytes, allocation request: 4194320 bytes, threshold: 3010933530 bytes (45.00 %), source: concurrent humongous allocation]
 144.118: [G1Ergonomics (Concurrent Cycles) do not request concurrent cycle initiation, reason: still doing mixed collections, occupancy: 5249171456 bytes, allocation request: 4194320 bytes, threshold: 3010933530 bytes (45.00 %), source: concurrent humongous allocation]
 144.119: [G1Ergonomics (Concurrent Cycles) do not request concurrent cycle initiation, reason: still doing mixed collections, occupancy: 5254414336 bytes, allocation request: 4194320 bytes, threshold: 3010933530 bytes (45.00 %), source: concurrent humongous allocation]
 144.136: [G1Ergonomics (Concurrent Cycles) do not request concurrent cycle initiation, reason: still doing mixed collections, occupancy: 5259657216 bytes, allocation request: 4194320 bytes, threshold: 3010933530 bytes (45.00 %), source: concurrent humongous allocation]
 144.139: [G1Ergonomics (Concurrent Cycles) do not request concurrent cycle initiation, reason: still doing mixed collections, occupancy: 5264900096 bytes, allocation request: 4194320 bytes, threshold: 3010933530 bytes (45.00 %), source: concurrent humongous allocation]
 144.178: [G1Ergonomics (Concurrent Cycles) do not request concurrent cycle initiation, reason: still doing mixed collections, occupancy: 5270142976 bytes, allocation request: 4194320 bytes, threshold: 3010933530 bytes (45.00 %), source: concurrent humongous allocation]
 144.181: [G1Ergonomics (Concurrent Cycles) do not request concurrent cycle initiation, reason: still doing mixed collections, occupancy: 5275385856 bytes, allocation request: 4194320 bytes, threshold: 3010933530 bytes (45.00 %), source: concurrent humongous allocation]
 144.205: [G1Ergonomics (Concurrent Cycles) do not request concurrent cycle initiation, reason: still doing mixed collections, occupancy: 5280628736 bytes, allocation request: 4194320 bytes, threshold: 3010933530 bytes (45.00 %), source: concurrent humongous allocation]
 144.207: [G1Ergonomics (Concurrent Cycles) do not request concurrent cycle initiation, reason: still doing mixed collections, occupancy: 5285871616 bytes, allocation request: 4194320 bytes, threshold: 3010933530 bytes (45.00 %), source: concurrent humongous allocation]
 144.251: [G1Ergonomics (Concurrent Cycles) do not request concurrent cycle initiation, reason: still doing mixed collections, occupancy: 5291114496 bytes, allocation request: 4194320 bytes, threshold: 3010933530 bytes (45.00 %), source: concurrent humongous allocation]
 144.253: [G1Ergonomics (Concurrent Cycles) do not request concurrent cycle initiation, reason: still doing mixed collections, occupancy: 5296357376 bytes, allocation request: 4194320 bytes, threshold: 3010933530 bytes (45.00 %), source: concurrent humongous allocation]
 144.285: [G1Ergonomics (Concurrent Cycles) do not request concurrent cycle initiation, reason: still doing mixed collections, occupancy: 5301600256 bytes, allocation request: 4194320 bytes, threshold: 3010933530 bytes (45.00 %), source: concurrent humongous allocation]
 144.286: [G1Ergonomics (Concurrent Cycles) do not request concurrent cycle initiation, reason: still doing mixed collections, occupancy: 5306843136 bytes, allocation request: 4194320 bytes, threshold: 3010933530 bytes (45.00 %), source: concurrent humongous allocation]
 144.322: [G1Ergonomics (Concurrent Cycles) do not request concurrent cycle initiation, reason: still doing mixed collections, occupancy: 5312086016 bytes, allocation request: 4194320 bytes, threshold: 3010933530 bytes (45.00 %), source: concurrent humongous allocation]
 144.324: [G1Ergonomics (Concurrent Cycles) do not request concurrent cycle initiation, reason: still doing mixed collections, occupancy: 5317328896 bytes, allocation request: 4194320 bytes, threshold: 3010933530 bytes (45.00 %), source: concurrent humongous allocation]
 144.362: [G1Ergonomics (Concurrent Cycles) do not request concurrent cycle initiation, reason: still doing mixed collections, occupancy: 5322571776 bytes, allocation request: 4194320 bytes, threshold: 3010933530 bytes (45.00 %), source: concurrent humongous allocation]
 144.363: [G1Ergonomics (Concurrent Cycles) do not request concurrent cycle initiation, reason: still doing mixed collections, occupancy: 5327814656 bytes, allocation request: 4194320 bytes, threshold: 3010933530 bytes (45.00 %), source: concurrent humongous allocation]
         vmop                    [threads: total initially_running wait_to_block]    [time: spin block sync cleanup vmop] page_trap_count
144.379: RevokeBias                       [      31          0              0    ]      [     0     0     0     0     0    ]  0   
2017-11-17T21:51:33.207+0800: 144.379: Total time for which application threads were stopped: 0.0003073 seconds, Stopping threads took: 0.0000508 seconds
 144.389: [G1Ergonomics (Concurrent Cycles) do not request concurrent cycle initiation, reason: still doing mixed collections, occupancy: 5333057536 bytes, allocation request: 4194320 bytes, threshold: 3010933530 bytes (45.00 %), source: concurrent humongous allocation]
 144.390: [G1Ergonomics (Concurrent Cycles) do not request concurrent cycle initiation, reason: still doing mixed collections, occupancy: 5338300416 bytes, allocation request: 4194320 bytes, threshold: 3010933530 bytes (45.00 %), source: concurrent humongous allocation]
 144.400: [G1Ergonomics (Concurrent Cycles) do not request concurrent cycle initiation, reason: still doing mixed collections, occupancy: 5343543296 bytes, allocation request: 437491632 bytes, threshold: 3010933530 bytes (45.00 %), source: concurrent humongous allocation]
         vmop                    [threads: total initially_running wait_to_block]    [time: spin block sync cleanup vmop] page_trap_count
145.379: no vm operation                  [      31          0              0    ]      [     0     0     0     0     0    ]  0   
2017-11-17T21:51:34.207+0800: 145.379: Total time for which application threads were stopped: 0.0002702 seconds, Stopping threads took: 0.0000508 seconds
         vmop                    [threads: total initially_running wait_to_block]    [time: spin block sync cleanup vmop] page_trap_count
146.379: no vm operation                  [      31          0              0    ]      [     0     0     0     0     0    ]  0   
2017-11-17T21:51:35.208+0800: 146.380: Total time for which application threads were stopped: 0.0002063 seconds, Stopping threads took: 0.0000591 seconds
 147.150: [G1Ergonomics (Concurrent Cycles) do not request concurrent cycle initiation, reason: still doing mixed collections, occupancy: 5781848064 bytes, allocation request: 437491632 bytes, threshold: 3010933530 bytes (45.00 %), source: concurrent humongous allocation]
         vmop                    [threads: total initially_running wait_to_block]    [time: spin block sync cleanup vmop] page_trap_count
147.380: no vm operation                  [      31          0              1    ]      [     0     0     0     0     0    ]  0   
2017-11-17T21:51:36.208+0800: 147.380: Total time for which application threads were stopped: 0.0002989 seconds, Stopping threads took: 0.0000972 seconds
         vmop                    [threads: total initially_running wait_to_block]    [time: spin block sync cleanup vmop] page_trap_count
148.380: no vm operation                  [      31          0              0    ]      [     0     0     0     0     0    ]  0   
2017-11-17T21:51:37.208+0800: 148.380: Total time for which application threads were stopped: 0.0002267 seconds, Stopping threads took: 0.0000584 seconds
 149.006: [G1Ergonomics (Concurrent Cycles) do not request concurrent cycle initiation, reason: still doing mixed collections, occupancy: 6220152832 bytes, allocation request: 437491632 bytes, threshold: 3010933530 bytes (45.00 %), source: concurrent humongous allocation]
2017-11-17T21:51:37.841+0800: 149.013: [GC pause (G1 Humongous Allocation) (young) 149.013: [G1Ergonomics (CSet Construction) start choosing CSet, _pending_cards: 17799, predicted base time: 28.82 ms, remaining time: 171.18 ms, target pause time: 200.00 ms]
 149.013: [G1Ergonomics (CSet Construction) add young regions to CSet, eden: 179 regions, survivors: 5 regions, predicted young region time: 9.17 ms]
 149.013: [G1Ergonomics (CSet Construction) finish choosing CSet, eden: 179 regions, survivors: 5 regions, old: 0 regions, predicted pause time: 37.98 ms, target pause time: 200.00 ms]
 149.049: [G1Ergonomics (Mixed GCs) do not start mixed GCs, reason: reclaimable percentage not over threshold, candidate old regions: 131 regions, reclaimable: 58266192 bytes (0.87 %), threshold: 5.00 %]
, 0.0360714 secs]
   [Parallel Time: 20.6 ms, GC Workers: 8]
      [GC Worker Start (ms): Min: 149013.8, Avg: 149015.9, Max: 149020.0, Diff: 6.2]
      [Ext Root Scanning (ms): Min: 0.0, Avg: 0.5, Max: 1.2, Diff: 1.2, Sum: 3.8]
      [Update RS (ms): Min: 0.0, Avg: 3.6, Max: 15.4, Diff: 15.4, Sum: 29.1]
         [Processed Buffers: Min: 0, Avg: 10.8, Max: 19, Diff: 19, Sum: 86]
      [Scan RS (ms): Min: 0.0, Avg: 0.1, Max: 0.1, Diff: 0.1, Sum: 0.5]
      [Code Root Scanning (ms): Min: 0.0, Avg: 0.1, Max: 0.3, Diff: 0.3, Sum: 0.5]
      [Object Copy (ms): Min: 0.0, Avg: 1.0, Max: 1.8, Diff: 1.8, Sum: 8.1]
      [Termination (ms): Min: 0.0, Avg: 9.6, Max: 14.5, Diff: 14.5, Sum: 76.7]
         [Termination Attempts: Min: 1, Avg: 1.1, Max: 2, Diff: 1, Sum: 9]
      [GC Worker Other (ms): Min: 0.0, Avg: 0.0, Max: 0.0, Diff: 0.0, Sum: 0.2]
      [GC Worker Total (ms): Min: 10.1, Avg: 14.9, Max: 20.5, Diff: 10.5, Sum: 118.9]
      [GC Worker End (ms): Min: 149030.1, Avg: 149030.8, Max: 149034.4, Diff: 4.3]
   [Code Root Fixup: 0.1 ms]
   [Code Root Purge: 0.0 ms]
   [Clear CT: 0.4 ms]
   [Other: 15.0 ms]
      [Choose CSet: 0.0 ms]
      [Ref Proc: 7.0 ms]
      [Ref Enq: 0.0 ms]
      [Redirty Cards: 0.3 ms]
      [Humongous Register: 0.3 ms]
      [Humongous Reclaim: 6.7 ms]
      [Free CSet: 0.4 ms]
   [Eden: 179.0M(408.0M)->0.0B(1936.0M) Survivors: 5120.0K->3072.0K Heap: 6025.8M(6381.0M)->1886.4M(6381.0M)]
 [Times: user=0.09 sys=0.00, real=0.04 secs] 
         vmop                    [threads: total initially_running wait_to_block]    [time: spin block sync cleanup vmop] page_trap_count
149.013: G1IncCollectionPause             [      31          0              0    ]      [     0     0     0     0    37    ]  0   
2017-11-17T21:51:37.878+0800: 149.050: Total time for which application threads were stopped: 0.0374567 seconds, Stopping threads took: 0.0000435 seconds
         vmop                    [threads: total initially_running wait_to_block]    [time: spin block sync cleanup vmop] page_trap_count
149.067: RevokeBias                       [      31          0              1    ]      [     0    75    75     0     0    ]  0   
2017-11-17T21:51:37.971+0800: 149.143: Total time for which application threads were stopped: 0.0756958 seconds, Stopping threads took: 0.0754078 seconds
         vmop                    [threads: total initially_running wait_to_block]    [time: spin block sync cleanup vmop] page_trap_count
149.143: RevokeBias                       [      31          0              0    ]      [     0     0     0     0     0    ]  0   
2017-11-17T21:51:37.971+0800: 149.143: Total time for which application threads were stopped: 0.0001451 seconds, Stopping threads took: 0.0000374 seconds
         vmop                    [threads: total initially_running wait_to_block]    [time: spin block sync cleanup vmop] page_trap_count
149.143: RevokeBias                       [      31          0              0    ]      [     0     0     0     0     0    ]  0   
2017-11-17T21:51:37.971+0800: 149.143: Total time for which application threads were stopped: 0.0001846 seconds, Stopping threads took: 0.0000444 seconds
         vmop                    [threads: total initially_running wait_to_block]    [time: spin block sync cleanup vmop] page_trap_count
149.144: RevokeBias                       [      31          0              1    ]      [     0     0     0     0     0    ]  0   
2017-11-17T21:51:37.972+0800: 149.144: Total time for which application threads were stopped: 0.0002137 seconds, Stopping threads took: 0.0000772 seconds
         vmop                    [threads: total initially_running wait_to_block]    [time: spin block sync cleanup vmop] page_trap_count
150.144: no vm operation                  [      31          0              0    ]      [     0     0     0     0     0    ]  0   
2017-11-17T21:51:38.972+0800: 150.144: Total time for which application threads were stopped: 0.0001759 seconds, Stopping threads took: 0.0000543 seconds
         vmop                    [threads: total initially_running wait_to_block]    [time: spin block sync cleanup vmop] page_trap_count
151.144: no vm operation                  [      31          1              1    ]      [    18     0    19     0     0    ]  1   
2017-11-17T21:51:39.991+0800: 151.163: Total time for which application threads were stopped: 0.0192611 seconds, Stopping threads took: 0.0190714 seconds
 152.219: [G1Ergonomics (Concurrent Cycles) request concurrent cycle initiation, reason: occupancy higher than threshold, occupancy: 2896166912 bytes, allocation request: 437491632 bytes, threshold: 3010933530 bytes (45.00 %), source: concurrent humongous allocation]
 152.220: [G1Ergonomics (Concurrent Cycles) request concurrent cycle initiation, reason: requested by GC cause, GC cause: G1 Humongous Allocation]
 152.220: [G1Ergonomics (Concurrent Cycles) initiate concurrent cycle, reason: concurrent cycle initiation requested]
2017-11-17T21:51:41.047+0800: 152.220: [GC pause (G1 Humongous Allocation) (young) (initial-mark) 152.220: [G1Ergonomics (CSet Construction) start choosing CSet, _pending_cards: 19369, predicted base time: 29.22 ms, remaining time: 170.78 ms, target pause time: 200.00 ms]
 152.220: [G1Ergonomics (CSet Construction) add young regions to CSet, eden: 165 regions, survivors: 3 regions, predicted young region time: 5.79 ms]
 152.220: [G1Ergonomics (CSet Construction) finish choosing CSet, eden: 165 regions, survivors: 3 regions, old: 0 regions, predicted pause time: 35.00 ms, target pause time: 200.00 ms]
, 0.0866157 secs]
   [Parallel Time: 5.8 ms, GC Workers: 8]
      [GC Worker Start (ms): Min: 152220.7, Avg: 152221.0, Max: 152221.5, Diff: 0.7]
      [Ext Root Scanning (ms): Min: 1.3, Avg: 2.6, Max: 4.6, Diff: 3.4, Sum: 20.5]
      [Update RS (ms): Min: 0.0, Avg: 1.6, Max: 2.6, Diff: 2.6, Sum: 13.1]
         [Processed Buffers: Min: 0, Avg: 10.2, Max: 20, Diff: 20, Sum: 82]
      [Scan RS (ms): Min: 0.0, Avg: 0.1, Max: 0.2, Diff: 0.2, Sum: 0.4]
      [Code Root Scanning (ms): Min: 0.0, Avg: 0.1, Max: 0.2, Diff: 0.2, Sum: 0.5]
      [Object Copy (ms): Min: 0.0, Avg: 0.6, Max: 1.2, Diff: 1.2, Sum: 4.7]
      [Termination (ms): Min: 0.0, Avg: 0.2, Max: 0.6, Diff: 0.6, Sum: 1.9]
         [Termination Attempts: Min: 1, Avg: 1.0, Max: 1, Diff: 0, Sum: 8]
      [GC Worker Other (ms): Min: 0.0, Avg: 0.0, Max: 0.0, Diff: 0.0, Sum: 0.1]
      [GC Worker Total (ms): Min: 4.6, Avg: 5.1, Max: 5.7, Diff: 1.0, Sum: 41.1]
      [GC Worker End (ms): Min: 152226.1, Avg: 152226.1, Max: 152226.4, Diff: 0.3]
   [Code Root Fixup: 0.1 ms]
   [Code Root Purge: 0.0 ms]
   [Clear CT: 32.0 ms]
   [Other: 48.7 ms]
      [Choose CSet: 0.0 ms]
      [Ref Proc: 44.8 ms]
      [Ref Enq: 0.0 ms]
      [Redirty Cards: 0.1 ms]
      [Humongous Register: 0.2 ms]
      [Humongous Reclaim: 1.4 ms]
      [Free CSet: 0.3 ms]
   [Eden: 165.0M(1936.0M)->0.0B(3141.0M) Survivors: 3072.0K->3072.0K Heap: 2885.4M(6381.0M)->1886.4M(6381.0M)]
 [Times: user=0.09 sys=0.00, real=0.08 secs] 
         vmop                    [threads: total initially_running wait_to_block]    [time: spin block sync cleanup vmop] page_trap_count
152.219: G1IncCollectionPause             [      31          0              0    ]      [     0     0     0     0    86    ]  0   
2017-11-17T21:51:41.134+0800: 152.306: [GC concurrent-root-region-scan-start]
2017-11-17T21:51:41.134+0800: 152.307: Total time for which application threads were stopped: 0.0871522 seconds, Stopping threads took: 0.0000472 seconds
2017-11-17T21:51:41.136+0800: 152.308: [GC concurrent-root-region-scan-end, 0.0020992 secs]
2017-11-17T21:51:41.136+0800: 152.309: [GC concurrent-mark-start]
         vmop                    [threads: total initially_running wait_to_block]    [time: spin block sync cleanup vmop] page_trap_count
152.315: RevokeBias                       [      31          0              1    ]      [     0    68    68     0     0    ]  0   
2017-11-17T21:51:41.212+0800: 152.384: Total time for which application threads were stopped: 0.0687612 seconds, Stopping threads took: 0.0684842 seconds
         vmop                    [threads: total initially_running wait_to_block]    [time: spin block sync cleanup vmop] page_trap_count
152.384: RevokeBias                       [      31          0              1    ]      [     0     0     0     0     0    ]  0   
2017-11-17T21:51:41.212+0800: 152.384: Total time for which application threads were stopped: 0.0001742 seconds, Stopping threads took: 0.0000619 seconds
         vmop                    [threads: total initially_running wait_to_block]    [time: spin block sync cleanup vmop] page_trap_count
152.384: RevokeBias                       [      31          0              0    ]      [     0     0     0     0     0    ]  0   
2017-11-17T21:51:41.212+0800: 152.385: Total time for which application threads were stopped: 0.0001348 seconds, Stopping threads took: 0.0000359 seconds
         vmop                    [threads: total initially_running wait_to_block]    [time: spin block sync cleanup vmop] page_trap_count
152.385: RevokeBias                       [      31          0              0    ]      [     0     0     0     0     0    ]  0   
2017-11-17T21:51:41.213+0800: 152.385: Total time for which application threads were stopped: 0.0001118 seconds, Stopping threads took: 0.0000245 seconds
2017-11-17T21:51:41.962+0800: 153.134: [GC concurrent-mark-end, 0.8257081 secs]
2017-11-17T21:51:41.962+0800: 153.134: [GC remark 2017-11-17T21:51:41.962+0800: 153.134: [Finalize Marking, 0.0006403 secs] 2017-11-17T21:51:41.963+0800: 153.135: [GC ref-proc, 0.0002919 secs] 2017-11-17T21:51:41.963+0800: 153.135: [Unloading, 0.0169087 secs], 0.0395770 secs]
 [Times: user=0.04 sys=0.00, real=0.04 secs] 
         vmop                    [threads: total initially_running wait_to_block]    [time: spin block sync cleanup vmop] page_trap_count
153.134: CGC_Operation                    [      31          0              0    ]      [     0     0     0     0    39    ]  0   
2017-11-17T21:51:42.002+0800: 153.174: Total time for which application threads were stopped: 0.0398589 seconds, Stopping threads took: 0.0000351 seconds
2017-11-17T21:51:42.002+0800: 153.174: [GC cleanup 2386M->2386M(6381M), 0.0067709 secs]
 [Times: user=0.01 sys=0.00, real=0.01 secs] 
         vmop                    [threads: total initially_running wait_to_block]    [time: spin block sync cleanup vmop] page_trap_count
153.174: CGC_Operation                    [      31          0              0    ]      [     0     0     0     0     6    ]  0   
2017-11-17T21:51:42.009+0800: 153.181: Total time for which application threads were stopped: 0.0069984 seconds, Stopping threads took: 0.0000459 seconds
         vmop                    [threads: total initially_running wait_to_block]    [time: spin block sync cleanup vmop] page_trap_count
154.181: no vm operation                  [      31          0              0    ]      [     0     0     0     0     0    ]  0   
2017-11-17T21:51:43.009+0800: 154.182: Total time for which application threads were stopped: 0.0001671 seconds, Stopping threads took: 0.0000371 seconds
         vmop                    [threads: total initially_running wait_to_block]    [time: spin block sync cleanup vmop] page_trap_count
155.182: no vm operation                  [      31          0              0    ]      [     0     0     0     0     0    ]  0   
2017-11-17T21:51:44.010+0800: 155.182: Total time for which application threads were stopped: 0.0001549 seconds, Stopping threads took: 0.0000338 seconds
         vmop                    [threads: total initially_running wait_to_block]    [time: spin block sync cleanup vmop] page_trap_count
156.897: RevokeBias                       [      31          0              1    ]      [     0     0     0     0     0    ]  0   
2017-11-17T21:51:45.725+0800: 156.897: Total time for which application threads were stopped: 0.0003229 seconds, Stopping threads took: 0.0001282 seconds
         vmop                    [threads: total initially_running wait_to_block]    [time: spin block sync cleanup vmop] page_trap_count
156.897: RevokeBias                       [      31          1              0    ]      [     0     0     0     0     0    ]  0   
2017-11-17T21:51:45.725+0800: 156.897: Total time for which application threads were stopped: 0.0001998 seconds, Stopping threads took: 0.0000819 seconds
         vmop                    [threads: total initially_running wait_to_block]    [time: spin block sync cleanup vmop] page_trap_count
156.898: BulkRevokeBias                   [      31          0              0    ]      [     0     0     0     0     0    ]  0   
2017-11-17T21:51:45.726+0800: 156.898: Total time for which application threads were stopped: 0.0002763 seconds, Stopping threads took: 0.0000322 seconds
         vmop                    [threads: total initially_running wait_to_block]    [time: spin block sync cleanup vmop] page_trap_count
156.899: RevokeBias                       [      31          0              0    ]      [     0     0     0     0     0    ]  0   
2017-11-17T21:51:45.727+0800: 156.899: Total time for which application threads were stopped: 0.0001694 seconds, Stopping threads took: 0.0000411 seconds
         vmop                    [threads: total initially_running wait_to_block]    [time: spin block sync cleanup vmop] page_trap_count
156.899: BulkRevokeBias                   [      31          0              0    ]      [     0     0     0     0     0    ]  0   
2017-11-17T21:51:45.727+0800: 156.900: Total time for which application threads were stopped: 0.0002359 seconds, Stopping threads took: 0.0000323 seconds
         vmop                    [threads: total initially_running wait_to_block]    [time: spin block sync cleanup vmop] page_trap_count
156.900: RevokeBias                       [      31          1              1    ]      [     0     0     0     0     0    ]  0   
2017-11-17T21:51:45.728+0800: 156.900: Total time for which application threads were stopped: 0.0002085 seconds, Stopping threads took: 0.0001107 seconds
         vmop                    [threads: total initially_running wait_to_block]    [time: spin block sync cleanup vmop] page_trap_count
156.901: RevokeBias                       [      31          0              1    ]      [     0     0     0     0     0    ]  0   
2017-11-17T21:51:45.729+0800: 156.901: Total time for which application threads were stopped: 0.0002027 seconds, Stopping threads took: 0.0000966 seconds
         vmop                    [threads: total initially_running wait_to_block]    [time: spin block sync cleanup vmop] page_trap_count
156.901: RevokeBias                       [      31          0              1    ]      [     0     0     0     0     0    ]  0   
2017-11-17T21:51:45.729+0800: 156.902: Total time for which application threads were stopped: 0.0001652 seconds, Stopping threads took: 0.0000637 seconds
         vmop                    [threads: total initially_running wait_to_block]    [time: spin block sync cleanup vmop] page_trap_count
156.902: RevokeBias                       [      31          0              1    ]      [     0     0     0     0     0    ]  0   
2017-11-17T21:51:45.730+0800: 156.902: Total time for which application threads were stopped: 0.0001615 seconds, Stopping threads took: 0.0000644 seconds
         vmop                    [threads: total initially_running wait_to_block]    [time: spin block sync cleanup vmop] page_trap_count
156.904: RevokeBias                       [      31          1              2    ]      [     0     0     0     0     0    ]  0   
2017-11-17T21:51:45.732+0800: 156.905: Total time for which application threads were stopped: 0.0009260 seconds, Stopping threads took: 0.0008193 seconds
         vmop                    [threads: total initially_running wait_to_block]    [time: spin block sync cleanup vmop] page_trap_count
156.905: RevokeBias                       [      31          0              2    ]      [     0     0     0     0     0    ]  0   
2017-11-17T21:51:45.733+0800: 156.905: Total time for which application threads were stopped: 0.0001760 seconds, Stopping threads took: 0.0000728 seconds
         vmop                    [threads: total initially_running wait_to_block]    [time: spin block sync cleanup vmop] page_trap_count
156.905: RevokeBias                       [      31          0              1    ]      [     0     0     0     0     0    ]  0   
2017-11-17T21:51:45.733+0800: 156.905: Total time for which application threads were stopped: 0.0001715 seconds, Stopping threads took: 0.0000655 seconds
         vmop                    [threads: total initially_running wait_to_block]    [time: spin block sync cleanup vmop] page_trap_count
156.915: RevokeBias                       [      31          0              0    ]      [     0     0     0     0     0    ]  0   
2017-11-17T21:51:45.743+0800: 156.915: Total time for which application threads were stopped: 0.0003585 seconds, Stopping threads took: 0.0000619 seconds
 157.545: [G1Ergonomics (Concurrent Cycles) do not request concurrent cycle initiation, reason: still doing mixed collections, occupancy: 2896166912 bytes, allocation request: 437491632 bytes, threshold: 3010933530 bytes (45.00 %), source: concurrent humongous allocation]
         vmop                    [threads: total initially_running wait_to_block]    [time: spin block sync cleanup vmop] page_trap_count
157.915: no vm operation                  [      31          0              0    ]      [     0     0     0     0     0    ]  0   
2017-11-17T21:51:46.743+0800: 157.916: Total time for which application threads were stopped: 0.0002531 seconds, Stopping threads took: 0.0000715 seconds
         vmop                    [threads: total initially_running wait_to_block]    [time: spin block sync cleanup vmop] page_trap_count
158.528: RevokeBias                       [      31          0              0    ]      [     0     0     0     0     0    ]  0   
2017-11-17T21:51:47.356+0800: 158.529: Total time for which application threads were stopped: 0.0002333 seconds, Stopping threads took: 0.0000598 seconds
         vmop                    [threads: total initially_running wait_to_block]    [time: spin block sync cleanup vmop] page_trap_count
158.529: RevokeBias                       [      31          0              0    ]      [     0     0     0     0     0    ]  0   
2017-11-17T21:51:47.357+0800: 158.529: Total time for which application threads were stopped: 0.0000765 seconds, Stopping threads took: 0.0000163 seconds
         vmop                    [threads: total initially_running wait_to_block]    [time: spin block sync cleanup vmop] page_trap_count
158.529: RevokeBias                       [      31          0              0    ]      [     0     0     0     0     0    ]  0   
2017-11-17T21:51:47.357+0800: 158.529: Total time for which application threads were stopped: 0.0000757 seconds, Stopping threads took: 0.0000152 seconds
 158.530: [G1Ergonomics (Concurrent Cycles) do not request concurrent cycle initiation, reason: still doing mixed collections, occupancy: 3334471680 bytes, allocation request: 437491632 bytes, threshold: 3010933530 bytes (45.00 %), source: concurrent humongous allocation]
         vmop                    [threads: total initially_running wait_to_block]    [time: spin block sync cleanup vmop] page_trap_count
159.300: RevokeBias                       [      31          0              0    ]      [     0     0     0     0     0    ]  0   
2017-11-17T21:51:48.128+0800: 159.300: Total time for which application threads were stopped: 0.0002328 seconds, Stopping threads took: 0.0000718 seconds
         vmop                    [threads: total initially_running wait_to_block]    [time: spin block sync cleanup vmop] page_trap_count
159.300: RevokeBias                       [      31          0              1    ]      [     0     0     0     0     0    ]  0   
2017-11-17T21:51:48.128+0800: 159.300: Total time for which application threads were stopped: 0.0001578 seconds, Stopping threads took: 0.0000778 seconds
         vmop                    [threads: total initially_running wait_to_block]    [time: spin block sync cleanup vmop] page_trap_count
159.301: RevokeBias                       [      31          0              1    ]      [     0     0     0     0     0    ]  0   
2017-11-17T21:51:48.129+0800: 159.301: Total time for which application threads were stopped: 0.0001374 seconds, Stopping threads took: 0.0000591 seconds
 159.302: [G1Ergonomics (Concurrent Cycles) do not request concurrent cycle initiation, reason: still doing mixed collections, occupancy: 3772776448 bytes, allocation request: 437491632 bytes, threshold: 3010933530 bytes (45.00 %), source: concurrent humongous allocation]
 160.258: [G1Ergonomics (Concurrent Cycles) do not request concurrent cycle initiation, reason: still doing mixed collections, occupancy: 4211081216 bytes, allocation request: 437491632 bytes, threshold: 3010933530 bytes (45.00 %), source: concurrent humongous allocation]
         vmop                    [threads: total initially_running wait_to_block]    [time: spin block sync cleanup vmop] page_trap_count
160.301: no vm operation                  [      31          0              1    ]      [     0    34    34     0     0    ]  0   
2017-11-17T21:51:49.163+0800: 160.335: Total time for which application threads were stopped: 0.0345029 seconds, Stopping threads took: 0.0343111 seconds
 161.002: [G1Ergonomics (Concurrent Cycles) do not request concurrent cycle initiation, reason: still doing mixed collections, occupancy: 4649385984 bytes, allocation request: 437491632 bytes, threshold: 3010933530 bytes (45.00 %), source: concurrent humongous allocation]
         vmop                    [threads: total initially_running wait_to_block]    [time: spin block sync cleanup vmop] page_trap_count
161.335: no vm operation                  [      31          0              0    ]      [     0     0     0     0     0    ]  0   
2017-11-17T21:51:50.163+0800: 161.336: Total time for which application threads were stopped: 0.0002036 seconds, Stopping threads took: 0.0000558 seconds
 161.786: [G1Ergonomics (Concurrent Cycles) do not request concurrent cycle initiation, reason: still doing mixed collections, occupancy: 5087690752 bytes, allocation request: 437491632 bytes, threshold: 3010933530 bytes (45.00 %), source: concurrent humongous allocation]
         vmop                    [threads: total initially_running wait_to_block]    [time: spin block sync cleanup vmop] page_trap_count
162.336: no vm operation                  [      31          0              0    ]      [     0     0     0     0     0    ]  0   
2017-11-17T21:51:51.164+0800: 162.336: Total time for which application threads were stopped: 0.0002091 seconds, Stopping threads took: 0.0000504 seconds
 162.723: [G1Ergonomics (Concurrent Cycles) do not request concurrent cycle initiation, reason: still doing mixed collections, occupancy: 5525995520 bytes, allocation request: 437491632 bytes, threshold: 3010933530 bytes (45.00 %), source: concurrent humongous allocation]
2017-11-17T21:51:51.552+0800: 162.724: [GC pause (G1 Humongous Allocation) (young) 162.724: [G1Ergonomics (CSet Construction) start choosing CSet, _pending_cards: 122765, predicted base time: 86.87 ms, remaining time: 113.13 ms, target pause time: 200.00 ms]
 162.724: [G1Ergonomics (CSet Construction) add young regions to CSet, eden: 88 regions, survivors: 3 regions, predicted young region time: 2.35 ms]
 162.724: [G1Ergonomics (CSet Construction) finish choosing CSet, eden: 88 regions, survivors: 3 regions, old: 0 regions, predicted pause time: 89.22 ms, target pause time: 200.00 ms]
 162.750: [G1Ergonomics (Mixed GCs) do not start mixed GCs, reason: reclaimable percentage not over threshold, candidate old regions: 131 regions, reclaimable: 58266480 bytes (0.87 %), threshold: 5.00 %]
, 0.0262791 secs]
   [Parallel Time: 20.4 ms, GC Workers: 8]
      [GC Worker Start (ms): Min: 162724.4, Avg: 162724.5, Max: 162724.6, Diff: 0.2]
      [Ext Root Scanning (ms): Min: 0.4, Avg: 0.6, Max: 1.2, Diff: 0.7, Sum: 4.8]
      [Update RS (ms): Min: 17.8, Avg: 18.2, Max: 18.4, Diff: 0.5, Sum: 146.0]
         [Processed Buffers: Min: 46, Avg: 61.2, Max: 83, Diff: 37, Sum: 490]
      [Scan RS (ms): Min: 0.0, Avg: 0.0, Max: 0.1, Diff: 0.1, Sum: 0.3]
      [Code Root Scanning (ms): Min: 0.0, Avg: 0.0, Max: 0.2, Diff: 0.2, Sum: 0.3]
      [Object Copy (ms): Min: 0.9, Avg: 1.1, Max: 1.3, Diff: 0.4, Sum: 8.7]
      [Termination (ms): Min: 0.0, Avg: 0.1, Max: 0.1, Diff: 0.1, Sum: 0.8]
         [Termination Attempts: Min: 1, Avg: 3.0, Max: 6, Diff: 5, Sum: 24]
      [GC Worker Other (ms): Min: 0.0, Avg: 0.0, Max: 0.0, Diff: 0.0, Sum: 0.1]
      [GC Worker Total (ms): Min: 20.0, Avg: 20.1, Max: 20.2, Diff: 0.2, Sum: 161.1]
      [GC Worker End (ms): Min: 162744.6, Avg: 162744.7, Max: 162744.7, Diff: 0.0]
   [Code Root Fixup: 0.1 ms]
   [Code Root Purge: 0.0 ms]
   [Clear CT: 0.3 ms]
   [Other: 5.4 ms]
      [Choose CSet: 0.0 ms]
      [Ref Proc: 0.3 ms]
      [Ref Enq: 0.0 ms]
      [Redirty Cards: 0.2 ms]
      [Humongous Register: 0.3 ms]
      [Humongous Reclaim: 4.1 ms]
      [Free CSet: 0.2 ms]
   [Eden: 88.0M(3141.0M)->0.0B(2787.0M) Survivors: 3072.0K->3072.0K Heap: 5311.8M(6381.0M)->2720.9M(6381.0M)]
 [Times: user=0.17 sys=0.00, real=0.03 secs] 
 162.751: [G1Ergonomics (Concurrent Cycles) request concurrent cycle initiation, reason: occupancy higher than threshold, occupancy: 3334471680 bytes, allocation request: 0 bytes, threshold: 3010933530 bytes (45.00 %), source: STW humongous allocation]
         vmop                    [threads: total initially_running wait_to_block]    [time: spin block sync cleanup vmop] page_trap_count
162.723: G1IncCollectionPause             [      31          0              0    ]      [     0     0     0     0    27    ]  0   
2017-11-17T21:51:51.579+0800: 162.751: Total time for which application threads were stopped: 0.0273418 seconds, Stopping threads took: 0.0000802 seconds
         vmop                    [threads: total initially_running wait_to_block]    [time: spin block sync cleanup vmop] page_trap_count
162.751: RevokeBias                       [      31          0              1    ]      [     0    74    74     0     0    ]  0   
2017-11-17T21:51:51.653+0800: 162.825: Total time for which application threads were stopped: 0.0745138 seconds, Stopping threads took: 0.0742384 seconds
         vmop                    [threads: total initially_running wait_to_block]    [time: spin block sync cleanup vmop] page_trap_count
162.826: RevokeBias                       [      31          1              1    ]      [    11     0    11     0     0    ]  1   
2017-11-17T21:51:51.665+0800: 162.837: Total time for which application threads were stopped: 0.0114806 seconds, Stopping threads took: 0.0113602 seconds
         vmop                    [threads: total initially_running wait_to_block]    [time: spin block sync cleanup vmop] page_trap_count
162.837: RevokeBias                       [      31          1              0    ]      [     0     0     0     0     0    ]  0   
2017-11-17T21:51:51.665+0800: 162.837: Total time for which application threads were stopped: 0.0001647 seconds, Stopping threads took: 0.0000934 seconds
         vmop                    [threads: total initially_running wait_to_block]    [time: spin block sync cleanup vmop] page_trap_count
162.837: RevokeBias                       [      31          0              0    ]      [     0     0     0     0     0    ]  0   
2017-11-17T21:51:51.665+0800: 162.838: Total time for which application threads were stopped: 0.0002150 seconds, Stopping threads took: 0.0000644 seconds
         vmop                    [threads: total initially_running wait_to_block]    [time: spin block sync cleanup vmop] page_trap_count
162.838: RevokeBias                       [      31          0              0    ]      [     0     0     0     0     0    ]  0   
2017-11-17T21:51:51.666+0800: 162.838: Total time for which application threads were stopped: 0.0001226 seconds, Stopping threads took: 0.0000554 seconds
         vmop                    [threads: total initially_running wait_to_block]    [time: spin block sync cleanup vmop] page_trap_count
162.838: RevokeBias                       [      31          0              0    ]      [     0     0     0     0     0    ]  0   
2017-11-17T21:51:51.666+0800: 162.838: Total time for which application threads were stopped: 0.0001395 seconds, Stopping threads took: 0.0000526 seconds
 163.471: [G1Ergonomics (Concurrent Cycles) request concurrent cycle initiation, reason: occupancy higher than threshold, occupancy: 3334471680 bytes, allocation request: 437491632 bytes, threshold: 3010933530 bytes (45.00 %), source: concurrent humongous allocation]
 163.472: [G1Ergonomics (Concurrent Cycles) request concurrent cycle initiation, reason: requested by GC cause, GC cause: G1 Humongous Allocation]
 163.472: [G1Ergonomics (Concurrent Cycles) initiate concurrent cycle, reason: concurrent cycle initiation requested]
2017-11-17T21:51:52.300+0800: 163.472: [GC pause (G1 Humongous Allocation) (young) (initial-mark) 163.472: [G1Ergonomics (CSet Construction) start choosing CSet, _pending_cards: 23246, predicted base time: 47.24 ms, remaining time: 152.76 ms, target pause time: 200.00 ms]
 163.473: [G1Ergonomics (CSet Construction) add young regions to CSet, eden: 1 regions, survivors: 3 regions, predicted young region time: 0.21 ms]
 163.473: [G1Ergonomics (CSet Construction) finish choosing CSet, eden: 1 regions, survivors: 3 regions, old: 0 regions, predicted pause time: 47.46 ms, target pause time: 200.00 ms]
, 0.0100845 secs]
   [Parallel Time: 6.0 ms, GC Workers: 8]
      [GC Worker Start (ms): Min: 163472.7, Avg: 163472.9, Max: 163473.0, Diff: 0.2]
      [Ext Root Scanning (ms): Min: 1.1, Avg: 1.3, Max: 1.4, Diff: 0.2, Sum: 10.1]
      [Update RS (ms): Min: 3.4, Avg: 3.4, Max: 3.5, Diff: 0.2, Sum: 27.6]
         [Processed Buffers: Min: 9, Avg: 11.9, Max: 16, Diff: 7, Sum: 95]
      [Scan RS (ms): Min: 0.0, Avg: 0.0, Max: 0.0, Diff: 0.0, Sum: 0.1]
      [Code Root Scanning (ms): Min: 0.0, Avg: 0.0, Max: 0.2, Diff: 0.2, Sum: 0.4]
      [Object Copy (ms): Min: 0.6, Avg: 0.8, Max: 0.9, Diff: 0.2, Sum: 6.1]
      [Termination (ms): Min: 0.0, Avg: 0.0, Max: 0.0, Diff: 0.0, Sum: 0.0]
         [Termination Attempts: Min: 1, Avg: 1.1, Max: 2, Diff: 1, Sum: 9]
      [GC Worker Other (ms): Min: 0.0, Avg: 0.0, Max: 0.1, Diff: 0.1, Sum: 0.3]
      [GC Worker Total (ms): Min: 5.4, Avg: 5.6, Max: 5.7, Diff: 0.3, Sum: 44.6]
      [GC Worker End (ms): Min: 163478.4, Avg: 163478.4, Max: 163478.5, Diff: 0.1]
   [Code Root Fixup: 0.1 ms]
   [Code Root Purge: 0.0 ms]
   [Clear CT: 0.3 ms]
   [Other: 3.7 ms]
      [Choose CSet: 0.0 ms]
      [Ref Proc: 0.3 ms]
      [Ref Enq: 0.0 ms]
      [Redirty Cards: 0.3 ms]
      [Humongous Register: 0.1 ms]
      [Humongous Reclaim: 1.0 ms]
      [Free CSet: 0.1 ms]
   [Eden: 1024.0K(2787.0M)->0.0B(2789.0M) Survivors: 3072.0K->3072.0K Heap: 3138.6M(6381.0M)->2721.0M(6381.0M)]
 [Times: user=0.04 sys=0.00, real=0.01 secs] 
         vmop                    [threads: total initially_running wait_to_block]    [time: spin block sync cleanup vmop] page_trap_count
163.471: G1IncCollectionPause             [      31          0              0    ]      [     0     0     0     0    10    ]  0   
2017-11-17T21:51:52.310+0800: 163.482: [GC concurrent-root-region-scan-start]
2017-11-17T21:51:52.310+0800: 163.482: Total time for which application threads were stopped: 0.0105481 seconds, Stopping threads took: 0.0000665 seconds
2017-11-17T21:51:52.312+0800: 163.484: [GC concurrent-root-region-scan-end, 0.0017436 secs]
2017-11-17T21:51:52.312+0800: 163.484: [GC concurrent-mark-start]
2017-11-17T21:51:53.092+0800: 164.264: [GC concurrent-mark-end, 0.7802035 secs]
2017-11-17T21:51:53.120+0800: 164.292: [GC remark 2017-11-17T21:51:53.120+0800: 164.292: [Finalize Marking, 0.0004885 secs] 2017-11-17T21:51:53.121+0800: 164.293: [GC ref-proc, 0.0002865 secs] 2017-11-17T21:51:53.121+0800: 164.293: [Unloading, 0.0059507 secs], 0.0133810 secs]
 [Times: user=0.08 sys=0.00, real=0.01 secs] 
         vmop                    [threads: total initially_running wait_to_block]    [time: spin block sync cleanup vmop] page_trap_count
164.264: CGC_Operation                    [      31          1              1    ]      [    28     0    28     0    13    ]  1   
2017-11-17T21:51:53.134+0800: 164.306: Total time for which application threads were stopped: 0.0418261 seconds, Stopping threads took: 0.0282101 seconds
2017-11-17T21:51:53.134+0800: 164.306: [GC cleanup 3138M->3138M(6381M), 0.0034758 secs]
 [Times: user=0.02 sys=0.00, real=0.01 secs] 
         vmop                    [threads: total initially_running wait_to_block]    [time: spin block sync cleanup vmop] page_trap_count
164.306: CGC_Operation                    [      31          0              1    ]      [     0     0     0     0     3    ]  0   
2017-11-17T21:51:53.138+0800: 164.310: Total time for which application threads were stopped: 0.0037151 seconds, Stopping threads took: 0.0000566 seconds
         vmop                    [threads: total initially_running wait_to_block]    [time: spin block sync cleanup vmop] page_trap_count
164.378: RevokeBias                       [      31          0              1    ]      [     0     7     7     0     0    ]  0   
2017-11-17T21:51:53.214+0800: 164.386: Total time for which application threads were stopped: 0.0078763 seconds, Stopping threads took: 0.0075976 seconds
         vmop                    [threads: total initially_running wait_to_block]    [time: spin block sync cleanup vmop] page_trap_count
164.387: RevokeBias                       [      31          0              1    ]      [     0     0     0     0     0    ]  0   
2017-11-17T21:51:53.215+0800: 164.387: Total time for which application threads were stopped: 0.0003605 seconds, Stopping threads took: 0.0001673 seconds
 165.014: [G1Ergonomics (Concurrent Cycles) do not request concurrent cycle initiation, reason: still doing mixed collections, occupancy: 3772776448 bytes, allocation request: 437491632 bytes, threshold: 3010933530 bytes (45.00 %), source: concurrent humongous allocation]
         vmop                    [threads: total initially_running wait_to_block]    [time: spin block sync cleanup vmop] page_trap_count
165.387: no vm operation                  [      31          0              0    ]      [     0     0     0     0     0    ]  0   
2017-11-17T21:51:54.215+0800: 165.387: Total time for which application threads were stopped: 0.0002173 seconds, Stopping threads took: 0.0000439 seconds
 165.804: [G1Ergonomics (Concurrent Cycles) do not request concurrent cycle initiation, reason: still doing mixed collections, occupancy: 4211081216 bytes, allocation request: 437491632 bytes, threshold: 3010933530 bytes (45.00 %), source: concurrent humongous allocation]
 166.620: [G1Ergonomics (Concurrent Cycles) do not request concurrent cycle initiation, reason: still doing mixed collections, occupancy: 4649385984 bytes, allocation request: 437491632 bytes, threshold: 3010933530 bytes (45.00 %), source: concurrent humongous allocation]
 167.319: [G1Ergonomics (Concurrent Cycles) do not request concurrent cycle initiation, reason: still doing mixed collections, occupancy: 5087690752 bytes, allocation request: 437491632 bytes, threshold: 3010933530 bytes (45.00 %), source: concurrent humongous allocation]
         vmop                    [threads: total initially_running wait_to_block]    [time: spin block sync cleanup vmop] page_trap_count
168.079: RevokeBias                       [      31          0              0    ]      [     0     0     0     0     0    ]  0   
2017-11-17T21:51:56.907+0800: 168.079: Total time for which application threads were stopped: 0.0001887 seconds, Stopping threads took: 0.0000526 seconds
 168.168: [G1Ergonomics (Concurrent Cycles) do not request concurrent cycle initiation, reason: still doing mixed collections, occupancy: 5525995520 bytes, allocation request: 659984 bytes, threshold: 3010933530 bytes (45.00 %), source: concurrent humongous allocation]
 168.168: [G1Ergonomics (Concurrent Cycles) do not request concurrent cycle initiation, reason: still doing mixed collections, occupancy: 5527044096 bytes, allocation request: 1319952 bytes, threshold: 3010933530 bytes (45.00 %), source: concurrent humongous allocation]
 168.169: [G1Ergonomics (Concurrent Cycles) do not request concurrent cycle initiation, reason: still doing mixed collections, occupancy: 5529141248 bytes, allocation request: 2639888 bytes, threshold: 3010933530 bytes (45.00 %), source: concurrent humongous allocation]
 168.172: [G1Ergonomics (Concurrent Cycles) do not request concurrent cycle initiation, reason: still doing mixed collections, occupancy: 5532286976 bytes, allocation request: 5279760 bytes, threshold: 3010933530 bytes (45.00 %), source: concurrent humongous allocation]
 168.176: [G1Ergonomics (Concurrent Cycles) do not request concurrent cycle initiation, reason: still doing mixed collections, occupancy: 5538578432 bytes, allocation request: 10559504 bytes, threshold: 3010933530 bytes (45.00 %), source: concurrent humongous allocation]
 168.186: [G1Ergonomics (Concurrent Cycles) do not request concurrent cycle initiation, reason: still doing mixed collections, occupancy: 5550112768 bytes, allocation request: 21118992 bytes, threshold: 3010933530 bytes (45.00 %), source: concurrent humongous allocation]
 168.205: [G1Ergonomics (Concurrent Cycles) do not request concurrent cycle initiation, reason: still doing mixed collections, occupancy: 5572132864 bytes, allocation request: 42237968 bytes, threshold: 3010933530 bytes (45.00 %), source: concurrent humongous allocation]
 168.244: [G1Ergonomics (Concurrent Cycles) do not request concurrent cycle initiation, reason: still doing mixed collections, occupancy: 5615124480 bytes, allocation request: 84475920 bytes, threshold: 3010933530 bytes (45.00 %), source: concurrent humongous allocation]
 168.322: [G1Ergonomics (Concurrent Cycles) do not request concurrent cycle initiation, reason: still doing mixed collections, occupancy: 5700059136 bytes, allocation request: 168951824 bytes, threshold: 3010933530 bytes (45.00 %), source: concurrent humongous allocation]
 168.483: [G1Ergonomics (Concurrent Cycles) do not request concurrent cycle initiation, reason: still doing mixed collections, occupancy: 5869928448 bytes, allocation request: 337903632 bytes, threshold: 3010933530 bytes (45.00 %), source: concurrent humongous allocation]
2017-11-17T21:51:57.311+0800: 168.484: [GC pause (G1 Humongous Allocation) (young) 168.487: [G1Ergonomics (CSet Construction) start choosing CSet, _pending_cards: 355543, predicted base time: 118.38 ms, remaining time: 81.62 ms, target pause time: 200.00 ms]
 168.487: [G1Ergonomics (CSet Construction) add young regions to CSet, eden: 3 regions, survivors: 3 regions, predicted young region time: 0.31 ms]
 168.487: [G1Ergonomics (CSet Construction) finish choosing CSet, eden: 3 regions, survivors: 3 regions, old: 0 regions, predicted pause time: 118.69 ms, target pause time: 200.00 ms]
 168.542: [G1Ergonomics (Mixed GCs) do not start mixed GCs, reason: reclaimable percentage not over threshold, candidate old regions: 131 regions, reclaimable: 58266480 bytes (0.87 %), threshold: 5.00 %]
, 0.0580654 secs]
   [Parallel Time: 47.8 ms, GC Workers: 8]
      [GC Worker Start (ms): Min: 168487.8, Avg: 168487.9, Max: 168488.0, Diff: 0.2]
      [Ext Root Scanning (ms): Min: 0.4, Avg: 0.6, Max: 1.3, Diff: 0.9, Sum: 4.8]
      [Update RS (ms): Min: 45.3, Avg: 45.7, Max: 45.8, Diff: 0.6, Sum: 365.7]
         [Processed Buffers: Min: 135, Avg: 174.4, Max: 271, Diff: 136, Sum: 1395]
      [Scan RS (ms): Min: 0.0, Avg: 0.0, Max: 0.1, Diff: 0.1, Sum: 0.2]
      [Code Root Scanning (ms): Min: 0.0, Avg: 0.1, Max: 0.3, Diff: 0.3, Sum: 0.5]
      [Object Copy (ms): Min: 0.8, Avg: 1.0, Max: 1.1, Diff: 0.3, Sum: 7.6]
      [Termination (ms): Min: 0.0, Avg: 0.0, Max: 0.0, Diff: 0.0, Sum: 0.0]
         [Termination Attempts: Min: 1, Avg: 1.8, Max: 2, Diff: 1, Sum: 14]
      [GC Worker Other (ms): Min: 0.0, Avg: 0.0, Max: 0.1, Diff: 0.1, Sum: 0.2]
      [GC Worker Total (ms): Min: 47.3, Avg: 47.4, Max: 47.5, Diff: 0.2, Sum: 379.0]
      [GC Worker End (ms): Min: 168535.3, Avg: 168535.3, Max: 168535.3, Diff: 0.1]
   [Code Root Fixup: 0.1 ms]
   [Code Root Purge: 0.0 ms]
   [Clear CT: 0.3 ms]
   [Other: 9.8 ms]
      [Choose CSet: 0.0 ms]
      [Ref Proc: 0.2 ms]
      [Ref Enq: 0.0 ms]
      [Redirty Cards: 0.3 ms]
      [Humongous Register: 0.3 ms]
      [Humongous Reclaim: 4.9 ms]
      [Free CSet: 0.1 ms]
   [Eden: 3072.0K(2789.0M)->0.0B(3068.0M) Survivors: 3072.0K->3072.0K Heap: 5548.3M(6381.0M)->2464.9M(6381.0M)]
 [Times: user=0.39 sys=0.00, real=0.06 secs] 
         vmop                    [threads: total initially_running wait_to_block]    [time: spin block sync cleanup vmop] page_trap_count
168.483: G1IncCollectionPause             [      31          0              0    ]      [     0     0     0     0    58    ]  0   
2017-11-17T21:51:57.370+0800: 168.542: Total time for which application threads were stopped: 0.0589008 seconds, Stopping threads took: 0.0000512 seconds
 168.849: [G1Ergonomics (Concurrent Cycles) request concurrent cycle initiation, reason: occupancy higher than threshold, occupancy: 2966421504 bytes, allocation request: 675807248 bytes, threshold: 3010933530 bytes (45.00 %), source: concurrent humongous allocation]
 168.849: [G1Ergonomics (Concurrent Cycles) request concurrent cycle initiation, reason: requested by GC cause, GC cause: G1 Humongous Allocation]
 168.849: [G1Ergonomics (Concurrent Cycles) initiate concurrent cycle, reason: concurrent cycle initiation requested]
2017-11-17T21:51:57.677+0800: 168.849: [GC pause (G1 Humongous Allocation) (young) (initial-mark) 168.858: [G1Ergonomics (CSet Construction) start choosing CSet, _pending_cards: 661761, predicted base time: 170.76 ms, remaining time: 29.24 ms, target pause time: 200.00 ms]
 168.858: [G1Ergonomics (CSet Construction) add young regions to CSet, eden: 0 regions, survivors: 3 regions, predicted young region time: 0.18 ms]
 168.858: [G1Ergonomics (CSet Construction) finish choosing CSet, eden: 0 regions, survivors: 3 regions, old: 0 regions, predicted pause time: 170.93 ms, target pause time: 200.00 ms]
, 0.1118361 secs]
   [Parallel Time: 100.6 ms, GC Workers: 8]
      [GC Worker Start (ms): Min: 168857.9, Avg: 168858.0, Max: 168858.1, Diff: 0.2]
      [Ext Root Scanning (ms): Min: 1.2, Avg: 1.4, Max: 1.5, Diff: 0.3, Sum: 10.9]
      [Update RS (ms): Min: 97.9, Avg: 98.0, Max: 98.0, Diff: 0.1, Sum: 783.6]
         [Processed Buffers: Min: 245, Avg: 323.5, Max: 452, Diff: 207, Sum: 2588]
      [Scan RS (ms): Min: 0.0, Avg: 0.0, Max: 0.0, Diff: 0.0, Sum: 0.0]
      [Code Root Scanning (ms): Min: 0.0, Avg: 0.1, Max: 0.2, Diff: 0.2, Sum: 0.4]
      [Object Copy (ms): Min: 0.7, Avg: 0.8, Max: 0.9, Diff: 0.2, Sum: 6.2]
      [Termination (ms): Min: 0.0, Avg: 0.0, Max: 0.0, Diff: 0.0, Sum: 0.0]
         [Termination Attempts: Min: 1, Avg: 1.0, Max: 1, Diff: 0, Sum: 8]
      [GC Worker Other (ms): Min: 0.0, Avg: 0.0, Max: 0.0, Diff: 0.0, Sum: 0.1]
      [GC Worker Total (ms): Min: 100.1, Avg: 100.2, Max: 100.3, Diff: 0.2, Sum: 801.4]
      [GC Worker End (ms): Min: 168958.2, Avg: 168958.2, Max: 168958.2, Diff: 0.0]
   [Code Root Fixup: 0.1 ms]
   [Code Root Purge: 0.0 ms]
   [Clear CT: 0.3 ms]
   [Other: 10.9 ms]
      [Choose CSet: 0.0 ms]
      [Ref Proc: 0.3 ms]
      [Ref Enq: 0.0 ms]
      [Redirty Cards: 0.3 ms]
      [Humongous Register: 0.1 ms]
      [Humongous Reclaim: 0.6 ms]
      [Free CSet: 0.1 ms]
   [Eden: 0.0B(3068.0M)->0.0B(2646.0M) Survivors: 3072.0K->3072.0K Heap: 2787.2M(6381.0M)->2625.8M(6381.0M)]
 [Times: user=0.80 sys=0.00, real=0.11 secs] 
         vmop                    [threads: total initially_running wait_to_block]    [time: spin block sync cleanup vmop] page_trap_count
168.849: G1IncCollectionPause             [      31          0              0    ]      [     0     0     0     0   112    ]  0   
2017-11-17T21:51:57.789+0800: 168.961: [GC concurrent-root-region-scan-start]
2017-11-17T21:51:57.789+0800: 168.961: Total time for which application threads were stopped: 0.1123089 seconds, Stopping threads took: 0.0000562 seconds
2017-11-17T21:51:57.791+0800: 168.963: [GC concurrent-root-region-scan-end, 0.0019465 secs]
2017-11-17T21:51:57.791+0800: 168.963: [GC concurrent-mark-start]
2017-11-17T21:51:58.732+0800: 169.904: [GC concurrent-mark-end, 0.9410598 secs]
2017-11-17T21:51:58.775+0800: 169.947: [GC remark 2017-11-17T21:51:58.775+0800: 169.947: [Finalize Marking, 0.0132712 secs] 2017-11-17T21:51:58.788+0800: 169.960: [GC ref-proc, 0.0002535 secs] 2017-11-17T21:51:58.788+0800: 169.960: [Unloading, 0.0057657 secs], 0.0258774 secs]
 [Times: user=0.09 sys=0.00, real=0.03 secs] 
         vmop                    [threads: total initially_running wait_to_block]    [time: spin block sync cleanup vmop] page_trap_count
169.905: CGC_Operation                    [      31          1              1    ]      [    41     0    42     0    25    ]  1   
2017-11-17T21:51:58.801+0800: 169.973: Total time for which application threads were stopped: 0.0681229 seconds, Stopping threads took: 0.0420014 seconds
2017-11-17T21:51:58.801+0800: 169.973: [GC cleanup 4363M->4363M(6381M), 0.0032332 secs]
 [Times: user=0.02 sys=0.00, real=0.01 secs] 
         vmop                    [threads: total initially_running wait_to_block]    [time: spin block sync cleanup vmop] page_trap_count
169.973: CGC_Operation                    [      31          1              1    ]      [     0     0     0     0     3    ]  0   
2017-11-17T21:51:58.804+0800: 169.976: Total time for which application threads were stopped: 0.0035208 seconds, Stopping threads took: 0.0001208 seconds
         vmop                    [threads: total initially_running wait_to_block]    [time: spin block sync cleanup vmop] page_trap_count
170.977: no vm operation                  [      31          0              0    ]      [     0     0     0     0     0    ]  0   
2017-11-17T21:51:59.805+0800: 170.977: Total time for which application threads were stopped: 0.0002086 seconds, Stopping threads took: 0.0000410 seconds
         vmop                    [threads: total initially_running wait_to_block]    [time: spin block sync cleanup vmop] page_trap_count
176.977: no vm operation                  [      31          0              0    ]      [     0     0     0     0     0    ]  0   
2017-11-17T21:52:05.805+0800: 176.977: Total time for which application threads were stopped: 0.0002036 seconds, Stopping threads took: 0.0000652 seconds
         vmop                    [threads: total initially_running wait_to_block]    [time: spin block sync cleanup vmop] page_trap_count
177.978: no vm operation                  [      31          0              0    ]      [     0     0     0     0     0    ]  0   
2017-11-17T21:52:06.806+0800: 177.978: Total time for which application threads were stopped: 0.0002306 seconds, Stopping threads took: 0.0000590 seconds
         vmop                    [threads: total initially_running wait_to_block]    [time: spin block sync cleanup vmop] page_trap_count
179.978: no vm operation                  [      31          0              0    ]      [     0     0     0     0     0    ]  0   
2017-11-17T21:52:08.806+0800: 179.978: Total time for which application threads were stopped: 0.0001755 seconds, Stopping threads took: 0.0000354 seconds
         vmop                    [threads: total initially_running wait_to_block]    [time: spin block sync cleanup vmop] page_trap_count
204.980: no vm operation                  [      31          0              0    ]      [     0     0     0     0     0    ]  0   
2017-11-17T21:52:33.808+0800: 204.980: Total time for which application threads were stopped: 0.0002289 seconds, Stopping threads took: 0.0000910 seconds
         vmop                    [threads: total initially_running wait_to_block]    [time: spin block sync cleanup vmop] page_trap_count
205.980: no vm operation                  [      31          2              0    ]      [     0     0     0     0     0    ]  0   
2017-11-17T21:52:34.809+0800: 205.981: Total time for which application threads were stopped: 0.0002402 seconds, Stopping threads took: 0.0000606 seconds
         vmop                    [threads: total initially_running wait_to_block]    [time: spin block sync cleanup vmop] page_trap_count
206.131: RevokeBias                       [      31          0              0    ]      [     0     0     0     0     0    ]  0   
2017-11-17T21:52:34.959+0800: 206.132: Total time for which application threads were stopped: 0.0001924 seconds, Stopping threads took: 0.0000566 seconds
         vmop                    [threads: total initially_running wait_to_block]    [time: spin block sync cleanup vmop] page_trap_count
208.549: RevokeBias                       [      31          0              0    ]      [     0     0     0     0     0    ]  0   
2017-11-17T21:52:37.377+0800: 208.549: Total time for which application threads were stopped: 0.0001848 seconds, Stopping threads took: 0.0000490 seconds
 213.072: [G1Ergonomics (Concurrent Cycles) do not request concurrent cycle initiation, reason: still doing mixed collections, occupancy: 4626317312 bytes, allocation request: 2140480 bytes, threshold: 3010933530 bytes (45.00 %), source: concurrent humongous allocation]
 213.073: [G1Ergonomics (Concurrent Cycles) do not request concurrent cycle initiation, reason: still doing mixed collections, occupancy: 4629463040 bytes, allocation request: 2140480 bytes, threshold: 3010933530 bytes (45.00 %), source: concurrent humongous allocation]
 213.081: [G1Ergonomics (Concurrent Cycles) do not request concurrent cycle initiation, reason: still doing mixed collections, occupancy: 4632608768 bytes, allocation request: 437499240 bytes, threshold: 3010933530 bytes (45.00 %), source: concurrent humongous allocation]
 213.481: [G1Ergonomics (Concurrent Cycles) do not request concurrent cycle initiation, reason: still doing mixed collections, occupancy: 5070913536 bytes, allocation request: 437491632 bytes, threshold: 3010933530 bytes (45.00 %), source: concurrent humongous allocation]
         vmop                    [threads: total initially_running wait_to_block]    [time: spin block sync cleanup vmop] page_trap_count
213.549: no vm operation                  [      31          0              1    ]      [     0    21    22     0     0    ]  0   
2017-11-17T21:52:42.399+0800: 213.571: Total time for which application threads were stopped: 0.0222364 seconds, Stopping threads took: 0.0220072 seconds
 214.074: [G1Ergonomics (Concurrent Cycles) do not request concurrent cycle initiation, reason: still doing mixed collections, occupancy: 5509218304 bytes, allocation request: 4194320 bytes, threshold: 3010933530 bytes (45.00 %), source: concurrent humongous allocation]
 214.075: [G1Ergonomics (Concurrent Cycles) do not request concurrent cycle initiation, reason: still doing mixed collections, occupancy: 5514461184 bytes, allocation request: 4194320 bytes, threshold: 3010933530 bytes (45.00 %), source: concurrent humongous allocation]
         vmop                    [threads: total initially_running wait_to_block]    [time: spin block sync cleanup vmop] page_trap_count
214.092: RevokeBias                       [      31          0              0    ]      [     0     0     0     0     0    ]  0   
2017-11-17T21:52:42.920+0800: 214.092: Total time for which application threads were stopped: 0.0001829 seconds, Stopping threads took: 0.0000486 seconds
 214.108: [G1Ergonomics (Concurrent Cycles) do not request concurrent cycle initiation, reason: still doing mixed collections, occupancy: 5519704064 bytes, allocation request: 4194320 bytes, threshold: 3010933530 bytes (45.00 %), source: concurrent humongous allocation]
 214.109: [G1Ergonomics (Concurrent Cycles) do not request concurrent cycle initiation, reason: still doing mixed collections, occupancy: 5524946944 bytes, allocation request: 4194320 bytes, threshold: 3010933530 bytes (45.00 %), source: concurrent humongous allocation]
         vmop                    [threads: total initially_running wait_to_block]    [time: spin block sync cleanup vmop] page_trap_count
214.269: RevokeBias                       [      31          0              0    ]      [     0     0     2     0     0    ]  0   
2017-11-17T21:52:43.099+0800: 214.272: Total time for which application threads were stopped: 0.0002789 seconds, Stopping threads took: 0.0000627 seconds
         vmop                    [threads: total initially_running wait_to_block]    [time: spin block sync cleanup vmop] page_trap_count
214.272: RevokeBias                       [      31          0              0    ]      [     0     0     0     0     0    ]  0   
2017-11-17T21:52:43.100+0800: 214.272: Total time for which application threads were stopped: 0.0001267 seconds, Stopping threads took: 0.0000338 seconds
         vmop                    [threads: total initially_running wait_to_block]    [time: spin block sync cleanup vmop] page_trap_count
214.272: RevokeBias                       [      31          0              0    ]      [     0     0     0     0     0    ]  0   
2017-11-17T21:52:43.100+0800: 214.272: Total time for which application threads were stopped: 0.0001360 seconds, Stopping threads took: 0.0000531 seconds
 214.300: [G1Ergonomics (Concurrent Cycles) do not request concurrent cycle initiation, reason: still doing mixed collections, occupancy: 5530189824 bytes, allocation request: 4194320 bytes, threshold: 3010933530 bytes (45.00 %), source: concurrent humongous allocation]
 214.301: [G1Ergonomics (Concurrent Cycles) do not request concurrent cycle initiation, reason: still doing mixed collections, occupancy: 5535432704 bytes, allocation request: 4194320 bytes, threshold: 3010933530 bytes (45.00 %), source: concurrent humongous allocation]
         vmop                    [threads: total initially_running wait_to_block]    [time: spin block sync cleanup vmop] page_trap_count
214.327: RevokeBias                       [      31          0              0    ]      [     0     0     0     0     0    ]  0   
2017-11-17T21:52:43.155+0800: 214.328: Total time for which application threads were stopped: 0.0001636 seconds, Stopping threads took: 0.0000379 seconds
 214.333: [G1Ergonomics (Concurrent Cycles) do not request concurrent cycle initiation, reason: still doing mixed collections, occupancy: 5540675584 bytes, allocation request: 1371672 bytes, threshold: 3010933530 bytes (45.00 %), source: concurrent humongous allocation]
 214.334: [G1Ergonomics (Concurrent Cycles) do not request concurrent cycle initiation, reason: still doing mixed collections, occupancy: 5542772736 bytes, allocation request: 1371672 bytes, threshold: 3010933530 bytes (45.00 %), source: concurrent humongous allocation]
         vmop                    [threads: total initially_running wait_to_block]    [time: spin block sync cleanup vmop] page_trap_count
214.378: RevokeBias                       [      31          0              0    ]      [     0     0     0     0     0    ]  0   
2017-11-17T21:52:43.206+0800: 214.379: Total time for which application threads were stopped: 0.0002097 seconds, Stopping threads took: 0.0000279 seconds
 215.789: [G1Ergonomics (Concurrent Cycles) do not request concurrent cycle initiation, reason: still doing mixed collections, occupancy: 5544869888 bytes, allocation request: 4194320 bytes, threshold: 3010933530 bytes (45.00 %), source: concurrent humongous allocation]
 215.791: [G1Ergonomics (Concurrent Cycles) do not request concurrent cycle initiation, reason: still doing mixed collections, occupancy: 5550112768 bytes, allocation request: 4194320 bytes, threshold: 3010933530 bytes (45.00 %), source: concurrent humongous allocation]
 215.807: [G1Ergonomics (Concurrent Cycles) do not request concurrent cycle initiation, reason: still doing mixed collections, occupancy: 5555355648 bytes, allocation request: 4194320 bytes, threshold: 3010933530 bytes (45.00 %), source: concurrent humongous allocation]
 215.808: [G1Ergonomics (Concurrent Cycles) do not request concurrent cycle initiation, reason: still doing mixed collections, occupancy: 5560598528 bytes, allocation request: 4194320 bytes, threshold: 3010933530 bytes (45.00 %), source: concurrent humongous allocation]
 215.822: [G1Ergonomics (Concurrent Cycles) do not request concurrent cycle initiation, reason: still doing mixed collections, occupancy: 5565841408 bytes, allocation request: 4194320 bytes, threshold: 3010933530 bytes (45.00 %), source: concurrent humongous allocation]
 215.823: [G1Ergonomics (Concurrent Cycles) do not request concurrent cycle initiation, reason: still doing mixed collections, occupancy: 5571084288 bytes, allocation request: 4194320 bytes, threshold: 3010933530 bytes (45.00 %), source: concurrent humongous allocation]
 215.845: [G1Ergonomics (Concurrent Cycles) do not request concurrent cycle initiation, reason: still doing mixed collections, occupancy: 5576327168 bytes, allocation request: 4194320 bytes, threshold: 3010933530 bytes (45.00 %), source: concurrent humongous allocation]
 215.846: [G1Ergonomics (Concurrent Cycles) do not request concurrent cycle initiation, reason: still doing mixed collections, occupancy: 5581570048 bytes, allocation request: 4194320 bytes, threshold: 3010933530 bytes (45.00 %), source: concurrent humongous allocation]
 215.861: [G1Ergonomics (Concurrent Cycles) do not request concurrent cycle initiation, reason: still doing mixed collections, occupancy: 5586812928 bytes, allocation request: 4194320 bytes, threshold: 3010933530 bytes (45.00 %), source: concurrent humongous allocation]
 215.862: [G1Ergonomics (Concurrent Cycles) do not request concurrent cycle initiation, reason: still doing mixed collections, occupancy: 5592055808 bytes, allocation request: 4194320 bytes, threshold: 3010933530 bytes (45.00 %), source: concurrent humongous allocation]
 215.960: [G1Ergonomics (Concurrent Cycles) do not request concurrent cycle initiation, reason: still doing mixed collections, occupancy: 5597298688 bytes, allocation request: 4194320 bytes, threshold: 3010933530 bytes (45.00 %), source: concurrent humongous allocation]
 215.962: [G1Ergonomics (Concurrent Cycles) do not request concurrent cycle initiation, reason: still doing mixed collections, occupancy: 5602541568 bytes, allocation request: 4194320 bytes, threshold: 3010933530 bytes (45.00 %), source: concurrent humongous allocation]
 215.979: [G1Ergonomics (Concurrent Cycles) do not request concurrent cycle initiation, reason: still doing mixed collections, occupancy: 5607784448 bytes, allocation request: 4194320 bytes, threshold: 3010933530 bytes (45.00 %), source: concurrent humongous allocation]
 215.980: [G1Ergonomics (Concurrent Cycles) do not request concurrent cycle initiation, reason: still doing mixed collections, occupancy: 5613027328 bytes, allocation request: 4194320 bytes, threshold: 3010933530 bytes (45.00 %), source: concurrent humongous allocation]
 215.998: [G1Ergonomics (Concurrent Cycles) do not request concurrent cycle initiation, reason: still doing mixed collections, occupancy: 5618270208 bytes, allocation request: 4194320 bytes, threshold: 3010933530 bytes (45.00 %), source: concurrent humongous allocation]
 215.999: [G1Ergonomics (Concurrent Cycles) do not request concurrent cycle initiation, reason: still doing mixed collections, occupancy: 5623513088 bytes, allocation request: 4194320 bytes, threshold: 3010933530 bytes (45.00 %), source: concurrent humongous allocation]
 216.014: [G1Ergonomics (Concurrent Cycles) do not request concurrent cycle initiation, reason: still doing mixed collections, occupancy: 5628755968 bytes, allocation request: 4194320 bytes, threshold: 3010933530 bytes (45.00 %), source: concurrent humongous allocation]
 216.014: [G1Ergonomics (Concurrent Cycles) do not request concurrent cycle initiation, reason: still doing mixed collections, occupancy: 5633998848 bytes, allocation request: 4194320 bytes, threshold: 3010933530 bytes (45.00 %), source: concurrent humongous allocation]
 216.032: [G1Ergonomics (Concurrent Cycles) do not request concurrent cycle initiation, reason: still doing mixed collections, occupancy: 5639241728 bytes, allocation request: 4194320 bytes, threshold: 3010933530 bytes (45.00 %), source: concurrent humongous allocation]
 216.033: [G1Ergonomics (Concurrent Cycles) do not request concurrent cycle initiation, reason: still doing mixed collections, occupancy: 5644484608 bytes, allocation request: 4194320 bytes, threshold: 3010933530 bytes (45.00 %), source: concurrent humongous allocation]
 216.077: [G1Ergonomics (Concurrent Cycles) do not request concurrent cycle initiation, reason: still doing mixed collections, occupancy: 5649727488 bytes, allocation request: 4194320 bytes, threshold: 3010933530 bytes (45.00 %), source: concurrent humongous allocation]
 216.078: [G1Ergonomics (Concurrent Cycles) do not request concurrent cycle initiation, reason: still doing mixed collections, occupancy: 5654970368 bytes, allocation request: 4194320 bytes, threshold: 3010933530 bytes (45.00 %), source: concurrent humongous allocation]
 216.106: [G1Ergonomics (Concurrent Cycles) do not request concurrent cycle initiation, reason: still doing mixed collections, occupancy: 5660213248 bytes, allocation request: 4194320 bytes, threshold: 3010933530 bytes (45.00 %), source: concurrent humongous allocation]
 216.107: [G1Ergonomics (Concurrent Cycles) do not request concurrent cycle initiation, reason: still doing mixed collections, occupancy: 5665456128 bytes, allocation request: 4194320 bytes, threshold: 3010933530 bytes (45.00 %), source: concurrent humongous allocation]
 216.134: [G1Ergonomics (Concurrent Cycles) do not request concurrent cycle initiation, reason: still doing mixed collections, occupancy: 5670699008 bytes, allocation request: 4194320 bytes, threshold: 3010933530 bytes (45.00 %), source: concurrent humongous allocation]
 216.136: [G1Ergonomics (Concurrent Cycles) do not request concurrent cycle initiation, reason: still doing mixed collections, occupancy: 5675941888 bytes, allocation request: 4194320 bytes, threshold: 3010933530 bytes (45.00 %), source: concurrent humongous allocation]
 216.160: [G1Ergonomics (Concurrent Cycles) do not request concurrent cycle initiation, reason: still doing mixed collections, occupancy: 5681184768 bytes, allocation request: 4194320 bytes, threshold: 3010933530 bytes (45.00 %), source: concurrent humongous allocation]
 216.161: [G1Ergonomics (Concurrent Cycles) do not request concurrent cycle initiation, reason: still doing mixed collections, occupancy: 5686427648 bytes, allocation request: 4194320 bytes, threshold: 3010933530 bytes (45.00 %), source: concurrent humongous allocation]
 216.175: [G1Ergonomics (Concurrent Cycles) do not request concurrent cycle initiation, reason: still doing mixed collections, occupancy: 5691670528 bytes, allocation request: 4194320 bytes, threshold: 3010933530 bytes (45.00 %), source: concurrent humongous allocation]
 216.176: [G1Ergonomics (Concurrent Cycles) do not request concurrent cycle initiation, reason: still doing mixed collections, occupancy: 5696913408 bytes, allocation request: 4194320 bytes, threshold: 3010933530 bytes (45.00 %), source: concurrent humongous allocation]
 216.188: [G1Ergonomics (Concurrent Cycles) do not request concurrent cycle initiation, reason: still doing mixed collections, occupancy: 5702156288 bytes, allocation request: 4194320 bytes, threshold: 3010933530 bytes (45.00 %), source: concurrent humongous allocation]
 216.189: [G1Ergonomics (Concurrent Cycles) do not request concurrent cycle initiation, reason: still doing mixed collections, occupancy: 5707399168 bytes, allocation request: 4194320 bytes, threshold: 3010933530 bytes (45.00 %), source: concurrent humongous allocation]
 216.204: [G1Ergonomics (Concurrent Cycles) do not request concurrent cycle initiation, reason: still doing mixed collections, occupancy: 5712642048 bytes, allocation request: 4194320 bytes, threshold: 3010933530 bytes (45.00 %), source: concurrent humongous allocation]
 216.206: [G1Ergonomics (Concurrent Cycles) do not request concurrent cycle initiation, reason: still doing mixed collections, occupancy: 5717884928 bytes, allocation request: 4194320 bytes, threshold: 3010933530 bytes (45.00 %), source: concurrent humongous allocation]
 216.238: [G1Ergonomics (Concurrent Cycles) do not request concurrent cycle initiation, reason: still doing mixed collections, occupancy: 5723127808 bytes, allocation request: 4194320 bytes, threshold: 3010933530 bytes (45.00 %), source: concurrent humongous allocation]
 216.240: [G1Ergonomics (Concurrent Cycles) do not request concurrent cycle initiation, reason: still doing mixed collections, occupancy: 5728370688 bytes, allocation request: 4194320 bytes, threshold: 3010933530 bytes (45.00 %), source: concurrent humongous allocation]
 216.258: [G1Ergonomics (Concurrent Cycles) do not request concurrent cycle initiation, reason: still doing mixed collections, occupancy: 5733613568 bytes, allocation request: 4194320 bytes, threshold: 3010933530 bytes (45.00 %), source: concurrent humongous allocation]
 216.260: [G1Ergonomics (Concurrent Cycles) do not request concurrent cycle initiation, reason: still doing mixed collections, occupancy: 5738856448 bytes, allocation request: 4194320 bytes, threshold: 3010933530 bytes (45.00 %), source: concurrent humongous allocation]
 216.277: [G1Ergonomics (Concurrent Cycles) do not request concurrent cycle initiation, reason: still doing mixed collections, occupancy: 5744099328 bytes, allocation request: 4194320 bytes, threshold: 3010933530 bytes (45.00 %), source: concurrent humongous allocation]
 216.278: [G1Ergonomics (Concurrent Cycles) do not request concurrent cycle initiation, reason: still doing mixed collections, occupancy: 5749342208 bytes, allocation request: 4194320 bytes, threshold: 3010933530 bytes (45.00 %), source: concurrent humongous allocation]
 216.291: [G1Ergonomics (Concurrent Cycles) do not request concurrent cycle initiation, reason: still doing mixed collections, occupancy: 5754585088 bytes, allocation request: 4194320 bytes, threshold: 3010933530 bytes (45.00 %), source: concurrent humongous allocation]
 216.328: [G1Ergonomics (Concurrent Cycles) do not request concurrent cycle initiation, reason: still doing mixed collections, occupancy: 5759827968 bytes, allocation request: 4194320 bytes, threshold: 3010933530 bytes (45.00 %), source: concurrent humongous allocation]
 216.344: [G1Ergonomics (Concurrent Cycles) do not request concurrent cycle initiation, reason: still doing mixed collections, occupancy: 5765070848 bytes, allocation request: 4194320 bytes, threshold: 3010933530 bytes (45.00 %), source: concurrent humongous allocation]
 216.345: [G1Ergonomics (Concurrent Cycles) do not request concurrent cycle initiation, reason: still doing mixed collections, occupancy: 5770313728 bytes, allocation request: 4194320 bytes, threshold: 3010933530 bytes (45.00 %), source: concurrent humongous allocation]
 216.367: [G1Ergonomics (Concurrent Cycles) do not request concurrent cycle initiation, reason: still doing mixed collections, occupancy: 5775556608 bytes, allocation request: 4194320 bytes, threshold: 3010933530 bytes (45.00 %), source: concurrent humongous allocation]
 216.368: [G1Ergonomics (Concurrent Cycles) do not request concurrent cycle initiation, reason: still doing mixed collections, occupancy: 5780799488 bytes, allocation request: 4194320 bytes, threshold: 3010933530 bytes (45.00 %), source: concurrent humongous allocation]
         vmop                    [threads: total initially_running wait_to_block]    [time: spin block sync cleanup vmop] page_trap_count
216.379: no vm operation                  [      31          0              1    ]      [     0     0     0     0     0    ]  0   
2017-11-17T21:52:45.207+0800: 216.379: Total time for which application threads were stopped: 0.0002541 seconds, Stopping threads took: 0.0000989 seconds
 216.390: [G1Ergonomics (Concurrent Cycles) do not request concurrent cycle initiation, reason: still doing mixed collections, occupancy: 5786042368 bytes, allocation request: 4194320 bytes, threshold: 3010933530 bytes (45.00 %), source: concurrent humongous allocation]
 216.391: [G1Ergonomics (Concurrent Cycles) do not request concurrent cycle initiation, reason: still doing mixed collections, occupancy: 5791285248 bytes, allocation request: 4194320 bytes, threshold: 3010933530 bytes (45.00 %), source: concurrent humongous allocation]
 216.406: [G1Ergonomics (Concurrent Cycles) do not request concurrent cycle initiation, reason: still doing mixed collections, occupancy: 5796528128 bytes, allocation request: 4194320 bytes, threshold: 3010933530 bytes (45.00 %), source: concurrent humongous allocation]
 216.407: [G1Ergonomics (Concurrent Cycles) do not request concurrent cycle initiation, reason: still doing mixed collections, occupancy: 5801771008 bytes, allocation request: 4194320 bytes, threshold: 3010933530 bytes (45.00 %), source: concurrent humongous allocation]
 216.424: [G1Ergonomics (Concurrent Cycles) do not request concurrent cycle initiation, reason: still doing mixed collections, occupancy: 5807013888 bytes, allocation request: 4194320 bytes, threshold: 3010933530 bytes (45.00 %), source: concurrent humongous allocation]
 216.425: [G1Ergonomics (Concurrent Cycles) do not request concurrent cycle initiation, reason: still doing mixed collections, occupancy: 5812256768 bytes, allocation request: 4194320 bytes, threshold: 3010933530 bytes (45.00 %), source: concurrent humongous allocation]
 216.438: [G1Ergonomics (Concurrent Cycles) do not request concurrent cycle initiation, reason: still doing mixed collections, occupancy: 5817499648 bytes, allocation request: 4194320 bytes, threshold: 3010933530 bytes (45.00 %), source: concurrent humongous allocation]
 216.439: [G1Ergonomics (Concurrent Cycles) do not request concurrent cycle initiation, reason: still doing mixed collections, occupancy: 5822742528 bytes, allocation request: 4194320 bytes, threshold: 3010933530 bytes (45.00 %), source: concurrent humongous allocation]
 216.465: [G1Ergonomics (Concurrent Cycles) do not request concurrent cycle initiation, reason: still doing mixed collections, occupancy: 5827985408 bytes, allocation request: 4194320 bytes, threshold: 3010933530 bytes (45.00 %), source: concurrent humongous allocation]
 216.466: [G1Ergonomics (Concurrent Cycles) do not request concurrent cycle initiation, reason: still doing mixed collections, occupancy: 5833228288 bytes, allocation request: 4194320 bytes, threshold: 3010933530 bytes (45.00 %), source: concurrent humongous allocation]
 216.479: [G1Ergonomics (Concurrent Cycles) do not request concurrent cycle initiation, reason: still doing mixed collections, occupancy: 5838471168 bytes, allocation request: 4194320 bytes, threshold: 3010933530 bytes (45.00 %), source: concurrent humongous allocation]
 216.480: [G1Ergonomics (Concurrent Cycles) do not request concurrent cycle initiation, reason: still doing mixed collections, occupancy: 5843714048 bytes, allocation request: 4194320 bytes, threshold: 3010933530 bytes (45.00 %), source: concurrent humongous allocation]
 216.489: [G1Ergonomics (Concurrent Cycles) do not request concurrent cycle initiation, reason: still doing mixed collections, occupancy: 5848956928 bytes, allocation request: 437491632 bytes, threshold: 3010933530 bytes (45.00 %), source: concurrent humongous allocation]
         vmop                    [threads: total initially_running wait_to_block]    [time: spin block sync cleanup vmop] page_trap_count
217.379: no vm operation                  [      31          1              1    ]      [     0     0     0     0     0    ]  1   
2017-11-17T21:52:46.207+0800: 217.379: Total time for which application threads were stopped: 0.0002510 seconds, Stopping threads took: 0.0000723 seconds
 218.853: [G1Ergonomics (Concurrent Cycles) do not request concurrent cycle initiation, reason: still doing mixed collections, occupancy: 6287261696 bytes, allocation request: 437491632 bytes, threshold: 3010933530 bytes (45.00 %), source: concurrent humongous allocation]
2017-11-17T21:52:47.682+0800: 218.854: [GC pause (G1 Humongous Allocation) (young) 218.854: [G1Ergonomics (CSet Construction) start choosing CSet, _pending_cards: 20583, predicted base time: 26.63 ms, remaining time: 173.37 ms, target pause time: 200.00 ms]
 218.854: [G1Ergonomics (CSet Construction) add young regions to CSet, eden: 96 regions, survivors: 3 regions, predicted young region time: 3.34 ms]
 218.854: [G1Ergonomics (CSet Construction) finish choosing CSet, eden: 96 regions, survivors: 3 regions, old: 0 regions, predicted pause time: 29.97 ms, target pause time: 200.00 ms]
 218.892: [G1Ergonomics (Mixed GCs) do not start mixed GCs, reason: reclaimable percentage not over threshold, candidate old regions: 131 regions, reclaimable: 58266480 bytes (0.87 %), threshold: 5.00 %]
, 0.0386665 secs]
   [Parallel Time: 14.0 ms, GC Workers: 8]
      [GC Worker Start (ms): Min: 218854.2, Avg: 218856.7, Max: 218861.0, Diff: 6.8]
      [Ext Root Scanning (ms): Min: 0.0, Avg: 0.4, Max: 1.3, Diff: 1.3, Sum: 2.9]
      [Update RS (ms): Min: 0.0, Avg: 3.7, Max: 13.0, Diff: 13.0, Sum: 29.5]
         [Processed Buffers: Min: 0, Avg: 11.4, Max: 26, Diff: 26, Sum: 91]
      [Scan RS (ms): Min: 0.0, Avg: 0.0, Max: 0.1, Diff: 0.1, Sum: 0.2]
      [Code Root Scanning (ms): Min: 0.0, Avg: 0.3, Max: 1.7, Diff: 1.7, Sum: 2.0]
      [Object Copy (ms): Min: 0.0, Avg: 0.8, Max: 1.6, Diff: 1.6, Sum: 6.1]
      [Termination (ms): Min: 0.0, Avg: 6.2, Max: 7.2, Diff: 7.2, Sum: 49.6]
         [Termination Attempts: Min: 1, Avg: 3.2, Max: 6, Diff: 5, Sum: 26]
      [GC Worker Other (ms): Min: 0.0, Avg: 0.0, Max: 0.0, Diff: 0.0, Sum: 0.1]
      [GC Worker Total (ms): Min: 7.0, Avg: 11.3, Max: 13.8, Diff: 6.8, Sum: 90.5]
      [GC Worker End (ms): Min: 218868.0, Avg: 218868.0, Max: 218868.0, Diff: 0.0]
   [Code Root Fixup: 0.1 ms]
   [Code Root Purge: 0.0 ms]
   [Clear CT: 0.3 ms]
   [Other: 24.3 ms]
      [Choose CSet: 0.0 ms]
      [Ref Proc: 17.3 ms]
      [Ref Enq: 0.0 ms]
      [Redirty Cards: 0.2 ms]
      [Humongous Register: 0.3 ms]
      [Humongous Reclaim: 5.9 ms]
      [Free CSet: 0.3 ms]
   [Eden: 96.0M(2646.0M)->0.0B(3103.0M) Survivors: 3072.0K->3072.0K Heap: 5972.6M(6381.0M)->2433.1M(6381.0M)]
 [Times: user=0.14 sys=0.00, real=0.04 secs] 
 218.893: [G1Ergonomics (Concurrent Cycles) request concurrent cycle initiation, reason: occupancy higher than threshold, occupancy: 3066036224 bytes, allocation request: 0 bytes, threshold: 3010933530 bytes (45.00 %), source: STW humongous allocation]
         vmop                    [threads: total initially_running wait_to_block]    [time: spin block sync cleanup vmop] page_trap_count
218.853: G1IncCollectionPause             [      31          0              0    ]      [     0     0     0     0    39    ]  0   
2017-11-17T21:52:47.721+0800: 218.893: Total time for which application threads were stopped: 0.0395485 seconds, Stopping threads took: 0.0000540 seconds
         vmop                    [threads: total initially_running wait_to_block]    [time: spin block sync cleanup vmop] page_trap_count
218.893: RevokeBias                       [      31          0              1    ]      [     0    78    78     0     0    ]  0   
2017-11-17T21:52:47.800+0800: 218.972: Total time for which application threads were stopped: 0.0786730 seconds, Stopping threads took: 0.0781233 seconds
         vmop                    [threads: total initially_running wait_to_block]    [time: spin block sync cleanup vmop] page_trap_count
218.972: RevokeBias                       [      31          0              0    ]      [     0     0     0     0     0    ]  0   
2017-11-17T21:52:47.800+0800: 218.972: Total time for which application threads were stopped: 0.0003309 seconds, Stopping threads took: 0.0000595 seconds
         vmop                    [threads: total initially_running wait_to_block]    [time: spin block sync cleanup vmop] page_trap_count
219.972: no vm operation                  [      31          0              0    ]      [     0     0     0     0     0    ]  0   
2017-11-17T21:52:48.800+0800: 219.973: Total time for which application threads were stopped: 0.0001895 seconds, Stopping threads took: 0.0000504 seconds
 220.362: [G1Ergonomics (Concurrent Cycles) request concurrent cycle initiation, reason: occupancy higher than threshold, occupancy: 3066036224 bytes, allocation request: 437491632 bytes, threshold: 3010933530 bytes (45.00 %), source: concurrent humongous allocation]
 220.362: [G1Ergonomics (Concurrent Cycles) request concurrent cycle initiation, reason: requested by GC cause, GC cause: G1 Humongous Allocation]
 220.362: [G1Ergonomics (Concurrent Cycles) initiate concurrent cycle, reason: concurrent cycle initiation requested]
2017-11-17T21:52:49.190+0800: 220.362: [GC pause (G1 Humongous Allocation) (young) (initial-mark) 220.363: [G1Ergonomics (CSet Construction) start choosing CSet, _pending_cards: 22742, predicted base time: 30.26 ms, remaining time: 169.74 ms, target pause time: 200.00 ms]
 220.363: [G1Ergonomics (CSet Construction) add young regions to CSet, eden: 84 regions, survivors: 3 regions, predicted young region time: 2.33 ms]
 220.363: [G1Ergonomics (CSet Construction) finish choosing CSet, eden: 84 regions, survivors: 3 regions, old: 0 regions, predicted pause time: 32.59 ms, target pause time: 200.00 ms]
, 0.0204449 secs]
   [Parallel Time: 6.2 ms, GC Workers: 8]
      [GC Worker Start (ms): Min: 220363.2, Avg: 220363.6, Max: 220364.0, Diff: 0.8]
      [Ext Root Scanning (ms): Min: 1.3, Avg: 2.7, Max: 5.1, Diff: 3.8, Sum: 21.9]
      [Update RS (ms): Min: 0.0, Avg: 2.0, Max: 3.2, Diff: 3.2, Sum: 15.7]
         [Processed Buffers: Min: 0, Avg: 11.8, Max: 24, Diff: 24, Sum: 94]
      [Scan RS (ms): Min: 0.0, Avg: 0.0, Max: 0.1, Diff: 0.1, Sum: 0.1]
      [Code Root Scanning (ms): Min: 0.0, Avg: 0.0, Max: 0.3, Diff: 0.3, Sum: 0.3]
      [Object Copy (ms): Min: 0.0, Avg: 0.6, Max: 1.1, Diff: 1.1, Sum: 5.0]
      [Termination (ms): Min: 0.0, Avg: 0.2, Max: 0.3, Diff: 0.3, Sum: 1.6]
         [Termination Attempts: Min: 1, Avg: 1.9, Max: 5, Diff: 4, Sum: 15]
      [GC Worker Other (ms): Min: 0.0, Avg: 0.0, Max: 0.0, Diff: 0.0, Sum: 0.1]
      [GC Worker Total (ms): Min: 5.1, Avg: 5.6, Max: 5.9, Diff: 0.8, Sum: 44.7]
      [GC Worker End (ms): Min: 220369.1, Avg: 220369.2, Max: 220369.2, Diff: 0.0]
   [Code Root Fixup: 0.1 ms]
   [Code Root Purge: 0.0 ms]
   [Clear CT: 0.3 ms]
   [Other: 13.9 ms]
      [Choose CSet: 0.0 ms]
      [Ref Proc: 10.2 ms]
      [Ref Enq: 0.0 ms]
      [Redirty Cards: 0.2 ms]
      [Humongous Register: 0.2 ms]
      [Humongous Reclaim: 0.9 ms]
      [Free CSet: 0.3 ms]
   [Eden: 84.0M(3103.0M)->0.0B(3131.0M) Survivors: 3072.0K->3072.0K Heap: 2934.3M(6381.0M)->2432.3M(6381.0M)]
 [Times: user=0.08 sys=0.00, real=0.02 secs] 
         vmop                    [threads: total initially_running wait_to_block]    [time: spin block sync cleanup vmop] page_trap_count
220.362: G1IncCollectionPause             [      31          0              1    ]      [     0     0     0     0    20    ]  0   
2017-11-17T21:52:49.211+0800: 220.383: [GC concurrent-root-region-scan-start]
2017-11-17T21:52:49.211+0800: 220.383: Total time for which application threads were stopped: 0.0211876 seconds, Stopping threads took: 0.0002184 seconds
2017-11-17T21:52:49.214+0800: 220.387: [GC concurrent-root-region-scan-end, 0.0038505 secs]
2017-11-17T21:52:49.214+0800: 220.387: [GC concurrent-mark-start]
         vmop                    [threads: total initially_running wait_to_block]    [time: spin block sync cleanup vmop] page_trap_count
220.387: RevokeBias                       [      31          0              1    ]      [     0    73    73     0     0    ]  0   
2017-11-17T21:52:49.288+0800: 220.461: Total time for which application threads were stopped: 0.0739516 seconds, Stopping threads took: 0.0736262 seconds
         vmop                    [threads: total initially_running wait_to_block]    [time: spin block sync cleanup vmop] page_trap_count
220.461: RevokeBias                       [      31          0              0    ]      [     0     0     0     0     0    ]  0   
2017-11-17T21:52:49.289+0800: 220.461: Total time for which application threads were stopped: 0.0001736 seconds, Stopping threads took: 0.0000380 seconds
2017-11-17T21:52:50.059+0800: 221.231: [GC concurrent-mark-end, 0.8443355 secs]
2017-11-17T21:52:50.059+0800: 221.231: [GC remark 2017-11-17T21:52:50.059+0800: 221.231: [Finalize Marking, 0.0004439 secs] 2017-11-17T21:52:50.060+0800: 221.232: [GC ref-proc, 0.0002378 secs] 2017-11-17T21:52:50.060+0800: 221.232: [Unloading, 0.0055372 secs], 0.0141910 secs]
 [Times: user=0.06 sys=0.00, real=0.01 secs] 
         vmop                    [threads: total initially_running wait_to_block]    [time: spin block sync cleanup vmop] page_trap_count
221.231: CGC_Operation                    [      31          0              0    ]      [     0     0     0     0    14    ]  0   
2017-11-17T21:52:50.073+0800: 221.246: Total time for which application threads were stopped: 0.0144946 seconds, Stopping threads took: 0.0000637 seconds
2017-11-17T21:52:50.074+0800: 221.246: [GC cleanup 2932M->2932M(6381M), 0.0047235 secs]
 [Times: user=0.01 sys=0.01, real=0.01 secs] 
         vmop                    [threads: total initially_running wait_to_block]    [time: spin block sync cleanup vmop] page_trap_count
221.246: CGC_Operation                    [      31          0              0    ]      [     0     0     0     0     4    ]  0   
2017-11-17T21:52:50.078+0800: 221.251: Total time for which application threads were stopped: 0.0049290 seconds, Stopping threads took: 0.0000298 seconds
 222.199: [G1Ergonomics (Concurrent Cycles) do not request concurrent cycle initiation, reason: still doing mixed collections, occupancy: 3066036224 bytes, allocation request: 437491632 bytes, threshold: 3010933530 bytes (45.00 %), source: concurrent humongous allocation]
         vmop                    [threads: total initially_running wait_to_block]    [time: spin block sync cleanup vmop] page_trap_count
222.251: no vm operation                  [      31          0              1    ]      [     0    25    25     0     0    ]  0   
2017-11-17T21:52:51.104+0800: 222.277: Total time for which application threads were stopped: 0.0258199 seconds, Stopping threads took: 0.0255772 seconds
 223.753: [G1Ergonomics (Concurrent Cycles) do not request concurrent cycle initiation, reason: still doing mixed collections, occupancy: 3504340992 bytes, allocation request: 437491632 bytes, threshold: 3010933530 bytes (45.00 %), source: concurrent humongous allocation]
         vmop                    [threads: total initially_running wait_to_block]    [time: spin block sync cleanup vmop] page_trap_count
225.277: no vm operation                  [      31          0              0    ]      [     0     0     0     0     0    ]  0   
2017-11-17T21:52:54.105+0800: 225.277: Total time for which application threads were stopped: 0.0002034 seconds, Stopping threads took: 0.0000557 seconds
         vmop                    [threads: total initially_running wait_to_block]    [time: spin block sync cleanup vmop] page_trap_count
228.277: no vm operation                  [      31          0              0    ]      [     0     0     0     0     0    ]  0   
2017-11-17T21:52:57.105+0800: 228.278: Total time for which application threads were stopped: 0.0002193 seconds, Stopping threads took: 0.0000411 seconds
         vmop                    [threads: total initially_running wait_to_block]    [time: spin block sync cleanup vmop] page_trap_count
245.279: no vm operation                  [      31          0              0    ]      [     0     0     0     0     0    ]  0   
2017-11-17T21:53:14.107+0800: 245.279: Total time for which application threads were stopped: 0.0001834 seconds, Stopping threads took: 0.0000364 seconds
         vmop                    [threads: total initially_running wait_to_block]    [time: spin block sync cleanup vmop] page_trap_count
251.280: no vm operation                  [      31          0              0    ]      [     0     0     0     0     0    ]  0   
2017-11-17T21:53:20.108+0800: 251.280: Total time for which application threads were stopped: 0.0002777 seconds, Stopping threads took: 0.0000904 seconds
         vmop                    [threads: total initially_running wait_to_block]    [time: spin block sync cleanup vmop] page_trap_count
264.030: RevokeBias                       [      31          0              0    ]      [     0     0     0     0     0    ]  0   
2017-11-17T21:53:32.858+0800: 264.031: Total time for which application threads were stopped: 0.0002066 seconds, Stopping threads took: 0.0000563 seconds
         vmop                    [threads: total initially_running wait_to_block]    [time: spin block sync cleanup vmop] page_trap_count
276.968: RevokeBias                       [      31          0              0    ]      [     0     0     0     0     0    ]  0   
2017-11-17T21:53:45.796+0800: 276.968: Total time for which application threads were stopped: 0.0001775 seconds, Stopping threads took: 0.0000455 seconds
         vmop                    [threads: total initially_running wait_to_block]    [time: spin block sync cleanup vmop] page_trap_count
280.188: RevokeBias                       [      31          0              0    ]      [     0     0     0     0     0    ]  0   
2017-11-17T21:53:49.016+0800: 280.188: Total time for which application threads were stopped: 0.0002236 seconds, Stopping threads took: 0.0000746 seconds
 284.088: [G1Ergonomics (Concurrent Cycles) do not request concurrent cycle initiation, reason: still doing mixed collections, occupancy: 3942645760 bytes, allocation request: 2140480 bytes, threshold: 3010933530 bytes (45.00 %), source: concurrent humongous allocation]
 284.088: [G1Ergonomics (Concurrent Cycles) do not request concurrent cycle initiation, reason: still doing mixed collections, occupancy: 3945791488 bytes, allocation request: 2140480 bytes, threshold: 3010933530 bytes (45.00 %), source: concurrent humongous allocation]
 284.105: [G1Ergonomics (Concurrent Cycles) do not request concurrent cycle initiation, reason: still doing mixed collections, occupancy: 3948937216 bytes, allocation request: 437499240 bytes, threshold: 3010933530 bytes (45.00 %), source: concurrent humongous allocation]
         vmop                    [threads: total initially_running wait_to_block]    [time: spin block sync cleanup vmop] page_trap_count
284.188: no vm operation                  [      31          0              1    ]      [     0    52    52     0     0    ]  0   
2017-11-17T21:53:53.069+0800: 284.241: Total time for which application threads were stopped: 0.0530428 seconds, Stopping threads took: 0.0528574 seconds
         vmop                    [threads: total initially_running wait_to_block]    [time: spin block sync cleanup vmop] page_trap_count
284.378: RevokeBias                       [      31          0              0    ]      [     0     0     0     0     0    ]  0   
2017-11-17T21:53:53.207+0800: 284.379: Total time for which application threads were stopped: 0.0002293 seconds, Stopping threads took: 0.0000669 seconds
 284.774: [G1Ergonomics (Concurrent Cycles) do not request concurrent cycle initiation, reason: still doing mixed collections, occupancy: 4387241984 bytes, allocation request: 437491632 bytes, threshold: 3010933530 bytes (45.00 %), source: concurrent humongous allocation]
         vmop                    [threads: total initially_running wait_to_block]    [time: spin block sync cleanup vmop] page_trap_count
285.171: RevokeBias                       [      31          0              0    ]      [     0     0     0     0     0    ]  0   
2017-11-17T21:53:53.999+0800: 285.171: Total time for which application threads were stopped: 0.0001924 seconds, Stopping threads took: 0.0000469 seconds
         vmop                    [threads: total initially_running wait_to_block]    [time: spin block sync cleanup vmop] page_trap_count
285.171: RevokeBias                       [      31          0              0    ]      [     0     0     0     0     0    ]  0   
2017-11-17T21:53:53.999+0800: 285.171: Total time for which application threads were stopped: 0.0001123 seconds, Stopping threads took: 0.0000273 seconds
         vmop                    [threads: total initially_running wait_to_block]    [time: spin block sync cleanup vmop] page_trap_count
285.171: RevokeBias                       [      31          0              0    ]      [     0     0     0     0     0    ]  0   
2017-11-17T21:53:53.999+0800: 285.172: Total time for which application threads were stopped: 0.0001301 seconds, Stopping threads took: 0.0000209 seconds
 285.192: [G1Ergonomics (Concurrent Cycles) do not request concurrent cycle initiation, reason: still doing mixed collections, occupancy: 4825546752 bytes, allocation request: 4194320 bytes, threshold: 3010933530 bytes (45.00 %), source: concurrent humongous allocation]
 285.193: [G1Ergonomics (Concurrent Cycles) do not request concurrent cycle initiation, reason: still doing mixed collections, occupancy: 4830789632 bytes, allocation request: 4194320 bytes, threshold: 3010933530 bytes (45.00 %), source: concurrent humongous allocation]
 285.797: [G1Ergonomics (Concurrent Cycles) do not request concurrent cycle initiation, reason: still doing mixed collections, occupancy: 4836032512 bytes, allocation request: 4194320 bytes, threshold: 3010933530 bytes (45.00 %), source: concurrent humongous allocation]
 285.798: [G1Ergonomics (Concurrent Cycles) do not request concurrent cycle initiation, reason: still doing mixed collections, occupancy: 4841275392 bytes, allocation request: 4194320 bytes, threshold: 3010933530 bytes (45.00 %), source: concurrent humongous allocation]
 285.817: [G1Ergonomics (Concurrent Cycles) do not request concurrent cycle initiation, reason: still doing mixed collections, occupancy: 4846518272 bytes, allocation request: 4194320 bytes, threshold: 3010933530 bytes (45.00 %), source: concurrent humongous allocation]
 285.818: [G1Ergonomics (Concurrent Cycles) do not request concurrent cycle initiation, reason: still doing mixed collections, occupancy: 4851761152 bytes, allocation request: 4194320 bytes, threshold: 3010933530 bytes (45.00 %), source: concurrent humongous allocation]
         vmop                    [threads: total initially_running wait_to_block]    [time: spin block sync cleanup vmop] page_trap_count
285.828: RevokeBias                       [      31          0              0    ]      [     0     0     0     0     0    ]  0   
2017-11-17T21:53:54.656+0800: 285.828: Total time for which application threads were stopped: 0.0002257 seconds, Stopping threads took: 0.0000517 seconds
         vmop                    [threads: total initially_running wait_to_block]    [time: spin block sync cleanup vmop] page_trap_count
285.828: RevokeBias                       [      31          0              0    ]      [     0     0     0     0     0    ]  0   
2017-11-17T21:53:54.656+0800: 285.829: Total time for which application threads were stopped: 0.0000853 seconds, Stopping threads took: 0.0000182 seconds
         vmop                    [threads: total initially_running wait_to_block]    [time: spin block sync cleanup vmop] page_trap_count
285.829: RevokeBias                       [      31          0              0    ]      [     0     0     0     0     0    ]  0   
2017-11-17T21:53:54.657+0800: 285.829: Total time for which application threads were stopped: 0.0000703 seconds, Stopping threads took: 0.0000093 seconds
 285.839: [G1Ergonomics (Concurrent Cycles) do not request concurrent cycle initiation, reason: still doing mixed collections, occupancy: 4857004032 bytes, allocation request: 4194320 bytes, threshold: 3010933530 bytes (45.00 %), source: concurrent humongous allocation]
 285.840: [G1Ergonomics (Concurrent Cycles) do not request concurrent cycle initiation, reason: still doing mixed collections, occupancy: 4862246912 bytes, allocation request: 4194320 bytes, threshold: 3010933530 bytes (45.00 %), source: concurrent humongous allocation]
 285.861: [G1Ergonomics (Concurrent Cycles) do not request concurrent cycle initiation, reason: still doing mixed collections, occupancy: 4867489792 bytes, allocation request: 4194320 bytes, threshold: 3010933530 bytes (45.00 %), source: concurrent humongous allocation]
 285.862: [G1Ergonomics (Concurrent Cycles) do not request concurrent cycle initiation, reason: still doing mixed collections, occupancy: 4872732672 bytes, allocation request: 4194320 bytes, threshold: 3010933530 bytes (45.00 %), source: concurrent humongous allocation]
         vmop                    [threads: total initially_running wait_to_block]    [time: spin block sync cleanup vmop] page_trap_count
285.871: RevokeBias                       [      31          0              0    ]      [     0     0     0     0     0    ]  0   
2017-11-17T21:53:54.699+0800: 285.871: Total time for which application threads were stopped: 0.0001992 seconds, Stopping threads took: 0.0000588 seconds
 285.884: [G1Ergonomics (Concurrent Cycles) do not request concurrent cycle initiation, reason: still doing mixed collections, occupancy: 4877975552 bytes, allocation request: 4194320 bytes, threshold: 3010933530 bytes (45.00 %), source: concurrent humongous allocation]
 285.885: [G1Ergonomics (Concurrent Cycles) do not request concurrent cycle initiation, reason: still doing mixed collections, occupancy: 4883218432 bytes, allocation request: 4194320 bytes, threshold: 3010933530 bytes (45.00 %), source: concurrent humongous allocation]
         vmop                    [threads: total initially_running wait_to_block]    [time: spin block sync cleanup vmop] page_trap_count
285.895: RevokeBias                       [      31          0              0    ]      [     0     0     0     0     0    ]  0   
2017-11-17T21:53:54.723+0800: 285.895: Total time for which application threads were stopped: 0.0002172 seconds, Stopping threads took: 0.0000788 seconds
         vmop                    [threads: total initially_running wait_to_block]    [time: spin block sync cleanup vmop] page_trap_count
285.895: RevokeBias                       [      31          0              0    ]      [     0     0     0     0     0    ]  0   
2017-11-17T21:53:54.723+0800: 285.896: Total time for which application threads were stopped: 0.0000862 seconds, Stopping threads took: 0.0000226 seconds
 285.907: [G1Ergonomics (Concurrent Cycles) do not request concurrent cycle initiation, reason: still doing mixed collections, occupancy: 4888461312 bytes, allocation request: 4194320 bytes, threshold: 3010933530 bytes (45.00 %), source: concurrent humongous allocation]
 285.908: [G1Ergonomics (Concurrent Cycles) do not request concurrent cycle initiation, reason: still doing mixed collections, occupancy: 4893704192 bytes, allocation request: 4194320 bytes, threshold: 3010933530 bytes (45.00 %), source: concurrent humongous allocation]
 285.925: [G1Ergonomics (Concurrent Cycles) do not request concurrent cycle initiation, reason: still doing mixed collections, occupancy: 4898947072 bytes, allocation request: 4194320 bytes, threshold: 3010933530 bytes (45.00 %), source: concurrent humongous allocation]
 285.926: [G1Ergonomics (Concurrent Cycles) do not request concurrent cycle initiation, reason: still doing mixed collections, occupancy: 4904189952 bytes, allocation request: 4194320 bytes, threshold: 3010933530 bytes (45.00 %), source: concurrent humongous allocation]
 285.940: [G1Ergonomics (Concurrent Cycles) do not request concurrent cycle initiation, reason: still doing mixed collections, occupancy: 4909432832 bytes, allocation request: 4194320 bytes, threshold: 3010933530 bytes (45.00 %), source: concurrent humongous allocation]
 285.941: [G1Ergonomics (Concurrent Cycles) do not request concurrent cycle initiation, reason: still doing mixed collections, occupancy: 4914675712 bytes, allocation request: 4194320 bytes, threshold: 3010933530 bytes (45.00 %), source: concurrent humongous allocation]
 286.659: [G1Ergonomics (Concurrent Cycles) do not request concurrent cycle initiation, reason: still doing mixed collections, occupancy: 4919918592 bytes, allocation request: 4194320 bytes, threshold: 3010933530 bytes (45.00 %), source: concurrent humongous allocation]
 286.660: [G1Ergonomics (Concurrent Cycles) do not request concurrent cycle initiation, reason: still doing mixed collections, occupancy: 4925161472 bytes, allocation request: 4194320 bytes, threshold: 3010933530 bytes (45.00 %), source: concurrent humongous allocation]
 286.675: [G1Ergonomics (Concurrent Cycles) do not request concurrent cycle initiation, reason: still doing mixed collections, occupancy: 4930404352 bytes, allocation request: 4194320 bytes, threshold: 3010933530 bytes (45.00 %), source: concurrent humongous allocation]
 286.676: [G1Ergonomics (Concurrent Cycles) do not request concurrent cycle initiation, reason: still doing mixed collections, occupancy: 4935647232 bytes, allocation request: 4194320 bytes, threshold: 3010933530 bytes (45.00 %), source: concurrent humongous allocation]
 286.690: [G1Ergonomics (Concurrent Cycles) do not request concurrent cycle initiation, reason: still doing mixed collections, occupancy: 4940890112 bytes, allocation request: 4194320 bytes, threshold: 3010933530 bytes (45.00 %), source: concurrent humongous allocation]
 286.690: [G1Ergonomics (Concurrent Cycles) do not request concurrent cycle initiation, reason: still doing mixed collections, occupancy: 4946132992 bytes, allocation request: 4194320 bytes, threshold: 3010933530 bytes (45.00 %), source: concurrent humongous allocation]
 286.710: [G1Ergonomics (Concurrent Cycles) do not request concurrent cycle initiation, reason: still doing mixed collections, occupancy: 4951375872 bytes, allocation request: 4194320 bytes, threshold: 3010933530 bytes (45.00 %), source: concurrent humongous allocation]
 286.711: [G1Ergonomics (Concurrent Cycles) do not request concurrent cycle initiation, reason: still doing mixed collections, occupancy: 4956618752 bytes, allocation request: 4194320 bytes, threshold: 3010933530 bytes (45.00 %), source: concurrent humongous allocation]
 286.795: [G1Ergonomics (Concurrent Cycles) do not request concurrent cycle initiation, reason: still doing mixed collections, occupancy: 4961861632 bytes, allocation request: 4194320 bytes, threshold: 3010933530 bytes (45.00 %), source: concurrent humongous allocation]
 286.796: [G1Ergonomics (Concurrent Cycles) do not request concurrent cycle initiation, reason: still doing mixed collections, occupancy: 4967104512 bytes, allocation request: 4194320 bytes, threshold: 3010933530 bytes (45.00 %), source: concurrent humongous allocation]
 286.808: [G1Ergonomics (Concurrent Cycles) do not request concurrent cycle initiation, reason: still doing mixed collections, occupancy: 4972347392 bytes, allocation request: 4194320 bytes, threshold: 3010933530 bytes (45.00 %), source: concurrent humongous allocation]
 286.809: [G1Ergonomics (Concurrent Cycles) do not request concurrent cycle initiation, reason: still doing mixed collections, occupancy: 4977590272 bytes, allocation request: 4194320 bytes, threshold: 3010933530 bytes (45.00 %), source: concurrent humongous allocation]
 286.822: [G1Ergonomics (Concurrent Cycles) do not request concurrent cycle initiation, reason: still doing mixed collections, occupancy: 4982833152 bytes, allocation request: 4194320 bytes, threshold: 3010933530 bytes (45.00 %), source: concurrent humongous allocation]
 286.823: [G1Ergonomics (Concurrent Cycles) do not request concurrent cycle initiation, reason: still doing mixed collections, occupancy: 4988076032 bytes, allocation request: 4194320 bytes, threshold: 3010933530 bytes (45.00 %), source: concurrent humongous allocation]
 286.837: [G1Ergonomics (Concurrent Cycles) do not request concurrent cycle initiation, reason: still doing mixed collections, occupancy: 4993318912 bytes, allocation request: 4194320 bytes, threshold: 3010933530 bytes (45.00 %), source: concurrent humongous allocation]
 286.838: [G1Ergonomics (Concurrent Cycles) do not request concurrent cycle initiation, reason: still doing mixed collections, occupancy: 4998561792 bytes, allocation request: 4194320 bytes, threshold: 3010933530 bytes (45.00 %), source: concurrent humongous allocation]
 286.851: [G1Ergonomics (Concurrent Cycles) do not request concurrent cycle initiation, reason: still doing mixed collections, occupancy: 5003804672 bytes, allocation request: 4194320 bytes, threshold: 3010933530 bytes (45.00 %), source: concurrent humongous allocation]
 286.852: [G1Ergonomics (Concurrent Cycles) do not request concurrent cycle initiation, reason: still doing mixed collections, occupancy: 5009047552 bytes, allocation request: 4194320 bytes, threshold: 3010933530 bytes (45.00 %), source: concurrent humongous allocation]
 286.877: [G1Ergonomics (Concurrent Cycles) do not request concurrent cycle initiation, reason: still doing mixed collections, occupancy: 5014290432 bytes, allocation request: 4194320 bytes, threshold: 3010933530 bytes (45.00 %), source: concurrent humongous allocation]
 286.878: [G1Ergonomics (Concurrent Cycles) do not request concurrent cycle initiation, reason: still doing mixed collections, occupancy: 5019533312 bytes, allocation request: 4194320 bytes, threshold: 3010933530 bytes (45.00 %), source: concurrent humongous allocation]
 286.892: [G1Ergonomics (Concurrent Cycles) do not request concurrent cycle initiation, reason: still doing mixed collections, occupancy: 5024776192 bytes, allocation request: 4194320 bytes, threshold: 3010933530 bytes (45.00 %), source: concurrent humongous allocation]
 286.893: [G1Ergonomics (Concurrent Cycles) do not request concurrent cycle initiation, reason: still doing mixed collections, occupancy: 5030019072 bytes, allocation request: 4194320 bytes, threshold: 3010933530 bytes (45.00 %), source: concurrent humongous allocation]
         vmop                    [threads: total initially_running wait_to_block]    [time: spin block sync cleanup vmop] page_trap_count
286.896: no vm operation                  [      31          0              0    ]      [     0     0     0     0     0    ]  0   
2017-11-17T21:53:55.724+0800: 286.896: Total time for which application threads were stopped: 0.0001913 seconds, Stopping threads took: 0.0000419 seconds
 286.907: [G1Ergonomics (Concurrent Cycles) do not request concurrent cycle initiation, reason: still doing mixed collections, occupancy: 5035261952 bytes, allocation request: 1350544 bytes, threshold: 3010933530 bytes (45.00 %), source: concurrent humongous allocation]
 286.908: [G1Ergonomics (Concurrent Cycles) do not request concurrent cycle initiation, reason: still doing mixed collections, occupancy: 5037359104 bytes, allocation request: 1350544 bytes, threshold: 3010933530 bytes (45.00 %), source: concurrent humongous allocation]
 286.915: [G1Ergonomics (Concurrent Cycles) do not request concurrent cycle initiation, reason: still doing mixed collections, occupancy: 5039456256 bytes, allocation request: 4194320 bytes, threshold: 3010933530 bytes (45.00 %), source: concurrent humongous allocation]
 286.916: [G1Ergonomics (Concurrent Cycles) do not request concurrent cycle initiation, reason: still doing mixed collections, occupancy: 5044699136 bytes, allocation request: 4194320 bytes, threshold: 3010933530 bytes (45.00 %), source: concurrent humongous allocation]
 286.930: [G1Ergonomics (Concurrent Cycles) do not request concurrent cycle initiation, reason: still doing mixed collections, occupancy: 5049942016 bytes, allocation request: 4194320 bytes, threshold: 3010933530 bytes (45.00 %), source: concurrent humongous allocation]
 286.931: [G1Ergonomics (Concurrent Cycles) do not request concurrent cycle initiation, reason: still doing mixed collections, occupancy: 5055184896 bytes, allocation request: 4194320 bytes, threshold: 3010933530 bytes (45.00 %), source: concurrent humongous allocation]
 286.945: [G1Ergonomics (Concurrent Cycles) do not request concurrent cycle initiation, reason: still doing mixed collections, occupancy: 5060427776 bytes, allocation request: 4194320 bytes, threshold: 3010933530 bytes (45.00 %), source: concurrent humongous allocation]
 286.946: [G1Ergonomics (Concurrent Cycles) do not request concurrent cycle initiation, reason: still doing mixed collections, occupancy: 5065670656 bytes, allocation request: 4194320 bytes, threshold: 3010933530 bytes (45.00 %), source: concurrent humongous allocation]
 286.960: [G1Ergonomics (Concurrent Cycles) do not request concurrent cycle initiation, reason: still doing mixed collections, occupancy: 5070913536 bytes, allocation request: 4194320 bytes, threshold: 3010933530 bytes (45.00 %), source: concurrent humongous allocation]
 286.961: [G1Ergonomics (Concurrent Cycles) do not request concurrent cycle initiation, reason: still doing mixed collections, occupancy: 5076156416 bytes, allocation request: 4194320 bytes, threshold: 3010933530 bytes (45.00 %), source: concurrent humongous allocation]
 286.980: [G1Ergonomics (Concurrent Cycles) do not request concurrent cycle initiation, reason: still doing mixed collections, occupancy: 5081399296 bytes, allocation request: 4194320 bytes, threshold: 3010933530 bytes (45.00 %), source: concurrent humongous allocation]
 286.981: [G1Ergonomics (Concurrent Cycles) do not request concurrent cycle initiation, reason: still doing mixed collections, occupancy: 5086642176 bytes, allocation request: 4194320 bytes, threshold: 3010933530 bytes (45.00 %), source: concurrent humongous allocation]
 286.995: [G1Ergonomics (Concurrent Cycles) do not request concurrent cycle initiation, reason: still doing mixed collections, occupancy: 5091885056 bytes, allocation request: 4194320 bytes, threshold: 3010933530 bytes (45.00 %), source: concurrent humongous allocation]
 286.996: [G1Ergonomics (Concurrent Cycles) do not request concurrent cycle initiation, reason: still doing mixed collections, occupancy: 5097127936 bytes, allocation request: 4194320 bytes, threshold: 3010933530 bytes (45.00 %), source: concurrent humongous allocation]
 287.034: [G1Ergonomics (Concurrent Cycles) do not request concurrent cycle initiation, reason: still doing mixed collections, occupancy: 5102370816 bytes, allocation request: 4194320 bytes, threshold: 3010933530 bytes (45.00 %), source: concurrent humongous allocation]
 287.035: [G1Ergonomics (Concurrent Cycles) do not request concurrent cycle initiation, reason: still doing mixed collections, occupancy: 5107613696 bytes, allocation request: 4194320 bytes, threshold: 3010933530 bytes (45.00 %), source: concurrent humongous allocation]
 287.067: [G1Ergonomics (Concurrent Cycles) do not request concurrent cycle initiation, reason: still doing mixed collections, occupancy: 5112856576 bytes, allocation request: 4194320 bytes, threshold: 3010933530 bytes (45.00 %), source: concurrent humongous allocation]
 287.068: [G1Ergonomics (Concurrent Cycles) do not request concurrent cycle initiation, reason: still doing mixed collections, occupancy: 5118099456 bytes, allocation request: 4194320 bytes, threshold: 3010933530 bytes (45.00 %), source: concurrent humongous allocation]
 287.090: [G1Ergonomics (Concurrent Cycles) do not request concurrent cycle initiation, reason: still doing mixed collections, occupancy: 5123342336 bytes, allocation request: 4194320 bytes, threshold: 3010933530 bytes (45.00 %), source: concurrent humongous allocation]
 287.091: [G1Ergonomics (Concurrent Cycles) do not request concurrent cycle initiation, reason: still doing mixed collections, occupancy: 5128585216 bytes, allocation request: 4194320 bytes, threshold: 3010933530 bytes (45.00 %), source: concurrent humongous allocation]
 287.243: [G1Ergonomics (Concurrent Cycles) do not request concurrent cycle initiation, reason: still doing mixed collections, occupancy: 5133828096 bytes, allocation request: 4194320 bytes, threshold: 3010933530 bytes (45.00 %), source: concurrent humongous allocation]
 287.244: [G1Ergonomics (Concurrent Cycles) do not request concurrent cycle initiation, reason: still doing mixed collections, occupancy: 5139070976 bytes, allocation request: 4194320 bytes, threshold: 3010933530 bytes (45.00 %), source: concurrent humongous allocation]
 287.265: [G1Ergonomics (Concurrent Cycles) do not request concurrent cycle initiation, reason: still doing mixed collections, occupancy: 5144313856 bytes, allocation request: 4194320 bytes, threshold: 3010933530 bytes (45.00 %), source: concurrent humongous allocation]
 287.266: [G1Ergonomics (Concurrent Cycles) do not request concurrent cycle initiation, reason: still doing mixed collections, occupancy: 5149556736 bytes, allocation request: 4194320 bytes, threshold: 3010933530 bytes (45.00 %), source: concurrent humongous allocation]
 287.283: [G1Ergonomics (Concurrent Cycles) do not request concurrent cycle initiation, reason: still doing mixed collections, occupancy: 5154799616 bytes, allocation request: 4194320 bytes, threshold: 3010933530 bytes (45.00 %), source: concurrent humongous allocation]
 287.284: [G1Ergonomics (Concurrent Cycles) do not request concurrent cycle initiation, reason: still doing mixed collections, occupancy: 5160042496 bytes, allocation request: 4194320 bytes, threshold: 3010933530 bytes (45.00 %), source: concurrent humongous allocation]
 287.295: [G1Ergonomics (Concurrent Cycles) do not request concurrent cycle initiation, reason: still doing mixed collections, occupancy: 5165285376 bytes, allocation request: 437491632 bytes, threshold: 3010933530 bytes (45.00 %), source: concurrent humongous allocation]
         vmop                    [threads: total initially_running wait_to_block]    [time: spin block sync cleanup vmop] page_trap_count
287.896: no vm operation                  [      31          0              0    ]      [     0     0     0     0     0    ]  0   
2017-11-17T21:53:56.724+0800: 287.896: Total time for which application threads were stopped: 0.0002502 seconds, Stopping threads took: 0.0000475 seconds
         vmop                    [threads: total initially_running wait_to_block]    [time: spin block sync cleanup vmop] page_trap_count
288.896: no vm operation                  [      31          0              0    ]      [     0     0     0     0     0    ]  0   
2017-11-17T21:53:57.724+0800: 288.896: Total time for which application threads were stopped: 0.0002269 seconds, Stopping threads took: 0.0000546 seconds
 289.876: [G1Ergonomics (Concurrent Cycles) do not request concurrent cycle initiation, reason: still doing mixed collections, occupancy: 5603590144 bytes, allocation request: 437491632 bytes, threshold: 3010933530 bytes (45.00 %), source: concurrent humongous allocation]
2017-11-17T21:53:58.705+0800: 289.877: [GC pause (G1 Humongous Allocation) (young) 289.877: [G1Ergonomics (CSet Construction) start choosing CSet, _pending_cards: 24844, predicted base time: 28.57 ms, remaining time: 171.43 ms, target pause time: 200.00 ms]
 289.877: [G1Ergonomics (CSet Construction) add young regions to CSet, eden: 342 regions, survivors: 3 regions, predicted young region time: 7.17 ms]
 289.877: [G1Ergonomics (CSet Construction) finish choosing CSet, eden: 342 regions, survivors: 3 regions, old: 0 regions, predicted pause time: 35.74 ms, target pause time: 200.00 ms]
 289.891: [G1Ergonomics (Mixed GCs) do not start mixed GCs, reason: reclaimable percentage not over threshold, candidate old regions: 131 regions, reclaimable: 58266512 bytes (0.87 %), threshold: 5.00 %]
, 0.0139280 secs]
   [Parallel Time: 5.0 ms, GC Workers: 8]
      [GC Worker Start (ms): Min: 289877.7, Avg: 289878.9, Max: 289882.4, Diff: 4.8]
      [Ext Root Scanning (ms): Min: 0.0, Avg: 0.4, Max: 1.2, Diff: 1.2, Sum: 3.3]
      [Update RS (ms): Min: 0.0, Avg: 2.2, Max: 3.0, Diff: 3.0, Sum: 17.3]
         [Processed Buffers: Min: 0, Avg: 13.8, Max: 24, Diff: 24, Sum: 110]
      [Scan RS (ms): Min: 0.0, Avg: 0.1, Max: 0.1, Diff: 0.1, Sum: 0.5]
      [Code Root Scanning (ms): Min: 0.0, Avg: 0.1, Max: 0.4, Diff: 0.4, Sum: 0.4]
      [Object Copy (ms): Min: 0.0, Avg: 0.7, Max: 1.1, Diff: 1.1, Sum: 5.8]
      [Termination (ms): Min: 0.0, Avg: 0.1, Max: 0.2, Diff: 0.2, Sum: 1.0]
         [Termination Attempts: Min: 1, Avg: 2.6, Max: 8, Diff: 7, Sum: 21]
      [GC Worker Other (ms): Min: 0.0, Avg: 0.0, Max: 0.0, Diff: 0.0, Sum: 0.1]
      [GC Worker Total (ms): Min: 0.0, Avg: 3.6, Max: 4.8, Diff: 4.8, Sum: 28.5]
      [GC Worker End (ms): Min: 289882.5, Avg: 289882.5, Max: 289882.5, Diff: 0.0]
   [Code Root Fixup: 0.1 ms]
   [Code Root Purge: 0.0 ms]
   [Clear CT: 0.3 ms]
   [Other: 8.5 ms]
      [Choose CSet: 0.0 ms]
      [Ref Proc: 1.2 ms]
      [Ref Enq: 0.0 ms]
      [Redirty Cards: 0.3 ms]
      [Humongous Register: 0.3 ms]
      [Humongous Reclaim: 5.7 ms]
      [Free CSet: 0.6 ms]
   [Eden: 342.0M(3131.0M)->0.0B(3152.0M) Survivors: 3072.0K->3072.0K Heap: 5540.3M(6381.0M)->2431.9M(6381.0M)]
 [Times: user=0.04 sys=0.00, real=0.01 secs] 
 289.892: [G1Ergonomics (Concurrent Cycles) request concurrent cycle initiation, reason: occupancy higher than threshold, occupancy: 3066036224 bytes, allocation request: 0 bytes, threshold: 3010933530 bytes (45.00 %), source: STW humongous allocation]
         vmop                    [threads: total initially_running wait_to_block]    [time: spin block sync cleanup vmop] page_trap_count
289.877: G1IncCollectionPause             [      31          0              0    ]      [     0     0     0     0    14    ]  0   
2017-11-17T21:53:58.720+0800: 289.892: Total time for which application threads were stopped: 0.0150754 seconds, Stopping threads took: 0.0000561 seconds
         vmop                    [threads: total initially_running wait_to_block]    [time: spin block sync cleanup vmop] page_trap_count
289.892: RevokeBias                       [      31          0              1    ]      [     0    84    84     0     0    ]  0   
2017-11-17T21:53:58.804+0800: 289.977: Total time for which application threads were stopped: 0.0845111 seconds, Stopping threads took: 0.0841300 seconds
         vmop                    [threads: total initially_running wait_to_block]    [time: spin block sync cleanup vmop] page_trap_count
289.977: RevokeBias                       [      31          0              0    ]      [     0     0     0     0     0    ]  0   
2017-11-17T21:53:58.805+0800: 289.977: Total time for which application threads were stopped: 0.0001736 seconds, Stopping threads took: 0.0000291 seconds
         vmop                    [threads: total initially_running wait_to_block]    [time: spin block sync cleanup vmop] page_trap_count
289.977: RevokeBias                       [      31          0              0    ]      [     0     0     0     0     0    ]  0   
2017-11-17T21:53:58.805+0800: 289.977: Total time for which application threads were stopped: 0.0001503 seconds, Stopping threads took: 0.0000253 seconds
         vmop                    [threads: total initially_running wait_to_block]    [time: spin block sync cleanup vmop] page_trap_count
289.977: RevokeBias                       [      31          0              0    ]      [     0     0     0     0     0    ]  0   
2017-11-17T21:53:58.805+0800: 289.977: Total time for which application threads were stopped: 0.0001576 seconds, Stopping threads took: 0.0000356 seconds
         vmop                    [threads: total initially_running wait_to_block]    [time: spin block sync cleanup vmop] page_trap_count
289.977: RevokeBias                       [      31          0              0    ]      [     0     0     0     0     0    ]  0   
2017-11-17T21:53:58.805+0800: 289.977: Total time for which application threads were stopped: 0.0001534 seconds, Stopping threads took: 0.0000291 seconds
         vmop                    [threads: total initially_running wait_to_block]    [time: spin block sync cleanup vmop] page_trap_count
289.978: RevokeBias                       [      31          0              0    ]      [     0     0     0     0     0    ]  0   
2017-11-17T21:53:58.806+0800: 289.978: Total time for which application threads were stopped: 0.0001387 seconds, Stopping threads took: 0.0000247 seconds
         vmop                    [threads: total initially_running wait_to_block]    [time: spin block sync cleanup vmop] page_trap_count
289.978: RevokeBias                       [      31          0              0    ]      [     0     0     0     0     0    ]  0   
2017-11-17T21:53:58.806+0800: 289.978: Total time for which application threads were stopped: 0.0001181 seconds, Stopping threads took: 0.0000204 seconds
         vmop                    [threads: total initially_running wait_to_block]    [time: spin block sync cleanup vmop] page_trap_count
289.978: RevokeBias                       [      31          0              0    ]      [     0     0     0     0     0    ]  0   
2017-11-17T21:53:58.806+0800: 289.978: Total time for which application threads were stopped: 0.0001018 seconds, Stopping threads took: 0.0000195 seconds
         vmop                    [threads: total initially_running wait_to_block]    [time: spin block sync cleanup vmop] page_trap_count
289.978: BulkRevokeBias                   [      31          0              0    ]      [     0     0     0     0     0    ]  0   
2017-11-17T21:53:58.806+0800: 289.978: Total time for which application threads were stopped: 0.0003215 seconds, Stopping threads took: 0.0000199 seconds
 291.540: [G1Ergonomics (Concurrent Cycles) request concurrent cycle initiation, reason: occupancy higher than threshold, occupancy: 3066036224 bytes, allocation request: 437491632 bytes, threshold: 3010933530 bytes (45.00 %), source: concurrent humongous allocation]
 291.540: [G1Ergonomics (Concurrent Cycles) request concurrent cycle initiation, reason: requested by GC cause, GC cause: G1 Humongous Allocation]
 291.540: [G1Ergonomics (Concurrent Cycles) initiate concurrent cycle, reason: concurrent cycle initiation requested]
2017-11-17T21:54:00.368+0800: 291.540: [GC pause (G1 Humongous Allocation) (young) (initial-mark) 291.541: [G1Ergonomics (CSet Construction) start choosing CSet, _pending_cards: 27094, predicted base time: 25.27 ms, remaining time: 174.73 ms, target pause time: 200.00 ms]
 291.541: [G1Ergonomics (CSet Construction) add young regions to CSet, eden: 84 regions, survivors: 3 regions, predicted young region time: 1.48 ms]
 291.541: [G1Ergonomics (CSet Construction) finish choosing CSet, eden: 84 regions, survivors: 3 regions, old: 0 regions, predicted pause time: 26.75 ms, target pause time: 200.00 ms]
, 0.0284402 secs]
   [Parallel Time: 10.2 ms, GC Workers: 8]
      [GC Worker Start (ms): Min: 291541.0, Avg: 291541.3, Max: 291541.8, Diff: 0.9]
      [Ext Root Scanning (ms): Min: 1.3, Avg: 2.1, Max: 5.6, Diff: 4.3, Sum: 16.5]
      [Update RS (ms): Min: 0.0, Avg: 3.2, Max: 5.0, Diff: 5.0, Sum: 25.6]
         [Processed Buffers: Min: 0, Avg: 13.9, Max: 24, Diff: 24, Sum: 111]
      [Scan RS (ms): Min: 0.0, Avg: 0.0, Max: 0.1, Diff: 0.1, Sum: 0.2]
      [Code Root Scanning (ms): Min: 0.0, Avg: 0.1, Max: 0.4, Diff: 0.4, Sum: 0.5]
      [Object Copy (ms): Min: 0.0, Avg: 1.1, Max: 4.6, Diff: 4.6, Sum: 9.2]
      [Termination (ms): Min: 0.0, Avg: 3.0, Max: 3.5, Diff: 3.5, Sum: 24.2]
         [Termination Attempts: Min: 1, Avg: 1.1, Max: 2, Diff: 1, Sum: 9]
      [GC Worker Other (ms): Min: 0.0, Avg: 0.0, Max: 0.0, Diff: 0.0, Sum: 0.1]
      [GC Worker Total (ms): Min: 9.0, Avg: 9.5, Max: 9.9, Diff: 0.9, Sum: 76.3]
      [GC Worker End (ms): Min: 291550.8, Avg: 291550.9, Max: 291550.9, Diff: 0.0]
   [Code Root Fixup: 0.1 ms]
   [Code Root Purge: 0.0 ms]
   [Clear CT: 0.3 ms]
   [Other: 17.9 ms]
      [Choose CSet: 0.0 ms]
      [Ref Proc: 14.0 ms]
      [Ref Enq: 0.0 ms]
      [Redirty Cards: 0.3 ms]
      [Humongous Register: 0.1 ms]
      [Humongous Reclaim: 1.0 ms]
      [Free CSet: 0.3 ms]
   [Eden: 84.0M(3152.0M)->0.0B(3168.0M) Survivors: 3072.0K->3072.0K Heap: 2933.2M(6381.0M)->2432.8M(6381.0M)]
 [Times: user=0.12 sys=0.00, real=0.03 secs] 
         vmop                    [threads: total initially_running wait_to_block]    [time: spin block sync cleanup vmop] page_trap_count
291.540: G1IncCollectionPause             [      31          0              0    ]      [     0     0     0     0    28    ]  0   
2017-11-17T21:54:00.396+0800: 291.569: [GC concurrent-root-region-scan-start]
2017-11-17T21:54:00.396+0800: 291.569: Total time for which application threads were stopped: 0.0289424 seconds, Stopping threads took: 0.0000512 seconds
2017-11-17T21:54:00.398+0800: 291.570: [GC concurrent-root-region-scan-end, 0.0012999 secs]
2017-11-17T21:54:00.398+0800: 291.570: [GC concurrent-mark-start]
         vmop                    [threads: total initially_running wait_to_block]    [time: spin block sync cleanup vmop] page_trap_count
291.569: RevokeBias                       [      31          0              1    ]      [     0    77    77     0     0    ]  0   
2017-11-17T21:54:00.474+0800: 291.646: Total time for which application threads were stopped: 0.0775009 seconds, Stopping threads took: 0.0771343 seconds
         vmop                    [threads: total initially_running wait_to_block]    [time: spin block sync cleanup vmop] page_trap_count
291.646: RevokeBias                       [      31          0              0    ]      [     0     0     0     0     0    ]  0   
2017-11-17T21:54:00.474+0800: 291.647: Total time for which application threads were stopped: 0.0001628 seconds, Stopping threads took: 0.0000395 seconds
2017-11-17T21:54:01.327+0800: 292.499: [GC concurrent-mark-end, 0.9290443 secs]
2017-11-17T21:54:01.327+0800: 292.499: [GC remark 2017-11-17T21:54:01.327+0800: 292.499: [Finalize Marking, 0.0006094 secs] 2017-11-17T21:54:01.328+0800: 292.500: [GC ref-proc, 0.0002666 secs] 2017-11-17T21:54:01.328+0800: 292.500: [Unloading, 0.0053816 secs], 0.0128678 secs]
 [Times: user=0.06 sys=0.00, real=0.01 secs] 
         vmop                    [threads: total initially_running wait_to_block]    [time: spin block sync cleanup vmop] page_trap_count
292.499: CGC_Operation                    [      31          0              0    ]      [     0     0     0     0    12    ]  0   
2017-11-17T21:54:01.340+0800: 292.512: Total time for which application threads were stopped: 0.0131637 seconds, Stopping threads took: 0.0000626 seconds
2017-11-17T21:54:01.340+0800: 292.513: [GC cleanup 2932M->2932M(6381M), 0.0044955 secs]
 [Times: user=0.02 sys=0.00, real=0.01 secs] 
         vmop                    [threads: total initially_running wait_to_block]    [time: spin block sync cleanup vmop] page_trap_count
292.512: CGC_Operation                    [      31          0              0    ]      [     0     0     0     0     4    ]  0   
2017-11-17T21:54:01.345+0800: 292.517: Total time for which application threads were stopped: 0.0046727 seconds, Stopping threads took: 0.0000330 seconds
 293.059: [G1Ergonomics (Concurrent Cycles) do not request concurrent cycle initiation, reason: still doing mixed collections, occupancy: 3067084800 bytes, allocation request: 437491632 bytes, threshold: 3010933530 bytes (45.00 %), source: concurrent humongous allocation]
         vmop                    [threads: total initially_running wait_to_block]    [time: spin block sync cleanup vmop] page_trap_count
293.517: no vm operation                  [      31          0              0    ]      [     0     0     0     0     0    ]  0   
2017-11-17T21:54:02.345+0800: 293.517: Total time for which application threads were stopped: 0.0002360 seconds, Stopping threads took: 0.0000449 seconds
         vmop                    [threads: total initially_running wait_to_block]    [time: spin block sync cleanup vmop] page_trap_count
294.517: no vm operation                  [      31          0              0    ]      [     0     0     0     0     0    ]  0   
2017-11-17T21:54:03.346+0800: 294.518: Total time for which application threads were stopped: 0.0002196 seconds, Stopping threads took: 0.0000629 seconds
 294.598: [G1Ergonomics (Concurrent Cycles) do not request concurrent cycle initiation, reason: still doing mixed collections, occupancy: 3505389568 bytes, allocation request: 437491632 bytes, threshold: 3010933530 bytes (45.00 %), source: concurrent humongous allocation]
         vmop                    [threads: total initially_running wait_to_block]    [time: spin block sync cleanup vmop] page_trap_count
295.518: no vm operation                  [      31          0              0    ]      [     0     0     0     0     0    ]  0   
2017-11-17T21:54:04.346+0800: 295.518: Total time for which application threads were stopped: 0.0002132 seconds, Stopping threads took: 0.0000522 seconds
         vmop                    [threads: total initially_running wait_to_block]    [time: spin block sync cleanup vmop] page_trap_count
297.518: no vm operation                  [      31          0              0    ]      [     0     0     0     0     0    ]  0   
2017-11-17T21:54:06.346+0800: 297.519: Total time for which application threads were stopped: 0.0002590 seconds, Stopping threads took: 0.0000483 seconds
         vmop                    [threads: total initially_running wait_to_block]    [time: spin block sync cleanup vmop] page_trap_count
298.666: RevokeBias                       [      31          0              0    ]      [     0     0     0     0     0    ]  0   
2017-11-17T21:54:07.494+0800: 298.666: Total time for which application threads were stopped: 0.0002586 seconds, Stopping threads took: 0.0000724 seconds
         vmop                    [threads: total initially_running wait_to_block]    [time: spin block sync cleanup vmop] page_trap_count
298.667: RevokeBias                       [      31          0              1    ]      [     0     0     0     0     0    ]  0   
2017-11-17T21:54:07.495+0800: 298.667: Total time for which application threads were stopped: 0.0002249 seconds, Stopping threads took: 0.0001426 seconds
         vmop                    [threads: total initially_running wait_to_block]    [time: spin block sync cleanup vmop] page_trap_count
298.668: RevokeBias                       [      31          0              1    ]      [     0     0     0     0     0    ]  0   
2017-11-17T21:54:07.496+0800: 298.668: Total time for which application threads were stopped: 0.0001657 seconds, Stopping threads took: 0.0000614 seconds
 298.671: [G1Ergonomics (Concurrent Cycles) do not request concurrent cycle initiation, reason: still doing mixed collections, occupancy: 3943694336 bytes, allocation request: 437491632 bytes, threshold: 3010933530 bytes (45.00 %), source: concurrent humongous allocation]
 299.254: [G1Ergonomics (Concurrent Cycles) do not request concurrent cycle initiation, reason: still doing mixed collections, occupancy: 4381999104 bytes, allocation request: 437491632 bytes, threshold: 3010933530 bytes (45.00 %), source: concurrent humongous allocation]
         vmop                    [threads: total initially_running wait_to_block]    [time: spin block sync cleanup vmop] page_trap_count
299.668: no vm operation                  [      31          0              1    ]      [     0     0     0     0     0    ]  0   
2017-11-17T21:54:08.496+0800: 299.668: Total time for which application threads were stopped: 0.0002341 seconds, Stopping threads took: 0.0000834 seconds
         vmop                    [threads: total initially_running wait_to_block]    [time: spin block sync cleanup vmop] page_trap_count
300.036: RevokeBias                       [      31          0              0    ]      [     0     0     0     0     0    ]  0   
2017-11-17T21:54:08.864+0800: 300.036: Total time for which application threads were stopped: 0.0001811 seconds, Stopping threads took: 0.0000620 seconds
 300.133: [G1Ergonomics (Concurrent Cycles) do not request concurrent cycle initiation, reason: still doing mixed collections, occupancy: 4820303872 bytes, allocation request: 437491632 bytes, threshold: 3010933530 bytes (45.00 %), source: concurrent humongous allocation]
 300.820: [G1Ergonomics (Concurrent Cycles) do not request concurrent cycle initiation, reason: still doing mixed collections, occupancy: 5258608640 bytes, allocation request: 437491632 bytes, threshold: 3010933530 bytes (45.00 %), source: concurrent humongous allocation]
2017-11-17T21:54:09.649+0800: 300.821: [GC pause (G1 Humongous Allocation) (young) 300.830: [G1Ergonomics (CSet Construction) start choosing CSet, _pending_cards: 883752, predicted base time: 154.24 ms, remaining time: 45.76 ms, target pause time: 200.00 ms]
 300.830: [G1Ergonomics (CSet Construction) add young regions to CSet, eden: 250 regions, survivors: 3 regions, predicted young region time: 3.44 ms]
 300.830: [G1Ergonomics (CSet Construction) finish choosing CSet, eden: 250 regions, survivors: 3 regions, old: 0 regions, predicted pause time: 157.68 ms, target pause time: 200.00 ms]
 300.898: [G1Ergonomics (Concurrent Cycles) do not request concurrent cycle initiation, reason: still doing mixed collections, occupancy: 3505389568 bytes, allocation request: 0 bytes, threshold: 3010933530 bytes (45.00 %), source: end of GC]
 300.899: [G1Ergonomics (Mixed GCs) do not start mixed GCs, reason: reclaimable percentage not over threshold, candidate old regions: 132 regions, reclaimable: 58812976 bytes (0.88 %), threshold: 5.00 %]
, 0.0773728 secs]
   [Parallel Time: 63.8 ms, GC Workers: 8]
      [GC Worker Start (ms): Min: 300830.5, Avg: 300830.6, Max: 300830.7, Diff: 0.2]
      [Ext Root Scanning (ms): Min: 0.3, Avg: 0.4, Max: 1.0, Diff: 0.8, Sum: 3.5]
      [Update RS (ms): Min: 62.0, Avg: 62.5, Max: 62.6, Diff: 0.6, Sum: 499.9]
         [Processed Buffers: Min: 350, Avg: 432.8, Max: 468, Diff: 118, Sum: 3462]
      [Scan RS (ms): Min: 0.0, Avg: 0.1, Max: 0.2, Diff: 0.2, Sum: 0.5]
      [Code Root Scanning (ms): Min: 0.0, Avg: 0.0, Max: 0.4, Diff: 0.4, Sum: 0.4]
      [Object Copy (ms): Min: 0.0, Avg: 0.4, Max: 0.5, Diff: 0.5, Sum: 3.1]
      [Termination (ms): Min: 0.0, Avg: 0.0, Max: 0.0, Diff: 0.0, Sum: 0.2]
         [Termination Attempts: Min: 1, Avg: 3.5, Max: 6, Diff: 5, Sum: 28]
      [GC Worker Other (ms): Min: 0.0, Avg: 0.0, Max: 0.1, Diff: 0.1, Sum: 0.2]
      [GC Worker Total (ms): Min: 63.4, Avg: 63.5, Max: 63.6, Diff: 0.3, Sum: 507.9]
      [GC Worker End (ms): Min: 300894.0, Avg: 300894.0, Max: 300894.1, Diff: 0.1]
   [Code Root Fixup: 0.1 ms]
   [Code Root Purge: 0.0 ms]
   [Clear CT: 0.3 ms]
   [Other: 13.2 ms]
      [Choose CSet: 0.0 ms]
      [Ref Proc: 0.3 ms]
      [Ref Enq: 0.0 ms]
      [Redirty Cards: 0.3 ms]
      [Humongous Register: 0.3 ms]
      [Humongous Reclaim: 2.8 ms]
      [Free CSet: 0.3 ms]
   [Eden: 250.0M(3168.0M)->0.0B(2359.0M) Survivors: 3072.0K->2048.0K Heap: 5186.2M(6381.0M)->3266.5M(6381.0M)]
 [Times: user=0.53 sys=0.00, real=0.08 secs] 
 300.899: [G1Ergonomics (Concurrent Cycles) request concurrent cycle initiation, reason: occupancy higher than threshold, occupancy: 3943694336 bytes, allocation request: 0 bytes, threshold: 3010933530 bytes (45.00 %), source: STW humongous allocation]
         vmop                    [threads: total initially_running wait_to_block]    [time: spin block sync cleanup vmop] page_trap_count
300.821: G1IncCollectionPause             [      31          0              0    ]      [     0     0     0     0    78    ]  0   
2017-11-17T21:54:09.727+0800: 300.899: Total time for which application threads were stopped: 0.0782745 seconds, Stopping threads took: 0.0000597 seconds
         vmop                    [threads: total initially_running wait_to_block]    [time: spin block sync cleanup vmop] page_trap_count
300.899: RevokeBias                       [      31          0              1    ]      [     0    77    77     0     0    ]  0   
2017-11-17T21:54:09.805+0800: 300.977: Total time for which application threads were stopped: 0.0777736 seconds, Stopping threads took: 0.0775588 seconds
         vmop                    [threads: total initially_running wait_to_block]    [time: spin block sync cleanup vmop] page_trap_count
300.977: RevokeBias                       [      31          1              1    ]      [     0     0     0     0     0    ]  0   
2017-11-17T21:54:09.805+0800: 300.977: Total time for which application threads were stopped: 0.0001770 seconds, Stopping threads took: 0.0000848 seconds
         vmop                    [threads: total initially_running wait_to_block]    [time: spin block sync cleanup vmop] page_trap_count
300.977: RevokeBias                       [      31          0              0    ]      [     0     0     0     0     0    ]  0   
2017-11-17T21:54:09.805+0800: 300.977: Total time for which application threads were stopped: 0.0000931 seconds, Stopping threads took: 0.0000186 seconds
         vmop                    [threads: total initially_running wait_to_block]    [time: spin block sync cleanup vmop] page_trap_count
300.978: RevokeBias                       [      31          0              0    ]      [     0     0     0     0     0    ]  0   
2017-11-17T21:54:09.805+0800: 300.978: Total time for which application threads were stopped: 0.0000810 seconds, Stopping threads took: 0.0000146 seconds
         vmop                    [threads: total initially_running wait_to_block]    [time: spin block sync cleanup vmop] page_trap_count
300.978: RevokeBias                       [      31          1              0    ]      [     0     0     0     0     0    ]  0   
2017-11-17T21:54:09.806+0800: 300.978: Total time for which application threads were stopped: 0.0001773 seconds, Stopping threads took: 0.0000912 seconds
         vmop                    [threads: total initially_running wait_to_block]    [time: spin block sync cleanup vmop] page_trap_count
300.978: RevokeBias                       [      31          0              0    ]      [     0     0     0     0     0    ]  0   
2017-11-17T21:54:09.806+0800: 300.978: Total time for which application threads were stopped: 0.0001032 seconds, Stopping threads took: 0.0000195 seconds
         vmop                    [threads: total initially_running wait_to_block]    [time: spin block sync cleanup vmop] page_trap_count
300.978: RevokeBias                       [      31          0              0    ]      [     0     0     0     0     0    ]  0   
2017-11-17T21:54:09.806+0800: 300.978: Total time for which application threads were stopped: 0.0000841 seconds, Stopping threads took: 0.0000178 seconds
         vmop                    [threads: total initially_running wait_to_block]    [time: spin block sync cleanup vmop] page_trap_count
300.978: RevokeBias                       [      31          0              0    ]      [     0     0     0     0     0    ]  0   
2017-11-17T21:54:09.806+0800: 300.978: Total time for which application threads were stopped: 0.0001023 seconds, Stopping threads took: 0.0000150 seconds
         vmop                    [threads: total initially_running wait_to_block]    [time: spin block sync cleanup vmop] page_trap_count
300.978: RevokeBias                       [      31          0              0    ]      [     0     0     0     0     0    ]  0   
2017-11-17T21:54:09.806+0800: 300.979: Total time for which application threads were stopped: 0.0000792 seconds, Stopping threads took: 0.0000147 seconds
         vmop                    [threads: total initially_running wait_to_block]    [time: spin block sync cleanup vmop] page_trap_count
300.979: RevokeBias                       [      31          1              0    ]      [     0     0     0     0     0    ]  0   
2017-11-17T21:54:09.807+0800: 300.979: Total time for which application threads were stopped: 0.0001193 seconds, Stopping threads took: 0.0000557 seconds
 301.591: [G1Ergonomics (Concurrent Cycles) request concurrent cycle initiation, reason: occupancy higher than threshold, occupancy: 3943694336 bytes, allocation request: 437491632 bytes, threshold: 3010933530 bytes (45.00 %), source: concurrent humongous allocation]
 301.591: [G1Ergonomics (Concurrent Cycles) request concurrent cycle initiation, reason: requested by GC cause, GC cause: G1 Humongous Allocation]
 301.591: [G1Ergonomics (Concurrent Cycles) initiate concurrent cycle, reason: concurrent cycle initiation requested]
2017-11-17T21:54:10.419+0800: 301.591: [GC pause (G1 Humongous Allocation) (young) (initial-mark) 301.592: [G1Ergonomics (CSet Construction) start choosing CSet, _pending_cards: 1801, predicted base time: 18.29 ms, remaining time: 181.71 ms, target pause time: 200.00 ms]
 301.592: [G1Ergonomics (CSet Construction) add young regions to CSet, eden: 2 regions, survivors: 2 regions, predicted young region time: 0.06 ms]
 301.592: [G1Ergonomics (CSet Construction) finish choosing CSet, eden: 2 regions, survivors: 2 regions, old: 0 regions, predicted pause time: 18.35 ms, target pause time: 200.00 ms]
, 0.0141630 secs]
   [Parallel Time: 10.5 ms, GC Workers: 8]
      [GC Worker Start (ms): Min: 301592.4, Avg: 301592.7, Max: 301593.3, Diff: 0.8]
      [Ext Root Scanning (ms): Min: 1.2, Avg: 2.3, Max: 9.4, Diff: 8.2, Sum: 18.4]
      [Update RS (ms): Min: 0.0, Avg: 0.1, Max: 0.2, Diff: 0.2, Sum: 1.1]
         [Processed Buffers: Min: 0, Avg: 1.8, Max: 9, Diff: 9, Sum: 14]
      [Scan RS (ms): Min: 0.0, Avg: 0.0, Max: 0.0, Diff: 0.0, Sum: 0.0]
      [Code Root Scanning (ms): Min: 0.0, Avg: 0.0, Max: 0.3, Diff: 0.3, Sum: 0.3]
      [Object Copy (ms): Min: 0.0, Avg: 0.4, Max: 0.6, Diff: 0.6, Sum: 3.2]
      [Termination (ms): Min: 0.0, Avg: 7.1, Max: 8.1, Diff: 8.1, Sum: 56.7]
         [Termination Attempts: Min: 1, Avg: 1.0, Max: 1, Diff: 0, Sum: 8]
      [GC Worker Other (ms): Min: 0.0, Avg: 0.0, Max: 0.0, Diff: 0.0, Sum: 0.1]
      [GC Worker Total (ms): Min: 9.4, Avg: 10.0, Max: 10.2, Diff: 0.8, Sum: 79.8]
      [GC Worker End (ms): Min: 301602.6, Avg: 301602.7, Max: 301602.7, Diff: 0.0]
   [Code Root Fixup: 0.1 ms]
   [Code Root Purge: 0.0 ms]
   [Clear CT: 0.3 ms]
   [Other: 3.3 ms]
      [Choose CSet: 0.0 ms]
      [Ref Proc: 0.3 ms]
      [Ref Enq: 0.0 ms]
      [Redirty Cards: 0.3 ms]
      [Humongous Register: 0.1 ms]
      [Humongous Reclaim: 0.8 ms]
      [Free CSet: 0.1 ms]
   [Eden: 2048.0K(2359.0M)->0.0B(2323.0M) Survivors: 2048.0K->1024.0K Heap: 3685.2M(6381.0M)->3266.5M(6381.0M)]
 [Times: user=0.06 sys=0.00, real=0.01 secs] 
         vmop                    [threads: total initially_running wait_to_block]    [time: spin block sync cleanup vmop] page_trap_count
301.591: G1IncCollectionPause             [      31          0              0    ]      [     0     0     0     0    14    ]  0   
2017-11-17T21:54:10.434+0800: 301.606: [GC concurrent-root-region-scan-start]
2017-11-17T21:54:10.434+0800: 301.606: Total time for which application threads were stopped: 0.0145851 seconds, Stopping threads took: 0.0000555 seconds
2017-11-17T21:54:10.435+0800: 301.607: [GC concurrent-root-region-scan-end, 0.0017468 secs]
2017-11-17T21:54:10.435+0800: 301.607: [GC concurrent-mark-start]
         vmop                    [threads: total initially_running wait_to_block]    [time: spin block sync cleanup vmop] page_trap_count
301.606: RevokeBias                       [      31          0              1    ]      [     0    72    72     0     0    ]  0   
2017-11-17T21:54:10.507+0800: 301.679: Total time for which application threads were stopped: 0.0731592 seconds, Stopping threads took: 0.0729352 seconds
         vmop                    [threads: total initially_running wait_to_block]    [time: spin block sync cleanup vmop] page_trap_count
301.679: RevokeBias                       [      31          1              1    ]      [     0     0     0     0     0    ]  0   
2017-11-17T21:54:10.507+0800: 301.679: Total time for which application threads were stopped: 0.0001701 seconds, Stopping threads took: 0.0000861 seconds
2017-11-17T21:54:11.233+0800: 302.405: [GC concurrent-mark-end, 0.7976038 secs]
2017-11-17T21:54:11.233+0800: 302.405: [GC remark 2017-11-17T21:54:11.233+0800: 302.405: [Finalize Marking, 0.0004173 secs] 2017-11-17T21:54:11.234+0800: 302.406: [GC ref-proc, 0.0001549 secs] 2017-11-17T21:54:11.234+0800: 302.406: [Unloading, 0.0041979 secs], 0.0120124 secs]
 [Times: user=0.07 sys=0.00, real=0.02 secs] 
         vmop                    [threads: total initially_running wait_to_block]    [time: spin block sync cleanup vmop] page_trap_count
302.405: CGC_Operation                    [      31          0              0    ]      [     0     0     0     0    12    ]  0   
2017-11-17T21:54:11.245+0800: 302.417: Total time for which application threads were stopped: 0.0123071 seconds, Stopping threads took: 0.0000662 seconds
2017-11-17T21:54:11.246+0800: 302.418: [GC cleanup 4101M->4101M(6381M), 0.0029706 secs]
 [Times: user=0.02 sys=0.00, real=0.00 secs] 
         vmop                    [threads: total initially_running wait_to_block]    [time: spin block sync cleanup vmop] page_trap_count
302.418: CGC_Operation                    [      31          0              0    ]      [     0     0     0     0     2    ]  0   
2017-11-17T21:54:11.249+0800: 302.421: Total time for which application threads were stopped: 0.0031466 seconds, Stopping threads took: 0.0000393 seconds
 302.997: [G1Ergonomics (Concurrent Cycles) do not request concurrent cycle initiation, reason: still doing mixed collections, occupancy: 4383047680 bytes, allocation request: 437491632 bytes, threshold: 3010933530 bytes (45.00 %), source: concurrent humongous allocation]
 303.675: [G1Ergonomics (Concurrent Cycles) do not request concurrent cycle initiation, reason: still doing mixed collections, occupancy: 4821352448 bytes, allocation request: 437491632 bytes, threshold: 3010933530 bytes (45.00 %), source: concurrent humongous allocation]
 304.373: [G1Ergonomics (Concurrent Cycles) do not request concurrent cycle initiation, reason: still doing mixed collections, occupancy: 5259657216 bytes, allocation request: 437491632 bytes, threshold: 3010933530 bytes (45.00 %), source: concurrent humongous allocation]
2017-11-17T21:54:13.201+0800: 304.374: [GC pause (G1 Humongous Allocation) (young) 304.374: [G1Ergonomics (CSet Construction) start choosing CSet, _pending_cards: 1550, predicted base time: 15.59 ms, remaining time: 184.41 ms, target pause time: 200.00 ms]
 304.374: [G1Ergonomics (CSet Construction) add young regions to CSet, eden: 2 regions, survivors: 1 regions, predicted young region time: 0.07 ms]
 304.374: [G1Ergonomics (CSet Construction) finish choosing CSet, eden: 2 regions, survivors: 1 regions, old: 0 regions, predicted pause time: 15.66 ms, target pause time: 200.00 ms]
 304.379: [G1Ergonomics (Concurrent Cycles) do not request concurrent cycle initiation, reason: still doing mixed collections, occupancy: 3506438144 bytes, allocation request: 0 bytes, threshold: 3010933530 bytes (45.00 %), source: end of GC]
 304.379: [G1Ergonomics (Mixed GCs) do not start mixed GCs, reason: reclaimable percentage not over threshold, candidate old regions: 132 regions, reclaimable: 58812976 bytes (0.88 %), threshold: 5.00 %]
, 0.0053061 secs]
   [Parallel Time: 1.2 ms, GC Workers: 8]
      [GC Worker Start (ms): Min: 304374.0, Avg: 304374.1, Max: 304374.2, Diff: 0.2]
      [Ext Root Scanning (ms): Min: 0.3, Avg: 0.5, Max: 1.0, Diff: 0.7, Sum: 3.7]
      [Update RS (ms): Min: 0.0, Avg: 0.2, Max: 0.4, Diff: 0.4, Sum: 2.0]
         [Processed Buffers: Min: 0, Avg: 1.5, Max: 4, Diff: 4, Sum: 12]
      [Scan RS (ms): Min: 0.0, Avg: 0.0, Max: 0.0, Diff: 0.0, Sum: 0.0]
      [Code Root Scanning (ms): Min: 0.0, Avg: 0.0, Max: 0.2, Diff: 0.2, Sum: 0.2]
      [Object Copy (ms): Min: 0.1, Avg: 0.3, Max: 0.4, Diff: 0.3, Sum: 2.2]
      [Termination (ms): Min: 0.0, Avg: 0.0, Max: 0.0, Diff: 0.0, Sum: 0.0]
         [Termination Attempts: Min: 1, Avg: 1.8, Max: 2, Diff: 1, Sum: 14]
      [GC Worker Other (ms): Min: 0.0, Avg: 0.0, Max: 0.0, Diff: 0.0, Sum: 0.1]
      [GC Worker Total (ms): Min: 0.9, Avg: 1.0, Max: 1.1, Diff: 0.2, Sum: 8.3]
      [GC Worker End (ms): Min: 304375.1, Avg: 304375.1, Max: 304375.1, Diff: 0.0]
   [Code Root Fixup: 0.1 ms]
   [Code Root Purge: 0.0 ms]
   [Clear CT: 0.3 ms]
   [Other: 3.7 ms]
      [Choose CSet: 0.0 ms]
      [Ref Proc: 0.3 ms]
      [Ref Enq: 0.0 ms]
      [Redirty Cards: 0.2 ms]
      [Humongous Register: 0.3 ms]
      [Humongous Reclaim: 2.5 ms]
      [Free CSet: 0.1 ms]
   [Eden: 2048.0K(2323.0M)->0.0B(2117.0M) Survivors: 1024.0K->1024.0K Heap: 4937.0M(6381.0M)->3266.5M(6381.0M)]
 [Times: user=0.01 sys=0.01, real=0.01 secs] 
 304.379: [G1Ergonomics (Concurrent Cycles) request concurrent cycle initiation, reason: occupancy higher than threshold, occupancy: 3944742912 bytes, allocation request: 0 bytes, threshold: 3010933530 bytes (45.00 %), source: STW humongous allocation]
         vmop                    [threads: total initially_running wait_to_block]    [time: spin block sync cleanup vmop] page_trap_count
304.373: G1IncCollectionPause             [      31          0              0    ]      [     0     0     0     0     5    ]  0   
2017-11-17T21:54:13.207+0800: 304.379: Total time for which application threads were stopped: 0.0060877 seconds, Stopping threads took: 0.0000473 seconds
         vmop                    [threads: total initially_running wait_to_block]    [time: spin block sync cleanup vmop] page_trap_count
304.379: RevokeBias                       [      31          0              1    ]      [     0    73    73     0     0    ]  0   
2017-11-17T21:54:13.281+0800: 304.453: Total time for which application threads were stopped: 0.0735071 seconds, Stopping threads took: 0.0732500 seconds
         vmop                    [threads: total initially_running wait_to_block]    [time: spin block sync cleanup vmop] page_trap_count
304.454: RevokeBias                       [      31          0              1    ]      [     0     0     0     0     0    ]  0   
2017-11-17T21:54:13.282+0800: 304.454: Total time for which application threads were stopped: 0.0002308 seconds, Stopping threads took: 0.0001178 seconds
 305.055: [G1Ergonomics (Concurrent Cycles) request concurrent cycle initiation, reason: occupancy higher than threshold, occupancy: 3944742912 bytes, allocation request: 437491632 bytes, threshold: 3010933530 bytes (45.00 %), source: concurrent humongous allocation]
 305.056: [G1Ergonomics (Concurrent Cycles) request concurrent cycle initiation, reason: requested by GC cause, GC cause: G1 Humongous Allocation]
 305.056: [G1Ergonomics (Concurrent Cycles) initiate concurrent cycle, reason: concurrent cycle initiation requested]
2017-11-17T21:54:13.884+0800: 305.056: [GC pause (G1 Humongous Allocation) (young) (initial-mark) 305.056: [G1Ergonomics (CSet Construction) start choosing CSet, _pending_cards: 1804, predicted base time: 13.20 ms, remaining time: 186.80 ms, target pause time: 200.00 ms]
 305.056: [G1Ergonomics (CSet Construction) add young regions to CSet, eden: 1 regions, survivors: 1 regions, predicted young region time: 0.06 ms]
 305.056: [G1Ergonomics (CSet Construction) finish choosing CSet, eden: 1 regions, survivors: 1 regions, old: 0 regions, predicted pause time: 13.26 ms, target pause time: 200.00 ms]
, 0.0055240 secs]
   [Parallel Time: 2.2 ms, GC Workers: 8]
      [GC Worker Start (ms): Min: 305056.6, Avg: 305056.7, Max: 305056.8, Diff: 0.2]
      [Ext Root Scanning (ms): Min: 1.2, Avg: 1.3, Max: 1.4, Diff: 0.2, Sum: 10.2]
      [Update RS (ms): Min: 0.0, Avg: 0.1, Max: 0.2, Diff: 0.2, Sum: 0.9]
         [Processed Buffers: Min: 1, Avg: 1.5, Max: 3, Diff: 2, Sum: 12]
      [Scan RS (ms): Min: 0.0, Avg: 0.0, Max: 0.0, Diff: 0.0, Sum: 0.0]
      [Code Root Scanning (ms): Min: 0.0, Avg: 0.0, Max: 0.3, Diff: 0.3, Sum: 0.3]
      [Object Copy (ms): Min: 0.1, Avg: 0.3, Max: 0.4, Diff: 0.3, Sum: 2.4]
      [Termination (ms): Min: 0.0, Avg: 0.0, Max: 0.0, Diff: 0.0, Sum: 0.0]
         [Termination Attempts: Min: 1, Avg: 1.0, Max: 1, Diff: 0, Sum: 8]
      [GC Worker Other (ms): Min: 0.0, Avg: 0.0, Max: 0.0, Diff: 0.0, Sum: 0.1]
      [GC Worker Total (ms): Min: 1.7, Avg: 1.7, Max: 1.9, Diff: 0.2, Sum: 14.0]
      [GC Worker End (ms): Min: 305058.5, Avg: 305058.5, Max: 305058.5, Diff: 0.0]
   [Code Root Fixup: 0.1 ms]
   [Code Root Purge: 0.0 ms]
   [Clear CT: 0.3 ms]
   [Other: 2.9 ms]
      [Choose CSet: 0.0 ms]
      [Ref Proc: 0.2 ms]
      [Ref Enq: 0.0 ms]
      [Redirty Cards: 0.3 ms]
      [Humongous Register: 0.1 ms]
      [Humongous Reclaim: 0.8 ms]
      [Free CSet: 0.1 ms]
   [Eden: 1024.0K(2117.0M)->0.0B(2149.0M) Survivors: 1024.0K->2048.0K Heap: 3684.6M(6381.0M)->3266.9M(6381.0M)]
 [Times: user=0.02 sys=0.00, real=0.00 secs] 
         vmop                    [threads: total initially_running wait_to_block]    [time: spin block sync cleanup vmop] page_trap_count
305.055: G1IncCollectionPause             [      31          0              0    ]      [     0     0     0     0     5    ]  0   
2017-11-17T21:54:13.889+0800: 305.061: [GC concurrent-root-region-scan-start]
2017-11-17T21:54:13.889+0800: 305.061: Total time for which application threads were stopped: 0.0058905 seconds, Stopping threads took: 0.0000500 seconds
2017-11-17T21:54:13.890+0800: 305.062: [GC concurrent-root-region-scan-end, 0.0009478 secs]
2017-11-17T21:54:13.890+0800: 305.062: [GC concurrent-mark-start]
2017-11-17T21:54:14.650+0800: 305.822: [GC concurrent-mark-end, 0.7594123 secs]
2017-11-17T21:54:14.650+0800: 305.822: [GC remark 2017-11-17T21:54:14.650+0800: 305.822: [Finalize Marking, 0.0004789 secs] 2017-11-17T21:54:14.650+0800: 305.823: [GC ref-proc, 0.0001965 secs] 2017-11-17T21:54:14.651+0800: 305.823: [Unloading, 0.0043268 secs], 0.0122763 secs]
 [Times: user=0.07 sys=0.00, real=0.01 secs] 
         vmop                    [threads: total initially_running wait_to_block]    [time: spin block sync cleanup vmop] page_trap_count
305.822: CGC_Operation                    [      31          0              0    ]      [     0     0     0     0    12    ]  0   
2017-11-17T21:54:14.662+0800: 305.834: Total time for which application threads were stopped: 0.0125650 seconds, Stopping threads took: 0.0000640 seconds
2017-11-17T21:54:14.662+0800: 305.835: [GC cleanup 4101M->4101M(6381M), 0.0026255 secs]
 [Times: user=0.02 sys=0.00, real=0.01 secs] 
         vmop                    [threads: total initially_running wait_to_block]    [time: spin block sync cleanup vmop] page_trap_count
305.835: CGC_Operation                    [      31          0              0    ]      [     0     0     0     0     2    ]  0   
2017-11-17T21:54:14.665+0800: 305.837: Total time for which application threads were stopped: 0.0027694 seconds, Stopping threads took: 0.0000197 seconds
 306.458: [G1Ergonomics (Concurrent Cycles) do not request concurrent cycle initiation, reason: still doing mixed collections, occupancy: 4383047680 bytes, allocation request: 437491632 bytes, threshold: 3010933530 bytes (45.00 %), source: concurrent humongous allocation]
 307.151: [G1Ergonomics (Concurrent Cycles) do not request concurrent cycle initiation, reason: still doing mixed collections, occupancy: 4821352448 bytes, allocation request: 437491632 bytes, threshold: 3010933530 bytes (45.00 %), source: concurrent humongous allocation]
 307.846: [G1Ergonomics (Concurrent Cycles) do not request concurrent cycle initiation, reason: still doing mixed collections, occupancy: 5259657216 bytes, allocation request: 437491632 bytes, threshold: 3010933530 bytes (45.00 %), source: concurrent humongous allocation]
2017-11-17T21:54:16.675+0800: 307.847: [GC pause (G1 Humongous Allocation) (young) 307.847: [G1Ergonomics (CSet Construction) start choosing CSet, _pending_cards: 1795, predicted base time: 11.37 ms, remaining time: 188.63 ms, target pause time: 200.00 ms]
 307.847: [G1Ergonomics (CSet Construction) add young regions to CSet, eden: 1 regions, survivors: 2 regions, predicted young region time: 0.13 ms]
 307.847: [G1Ergonomics (CSet Construction) finish choosing CSet, eden: 1 regions, survivors: 2 regions, old: 0 regions, predicted pause time: 11.51 ms, target pause time: 200.00 ms]
 307.852: [G1Ergonomics (Concurrent Cycles) do not request concurrent cycle initiation, reason: still doing mixed collections, occupancy: 3506438144 bytes, allocation request: 0 bytes, threshold: 3010933530 bytes (45.00 %), source: end of GC]
 307.852: [G1Ergonomics (Mixed GCs) do not start mixed GCs, reason: reclaimable percentage not over threshold, candidate old regions: 132 regions, reclaimable: 58812976 bytes (0.88 %), threshold: 5.00 %]
, 0.0052730 secs]
   [Parallel Time: 1.1 ms, GC Workers: 8]
      [GC Worker Start (ms): Min: 307847.1, Avg: 307847.2, Max: 307847.4, Diff: 0.2]
      [Ext Root Scanning (ms): Min: 0.3, Avg: 0.5, Max: 1.0, Diff: 0.7, Sum: 3.7]
      [Update RS (ms): Min: 0.0, Avg: 0.1, Max: 0.2, Diff: 0.2, Sum: 0.9]
         [Processed Buffers: Min: 0, Avg: 1.5, Max: 4, Diff: 4, Sum: 12]
      [Scan RS (ms): Min: 0.0, Avg: 0.0, Max: 0.0, Diff: 0.0, Sum: 0.0]
      [Code Root Scanning (ms): Min: 0.0, Avg: 0.0, Max: 0.2, Diff: 0.2, Sum: 0.2]
      [Object Copy (ms): Min: 0.0, Avg: 0.3, Max: 0.4, Diff: 0.4, Sum: 2.4]
      [Termination (ms): Min: 0.0, Avg: 0.0, Max: 0.0, Diff: 0.0, Sum: 0.0]
         [Termination Attempts: Min: 1, Avg: 1.0, Max: 1, Diff: 0, Sum: 8]
      [GC Worker Other (ms): Min: 0.0, Avg: 0.0, Max: 0.0, Diff: 0.0, Sum: 0.1]
      [GC Worker Total (ms): Min: 0.8, Avg: 0.9, Max: 1.0, Diff: 0.2, Sum: 7.3]
      [GC Worker End (ms): Min: 307848.2, Avg: 307848.2, Max: 307848.2, Diff: 0.0]
   [Code Root Fixup: 0.1 ms]
   [Code Root Purge: 0.0 ms]
   [Clear CT: 0.2 ms]
   [Other: 3.9 ms]
      [Choose CSet: 0.0 ms]
      [Ref Proc: 0.4 ms]
      [Ref Enq: 0.0 ms]
      [Redirty Cards: 0.2 ms]
      [Humongous Register: 0.3 ms]
      [Humongous Reclaim: 2.5 ms]
      [Free CSet: 0.1 ms]
   [Eden: 1024.0K(2149.0M)->0.0B(2173.0M) Survivors: 2048.0K->1024.0K Heap: 4936.7M(6381.0M)->3266.5M(6381.0M)]
 [Times: user=0.00 sys=0.00, real=0.01 secs] 
 307.852: [G1Ergonomics (Concurrent Cycles) request concurrent cycle initiation, reason: occupancy higher than threshold, occupancy: 3944742912 bytes, allocation request: 0 bytes, threshold: 3010933530 bytes (45.00 %), source: STW humongous allocation]
         vmop                    [threads: total initially_running wait_to_block]    [time: spin block sync cleanup vmop] page_trap_count
307.846: G1IncCollectionPause             [      31          0              0    ]      [     0     0     0     0     5    ]  0   
2017-11-17T21:54:16.680+0800: 307.852: Total time for which application threads were stopped: 0.0060509 seconds, Stopping threads took: 0.0000596 seconds
         vmop                    [threads: total initially_running wait_to_block]    [time: spin block sync cleanup vmop] page_trap_count
308.543: RevokeBias                       [      31          0              0    ]      [     0     0     0     0     0    ]  0   
2017-11-17T21:54:17.371+0800: 308.543: Total time for which application threads were stopped: 0.0002190 seconds, Stopping threads took: 0.0000824 seconds
 308.544: [G1Ergonomics (Concurrent Cycles) request concurrent cycle initiation, reason: occupancy higher than threshold, occupancy: 3944742912 bytes, allocation request: 659984 bytes, threshold: 3010933530 bytes (45.00 %), source: concurrent humongous allocation]
 308.544: [G1Ergonomics (Concurrent Cycles) request concurrent cycle initiation, reason: requested by GC cause, GC cause: G1 Humongous Allocation]
 308.544: [G1Ergonomics (Concurrent Cycles) initiate concurrent cycle, reason: concurrent cycle initiation requested]
2017-11-17T21:54:17.372+0800: 308.544: [GC pause (G1 Humongous Allocation) (young) (initial-mark) 308.545: [G1Ergonomics (CSet Construction) start choosing CSet, _pending_cards: 1795, predicted base time: 9.91 ms, remaining time: 190.09 ms, target pause time: 200.00 ms]
 308.545: [G1Ergonomics (CSet Construction) add young regions to CSet, eden: 1 regions, survivors: 1 regions, predicted young region time: 0.09 ms]
 308.545: [G1Ergonomics (CSet Construction) finish choosing CSet, eden: 1 regions, survivors: 1 regions, old: 0 regions, predicted pause time: 10.00 ms, target pause time: 200.00 ms]
, 0.0061337 secs]
   [Parallel Time: 2.3 ms, GC Workers: 8]
      [GC Worker Start (ms): Min: 308545.4, Avg: 308545.5, Max: 308545.6, Diff: 0.2]
      [Ext Root Scanning (ms): Min: 1.3, Avg: 1.4, Max: 1.6, Diff: 0.3, Sum: 11.2]
      [Update RS (ms): Min: 0.0, Avg: 0.1, Max: 0.2, Diff: 0.2, Sum: 0.8]
         [Processed Buffers: Min: 0, Avg: 1.5, Max: 3, Diff: 3, Sum: 12]
      [Scan RS (ms): Min: 0.0, Avg: 0.0, Max: 0.0, Diff: 0.0, Sum: 0.0]
      [Code Root Scanning (ms): Min: 0.0, Avg: 0.0, Max: 0.3, Diff: 0.3, Sum: 0.3]
      [Object Copy (ms): Min: 0.2, Avg: 0.4, Max: 0.4, Diff: 0.2, Sum: 2.9]
      [Termination (ms): Min: 0.0, Avg: 0.0, Max: 0.0, Diff: 0.0, Sum: 0.0]
         [Termination Attempts: Min: 1, Avg: 1.0, Max: 1, Diff: 0, Sum: 8]
      [GC Worker Other (ms): Min: 0.0, Avg: 0.0, Max: 0.0, Diff: 0.0, Sum: 0.1]
      [GC Worker Total (ms): Min: 1.8, Avg: 1.9, Max: 2.0, Diff: 0.2, Sum: 15.3]
      [GC Worker End (ms): Min: 308547.4, Avg: 308547.4, Max: 308547.4, Diff: 0.0]
   [Code Root Fixup: 0.1 ms]
   [Code Root Purge: 0.0 ms]
   [Clear CT: 0.2 ms]
   [Other: 3.5 ms]
      [Choose CSet: 0.0 ms]
      [Ref Proc: 0.3 ms]
      [Ref Enq: 0.0 ms]
      [Redirty Cards: 0.2 ms]
      [Humongous Register: 0.1 ms]
      [Humongous Reclaim: 1.3 ms]
      [Free CSet: 0.1 ms]
   [Eden: 1024.0K(2173.0M)->0.0B(2346.0M) Survivors: 1024.0K->2048.0K Heap: 3684.5M(6381.0M)->2849.6M(6381.0M)]
 [Times: user=0.02 sys=0.00, real=0.01 secs] 
         vmop                    [threads: total initially_running wait_to_block]    [time: spin block sync cleanup vmop] page_trap_count
308.544: G1IncCollectionPause             [      31          0              0    ]      [     0     0     0     0     6    ]  0   
2017-11-17T21:54:17.379+0800: 308.551: [GC concurrent-root-region-scan-start]
2017-11-17T21:54:17.379+0800: 308.551: Total time for which application threads were stopped: 0.0064338 seconds, Stopping threads took: 0.0000207 seconds
2017-11-17T21:54:17.379+0800: 308.552: [GC concurrent-root-region-scan-end, 0.0008759 secs]
2017-11-17T21:54:17.379+0800: 308.552: [GC concurrent-mark-start]
2017-11-17T21:54:18.122+0800: 309.294: [GC concurrent-mark-end, 0.7424757 secs]
2017-11-17T21:54:18.205+0800: 309.377: [GC remark 2017-11-17T21:54:18.205+0800: 309.377: [Finalize Marking, 0.0140433 secs] 2017-11-17T21:54:18.219+0800: 309.391: [GC ref-proc, 0.0001625 secs] 2017-11-17T21:54:18.219+0800: 309.391: [Unloading, 0.0042763 secs], 0.0245035 secs]
 [Times: user=0.08 sys=0.01, real=0.02 secs] 
         vmop                    [threads: total initially_running wait_to_block]    [time: spin block sync cleanup vmop] page_trap_count
309.294: CGC_Operation                    [      31          1              1    ]      [    82     0    82     0    24    ]  1   
2017-11-17T21:54:18.229+0800: 309.401: Total time for which application threads were stopped: 0.1071825 seconds, Stopping threads took: 0.0824535 seconds
2017-11-17T21:54:18.230+0800: 309.402: [GC cleanup 4137M->4137M(6381M), 0.0026528 secs]
 [Times: user=0.02 sys=0.00, real=0.00 secs] 
         vmop                    [threads: total initially_running wait_to_block]    [time: spin block sync cleanup vmop] page_trap_count
309.402: CGC_Operation                    [      31          0              0    ]      [     0     0     0     0     2    ]  0   
2017-11-17T21:54:18.232+0800: 309.404: Total time for which application threads were stopped: 0.0028676 seconds, Stopping threads took: 0.0000436 seconds
 309.540: [G1Ergonomics (Concurrent Cycles) do not request concurrent cycle initiation, reason: still doing mixed collections, occupancy: 4427087872 bytes, allocation request: 559632 bytes, threshold: 3010933530 bytes (45.00 %), source: concurrent humongous allocation]
 309.540: [G1Ergonomics (Concurrent Cycles) do not request concurrent cycle initiation, reason: still doing mixed collections, occupancy: 4428136448 bytes, allocation request: 1119248 bytes, threshold: 3010933530 bytes (45.00 %), source: concurrent humongous allocation]
 309.541: [G1Ergonomics (Concurrent Cycles) do not request concurrent cycle initiation, reason: still doing mixed collections, occupancy: 4430233600 bytes, allocation request: 2238480 bytes, threshold: 3010933530 bytes (45.00 %), source: concurrent humongous allocation]
 309.542: [G1Ergonomics (Concurrent Cycles) do not request concurrent cycle initiation, reason: still doing mixed collections, occupancy: 4433379328 bytes, allocation request: 4476944 bytes, threshold: 3010933530 bytes (45.00 %), source: concurrent humongous allocation]
 309.543: [G1Ergonomics (Concurrent Cycles) do not request concurrent cycle initiation, reason: still doing mixed collections, occupancy: 4438622208 bytes, allocation request: 8953872 bytes, threshold: 3010933530 bytes (45.00 %), source: concurrent humongous allocation]
 309.546: [G1Ergonomics (Concurrent Cycles) do not request concurrent cycle initiation, reason: still doing mixed collections, occupancy: 4448059392 bytes, allocation request: 17907728 bytes, threshold: 3010933530 bytes (45.00 %), source: concurrent humongous allocation]
 309.552: [G1Ergonomics (Concurrent Cycles) do not request concurrent cycle initiation, reason: still doing mixed collections, occupancy: 4466933760 bytes, allocation request: 35815440 bytes, threshold: 3010933530 bytes (45.00 %), source: concurrent humongous allocation]
 309.566: [G1Ergonomics (Concurrent Cycles) do not request concurrent cycle initiation, reason: still doing mixed collections, occupancy: 4503633920 bytes, allocation request: 71630864 bytes, threshold: 3010933530 bytes (45.00 %), source: concurrent humongous allocation]
 309.593: [G1Ergonomics (Concurrent Cycles) do not request concurrent cycle initiation, reason: still doing mixed collections, occupancy: 4575985664 bytes, allocation request: 143261712 bytes, threshold: 3010933530 bytes (45.00 %), source: concurrent humongous allocation]
 309.648: [G1Ergonomics (Concurrent Cycles) do not request concurrent cycle initiation, reason: still doing mixed collections, occupancy: 4719640576 bytes, allocation request: 286523408 bytes, threshold: 3010933530 bytes (45.00 %), source: concurrent humongous allocation]
 309.767: [G1Ergonomics (Concurrent Cycles) do not request concurrent cycle initiation, reason: still doing mixed collections, occupancy: 5006950400 bytes, allocation request: 573046800 bytes, threshold: 3010933530 bytes (45.00 %), source: concurrent humongous allocation]
         vmop                    [threads: total initially_running wait_to_block]    [time: spin block sync cleanup vmop] page_trap_count
310.405: no vm operation                  [      31          0              0    ]      [     0     0     0     0     0    ]  0   
2017-11-17T21:54:19.233+0800: 310.405: Total time for which application threads were stopped: 0.0001744 seconds, Stopping threads took: 0.0000492 seconds
         vmop                    [threads: total initially_running wait_to_block]    [time: spin block sync cleanup vmop] page_trap_count
310.885: RevokeBias                       [      31          0              0    ]      [     0     0     0     0     0    ]  0   
2017-11-17T21:54:19.713+0800: 310.885: Total time for which application threads were stopped: 0.0001625 seconds, Stopping threads took: 0.0000431 seconds
         vmop                    [threads: total initially_running wait_to_block]    [time: spin block sync cleanup vmop] page_trap_count
310.885: RevokeBias                       [      29          0              0    ]      [     0     0     0     0     0    ]  0   
2017-11-17T21:54:19.713+0800: 310.886: Total time for which application threads were stopped: 0.0002971 seconds, Stopping threads took: 0.0002216 seconds
         vmop                    [threads: total initially_running wait_to_block]    [time: spin block sync cleanup vmop] page_trap_count
317.886: no vm operation                  [      31          0              0    ]      [     0     0     0     0     0    ]  0   
2017-11-17T21:54:26.714+0800: 317.886: Total time for which application threads were stopped: 0.0002085 seconds, Stopping threads took: 0.0000609 seconds
         vmop                    [threads: total initially_running wait_to_block]    [time: spin block sync cleanup vmop] page_trap_count
321.887: no vm operation                  [      31          0              0    ]      [     0     0     0     0     0    ]  0   
2017-11-17T21:54:30.715+0800: 321.887: Total time for which application threads were stopped: 0.0001930 seconds, Stopping threads took: 0.0000369 seconds
 352.911: [G1Ergonomics (Concurrent Cycles) do not request concurrent cycle initiation, reason: still doing mixed collections, occupancy: 5580521472 bytes, allocation request: 2140472 bytes, threshold: 3010933530 bytes (45.00 %), source: concurrent humongous allocation]
 352.911: [G1Ergonomics (Concurrent Cycles) do not request concurrent cycle initiation, reason: still doing mixed collections, occupancy: 5583667200 bytes, allocation request: 2140472 bytes, threshold: 3010933530 bytes (45.00 %), source: concurrent humongous allocation]
 352.919: [G1Ergonomics (Concurrent Cycles) do not request concurrent cycle initiation, reason: still doing mixed collections, occupancy: 5586812928 bytes, allocation request: 437499240 bytes, threshold: 3010933530 bytes (45.00 %), source: concurrent humongous allocation]
2017-11-17T21:55:01.748+0800: 352.920: [GC pause (G1 Humongous Allocation) (young) 352.920: [G1Ergonomics (CSet Construction) start choosing CSet, _pending_cards: 26648, predicted base time: 11.41 ms, remaining time: 188.59 ms, target pause time: 200.00 ms]
 352.920: [G1Ergonomics (CSet Construction) add young regions to CSet, eden: 8 regions, survivors: 2 regions, predicted young region time: 0.71 ms]
 352.920: [G1Ergonomics (CSet Construction) finish choosing CSet, eden: 8 regions, survivors: 2 regions, old: 0 regions, predicted pause time: 12.12 ms, target pause time: 200.00 ms]
 352.956: [G1Ergonomics (Mixed GCs) do not start mixed GCs, reason: reclaimable percentage not over threshold, candidate old regions: 132 regions, reclaimable: 58812976 bytes (0.88 %), threshold: 5.00 %]
, 0.0359528 secs]
   [Parallel Time: 27.4 ms, GC Workers: 8]
      [GC Worker Start (ms): Min: 352920.6, Avg: 352923.3, Max: 352926.2, Diff: 5.6]
      [Ext Root Scanning (ms): Min: 0.0, Avg: 0.4, Max: 1.0, Diff: 1.0, Sum: 3.0]
      [Update RS (ms): Min: 0.0, Avg: 5.2, Max: 26.6, Diff: 26.6, Sum: 41.8]
         [Processed Buffers: Min: 0, Avg: 14.1, Max: 42, Diff: 42, Sum: 113]
      [Scan RS (ms): Min: 0.0, Avg: 0.0, Max: 0.1, Diff: 0.1, Sum: 0.3]
      [Code Root Scanning (ms): Min: 0.0, Avg: 0.0, Max: 0.1, Diff: 0.1, Sum: 0.1]
      [Object Copy (ms): Min: 0.0, Avg: 0.2, Max: 0.4, Diff: 0.4, Sum: 1.2]
      [Termination (ms): Min: 0.0, Avg: 18.8, Max: 22.1, Diff: 22.1, Sum: 150.6]
         [Termination Attempts: Min: 1, Avg: 1.9, Max: 5, Diff: 4, Sum: 15]
      [GC Worker Other (ms): Min: 0.0, Avg: 0.0, Max: 0.0, Diff: 0.0, Sum: 0.1]
      [GC Worker Total (ms): Min: 21.7, Avg: 24.6, Max: 27.3, Diff: 5.6, Sum: 197.1]
      [GC Worker End (ms): Min: 352947.9, Avg: 352947.9, Max: 352947.9, Diff: 0.1]
   [Code Root Fixup: 0.1 ms]
   [Code Root Purge: 0.0 ms]
   [Clear CT: 0.2 ms]
   [Other: 8.2 ms]
      [Choose CSet: 0.0 ms]
      [Ref Proc: 0.6 ms]
      [Ref Enq: 0.0 ms]
      [Redirty Cards: 0.2 ms]
      [Humongous Register: 0.3 ms]
      [Humongous Reclaim: 6.7 ms]
      [Free CSet: 0.1 ms]
   [Eden: 8192.0K(2346.0M)->0.0B(3636.0M) Survivors: 2048.0K->1024.0K Heap: 5242.5M(6381.0M)->1468.1M(6381.0M)]
 [Times: user=0.07 sys=0.00, real=0.04 secs] 
         vmop                    [threads: total initially_running wait_to_block]    [time: spin block sync cleanup vmop] page_trap_count
352.920: G1IncCollectionPause             [      31          0              0    ]      [     0     0     0     0    36    ]  0   
2017-11-17T21:55:01.784+0800: 352.957: Total time for which application threads were stopped: 0.0368555 seconds, Stopping threads took: 0.0000334 seconds
         vmop                    [threads: total initially_running wait_to_block]    [time: spin block sync cleanup vmop] page_trap_count
353.957: no vm operation                  [      31          0              0    ]      [     0     0     0     0     0    ]  0   
2017-11-17T21:55:02.785+0800: 353.957: Total time for which application threads were stopped: 0.0001727 seconds, Stopping threads took: 0.0000453 seconds
         vmop                    [threads: total initially_running wait_to_block]    [time: spin block sync cleanup vmop] page_trap_count
354.378: RevokeBias                       [      32          0              0    ]      [     0     0     0     0     0    ]  0   
2017-11-17T21:55:03.206+0800: 354.379: Total time for which application threads were stopped: 0.0002455 seconds, Stopping threads took: 0.0000446 seconds
         vmop                    [threads: total initially_running wait_to_block]    [time: spin block sync cleanup vmop] page_trap_count
355.007: RevokeBias                       [      32          0              0    ]      [     0     0     0     0     0    ]  0   
2017-11-17T21:55:03.835+0800: 355.007: Total time for which application threads were stopped: 0.0002182 seconds, Stopping threads took: 0.0000457 seconds
         vmop                    [threads: total initially_running wait_to_block]    [time: spin block sync cleanup vmop] page_trap_count
355.007: RevokeBias                       [      32          0              2    ]      [     0     0     0     0     0    ]  0   
2017-11-17T21:55:03.835+0800: 355.008: Total time for which application threads were stopped: 0.0001212 seconds, Stopping threads took: 0.0000374 seconds
         vmop                    [threads: total initially_running wait_to_block]    [time: spin block sync cleanup vmop] page_trap_count
355.008: RevokeBias                       [      32          0              1    ]      [     0     0     0     0     0    ]  0   
2017-11-17T21:55:03.836+0800: 355.008: Total time for which application threads were stopped: 0.0001073 seconds, Stopping threads took: 0.0000202 seconds
         vmop                    [threads: total initially_running wait_to_block]    [time: spin block sync cleanup vmop] page_trap_count
355.200: RevokeBias                       [      32          0              0    ]      [     0     0     0     0     0    ]  0   
2017-11-17T21:55:04.028+0800: 355.200: Total time for which application threads were stopped: 0.0001676 seconds, Stopping threads took: 0.0000289 seconds
 355.492: [G1Ergonomics (Concurrent Cycles) request concurrent cycle initiation, reason: occupancy higher than threshold, occupancy: 2799697920 bytes, allocation request: 437491632 bytes, threshold: 3010933530 bytes (45.00 %), source: concurrent humongous allocation]
 355.492: [G1Ergonomics (Concurrent Cycles) request concurrent cycle initiation, reason: requested by GC cause, GC cause: G1 Humongous Allocation]
 355.492: [G1Ergonomics (Concurrent Cycles) initiate concurrent cycle, reason: concurrent cycle initiation requested]
2017-11-17T21:55:04.320+0800: 355.492: [GC pause (G1 Humongous Allocation) (young) (initial-mark) 355.493: [G1Ergonomics (CSet Construction) start choosing CSet, _pending_cards: 864, predicted base time: 10.28 ms, remaining time: 189.72 ms, target pause time: 200.00 ms]
 355.493: [G1Ergonomics (CSet Construction) add young regions to CSet, eden: 11 regions, survivors: 1 regions, predicted young region time: 0.52 ms]
 355.493: [G1Ergonomics (CSet Construction) finish choosing CSet, eden: 11 regions, survivors: 1 regions, old: 0 regions, predicted pause time: 10.81 ms, target pause time: 200.00 ms]
, 0.0075990 secs]
   [Parallel Time: 2.9 ms, GC Workers: 8]
      [GC Worker Start (ms): Min: 355493.3, Avg: 355493.7, Max: 355494.3, Diff: 1.0]
      [Ext Root Scanning (ms): Min: 1.5, Avg: 1.6, Max: 2.2, Diff: 0.8, Sum: 13.1]
      [Update RS (ms): Min: 0.0, Avg: 0.1, Max: 0.3, Diff: 0.3, Sum: 1.0]
         [Processed Buffers: Min: 0, Avg: 1.6, Max: 6, Diff: 6, Sum: 13]
      [Scan RS (ms): Min: 0.0, Avg: 0.0, Max: 0.0, Diff: 0.0, Sum: 0.0]
      [Code Root Scanning (ms): Min: 0.0, Avg: 0.0, Max: 0.2, Diff: 0.2, Sum: 0.2]
      [Object Copy (ms): Min: 0.0, Avg: 0.2, Max: 0.5, Diff: 0.5, Sum: 1.8]
      [Termination (ms): Min: 0.0, Avg: 0.3, Max: 0.4, Diff: 0.4, Sum: 2.1]
         [Termination Attempts: Min: 1, Avg: 2.6, Max: 6, Diff: 5, Sum: 21]
      [GC Worker Other (ms): Min: 0.0, Avg: 0.0, Max: 0.0, Diff: 0.0, Sum: 0.1]
      [GC Worker Total (ms): Min: 1.7, Avg: 2.3, Max: 2.7, Diff: 1.0, Sum: 18.3]
      [GC Worker End (ms): Min: 355496.0, Avg: 355496.0, Max: 355496.0, Diff: 0.0]
   [Code Root Fixup: 0.1 ms]
   [Code Root Purge: 0.0 ms]
   [Clear CT: 0.2 ms]
   [Other: 4.4 ms]
      [Choose CSet: 0.0 ms]
      [Ref Proc: 0.5 ms]
      [Ref Enq: 0.0 ms]
      [Redirty Cards: 0.3 ms]
      [Humongous Register: 0.1 ms]
      [Humongous Reclaim: 1.4 ms]
      [Free CSet: 0.1 ms]
   [Eden: 11.0M(3636.0M)->0.0B(3378.0M) Survivors: 1024.0K->1024.0K Heap: 2572.6M(6381.0M)->1885.6M(6381.0M)]
 [Times: user=0.02 sys=0.00, real=0.01 secs] 
         vmop                    [threads: total initially_running wait_to_block]    [time: spin block sync cleanup vmop] page_trap_count
355.492: G1IncCollectionPause             [      32          0              0    ]      [     0     0     0     0     7    ]  0   
2017-11-17T21:55:04.328+0800: 355.500: Total time for which application threads were stopped: 0.0080074 seconds, Stopping threads took: 0.0000553 seconds
2017-11-17T21:55:04.328+0800: 355.500: [GC concurrent-root-region-scan-start]
2017-11-17T21:55:04.331+0800: 355.503: [GC concurrent-root-region-scan-end, 0.0026565 secs]
2017-11-17T21:55:04.331+0800: 355.503: [GC concurrent-mark-start]
2017-11-17T21:55:05.879+0800: 357.051: [GC concurrent-mark-end, 1.5479871 secs]
2017-11-17T21:55:05.887+0800: 357.059: [GC remark 2017-11-17T21:55:05.887+0800: 357.060: [Finalize Marking, 0.0008229 secs] 2017-11-17T21:55:05.888+0800: 357.060: [GC ref-proc, 0.0001885 secs] 2017-11-17T21:55:05.888+0800: 357.061: [Unloading, 0.0184069 secs], 0.0303597 secs]
 [Times: user=0.05 sys=0.00, real=0.03 secs] 
         vmop                    [threads: total initially_running wait_to_block]    [time: spin block sync cleanup vmop] page_trap_count
357.051: CGC_Operation                    [      32          1              1    ]      [     7     0     8     0    30    ]  1   
2017-11-17T21:55:05.918+0800: 357.090: Total time for which application threads were stopped: 0.0386827 seconds, Stopping threads took: 0.0081162 seconds
2017-11-17T21:55:05.923+0800: 357.095: [GC cleanup 2338M->2338M(6381M), 0.0193908 secs]
 [Times: user=0.02 sys=0.00, real=0.02 secs] 
         vmop                    [threads: total initially_running wait_to_block]    [time: spin block sync cleanup vmop] page_trap_count
357.091: CGC_Operation                    [      32          1              1    ]      [     0     0     3     0    19    ]  0   
2017-11-17T21:55:05.942+0800: 357.114: Total time for which application threads were stopped: 0.0231291 seconds, Stopping threads took: 0.0035498 seconds
         vmop                    [threads: total initially_running wait_to_block]    [time: spin block sync cleanup vmop] page_trap_count
359.114: no vm operation                  [      32          0              0    ]      [     0     0     0     0     0    ]  0   
2017-11-17T21:55:07.942+0800: 359.115: Total time for which application threads were stopped: 0.0002010 seconds, Stopping threads took: 0.0000407 seconds
 359.617: [G1Ergonomics (Concurrent Cycles) do not request concurrent cycle initiation, reason: still doing mixed collections, occupancy: 2898264064 bytes, allocation request: 437491632 bytes, threshold: 3010933530 bytes (45.00 %), source: concurrent humongous allocation]
         vmop                    [threads: total initially_running wait_to_block]    [time: spin block sync cleanup vmop] page_trap_count
360.115: no vm operation                  [      32          1              1    ]      [     0     0     0     0     0    ]  1   
2017-11-17T21:55:08.943+0800: 360.115: Total time for which application threads were stopped: 0.0002205 seconds, Stopping threads took: 0.0000671 seconds
 361.041: [G1Ergonomics (Concurrent Cycles) do not request concurrent cycle initiation, reason: still doing mixed collections, occupancy: 3336568832 bytes, allocation request: 437491632 bytes, threshold: 3010933530 bytes (45.00 %), source: concurrent humongous allocation]
 362.401: [G1Ergonomics (Concurrent Cycles) do not request concurrent cycle initiation, reason: still doing mixed collections, occupancy: 3774873600 bytes, allocation request: 437491632 bytes, threshold: 3010933530 bytes (45.00 %), source: concurrent humongous allocation]
         vmop                    [threads: total initially_running wait_to_block]    [time: spin block sync cleanup vmop] page_trap_count
364.115: no vm operation                  [      32          0              0    ]      [     0     0     0     0     0    ]  0   
2017-11-17T21:55:12.943+0800: 364.115: Total time for which application threads were stopped: 0.0002204 seconds, Stopping threads took: 0.0000665 seconds
         vmop                    [threads: total initially_running wait_to_block]    [time: spin block sync cleanup vmop] page_trap_count
365.116: no vm operation                  [      32          0              0    ]      [     0     0     0     0     0    ]  0   
2017-11-17T21:55:13.944+0800: 365.116: Total time for which application threads were stopped: 0.0001905 seconds, Stopping threads took: 0.0000562 seconds
         vmop                    [threads: total initially_running wait_to_block]    [time: spin block sync cleanup vmop] page_trap_count
366.646: RevokeBias                       [      32          0              1    ]      [     0     0     0     0     0    ]  0   
2017-11-17T21:55:15.474+0800: 366.646: Total time for which application threads were stopped: 0.0002615 seconds, Stopping threads took: 0.0000932 seconds
 366.648: [G1Ergonomics (Concurrent Cycles) do not request concurrent cycle initiation, reason: still doing mixed collections, occupancy: 4213178368 bytes, allocation request: 437491632 bytes, threshold: 3010933530 bytes (45.00 %), source: concurrent humongous allocation]
 367.324: [G1Ergonomics (Concurrent Cycles) do not request concurrent cycle initiation, reason: still doing mixed collections, occupancy: 4651483136 bytes, allocation request: 437491632 bytes, threshold: 3010933530 bytes (45.00 %), source: concurrent humongous allocation]
         vmop                    [threads: total initially_running wait_to_block]    [time: spin block sync cleanup vmop] page_trap_count
367.646: no vm operation                  [      32          0              0    ]      [     0     0     0     0     0    ]  0   
2017-11-17T21:55:16.475+0800: 367.647: Total time for which application threads were stopped: 0.0002733 seconds, Stopping threads took: 0.0000582 seconds
 368.043: [G1Ergonomics (Concurrent Cycles) do not request concurrent cycle initiation, reason: still doing mixed collections, occupancy: 5089787904 bytes, allocation request: 437491632 bytes, threshold: 3010933530 bytes (45.00 %), source: concurrent humongous allocation]
 368.842: [G1Ergonomics (Concurrent Cycles) do not request concurrent cycle initiation, reason: still doing mixed collections, occupancy: 5528092672 bytes, allocation request: 437491632 bytes, threshold: 3010933530 bytes (45.00 %), source: concurrent humongous allocation]
2017-11-17T21:55:17.671+0800: 368.843: [GC pause (G1 Humongous Allocation) (young) 368.843: [G1Ergonomics (CSet Construction) start choosing CSet, _pending_cards: 1112, predicted base time: 9.62 ms, remaining time: 190.38 ms, target pause time: 200.00 ms]
 368.843: [G1Ergonomics (CSet Construction) add young regions to CSet, eden: 419 regions, survivors: 1 regions, predicted young region time: 15.23 ms]
 368.843: [G1Ergonomics (CSet Construction) finish choosing CSet, eden: 419 regions, survivors: 1 regions, old: 0 regions, predicted pause time: 24.85 ms, target pause time: 200.00 ms]
 368.859: [G1Ergonomics (Mixed GCs) do not start mixed GCs, reason: reclaimable percentage not over threshold, candidate old regions: 132 regions, reclaimable: 58817600 bytes (0.88 %), threshold: 5.00 %]
, 0.0158062 secs]
   [Parallel Time: 2.5 ms, GC Workers: 8]
      [GC Worker Start (ms): Min: 368843.5, Avg: 368844.9, Max: 368845.9, Diff: 2.4]
      [Ext Root Scanning (ms): Min: 0.0, Avg: 0.3, Max: 1.0, Diff: 1.0, Sum: 2.7]
      [Update RS (ms): Min: 0.0, Avg: 0.1, Max: 0.3, Diff: 0.3, Sum: 1.0]
         [Processed Buffers: Min: 0, Avg: 2.2, Max: 9, Diff: 9, Sum: 18]
      [Scan RS (ms): Min: 0.0, Avg: 0.1, Max: 0.2, Diff: 0.2, Sum: 0.6]
      [Code Root Scanning (ms): Min: 0.0, Avg: 0.0, Max: 0.1, Diff: 0.1, Sum: 0.1]
      [Object Copy (ms): Min: 0.0, Avg: 0.2, Max: 0.5, Diff: 0.5, Sum: 1.5]
      [Termination (ms): Min: 0.0, Avg: 0.3, Max: 0.5, Diff: 0.5, Sum: 2.3]
         [Termination Attempts: Min: 1, Avg: 1.0, Max: 1, Diff: 0, Sum: 8]
      [GC Worker Other (ms): Min: 0.0, Avg: 0.0, Max: 0.0, Diff: 0.0, Sum: 0.1]
      [GC Worker Total (ms): Min: 0.0, Avg: 1.0, Max: 2.4, Diff: 2.4, Sum: 8.4]
      [GC Worker End (ms): Min: 368846.0, Avg: 368846.0, Max: 368846.0, Diff: 0.0]
   [Code Root Fixup: 0.0 ms]
   [Code Root Purge: 0.0 ms]
   [Clear CT: 0.4 ms]
   [Other: 12.8 ms]
      [Choose CSet: 0.0 ms]
      [Ref Proc: 7.3 ms]
      [Ref Enq: 0.0 ms]
      [Redirty Cards: 0.3 ms]
      [Humongous Register: 0.3 ms]
      [Humongous Reclaim: 3.9 ms]
      [Free CSet: 0.6 ms]
   [Eden: 419.0M(3378.0M)->0.0B(2707.0M) Survivors: 1024.0K->1024.0K Heap: 5642.1M(6381.0M)->2720.3M(6381.0M)]
 [Times: user=0.03 sys=0.00, real=0.02 secs] 
 368.860: [G1Ergonomics (Concurrent Cycles) request concurrent cycle initiation, reason: occupancy higher than threshold, occupancy: 3336568832 bytes, allocation request: 0 bytes, threshold: 3010933530 bytes (45.00 %), source: STW humongous allocation]
         vmop                    [threads: total initially_running wait_to_block]    [time: spin block sync cleanup vmop] page_trap_count
368.843: G1IncCollectionPause             [      32          0              1    ]      [     0     0     0     0    16    ]  0   
2017-11-17T21:55:17.688+0800: 368.860: Total time for which application threads were stopped: 0.0170376 seconds, Stopping threads took: 0.0001311 seconds
         vmop                    [threads: total initially_running wait_to_block]    [time: spin block sync cleanup vmop] page_trap_count
368.860: RevokeBias                       [      32          0              2    ]      [     0    76    76     0     0    ]  0   
2017-11-17T21:55:17.765+0800: 368.937: Total time for which application threads were stopped: 0.0772056 seconds, Stopping threads took: 0.0769983 seconds
         vmop                    [threads: total initially_running wait_to_block]    [time: spin block sync cleanup vmop] page_trap_count
368.937: RevokeBias                       [      32          0              0    ]      [     0     0     0     0     0    ]  0   
2017-11-17T21:55:17.765+0800: 368.937: Total time for which application threads were stopped: 0.0001126 seconds, Stopping threads took: 0.0000402 seconds
         vmop                    [threads: total initially_running wait_to_block]    [time: spin block sync cleanup vmop] page_trap_count
368.937: RevokeBias                       [      32          0              0    ]      [     0     0     0     0     0    ]  0   
2017-11-17T21:55:17.765+0800: 368.937: Total time for which application threads were stopped: 0.0001371 seconds, Stopping threads took: 0.0000160 seconds
         vmop                    [threads: total initially_running wait_to_block]    [time: spin block sync cleanup vmop] page_trap_count
368.937: RevokeBias                       [      32          2              1    ]      [     0     0     0     0     0    ]  0   
2017-11-17T21:55:17.765+0800: 368.938: Total time for which application threads were stopped: 0.0001662 seconds, Stopping threads took: 0.0000557 seconds
         vmop                    [threads: total initially_running wait_to_block]    [time: spin block sync cleanup vmop] page_trap_count
368.938: RevokeBias                       [      32          0              1    ]      [     0     0     0     0     0    ]  0   
2017-11-17T21:55:17.766+0800: 368.938: Total time for which application threads were stopped: 0.0001586 seconds, Stopping threads took: 0.0000809 seconds
         vmop                    [threads: total initially_running wait_to_block]    [time: spin block sync cleanup vmop] page_trap_count
368.938: RevokeBias                       [      32          0              0    ]      [     0     0     0     0     0    ]  0   
2017-11-17T21:55:17.766+0800: 368.938: Total time for which application threads were stopped: 0.0001877 seconds, Stopping threads took: 0.0000714 seconds
         vmop                    [threads: total initially_running wait_to_block]    [time: spin block sync cleanup vmop] page_trap_count
368.938: RevokeBias                       [      32          0              0    ]      [     0     0     0     0     0    ]  0   
2017-11-17T21:55:17.766+0800: 368.939: Total time for which application threads were stopped: 0.0001051 seconds, Stopping threads took: 0.0000226 seconds
         vmop                    [threads: total initially_running wait_to_block]    [time: spin block sync cleanup vmop] page_trap_count
368.939: RevokeBias                       [      32          0              0    ]      [     0     0     0     0     0    ]  0   
2017-11-17T21:55:17.767+0800: 368.939: Total time for which application threads were stopped: 0.0001232 seconds, Stopping threads took: 0.0000179 seconds
         vmop                    [threads: total initially_running wait_to_block]    [time: spin block sync cleanup vmop] page_trap_count
368.939: RevokeBias                       [      32          0              0    ]      [     0     0     0     0     0    ]  0   
2017-11-17T21:55:17.767+0800: 368.939: Total time for which application threads were stopped: 0.0001045 seconds, Stopping threads took: 0.0000245 seconds
         vmop                    [threads: total initially_running wait_to_block]    [time: spin block sync cleanup vmop] page_trap_count
368.939: RevokeBias                       [      32          0              1    ]      [     0     0     0     0     0    ]  0   
2017-11-17T21:55:17.767+0800: 368.939: Total time for which application threads were stopped: 0.0001219 seconds, Stopping threads took: 0.0000437 seconds
         vmop                    [threads: total initially_running wait_to_block]    [time: spin block sync cleanup vmop] page_trap_count
368.939: RevokeBias                       [      32          0              0    ]      [     0     0     0     0     0    ]  0   
2017-11-17T21:55:17.767+0800: 368.939: Total time for which application threads were stopped: 0.0001101 seconds, Stopping threads took: 0.0000307 seconds
         vmop                    [threads: total initially_running wait_to_block]    [time: spin block sync cleanup vmop] page_trap_count
368.939: RevokeBias                       [      32          0              0    ]      [     0     0     0     0     0    ]  0   
2017-11-17T21:55:17.767+0800: 368.939: Total time for which application threads were stopped: 0.0000944 seconds, Stopping threads took: 0.0000212 seconds
         vmop                    [threads: total initially_running wait_to_block]    [time: spin block sync cleanup vmop] page_trap_count
368.939: RevokeBias                       [      32          0              0    ]      [     0     0     0     0     0    ]  0   
2017-11-17T21:55:17.767+0800: 368.939: Total time for which application threads were stopped: 0.0001219 seconds, Stopping threads took: 0.0000230 seconds
         vmop                    [threads: total initially_running wait_to_block]    [time: spin block sync cleanup vmop] page_trap_count
368.940: RevokeBias                       [      32          0              0    ]      [     0     0     0     0     0    ]  0   
2017-11-17T21:55:17.768+0800: 368.940: Total time for which application threads were stopped: 0.0001990 seconds, Stopping threads took: 0.0001003 seconds
         vmop                    [threads: total initially_running wait_to_block]    [time: spin block sync cleanup vmop] page_trap_count
368.940: RevokeBias                       [      32          0              1    ]      [     0     0     0     0     0    ]  0   
2017-11-17T21:55:17.768+0800: 368.940: Total time for which application threads were stopped: 0.0001203 seconds, Stopping threads took: 0.0000434 seconds
 369.567: [G1Ergonomics (Concurrent Cycles) request concurrent cycle initiation, reason: occupancy higher than threshold, occupancy: 3336568832 bytes, allocation request: 437491632 bytes, threshold: 3010933530 bytes (45.00 %), source: concurrent humongous allocation]
 369.567: [G1Ergonomics (Concurrent Cycles) request concurrent cycle initiation, reason: requested by GC cause, GC cause: G1 Humongous Allocation]
 369.567: [G1Ergonomics (Concurrent Cycles) initiate concurrent cycle, reason: concurrent cycle initiation requested]
2017-11-17T21:55:18.395+0800: 369.567: [GC pause (G1 Humongous Allocation) (young) (initial-mark) 369.568: [G1Ergonomics (CSet Construction) start choosing CSet, _pending_cards: 788, predicted base time: 11.75 ms, remaining time: 188.25 ms, target pause time: 200.00 ms]
 369.568: [G1Ergonomics (CSet Construction) add young regions to CSet, eden: 1 regions, survivors: 1 regions, predicted young region time: 0.06 ms]
 369.568: [G1Ergonomics (CSet Construction) finish choosing CSet, eden: 1 regions, survivors: 1 regions, old: 0 regions, predicted pause time: 11.81 ms, target pause time: 200.00 ms]
, 0.0227374 secs]
   [Parallel Time: 6.2 ms, GC Workers: 8]
      [GC Worker Start (ms): Min: 369567.9, Avg: 369570.9, Max: 369571.4, Diff: 3.5]
      [Ext Root Scanning (ms): Min: 0.1, Avg: 2.5, Max: 5.3, Diff: 5.3, Sum: 20.0]
      [Update RS (ms): Min: 0.0, Avg: 0.1, Max: 0.7, Diff: 0.7, Sum: 0.7]
         [Processed Buffers: Min: 0, Avg: 1.1, Max: 9, Diff: 9, Sum: 9]
      [Scan RS (ms): Min: 0.0, Avg: 0.0, Max: 0.0, Diff: 0.0, Sum: 0.0]
      [Code Root Scanning (ms): Min: 0.0, Avg: 0.0, Max: 0.1, Diff: 0.1, Sum: 0.1]
      [Object Copy (ms): Min: 0.0, Avg: 0.2, Max: 1.0, Diff: 1.0, Sum: 1.2]
      [Termination (ms): Min: 0.0, Avg: 0.3, Max: 0.8, Diff: 0.8, Sum: 2.7]
         [Termination Attempts: Min: 1, Avg: 1.0, Max: 1, Diff: 0, Sum: 8]
      [GC Worker Other (ms): Min: 0.0, Avg: 0.0, Max: 0.0, Diff: 0.0, Sum: 0.1]
      [GC Worker Total (ms): Min: 2.6, Avg: 3.1, Max: 6.1, Diff: 3.5, Sum: 24.8]
      [GC Worker End (ms): Min: 369574.0, Avg: 369574.0, Max: 369574.0, Diff: 0.1]
   [Code Root Fixup: 0.0 ms]
   [Code Root Purge: 0.0 ms]
   [Clear CT: 0.1 ms]
   [Other: 16.3 ms]
      [Choose CSet: 0.0 ms]
      [Ref Proc: 13.1 ms]
      [Ref Enq: 0.0 ms]
      [Redirty Cards: 0.1 ms]
      [Humongous Register: 0.1 ms]
      [Humongous Reclaim: 0.9 ms]
      [Free CSet: 0.1 ms]
   [Eden: 1024.0K(2707.0M)->0.0B(2692.0M) Survivors: 1024.0K->1024.0K Heap: 3138.5M(6381.0M)->2720.3M(6381.0M)]
 [Times: user=0.02 sys=0.01, real=0.03 secs] 
         vmop                    [threads: total initially_running wait_to_block]    [time: spin block sync cleanup vmop] page_trap_count
369.567: G1IncCollectionPause             [      32          0              1    ]      [     0     0     0     0    22    ]  0   
2017-11-17T21:55:18.418+0800: 369.590: [GC concurrent-root-region-scan-start]
2017-11-17T21:55:18.418+0800: 369.590: Total time for which application threads were stopped: 0.0232006 seconds, Stopping threads took: 0.0000459 seconds
2017-11-17T21:55:18.420+0800: 369.592: [GC concurrent-root-region-scan-end, 0.0020767 secs]
2017-11-17T21:55:18.420+0800: 369.592: [GC concurrent-mark-start]
         vmop                    [threads: total initially_running wait_to_block]    [time: spin block sync cleanup vmop] page_trap_count
370.485: RevokeBias                       [      32          0              0    ]      [     0     0     2     0     0    ]  0   
2017-11-17T21:55:19.315+0800: 370.487: Total time for which application threads were stopped: 0.0001952 seconds, Stopping threads took: 0.0000353 seconds
2017-11-17T21:55:19.682+0800: 370.854: [GC concurrent-mark-end, 1.2622249 secs]
2017-11-17T21:55:19.683+0800: 370.855: [GC remark 2017-11-17T21:55:19.683+0800: 370.855: [Finalize Marking, 0.0005885 secs] 2017-11-17T21:55:19.684+0800: 370.856: [GC ref-proc, 0.0003212 secs] 2017-11-17T21:55:19.684+0800: 370.856: [Unloading, 0.0162756 secs], 0.0368159 secs]
 [Times: user=0.05 sys=0.00, real=0.03 secs] 
         vmop                    [threads: total initially_running wait_to_block]    [time: spin block sync cleanup vmop] page_trap_count
370.854: CGC_Operation                    [      32          1              1    ]      [     0     0     1     0    36    ]  1   
2017-11-17T21:55:19.720+0800: 370.892: Total time for which application threads were stopped: 0.0380988 seconds, Stopping threads took: 0.0010137 seconds
2017-11-17T21:55:19.721+0800: 370.893: [GC cleanup 3556M->3556M(6381M), 0.0191102 secs]
 [Times: user=0.02 sys=0.00, real=0.02 secs] 
         vmop                    [threads: total initially_running wait_to_block]    [time: spin block sync cleanup vmop] page_trap_count
370.893: CGC_Operation                    [      32          0              0    ]      [     0     0     0     0    19    ]  0   
2017-11-17T21:55:19.740+0800: 370.912: Total time for which application threads were stopped: 0.0193245 seconds, Stopping threads took: 0.0000203 seconds
 371.643: [G1Ergonomics (Concurrent Cycles) do not request concurrent cycle initiation, reason: still doing mixed collections, occupancy: 3774873600 bytes, allocation request: 437491632 bytes, threshold: 3010933530 bytes (45.00 %), source: concurrent humongous allocation]
 372.752: [G1Ergonomics (Concurrent Cycles) do not request concurrent cycle initiation, reason: still doing mixed collections, occupancy: 4213178368 bytes, allocation request: 437491632 bytes, threshold: 3010933530 bytes (45.00 %), source: concurrent humongous allocation]
 373.444: [G1Ergonomics (Concurrent Cycles) do not request concurrent cycle initiation, reason: still doing mixed collections, occupancy: 4651483136 bytes, allocation request: 437491632 bytes, threshold: 3010933530 bytes (45.00 %), source: concurrent humongous allocation]
 374.155: [G1Ergonomics (Concurrent Cycles) do not request concurrent cycle initiation, reason: still doing mixed collections, occupancy: 5089787904 bytes, allocation request: 437491632 bytes, threshold: 3010933530 bytes (45.00 %), source: concurrent humongous allocation]
         vmop                    [threads: total initially_running wait_to_block]    [time: spin block sync cleanup vmop] page_trap_count
374.378: RevokeBias                       [      32          0              0    ]      [     0     0     0     0     0    ]  0   
2017-11-17T21:55:23.206+0800: 374.378: Total time for which application threads were stopped: 0.0002788 seconds, Stopping threads took: 0.0000554 seconds
         vmop                    [threads: total initially_running wait_to_block]    [time: spin block sync cleanup vmop] page_trap_count
374.379: RevokeBias                       [      32          0              0    ]      [     0     0     0     0     0    ]  0   
2017-11-17T21:55:23.207+0800: 374.379: Total time for which application threads were stopped: 0.0001291 seconds, Stopping threads took: 0.0000219 seconds
 374.888: [G1Ergonomics (Concurrent Cycles) do not request concurrent cycle initiation, reason: still doing mixed collections, occupancy: 5528092672 bytes, allocation request: 437491632 bytes, threshold: 3010933530 bytes (45.00 %), source: concurrent humongous allocation]
 375.601: [G1Ergonomics (Concurrent Cycles) do not request concurrent cycle initiation, reason: still doing mixed collections, occupancy: 5966397440 bytes, allocation request: 437491632 bytes, threshold: 3010933530 bytes (45.00 %), source: concurrent humongous allocation]
2017-11-17T21:55:24.430+0800: 375.602: [GC pause (G1 Humongous Allocation) (young) 375.602: [G1Ergonomics (CSet Construction) start choosing CSet, _pending_cards: 552, predicted base time: 16.32 ms, remaining time: 183.68 ms, target pause time: 200.00 ms]
 375.602: [G1Ergonomics (CSet Construction) add young regions to CSet, eden: 3 regions, survivors: 1 regions, predicted young region time: 0.18 ms]
 375.602: [G1Ergonomics (CSet Construction) finish choosing CSet, eden: 3 regions, survivors: 1 regions, old: 0 regions, predicted pause time: 16.50 ms, target pause time: 200.00 ms]
 375.625: [G1Ergonomics (Mixed GCs) do not start mixed GCs, reason: reclaimable percentage not over threshold, candidate old regions: 132 regions, reclaimable: 58817720 bytes (0.88 %), threshold: 5.00 %]
, 0.0226754 secs]
   [Parallel Time: 3.0 ms, GC Workers: 8]
      [GC Worker Start (ms): Min: 375602.3, Avg: 375604.4, Max: 375605.3, Diff: 2.9]
      [Ext Root Scanning (ms): Min: 0.0, Avg: 0.3, Max: 1.3, Diff: 1.3, Sum: 2.6]
      [Update RS (ms): Min: 0.0, Avg: 0.1, Max: 0.4, Diff: 0.4, Sum: 0.7]
         [Processed Buffers: Min: 0, Avg: 1.5, Max: 11, Diff: 11, Sum: 12]
      [Scan RS (ms): Min: 0.0, Avg: 0.0, Max: 0.0, Diff: 0.0, Sum: 0.0]
      [Code Root Scanning (ms): Min: 0.0, Avg: 0.0, Max: 0.1, Diff: 0.1, Sum: 0.1]
      [Object Copy (ms): Min: 0.0, Avg: 0.2, Max: 0.8, Diff: 0.8, Sum: 1.4]
      [Termination (ms): Min: 0.0, Avg: 0.3, Max: 0.5, Diff: 0.5, Sum: 2.2]
         [Termination Attempts: Min: 1, Avg: 1.1, Max: 2, Diff: 1, Sum: 9]
      [GC Worker Other (ms): Min: 0.0, Avg: 0.0, Max: 0.0, Diff: 0.0, Sum: 0.1]
      [GC Worker Total (ms): Min: 0.0, Avg: 0.9, Max: 2.9, Diff: 2.9, Sum: 7.1]
      [GC Worker End (ms): Min: 375605.3, Avg: 375605.3, Max: 375605.3, Diff: 0.1]
   [Code Root Fixup: 0.0 ms]
   [Code Root Purge: 0.0 ms]
   [Clear CT: 0.0 ms]
   [Other: 19.6 ms]
      [Choose CSet: 0.0 ms]
      [Ref Proc: 13.7 ms]
      [Ref Enq: 0.0 ms]
      [Redirty Cards: 0.1 ms]
      [Humongous Register: 0.3 ms]
      [Humongous Reclaim: 5.1 ms]
      [Free CSet: 0.1 ms]
   [Eden: 3072.0K(2692.0M)->0.0B(2569.0M) Survivors: 1024.0K->1024.0K Heap: 5643.9M(6381.0M)->2720.4M(6381.0M)]
 [Times: user=0.03 sys=0.00, real=0.02 secs] 
 375.625: [G1Ergonomics (Concurrent Cycles) request concurrent cycle initiation, reason: occupancy higher than threshold, occupancy: 3336568832 bytes, allocation request: 0 bytes, threshold: 3010933530 bytes (45.00 %), source: STW humongous allocation]
         vmop                    [threads: total initially_running wait_to_block]    [time: spin block sync cleanup vmop] page_trap_count
375.602: G1IncCollectionPause             [      32          0              1    ]      [     0     0     0     0    23    ]  0   
2017-11-17T21:55:24.453+0800: 375.625: Total time for which application threads were stopped: 0.0235522 seconds, Stopping threads took: 0.0000485 seconds
         vmop                    [threads: total initially_running wait_to_block]    [time: spin block sync cleanup vmop] page_trap_count
375.625: RevokeBias                       [      32          0              1    ]      [     0    77    77     0     0    ]  0   
2017-11-17T21:55:24.531+0800: 375.703: Total time for which application threads were stopped: 0.0778991 seconds, Stopping threads took: 0.0777043 seconds
         vmop                    [threads: total initially_running wait_to_block]    [time: spin block sync cleanup vmop] page_trap_count
375.703: RevokeBias                       [      32          0              0    ]      [     0     0     0     0     0    ]  0   
2017-11-17T21:55:24.531+0800: 375.703: Total time for which application threads were stopped: 0.0000729 seconds, Stopping threads took: 0.0000149 seconds
 376.321: [G1Ergonomics (Concurrent Cycles) request concurrent cycle initiation, reason: occupancy higher than threshold, occupancy: 3336568832 bytes, allocation request: 437491632 bytes, threshold: 3010933530 bytes (45.00 %), source: concurrent humongous allocation]
 376.321: [G1Ergonomics (Concurrent Cycles) request concurrent cycle initiation, reason: requested by GC cause, GC cause: G1 Humongous Allocation]
 376.321: [G1Ergonomics (Concurrent Cycles) initiate concurrent cycle, reason: concurrent cycle initiation requested]
2017-11-17T21:55:25.149+0800: 376.321: [GC pause (G1 Humongous Allocation) (young) (initial-mark) 376.322: [G1Ergonomics (CSet Construction) start choosing CSet, _pending_cards: 513, predicted base time: 18.91 ms, remaining time: 181.09 ms, target pause time: 200.00 ms]
 376.322: [G1Ergonomics (CSet Construction) add young regions to CSet, eden: 1 regions, survivors: 1 regions, predicted young region time: 0.09 ms]
 376.322: [G1Ergonomics (CSet Construction) finish choosing CSet, eden: 1 regions, survivors: 1 regions, old: 0 regions, predicted pause time: 18.99 ms, target pause time: 200.00 ms]
, 0.0165769 secs]
   [Parallel Time: 9.0 ms, GC Workers: 8]
      [GC Worker Start (ms): Min: 376322.0, Avg: 376322.7, Max: 376323.2, Diff: 1.2]
      [Ext Root Scanning (ms): Min: 0.7, Avg: 1.3, Max: 1.5, Diff: 0.9, Sum: 10.4]
      [Update RS (ms): Min: 0.0, Avg: 0.1, Max: 0.4, Diff: 0.4, Sum: 0.7]
         [Processed Buffers: Min: 0, Avg: 0.6, Max: 3, Diff: 3, Sum: 5]
      [Scan RS (ms): Min: 0.0, Avg: 0.0, Max: 0.0, Diff: 0.0, Sum: 0.0]
      [Code Root Scanning (ms): Min: 0.0, Avg: 0.0, Max: 0.1, Diff: 0.1, Sum: 0.1]
      [Object Copy (ms): Min: 0.0, Avg: 1.1, Max: 7.2, Diff: 7.2, Sum: 9.0]
      [Termination (ms): Min: 0.0, Avg: 5.6, Max: 6.5, Diff: 6.5, Sum: 44.5]
         [Termination Attempts: Min: 1, Avg: 1.9, Max: 7, Diff: 6, Sum: 15]
      [GC Worker Other (ms): Min: 0.0, Avg: 0.0, Max: 0.0, Diff: 0.0, Sum: 0.1]
      [GC Worker Total (ms): Min: 7.6, Avg: 8.1, Max: 8.8, Diff: 1.2, Sum: 64.7]
      [GC Worker End (ms): Min: 376330.8, Avg: 376330.8, Max: 376330.8, Diff: 0.1]
   [Code Root Fixup: 0.1 ms]
   [Code Root Purge: 0.0 ms]
   [Clear CT: 0.3 ms]
   [Other: 7.2 ms]
      [Choose CSet: 0.0 ms]
      [Ref Proc: 3.7 ms]
      [Ref Enq: 0.0 ms]
      [Redirty Cards: 0.2 ms]
      [Humongous Register: 0.1 ms]
      [Humongous Reclaim: 0.9 ms]
      [Free CSet: 0.1 ms]
   [Eden: 1024.0K(2569.0M)->0.0B(2625.0M) Survivors: 1024.0K->1024.0K Heap: 3138.1M(6381.0M)->2720.6M(6381.0M)]
 [Times: user=0.03 sys=0.00, real=0.02 secs] 
         vmop                    [threads: total initially_running wait_to_block]    [time: spin block sync cleanup vmop] page_trap_count
376.321: G1IncCollectionPause             [      32          0              0    ]      [     0     0     0     0    16    ]  0   
2017-11-17T21:55:25.166+0800: 376.338: [GC concurrent-root-region-scan-start]
2017-11-17T21:55:25.166+0800: 376.338: Total time for which application threads were stopped: 0.0169962 seconds, Stopping threads took: 0.0000531 seconds
2017-11-17T21:55:25.168+0800: 376.340: [GC concurrent-root-region-scan-end, 0.0021012 secs]
2017-11-17T21:55:25.168+0800: 376.340: [GC concurrent-mark-start]
2017-11-17T21:55:25.938+0800: 377.110: [GC concurrent-mark-end, 0.7700019 secs]
2017-11-17T21:55:25.961+0800: 377.133: [GC remark 2017-11-17T21:55:25.961+0800: 377.133: [Finalize Marking, 0.0007500 secs] 2017-11-17T21:55:25.962+0800: 377.134: [GC ref-proc, 0.0001534 secs] 2017-11-17T21:55:25.962+0800: 377.134: [Unloading, 0.0079807 secs], 0.0196541 secs]
 [Times: user=0.05 sys=0.00, real=0.02 secs] 
         vmop                    [threads: total initially_running wait_to_block]    [time: spin block sync cleanup vmop] page_trap_count
377.110: CGC_Operation                    [      32          0              1    ]      [     0    23    23     0    19    ]  0   
2017-11-17T21:55:25.981+0800: 377.153: Total time for which application threads were stopped: 0.0430610 seconds, Stopping threads took: 0.0231175 seconds
2017-11-17T21:55:25.981+0800: 377.153: [GC cleanup 3555M->3555M(6381M), 0.0060976 secs]
 [Times: user=0.01 sys=0.00, real=0.01 secs] 
         vmop                    [threads: total initially_running wait_to_block]    [time: spin block sync cleanup vmop] page_trap_count
377.153: CGC_Operation                    [      32          0              0    ]      [     0     0     0     0     6    ]  0   
2017-11-17T21:55:25.987+0800: 377.159: Total time for which application threads were stopped: 0.0063470 seconds, Stopping threads took: 0.0000404 seconds
         vmop                    [threads: total initially_running wait_to_block]    [time: spin block sync cleanup vmop] page_trap_count
377.802: RevokeBias                       [      32          0              1    ]      [     0     0     0     0     0    ]  0   
2017-11-17T21:55:26.630+0800: 377.802: Total time for which application threads were stopped: 0.0002416 seconds, Stopping threads took: 0.0000947 seconds
 377.804: [G1Ergonomics (Concurrent Cycles) do not request concurrent cycle initiation, reason: still doing mixed collections, occupancy: 3774873600 bytes, allocation request: 659984 bytes, threshold: 3010933530 bytes (45.00 %), source: concurrent humongous allocation]
 377.805: [G1Ergonomics (Concurrent Cycles) do not request concurrent cycle initiation, reason: still doing mixed collections, occupancy: 3775922176 bytes, allocation request: 1319952 bytes, threshold: 3010933530 bytes (45.00 %), source: concurrent humongous allocation]
 377.806: [G1Ergonomics (Concurrent Cycles) do not request concurrent cycle initiation, reason: still doing mixed collections, occupancy: 3778019328 bytes, allocation request: 2639888 bytes, threshold: 3010933530 bytes (45.00 %), source: concurrent humongous allocation]
 377.810: [G1Ergonomics (Concurrent Cycles) do not request concurrent cycle initiation, reason: still doing mixed collections, occupancy: 3781165056 bytes, allocation request: 5279760 bytes, threshold: 3010933530 bytes (45.00 %), source: concurrent humongous allocation]
 377.817: [G1Ergonomics (Concurrent Cycles) do not request concurrent cycle initiation, reason: still doing mixed collections, occupancy: 3787456512 bytes, allocation request: 10559504 bytes, threshold: 3010933530 bytes (45.00 %), source: concurrent humongous allocation]
 377.831: [G1Ergonomics (Concurrent Cycles) do not request concurrent cycle initiation, reason: still doing mixed collections, occupancy: 3798990848 bytes, allocation request: 21118992 bytes, threshold: 3010933530 bytes (45.00 %), source: concurrent humongous allocation]
 377.854: [G1Ergonomics (Concurrent Cycles) do not request concurrent cycle initiation, reason: still doing mixed collections, occupancy: 3821010944 bytes, allocation request: 42237968 bytes, threshold: 3010933530 bytes (45.00 %), source: concurrent humongous allocation]
 377.892: [G1Ergonomics (Concurrent Cycles) do not request concurrent cycle initiation, reason: still doing mixed collections, occupancy: 3864002560 bytes, allocation request: 84475920 bytes, threshold: 3010933530 bytes (45.00 %), source: concurrent humongous allocation]
 377.970: [G1Ergonomics (Concurrent Cycles) do not request concurrent cycle initiation, reason: still doing mixed collections, occupancy: 3948937216 bytes, allocation request: 168951824 bytes, threshold: 3010933530 bytes (45.00 %), source: concurrent humongous allocation]
 378.125: [G1Ergonomics (Concurrent Cycles) do not request concurrent cycle initiation, reason: still doing mixed collections, occupancy: 4118806528 bytes, allocation request: 337903632 bytes, threshold: 3010933530 bytes (45.00 %), source: concurrent humongous allocation]
 378.446: [G1Ergonomics (Concurrent Cycles) do not request concurrent cycle initiation, reason: still doing mixed collections, occupancy: 4457496576 bytes, allocation request: 675807248 bytes, threshold: 3010933530 bytes (45.00 %), source: concurrent humongous allocation]
 378.943: [G1Ergonomics (Concurrent Cycles) do not request concurrent cycle initiation, reason: still doing mixed collections, occupancy: 5133828096 bytes, allocation request: 559632 bytes, threshold: 3010933530 bytes (45.00 %), source: concurrent humongous allocation]
 378.944: [G1Ergonomics (Concurrent Cycles) do not request concurrent cycle initiation, reason: still doing mixed collections, occupancy: 5134876672 bytes, allocation request: 1119248 bytes, threshold: 3010933530 bytes (45.00 %), source: concurrent humongous allocation]
 378.944: [G1Ergonomics (Concurrent Cycles) do not request concurrent cycle initiation, reason: still doing mixed collections, occupancy: 5136973824 bytes, allocation request: 2238480 bytes, threshold: 3010933530 bytes (45.00 %), source: concurrent humongous allocation]
 378.945: [G1Ergonomics (Concurrent Cycles) do not request concurrent cycle initiation, reason: still doing mixed collections, occupancy: 5140119552 bytes, allocation request: 4476944 bytes, threshold: 3010933530 bytes (45.00 %), source: concurrent humongous allocation]
 378.947: [G1Ergonomics (Concurrent Cycles) do not request concurrent cycle initiation, reason: still doing mixed collections, occupancy: 5145362432 bytes, allocation request: 8953872 bytes, threshold: 3010933530 bytes (45.00 %), source: concurrent humongous allocation]
 378.951: [G1Ergonomics (Concurrent Cycles) do not request concurrent cycle initiation, reason: still doing mixed collections, occupancy: 5154799616 bytes, allocation request: 17907728 bytes, threshold: 3010933530 bytes (45.00 %), source: concurrent humongous allocation]
 378.958: [G1Ergonomics (Concurrent Cycles) do not request concurrent cycle initiation, reason: still doing mixed collections, occupancy: 5173673984 bytes, allocation request: 35815440 bytes, threshold: 3010933530 bytes (45.00 %), source: concurrent humongous allocation]
 378.973: [G1Ergonomics (Concurrent Cycles) do not request concurrent cycle initiation, reason: still doing mixed collections, occupancy: 5210374144 bytes, allocation request: 71630864 bytes, threshold: 3010933530 bytes (45.00 %), source: concurrent humongous allocation]
 379.001: [G1Ergonomics (Concurrent Cycles) do not request concurrent cycle initiation, reason: still doing mixed collections, occupancy: 5282725888 bytes, allocation request: 143261712 bytes, threshold: 3010933530 bytes (45.00 %), source: concurrent humongous allocation]
 379.058: [G1Ergonomics (Concurrent Cycles) do not request concurrent cycle initiation, reason: still doing mixed collections, occupancy: 5426380800 bytes, allocation request: 286523408 bytes, threshold: 3010933530 bytes (45.00 %), source: concurrent humongous allocation]
 379.182: [G1Ergonomics (Concurrent Cycles) do not request concurrent cycle initiation, reason: still doing mixed collections, occupancy: 5713690624 bytes, allocation request: 573046800 bytes, threshold: 3010933530 bytes (45.00 %), source: concurrent humongous allocation]
2017-11-17T21:55:28.010+0800: 379.183: [GC pause (G1 Humongous Allocation) (young) 379.189: [G1Ergonomics (CSet Construction) start choosing CSet, _pending_cards: 588745, predicted base time: 108.59 ms, remaining time: 91.41 ms, target pause time: 200.00 ms]
 379.189: [G1Ergonomics (CSet Construction) add young regions to CSet, eden: 2 regions, survivors: 1 regions, predicted young region time: 0.39 ms]
 379.189: [G1Ergonomics (CSet Construction) finish choosing CSet, eden: 2 regions, survivors: 1 regions, old: 0 regions, predicted pause time: 108.97 ms, target pause time: 200.00 ms]
 379.282: [G1Ergonomics (Concurrent Cycles) do not request concurrent cycle initiation, reason: still doing mixed collections, occupancy: 3423600640 bytes, allocation request: 0 bytes, threshold: 3010933530 bytes (45.00 %), source: end of GC]
 379.282: [G1Ergonomics (Mixed GCs) do not start mixed GCs, reason: reclaimable percentage not over threshold, candidate old regions: 132 regions, reclaimable: 58818152 bytes (0.88 %), threshold: 5.00 %]
, 0.0996486 secs]
   [Parallel Time: 87.9 ms, GC Workers: 8]
      [GC Worker Start (ms): Min: 379189.4, Avg: 379196.4, Max: 379203.3, Diff: 13.9]
      [Ext Root Scanning (ms): Min: 0.0, Avg: 0.3, Max: 1.0, Diff: 1.0, Sum: 2.7]
      [Update RS (ms): Min: 72.6, Avg: 79.5, Max: 86.7, Diff: 14.0, Sum: 635.6]
         [Processed Buffers: Min: 174, Avg: 288.0, Max: 394, Diff: 220, Sum: 2304]
      [Scan RS (ms): Min: 0.0, Avg: 0.1, Max: 0.2, Diff: 0.2, Sum: 0.5]
      [Code Root Scanning (ms): Min: 0.0, Avg: 0.0, Max: 0.1, Diff: 0.1, Sum: 0.1]
      [Object Copy (ms): Min: 0.0, Avg: 0.3, Max: 0.4, Diff: 0.4, Sum: 2.1]
      [Termination (ms): Min: 0.0, Avg: 0.6, Max: 0.8, Diff: 0.8, Sum: 5.0]
         [Termination Attempts: Min: 1, Avg: 1.2, Max: 2, Diff: 1, Sum: 10]
      [GC Worker Other (ms): Min: 0.0, Avg: 0.0, Max: 0.0, Diff: 0.0, Sum: 0.1]
      [GC Worker Total (ms): Min: 73.8, Avg: 80.8, Max: 87.7, Diff: 13.9, Sum: 646.2]
      [GC Worker End (ms): Min: 379277.1, Avg: 379277.1, Max: 379277.2, Diff: 0.0]
   [Code Root Fixup: 0.0 ms]
   [Code Root Purge: 0.0 ms]
   [Clear CT: 0.3 ms]
   [Other: 11.4 ms]
      [Choose CSet: 0.0 ms]
      [Ref Proc: 0.5 ms]
      [Ref Enq: 0.0 ms]
      [Redirty Cards: 0.3 ms]
      [Humongous Register: 0.3 ms]
      [Humongous Reclaim: 3.5 ms]
      [Free CSet: 0.1 ms]
   [Eden: 2048.0K(2625.0M)->0.0B(2238.0M) Survivors: 1024.0K->1024.0K Heap: 5390.9M(6381.0M)->3221.0M(6381.0M)]
 [Times: user=0.51 sys=0.00, real=0.10 secs] 
 379.283: [G1Ergonomics (Concurrent Cycles) request concurrent cycle initiation, reason: occupancy higher than threshold, occupancy: 3997171712 bytes, allocation request: 0 bytes, threshold: 3010933530 bytes (45.00 %), source: STW humongous allocation]
         vmop                    [threads: total initially_running wait_to_block]    [time: spin block sync cleanup vmop] page_trap_count
379.182: G1IncCollectionPause             [      32          0              0    ]      [     0     0     0     0   100    ]  0   
2017-11-17T21:55:28.111+0800: 379.283: Total time for which application threads were stopped: 0.1006508 seconds, Stopping threads took: 0.0000548 seconds
         vmop                    [threads: total initially_running wait_to_block]    [time: spin block sync cleanup vmop] page_trap_count
405.285: no vm operation                  [      32          0              0    ]      [     0     0     0     0     0    ]  0   
2017-11-17T21:55:54.113+0800: 405.285: Total time for which application threads were stopped: 0.0002023 seconds, Stopping threads took: 0.0000656 seconds
         vmop                    [threads: total initially_running wait_to_block]    [time: spin block sync cleanup vmop] page_trap_count
405.928: RevokeBias                       [      32          0              0    ]      [     0     0     0     0     0    ]  0   
2017-11-17T21:55:54.756+0800: 405.928: Total time for which application threads were stopped: 0.0002168 seconds, Stopping threads took: 0.0000616 seconds
         vmop                    [threads: total initially_running wait_to_block]    [time: spin block sync cleanup vmop] page_trap_count
414.271: RevokeBias                       [      32          0              0    ]      [     0     0     0     0     0    ]  0   
2017-11-17T21:56:03.099+0800: 414.272: Total time for which application threads were stopped: 0.0002104 seconds, Stopping threads took: 0.0000550 seconds
 421.088: [G1Ergonomics (Concurrent Cycles) request concurrent cycle initiation, reason: occupancy higher than threshold, occupancy: 3997171712 bytes, allocation request: 2140472 bytes, threshold: 3010933530 bytes (45.00 %), source: concurrent humongous allocation]
 421.088: [G1Ergonomics (Concurrent Cycles) request concurrent cycle initiation, reason: requested by GC cause, GC cause: G1 Humongous Allocation]
 421.088: [G1Ergonomics (Concurrent Cycles) initiate concurrent cycle, reason: concurrent cycle initiation requested]
2017-11-17T21:56:09.916+0800: 421.088: [GC pause (G1 Humongous Allocation) (young) (initial-mark) 421.101: [G1Ergonomics (CSet Construction) start choosing CSet, _pending_cards: 1120820, predicted base time: 186.02 ms, remaining time: 13.98 ms, target pause time: 200.00 ms]
 421.108: [G1Ergonomics (CSet Construction) add young regions to CSet, eden: 7 regions, survivors: 1 regions, predicted young region time: 0.43 ms]
 421.108: [G1Ergonomics (CSet Construction) finish choosing CSet, eden: 7 regions, survivors: 1 regions, old: 0 regions, predicted pause time: 186.45 ms, target pause time: 200.00 ms]
, 0.2907360 secs]
   [Parallel Time: 259.4 ms, GC Workers: 8]
      [GC Worker Start (ms): Min: 421108.7, Avg: 421109.8, Max: 421110.5, Diff: 1.8]
      [Ext Root Scanning (ms): Min: 0.1, Avg: 19.2, Max: 40.8, Diff: 40.7, Sum: 154.0]
      [Update RS (ms): Min: 208.7, Avg: 233.5, Max: 250.2, Diff: 41.5, Sum: 1868.2]
         [Processed Buffers: Min: 210, Avg: 548.5, Max: 1019, Diff: 809, Sum: 4388]
      [Scan RS (ms): Min: 0.0, Avg: 0.0, Max: 0.0, Diff: 0.0, Sum: 0.0]
      [Code Root Scanning (ms): Min: 0.0, Avg: 0.0, Max: 0.1, Diff: 0.1, Sum: 0.1]
      [Object Copy (ms): Min: 0.0, Avg: 0.3, Max: 0.9, Diff: 0.9, Sum: 2.6]
      [Termination (ms): Min: 0.0, Avg: 4.7, Max: 6.9, Diff: 6.9, Sum: 37.7]
         [Termination Attempts: Min: 1, Avg: 2.5, Max: 6, Diff: 5, Sum: 20]
      [GC Worker Other (ms): Min: 0.0, Avg: 0.0, Max: 0.0, Diff: 0.0, Sum: 0.1]
      [GC Worker Total (ms): Min: 257.1, Avg: 257.8, Max: 258.9, Diff: 1.8, Sum: 2062.7]
      [GC Worker End (ms): Min: 421367.6, Avg: 421367.6, Max: 421367.7, Diff: 0.1]
   [Code Root Fixup: 0.1 ms]
   [Code Root Purge: 0.0 ms]
   [Clear CT: 0.4 ms]
   [Other: 30.9 ms]
      [Choose CSet: 7.2 ms]
      [Ref Proc: 3.2 ms]
      [Ref Enq: 0.0 ms]
      [Redirty Cards: 0.4 ms]
      [Humongous Register: 0.4 ms]
      [Humongous Reclaim: 5.4 ms]
      [Free CSet: 0.1 ms]
   [Eden: 7168.0K(2238.0M)->0.0B(318.0M) Survivors: 1024.0K->1024.0K Heap: 3774.5M(6381.0M)->919.7M(6381.0M)]
 [Times: user=0.79 sys=0.00, real=0.29 secs] 
         vmop                    [threads: total initially_running wait_to_block]    [time: spin block sync cleanup vmop] page_trap_count
421.088: G1IncCollectionPause             [      32          0              0    ]      [     0     0     0     0   291    ]  0   
2017-11-17T21:56:10.207+0800: 421.379: [GC concurrent-root-region-scan-start]
2017-11-17T21:56:10.209+0800: 2017-11-17T21:56:10.209+0800: 421.381: Total time for which application threads were stopped: 0.2931537 seconds, Stopping threads took: 0.0000391 seconds
421.381: [GC concurrent-root-region-scan-end, 0.0017975 secs]
2017-11-17T21:56:10.209+0800: 421.381: [GC concurrent-mark-start]
2017-11-17T21:56:11.031+0800: 422.203: [GC concurrent-mark-end, 0.8218093 secs]
2017-11-17T21:56:11.031+0800: 422.203: [GC remark 2017-11-17T21:56:11.031+0800: 422.203: [Finalize Marking, 0.0003940 secs] 2017-11-17T21:56:11.031+0800: 422.204: [GC ref-proc, 0.0001470 secs] 2017-11-17T21:56:11.032+0800: 422.204: [Unloading, 0.0187388 secs], 0.0332871 secs]
 [Times: user=0.04 sys=0.00, real=0.04 secs] 
         vmop                    [threads: total initially_running wait_to_block]    [time: spin block sync cleanup vmop] page_trap_count
422.203: CGC_Operation                    [      32          0              0    ]      [     0     0     0     0    33    ]  0   
2017-11-17T21:56:11.064+0800: 422.236: Total time for which application threads were stopped: 0.0335508 seconds, Stopping threads took: 0.0000721 seconds
2017-11-17T21:56:11.065+0800: 422.237: [GC cleanup 1759M->1759M(6381M), 0.0199682 secs]
 [Times: user=0.02 sys=0.00, real=0.02 secs] 
         vmop                    [threads: total initially_running wait_to_block]    [time: spin block sync cleanup vmop] page_trap_count
422.237: CGC_Operation                    [      32          0              0    ]      [     0     0     0     0    20    ]  0   
2017-11-17T21:56:11.085+0800: 422.257: Total time for which application threads were stopped: 0.0201960 seconds, Stopping threads took: 0.0000286 seconds
         vmop                    [threads: total initially_running wait_to_block]    [time: spin block sync cleanup vmop] page_trap_count
422.701: RevokeBias                       [      32          0              0    ]      [     0     0     0     0     0    ]  0   
2017-11-17T21:56:11.529+0800: 422.701: Total time for which application threads were stopped: 0.0002968 seconds, Stopping threads took: 0.0000577 seconds
         vmop                    [threads: total initially_running wait_to_block]    [time: spin block sync cleanup vmop] page_trap_count
422.701: RevokeBias                       [      32          0              0    ]      [     0     0     0     0     0    ]  0   
2017-11-17T21:56:11.529+0800: 422.701: Total time for which application threads were stopped: 0.0001368 seconds, Stopping threads took: 0.0000233 seconds
         vmop                    [threads: total initially_running wait_to_block]    [time: spin block sync cleanup vmop] page_trap_count
422.701: BulkRevokeBias                   [      32          0              0    ]      [     0     0     0     0     0    ]  0   
2017-11-17T21:56:11.530+0800: 422.702: Total time for which application threads were stopped: 0.0003325 seconds, Stopping threads took: 0.0000289 seconds
         vmop                    [threads: total initially_running wait_to_block]    [time: spin block sync cleanup vmop] page_trap_count
423.179: RevokeBias                       [      32          1              0    ]      [     0     0     0     0     0    ]  0   
2017-11-17T21:56:12.008+0800: 423.180: Total time for which application threads were stopped: 0.0003541 seconds, Stopping threads took: 0.0001143 seconds
         vmop                    [threads: total initially_running wait_to_block]    [time: spin block sync cleanup vmop] page_trap_count
423.180: RevokeBias                       [      32          0              0    ]      [     0     0     0     0     0    ]  0   
2017-11-17T21:56:12.008+0800: 423.180: Total time for which application threads were stopped: 0.0000948 seconds, Stopping threads took: 0.0000268 seconds
         vmop                    [threads: total initially_running wait_to_block]    [time: spin block sync cleanup vmop] page_trap_count
423.180: RevokeBias                       [      32          0              0    ]      [     0     0     0     0     0    ]  0   
2017-11-17T21:56:12.008+0800: 423.180: Total time for which application threads were stopped: 0.0001020 seconds, Stopping threads took: 0.0000178 seconds
         vmop                    [threads: total initially_running wait_to_block]    [time: spin block sync cleanup vmop] page_trap_count
423.239: RevokeBias                       [      32          0              0    ]      [     0     0     0     0     0    ]  0   
2017-11-17T21:56:12.067+0800: 423.239: Total time for which application threads were stopped: 0.0001895 seconds, Stopping threads took: 0.0000552 seconds
         vmop                    [threads: total initially_running wait_to_block]    [time: spin block sync cleanup vmop] page_trap_count
424.239: no vm operation                  [      32          0              0    ]      [     0     0     0     0     0    ]  0   
2017-11-17T21:56:13.067+0800: 424.240: Total time for which application threads were stopped: 0.0002948 seconds, Stopping threads took: 0.0000597 seconds
         vmop                    [threads: total initially_running wait_to_block]    [time: spin block sync cleanup vmop] page_trap_count
424.378: RevokeBias                       [      32          1              1    ]      [     0     0     0     0     0    ]  1   
2017-11-17T21:56:13.206+0800: 424.379: Total time for which application threads were stopped: 0.0002728 seconds, Stopping threads took: 0.0000806 seconds
 425.264: [G1Ergonomics (Concurrent Cycles) do not request concurrent cycle initiation, reason: still doing mixed collections, occupancy: 2632974336 bytes, allocation request: 437491632 bytes, threshold: 3010933530 bytes (45.00 %), source: concurrent humongous allocation]
         vmop                    [threads: total initially_running wait_to_block]    [time: spin block sync cleanup vmop] page_trap_count
425.379: no vm operation                  [      32          0              0    ]      [     0     0     0     0     0    ]  0   
2017-11-17T21:56:14.207+0800: 425.379: Total time for which application threads were stopped: 0.0002384 seconds, Stopping threads took: 0.0000635 seconds
 426.590: [G1Ergonomics (Concurrent Cycles) do not request concurrent cycle initiation, reason: still doing mixed collections, occupancy: 3071279104 bytes, allocation request: 437491632 bytes, threshold: 3010933530 bytes (45.00 %), source: concurrent humongous allocation]
         vmop                    [threads: total initially_running wait_to_block]    [time: spin block sync cleanup vmop] page_trap_count
427.379: no vm operation                  [      32          0              0    ]      [     0     0     0     0     0    ]  0   
2017-11-17T21:56:16.207+0800: 427.379: Total time for which application threads were stopped: 0.0002174 seconds, Stopping threads took: 0.0000660 seconds
 427.988: [G1Ergonomics (Concurrent Cycles) do not request concurrent cycle initiation, reason: still doing mixed collections, occupancy: 3509583872 bytes, allocation request: 437491632 bytes, threshold: 3010933530 bytes (45.00 %), source: concurrent humongous allocation]
         vmop                    [threads: total initially_running wait_to_block]    [time: spin block sync cleanup vmop] page_trap_count
428.380: no vm operation                  [      32          1              1    ]      [     0     0     0     0     0    ]  0   
2017-11-17T21:56:17.208+0800: 428.380: Total time for which application threads were stopped: 0.0002471 seconds, Stopping threads took: 0.0000925 seconds
2017-11-17T21:56:17.350+0800: 428.523: [GC pause (G1 Evacuation Pause) (young) 428.523: [G1Ergonomics (CSet Construction) start choosing CSet, _pending_cards: 1124, predicted base time: 23.55 ms, remaining time: 176.45 ms, target pause time: 200.00 ms]
 428.523: [G1Ergonomics (CSet Construction) add young regions to CSet, eden: 318 regions, survivors: 1 regions, predicted young region time: 151.33 ms]
 428.523: [G1Ergonomics (CSet Construction) finish choosing CSet, eden: 318 regions, survivors: 1 regions, old: 0 regions, predicted pause time: 174.89 ms, target pause time: 200.00 ms]
 428.530: [G1Ergonomics (Mixed GCs) do not start mixed GCs, reason: reclaimable percentage not over threshold, candidate old regions: 132 regions, reclaimable: 58818216 bytes (0.88 %), threshold: 5.00 %]
, 0.0073431 secs]
   [Parallel Time: 1.9 ms, GC Workers: 8]
      [GC Worker Start (ms): Min: 428523.1, Avg: 428523.8, Max: 428524.8, Diff: 1.7]
      [Ext Root Scanning (ms): Min: 0.0, Avg: 0.4, Max: 1.0, Diff: 1.0, Sum: 3.0]
      [Update RS (ms): Min: 0.0, Avg: 0.1, Max: 0.4, Diff: 0.4, Sum: 1.1]
         [Processed Buffers: Min: 0, Avg: 2.0, Max: 8, Diff: 8, Sum: 16]
      [Scan RS (ms): Min: 0.0, Avg: 0.0, Max: 0.1, Diff: 0.1, Sum: 0.4]
      [Code Root Scanning (ms): Min: 0.0, Avg: 0.0, Max: 0.1, Diff: 0.1, Sum: 0.1]
      [Object Copy (ms): Min: 0.0, Avg: 0.2, Max: 0.4, Diff: 0.4, Sum: 1.6]
      [Termination (ms): Min: 0.0, Avg: 0.3, Max: 0.4, Diff: 0.4, Sum: 2.3]
         [Termination Attempts: Min: 1, Avg: 1.4, Max: 3, Diff: 2, Sum: 11]
      [GC Worker Other (ms): Min: 0.0, Avg: 0.0, Max: 0.1, Diff: 0.1, Sum: 0.2]
      [GC Worker Total (ms): Min: 0.0, Avg: 1.1, Max: 1.7, Diff: 1.7, Sum: 8.8]
      [GC Worker End (ms): Min: 428524.8, Avg: 428524.9, Max: 428524.9, Diff: 0.1]
   [Code Root Fixup: 0.0 ms]
   [Code Root Purge: 0.0 ms]
   [Clear CT: 0.5 ms]
   [Other: 4.9 ms]
      [Choose CSet: 0.0 ms]
      [Ref Proc: 0.5 ms]
      [Ref Enq: 0.0 ms]
      [Redirty Cards: 0.5 ms]
      [Humongous Register: 0.4 ms]
      [Humongous Reclaim: 2.6 ms]
      [Free CSet: 0.4 ms]
   [Eden: 318.0M(318.0M)->0.0B(318.0M) Survivors: 1024.0K->1024.0K Heap: 4004.6M(6381.0M)->2303.1M(6381.0M)]
 [Times: user=0.02 sys=0.00, real=0.01 secs] 
         vmop                    [threads: total initially_running wait_to_block]    [time: spin block sync cleanup vmop] page_trap_count
428.522: G1IncCollectionPause             [      32          0              0    ]      [     0     0     0     0     7    ]  0   
2017-11-17T21:56:17.358+0800: 428.530: Total time for which application threads were stopped: 0.0077156 seconds, Stopping threads took: 0.0000527 seconds
         vmop                    [threads: total initially_running wait_to_block]    [time: spin block sync cleanup vmop] page_trap_count
428.530: RevokeBias                       [      32          1              1    ]      [     0     0     0     0     0    ]  1   
2017-11-17T21:56:17.358+0800: 428.530: Total time for which application threads were stopped: 0.0002566 seconds, Stopping threads took: 0.0000950 seconds
         vmop                    [threads: total initially_running wait_to_block]    [time: spin block sync cleanup vmop] page_trap_count
428.531: RevokeBias                       [      32          1              1    ]      [     0     0     0     0     0    ]  1   
2017-11-17T21:56:17.359+0800: 428.531: Total time for which application threads were stopped: 0.0001766 seconds, Stopping threads took: 0.0000678 seconds
         vmop                    [threads: total initially_running wait_to_block]    [time: spin block sync cleanup vmop] page_trap_count
428.531: RevokeBias                       [      32          1              1    ]      [     0     0     0     0     0    ]  1   
2017-11-17T21:56:17.359+0800: 428.531: Total time for which application threads were stopped: 0.0002157 seconds, Stopping threads took: 0.0000343 seconds
         vmop                    [threads: total initially_running wait_to_block]    [time: spin block sync cleanup vmop] page_trap_count
428.531: RevokeBias                       [      32          1              1    ]      [     0     0     0     0     0    ]  1   
2017-11-17T21:56:17.359+0800: 428.531: Total time for which application threads were stopped: 0.0002008 seconds, Stopping threads took: 0.0000731 seconds
         vmop                    [threads: total initially_running wait_to_block]    [time: spin block sync cleanup vmop] page_trap_count
428.531: RevokeBias                       [      32          1              1    ]      [     0     0     0     0     0    ]  1   
2017-11-17T21:56:17.359+0800: 428.532: Total time for which application threads were stopped: 0.0001380 seconds, Stopping threads took: 0.0000483 seconds
         vmop                    [threads: total initially_running wait_to_block]    [time: spin block sync cleanup vmop] page_trap_count
428.532: RevokeBias                       [      32          1              1    ]      [     0     0     0     0     0    ]  1   
2017-11-17T21:56:17.360+0800: 428.532: Total time for which application threads were stopped: 0.0002472 seconds, Stopping threads took: 0.0001484 seconds
         vmop                    [threads: total initially_running wait_to_block]    [time: spin block sync cleanup vmop] page_trap_count
429.532: no vm operation                  [      32          0              0    ]      [     0     0     0     0     0    ]  0   
2017-11-17T21:56:18.360+0800: 429.532: Total time for which application threads were stopped: 0.0002361 seconds, Stopping threads took: 0.0000711 seconds
         vmop                    [threads: total initially_running wait_to_block]    [time: spin block sync cleanup vmop] page_trap_count
434.079: RevokeBias                       [      32          0              0    ]      [     0     0     0     0     0    ]  0   
2017-11-17T21:56:22.907+0800: 434.080: Total time for which application threads were stopped: 0.0001799 seconds, Stopping threads took: 0.0000434 seconds
         vmop                    [threads: total initially_running wait_to_block]    [time: spin block sync cleanup vmop] page_trap_count
434.081: RevokeBias                       [      32          0              2    ]      [     0     0     0     0     0    ]  0   
2017-11-17T21:56:22.909+0800: 434.081: Total time for which application threads were stopped: 0.0002250 seconds, Stopping threads took: 0.0001155 seconds
         vmop                    [threads: total initially_running wait_to_block]    [time: spin block sync cleanup vmop] page_trap_count
434.081: RevokeBias                       [      32          0              3    ]      [     0     0     0     0     0    ]  0   
2017-11-17T21:56:22.909+0800: 434.081: Total time for which application threads were stopped: 0.0003569 seconds, Stopping threads took: 0.0002635 seconds
         vmop                    [threads: total initially_running wait_to_block]    [time: spin block sync cleanup vmop] page_trap_count
434.081: RevokeBias                       [      32          2              1    ]      [     0     0     0     0     0    ]  0   
2017-11-17T21:56:22.909+0800: 434.082: Total time for which application threads were stopped: 0.0001550 seconds, Stopping threads took: 0.0000565 seconds
 434.122: [G1Ergonomics (Concurrent Cycles) request concurrent cycle initiation, reason: occupancy higher than threshold, occupancy: 2898264064 bytes, allocation request: 437491632 bytes, threshold: 3010933530 bytes (45.00 %), source: concurrent humongous allocation]
 434.122: [G1Ergonomics (Concurrent Cycles) request concurrent cycle initiation, reason: requested by GC cause, GC cause: G1 Humongous Allocation]
 434.122: [G1Ergonomics (Concurrent Cycles) initiate concurrent cycle, reason: concurrent cycle initiation requested]
2017-11-17T21:56:22.950+0800: 434.122: [GC pause (G1 Humongous Allocation) (young) (initial-mark) 434.123: [G1Ergonomics (CSet Construction) start choosing CSet, _pending_cards: 1349, predicted base time: 19.79 ms, remaining time: 180.21 ms, target pause time: 200.00 ms]
 434.123: [G1Ergonomics (CSet Construction) add young regions to CSet, eden: 104 regions, survivors: 1 regions, predicted young region time: 38.55 ms]
 434.123: [G1Ergonomics (CSet Construction) finish choosing CSet, eden: 104 regions, survivors: 1 regions, old: 0 regions, predicted pause time: 58.33 ms, target pause time: 200.00 ms]
, 0.0077339 secs]
   [Parallel Time: 2.7 ms, GC Workers: 8]
      [GC Worker Start (ms): Min: 434123.5, Avg: 434123.8, Max: 434124.3, Diff: 0.8]
      [Ext Root Scanning (ms): Min: 1.3, Avg: 1.4, Max: 1.6, Diff: 0.3, Sum: 11.5]
      [Update RS (ms): Min: 0.0, Avg: 0.1, Max: 0.3, Diff: 0.3, Sum: 1.0]
         [Processed Buffers: Min: 0, Avg: 1.9, Max: 6, Diff: 6, Sum: 15]
      [Scan RS (ms): Min: 0.0, Avg: 0.0, Max: 0.0, Diff: 0.0, Sum: 0.1]
      [Code Root Scanning (ms): Min: 0.0, Avg: 0.0, Max: 0.1, Diff: 0.1, Sum: 0.1]
      [Object Copy (ms): Min: 0.0, Avg: 0.2, Max: 0.4, Diff: 0.4, Sum: 2.0]
      [Termination (ms): Min: 0.0, Avg: 0.3, Max: 0.4, Diff: 0.4, Sum: 2.3]
         [Termination Attempts: Min: 1, Avg: 3.0, Max: 7, Diff: 6, Sum: 24]
      [GC Worker Other (ms): Min: 0.0, Avg: 0.0, Max: 0.0, Diff: 0.0, Sum: 0.1]
      [GC Worker Total (ms): Min: 1.6, Avg: 2.1, Max: 2.4, Diff: 0.8, Sum: 17.1]
      [GC Worker End (ms): Min: 434125.9, Avg: 434125.9, Max: 434126.0, Diff: 0.0]
   [Code Root Fixup: 0.0 ms]
   [Code Root Purge: 0.0 ms]
   [Clear CT: 0.3 ms]
   [Other: 4.7 ms]
      [Choose CSet: 0.0 ms]
      [Ref Proc: 0.6 ms]
      [Ref Enq: 0.0 ms]
      [Redirty Cards: 0.3 ms]
      [Humongous Register: 0.1 ms]
      [Humongous Reclaim: 1.4 ms]
      [Free CSet: 0.2 ms]
   [Eden: 104.0M(318.0M)->0.0B(433.0M) Survivors: 1024.0K->1024.0K Heap: 2824.0M(6381.0M)->1885.9M(6381.0M)]
 [Times: user=0.02 sys=0.00, real=0.01 secs] 
         vmop                    [threads: total initially_running wait_to_block]    [time: spin block sync cleanup vmop] page_trap_count
434.122: G1IncCollectionPause             [      32          0              0    ]      [     0     0     0     0     7    ]  0   
2017-11-17T21:56:22.958+0800: 434.130: [GC concurrent-root-region-scan-start]
2017-11-17T21:56:22.958+0800: 434.130: Total time for which application threads were stopped: 0.0082406 seconds, Stopping threads took: 0.0000974 seconds
2017-11-17T21:56:22.960+0800: 434.132: [GC concurrent-root-region-scan-end, 0.0019022 secs]
2017-11-17T21:56:22.960+0800: 434.132: [GC concurrent-mark-start]
         vmop                    [threads: total initially_running wait_to_block]    [time: spin block sync cleanup vmop] page_trap_count
434.130: RevokeBias                       [      32          0              2    ]      [     0    76    76     0     0    ]  0   
2017-11-17T21:56:23.035+0800: 434.208: Total time for which application threads were stopped: 0.0771609 seconds, Stopping threads took: 0.0769178 seconds
         vmop                    [threads: total initially_running wait_to_block]    [time: spin block sync cleanup vmop] page_trap_count
434.208: RevokeBias                       [      32          1              2    ]      [     0     0     0     0     0    ]  1   
2017-11-17T21:56:23.036+0800: 434.208: Total time for which application threads were stopped: 0.0004230 seconds, Stopping threads took: 0.0002593 seconds
         vmop                    [threads: total initially_running wait_to_block]    [time: spin block sync cleanup vmop] page_trap_count
434.208: RevokeBias                       [      32          1              1    ]      [     0     0     0     0     0    ]  1   
2017-11-17T21:56:23.037+0800: 434.209: Total time for which application threads were stopped: 0.0003016 seconds, Stopping threads took: 0.0002037 seconds
         vmop                    [threads: total initially_running wait_to_block]    [time: spin block sync cleanup vmop] page_trap_count
434.209: RevokeBias                       [      32          0              0    ]      [     0     0     0     0     0    ]  0   
2017-11-17T21:56:23.037+0800: 434.209: Total time for which application threads were stopped: 0.0001372 seconds, Stopping threads took: 0.0000300 seconds
         vmop                    [threads: total initially_running wait_to_block]    [time: spin block sync cleanup vmop] page_trap_count
434.209: RevokeBias                       [      32          0              0    ]      [     0     0     0     0     0    ]  0   
2017-11-17T21:56:23.037+0800: 434.209: Total time for which application threads were stopped: 0.0001714 seconds, Stopping threads took: 0.0000713 seconds
         vmop                    [threads: total initially_running wait_to_block]    [time: spin block sync cleanup vmop] page_trap_count
434.210: RevokeBias                       [      32          0              0    ]      [     0     0     2     0     0    ]  0   
2017-11-17T21:56:23.040+0800: 434.212: Total time for which application threads were stopped: 0.0002359 seconds, Stopping threads took: 0.0001301 seconds
         vmop                    [threads: total initially_running wait_to_block]    [time: spin block sync cleanup vmop] page_trap_count
434.212: RevokeBias                       [      32          0              0    ]      [     0     0     3     0     0    ]  0   
2017-11-17T21:56:23.043+0800: 434.215: Total time for which application threads were stopped: 0.0004263 seconds, Stopping threads took: 0.0002833 seconds
         vmop                    [threads: total initially_running wait_to_block]    [time: spin block sync cleanup vmop] page_trap_count
434.216: RevokeBias                       [      32          0              1    ]      [     0     0     0     0     0    ]  0   
2017-11-17T21:56:23.044+0800: 434.216: Total time for which application threads were stopped: 0.0004423 seconds, Stopping threads took: 0.0003543 seconds
         vmop                    [threads: total initially_running wait_to_block]    [time: spin block sync cleanup vmop] page_trap_count
434.378: RevokeBias                       [      32          0              1    ]      [     0     0    64     0     0    ]  0   
2017-11-17T21:56:23.271+0800: 434.443: Total time for which application threads were stopped: 0.0003017 seconds, Stopping threads took: 0.0001080 seconds
         vmop                    [threads: total initially_running wait_to_block]    [time: spin block sync cleanup vmop] page_trap_count
434.443: RevokeBias                       [      32          0              0    ]      [     0     0     0     0     0    ]  0   
2017-11-17T21:56:23.271+0800: 434.444: Total time for which application threads were stopped: 0.0001222 seconds, Stopping threads took: 0.0000361 seconds
2017-11-17T21:56:23.844+0800: 435.016: [GC concurrent-mark-end, 0.8835537 secs]
2017-11-17T21:56:23.844+0800: 435.016: [GC remark 2017-11-17T21:56:23.844+0800: 435.016: [Finalize Marking, 0.0005397 secs] 2017-11-17T21:56:23.845+0800: 435.017: [GC ref-proc, 0.0001507 secs] 2017-11-17T21:56:23.845+0800: 435.017: [Unloading, 0.0048838 secs], 0.0111207 secs]
 [Times: user=0.05 sys=0.00, real=0.01 secs] 
         vmop                    [threads: total initially_running wait_to_block]    [time: spin block sync cleanup vmop] page_trap_count
435.016: CGC_Operation                    [      32          0              0    ]      [     0     0     0     0    11    ]  0   
2017-11-17T21:56:23.855+0800: 435.027: Total time for which application threads were stopped: 0.0114142 seconds, Stopping threads took: 0.0000732 seconds
2017-11-17T21:56:23.855+0800: 435.028: [GC cleanup 2721M->2721M(6381M), 0.0037670 secs]
 [Times: user=0.01 sys=0.01, real=0.00 secs] 
         vmop                    [threads: total initially_running wait_to_block]    [time: spin block sync cleanup vmop] page_trap_count
435.027: CGC_Operation                    [      32          0              0    ]      [     0     0     0     0     3    ]  0   
2017-11-17T21:56:23.859+0800: 435.031: Total time for which application threads were stopped: 0.0039794 seconds, Stopping threads took: 0.0000360 seconds
 435.496: [G1Ergonomics (Concurrent Cycles) do not request concurrent cycle initiation, reason: still doing mixed collections, occupancy: 2898264064 bytes, allocation request: 437491632 bytes, threshold: 3010933530 bytes (45.00 %), source: concurrent humongous allocation]
         vmop                    [threads: total initially_running wait_to_block]    [time: spin block sync cleanup vmop] page_trap_count
436.187: RevokeBias                       [      32          0              0    ]      [     0     0     0     0     0    ]  0   
2017-11-17T21:56:25.015+0800: 436.188: Total time for which application threads were stopped: 0.0002074 seconds, Stopping threads took: 0.0000478 seconds
         vmop                    [threads: total initially_running wait_to_block]    [time: spin block sync cleanup vmop] page_trap_count
436.188: RevokeBias                       [      32          0              0    ]      [     0     0     0     0     0    ]  0   
2017-11-17T21:56:25.016+0800: 436.188: Total time for which application threads were stopped: 0.0000752 seconds, Stopping threads took: 0.0000168 seconds
         vmop                    [threads: total initially_running wait_to_block]    [time: spin block sync cleanup vmop] page_trap_count
436.188: BulkRevokeBias                   [      32          0              0    ]      [     0     0     0     0     0    ]  0   
2017-11-17T21:56:25.016+0800: 436.188: Total time for which application threads were stopped: 0.0003040 seconds, Stopping threads took: 0.0000163 seconds
 436.190: [G1Ergonomics (Concurrent Cycles) do not request concurrent cycle initiation, reason: still doing mixed collections, occupancy: 3336568832 bytes, allocation request: 437491632 bytes, threshold: 3010933530 bytes (45.00 %), source: concurrent humongous allocation]
 436.898: [G1Ergonomics (Concurrent Cycles) do not request concurrent cycle initiation, reason: still doing mixed collections, occupancy: 3774873600 bytes, allocation request: 437491632 bytes, threshold: 3010933530 bytes (45.00 %), source: concurrent humongous allocation]
 437.585: [G1Ergonomics (Concurrent Cycles) do not request concurrent cycle initiation, reason: still doing mixed collections, occupancy: 4213178368 bytes, allocation request: 437491632 bytes, threshold: 3010933530 bytes (45.00 %), source: concurrent humongous allocation]
         vmop                    [threads: total initially_running wait_to_block]    [time: spin block sync cleanup vmop] page_trap_count
438.188: no vm operation                  [      32          1              1    ]      [   101     0   101     0     0    ]  1   
2017-11-17T21:56:27.118+0800: 438.291: Total time for which application threads were stopped: 0.1021051 seconds, Stopping threads took: 0.1019300 seconds
 438.291: [G1Ergonomics (Concurrent Cycles) do not request concurrent cycle initiation, reason: still doing mixed collections, occupancy: 4651483136 bytes, allocation request: 437491632 bytes, threshold: 3010933530 bytes (45.00 %), source: concurrent humongous allocation]
 438.997: [G1Ergonomics (Concurrent Cycles) do not request concurrent cycle initiation, reason: still doing mixed collections, occupancy: 5089787904 bytes, allocation request: 437491632 bytes, threshold: 3010933530 bytes (45.00 %), source: concurrent humongous allocation]
         vmop                    [threads: total initially_running wait_to_block]    [time: spin block sync cleanup vmop] page_trap_count
439.291: no vm operation                  [      32          0              0    ]      [     0     0     0     0     0    ]  0   
2017-11-17T21:56:28.119+0800: 439.291: Total time for which application threads were stopped: 0.0002042 seconds, Stopping threads took: 0.0000455 seconds
 439.689: [G1Ergonomics (Concurrent Cycles) do not request concurrent cycle initiation, reason: still doing mixed collections, occupancy: 5528092672 bytes, allocation request: 437491632 bytes, threshold: 3010933530 bytes (45.00 %), source: concurrent humongous allocation]
 440.372: [G1Ergonomics (Concurrent Cycles) do not request concurrent cycle initiation, reason: still doing mixed collections, occupancy: 5966397440 bytes, allocation request: 437491632 bytes, threshold: 3010933530 bytes (45.00 %), source: concurrent humongous allocation]
2017-11-17T21:56:29.201+0800: 440.373: [GC pause (G1 Humongous Allocation) (young) 440.373: [G1Ergonomics (CSet Construction) start choosing CSet, _pending_cards: 1331, predicted base time: 16.87 ms, remaining time: 183.13 ms, target pause time: 200.00 ms]
 440.373: [G1Ergonomics (CSet Construction) add young regions to CSet, eden: 3 regions, survivors: 1 regions, predicted young region time: 1.14 ms]
 440.373: [G1Ergonomics (CSet Construction) finish choosing CSet, eden: 3 regions, survivors: 1 regions, old: 0 regions, predicted pause time: 18.01 ms, target pause time: 200.00 ms]
 440.381: [G1Ergonomics (Mixed GCs) do not start mixed GCs, reason: reclaimable percentage not over threshold, candidate old regions: 132 regions, reclaimable: 58818216 bytes (0.88 %), threshold: 5.00 %]
, 0.0086739 secs]
   [Parallel Time: 2.3 ms, GC Workers: 8]
      [GC Worker Start (ms): Min: 440373.3, Avg: 440373.6, Max: 440375.5, Diff: 2.2]
      [Ext Root Scanning (ms): Min: 0.0, Avg: 0.4, Max: 1.0, Diff: 1.0, Sum: 3.2]
      [Update RS (ms): Min: 0.0, Avg: 0.1, Max: 0.2, Diff: 0.2, Sum: 0.9]
         [Processed Buffers: Min: 0, Avg: 1.9, Max: 4, Diff: 4, Sum: 15]
      [Scan RS (ms): Min: 0.0, Avg: 0.0, Max: 0.0, Diff: 0.0, Sum: 0.0]
      [Code Root Scanning (ms): Min: 0.0, Avg: 0.0, Max: 0.1, Diff: 0.1, Sum: 0.1]
      [Object Copy (ms): Min: 0.0, Avg: 0.2, Max: 0.4, Diff: 0.4, Sum: 1.9]
      [Termination (ms): Min: 0.0, Avg: 1.1, Max: 1.2, Diff: 1.2, Sum: 8.6]
         [Termination Attempts: Min: 1, Avg: 1.2, Max: 2, Diff: 1, Sum: 10]
      [GC Worker Other (ms): Min: 0.0, Avg: 0.0, Max: 0.0, Diff: 0.0, Sum: 0.1]
      [GC Worker Total (ms): Min: 0.0, Avg: 1.8, Max: 2.2, Diff: 2.2, Sum: 14.8]
      [GC Worker End (ms): Min: 440375.5, Avg: 440375.5, Max: 440375.5, Diff: 0.0]
   [Code Root Fixup: 0.0 ms]
   [Code Root Purge: 0.0 ms]
   [Clear CT: 0.6 ms]
   [Other: 5.7 ms]
      [Choose CSet: 0.0 ms]
      [Ref Proc: 0.3 ms]
      [Ref Enq: 0.0 ms]
      [Redirty Cards: 0.3 ms]
      [Humongous Register: 0.3 ms]
      [Humongous Reclaim: 4.5 ms]
      [Free CSet: 0.1 ms]
   [Eden: 3072.0K(433.0M)->0.0B(627.0M) Survivors: 1024.0K->1024.0K Heap: 5643.9M(6381.0M)->2720.7M(6381.0M)]
 [Times: user=0.03 sys=0.00, real=0.01 secs] 
 440.382: [G1Ergonomics (Concurrent Cycles) request concurrent cycle initiation, reason: occupancy higher than threshold, occupancy: 3336568832 bytes, allocation request: 0 bytes, threshold: 3010933530 bytes (45.00 %), source: STW humongous allocation]
         vmop                    [threads: total initially_running wait_to_block]    [time: spin block sync cleanup vmop] page_trap_count
440.372: G1IncCollectionPause             [      32          0              0    ]      [     0     0     0     0     9    ]  0   
2017-11-17T21:56:29.210+0800: 440.382: Total time for which application threads were stopped: 0.0095516 seconds, Stopping threads took: 0.0000476 seconds
 441.068: [G1Ergonomics (Concurrent Cycles) request concurrent cycle initiation, reason: occupancy higher than threshold, occupancy: 3336568832 bytes, allocation request: 437491632 bytes, threshold: 3010933530 bytes (45.00 %), source: concurrent humongous allocation]
 441.069: [G1Ergonomics (Concurrent Cycles) request concurrent cycle initiation, reason: requested by GC cause, GC cause: G1 Humongous Allocation]
 441.069: [G1Ergonomics (Concurrent Cycles) initiate concurrent cycle, reason: concurrent cycle initiation requested]
2017-11-17T21:56:29.897+0800: 441.069: [GC pause (G1 Humongous Allocation) (young) (initial-mark) 441.069: [G1Ergonomics (CSet Construction) start choosing CSet, _pending_cards: 1538, predicted base time: 14.69 ms, remaining time: 185.31 ms, target pause time: 200.00 ms]
 441.069: [G1Ergonomics (CSet Construction) add young regions to CSet, eden: 1 regions, survivors: 1 regions, predicted young region time: 0.46 ms]
 441.069: [G1Ergonomics (CSet Construction) finish choosing CSet, eden: 1 regions, survivors: 1 regions, old: 0 regions, predicted pause time: 15.15 ms, target pause time: 200.00 ms]
, 0.0057043 secs]
   [Parallel Time: 2.1 ms, GC Workers: 8]
      [GC Worker Start (ms): Min: 441069.7, Avg: 441069.8, Max: 441070.2, Diff: 0.5]
      [Ext Root Scanning (ms): Min: 0.9, Avg: 1.3, Max: 1.9, Diff: 1.0, Sum: 10.2]
      [Update RS (ms): Min: 0.0, Avg: 0.1, Max: 0.3, Diff: 0.3, Sum: 0.9]
         [Processed Buffers: Min: 0, Avg: 1.2, Max: 3, Diff: 3, Sum: 10]
      [Scan RS (ms): Min: 0.0, Avg: 0.0, Max: 0.0, Diff: 0.0, Sum: 0.0]
      [Code Root Scanning (ms): Min: 0.0, Avg: 0.0, Max: 0.1, Diff: 0.1, Sum: 0.1]
      [Object Copy (ms): Min: 0.0, Avg: 0.3, Max: 0.4, Diff: 0.4, Sum: 2.4]
      [Termination (ms): Min: 0.0, Avg: 0.1, Max: 0.1, Diff: 0.1, Sum: 1.0]
         [Termination Attempts: Min: 1, Avg: 1.2, Max: 2, Diff: 1, Sum: 10]
      [GC Worker Other (ms): Min: 0.0, Avg: 0.0, Max: 0.0, Diff: 0.0, Sum: 0.1]
      [GC Worker Total (ms): Min: 1.4, Avg: 1.8, Max: 2.0, Diff: 0.5, Sum: 14.7]
      [GC Worker End (ms): Min: 441071.7, Avg: 441071.7, Max: 441071.7, Diff: 0.0]
   [Code Root Fixup: 0.0 ms]
   [Code Root Purge: 0.0 ms]
   [Clear CT: 0.3 ms]
   [Other: 3.3 ms]
      [Choose CSet: 0.0 ms]
      [Ref Proc: 0.4 ms]
      [Ref Enq: 0.0 ms]
      [Redirty Cards: 0.3 ms]
      [Humongous Register: 0.1 ms]
      [Humongous Reclaim: 0.8 ms]
      [Free CSet: 0.1 ms]
   [Eden: 1024.0K(627.0M)->0.0B(802.0M) Survivors: 1024.0K->1024.0K Heap: 3138.4M(6381.0M)->2720.7M(6381.0M)]
 [Times: user=0.01 sys=0.00, real=0.00 secs] 
         vmop                    [threads: total initially_running wait_to_block]    [time: spin block sync cleanup vmop] page_trap_count
441.069: G1IncCollectionPause             [      32          0              0    ]      [     0     0     0     0     5    ]  0   
2017-11-17T21:56:29.902+0800: 441.075: [GC concurrent-root-region-scan-start]
2017-11-17T21:56:29.902+0800: 441.075: Total time for which application threads were stopped: 0.0061002 seconds, Stopping threads took: 0.0000466 seconds
2017-11-17T21:56:29.904+0800: 441.076: [GC concurrent-root-region-scan-end, 0.0016297 secs]
2017-11-17T21:56:29.904+0800: 441.076: [GC concurrent-mark-start]
2017-11-17T21:56:30.617+0800: 441.789: [GC concurrent-mark-end, 0.7131039 secs]
2017-11-17T21:56:30.683+0800: 441.855: [GC remark 2017-11-17T21:56:30.683+0800: 441.855: [Finalize Marking, 0.0008632 secs] 2017-11-17T21:56:30.684+0800: 441.856: [GC ref-proc, 0.0001659 secs] 2017-11-17T21:56:30.684+0800: 441.856: [Unloading, 0.0049070 secs], 0.0134782 secs]
 [Times: user=0.07 sys=0.00, real=0.01 secs] 
         vmop                    [threads: total initially_running wait_to_block]    [time: spin block sync cleanup vmop] page_trap_count
441.789: CGC_Operation                    [      32          0              1    ]      [     0    65    65     0    13    ]  0   
2017-11-17T21:56:30.697+0800: 441.869: Total time for which application threads were stopped: 0.0793860 seconds, Stopping threads took: 0.0656129 seconds
2017-11-17T21:56:30.697+0800: 441.869: [GC cleanup 3555M->3555M(6381M), 0.0039397 secs]
 [Times: user=0.02 sys=0.00, real=0.00 secs] 
         vmop                    [threads: total initially_running wait_to_block]    [time: spin block sync cleanup vmop] page_trap_count
441.869: CGC_Operation                    [      32          0              0    ]      [     0     0     0     0     3    ]  0   
2017-11-17T21:56:30.701+0800: 441.873: Total time for which application threads were stopped: 0.0042688 seconds, Stopping threads took: 0.0000445 seconds
 442.512: [G1Ergonomics (Concurrent Cycles) do not request concurrent cycle initiation, reason: still doing mixed collections, occupancy: 3774873600 bytes, allocation request: 437491632 bytes, threshold: 3010933530 bytes (45.00 %), source: concurrent humongous allocation]
 443.253: [G1Ergonomics (Concurrent Cycles) do not request concurrent cycle initiation, reason: still doing mixed collections, occupancy: 4213178368 bytes, allocation request: 437491632 bytes, threshold: 3010933530 bytes (45.00 %), source: concurrent humongous allocation]
         vmop                    [threads: total initially_running wait_to_block]    [time: spin block sync cleanup vmop] page_trap_count
443.964: RevokeBias                       [      32          0              1    ]      [     0     0     0     0     0    ]  0   
2017-11-17T21:56:32.792+0800: 443.964: Total time for which application threads were stopped: 0.0002358 seconds, Stopping threads took: 0.0000959 seconds
 443.965: [G1Ergonomics (Concurrent Cycles) do not request concurrent cycle initiation, reason: still doing mixed collections, occupancy: 4651483136 bytes, allocation request: 659984 bytes, threshold: 3010933530 bytes (45.00 %), source: concurrent humongous allocation]
 443.966: [G1Ergonomics (Concurrent Cycles) do not request concurrent cycle initiation, reason: still doing mixed collections, occupancy: 4652531712 bytes, allocation request: 1319952 bytes, threshold: 3010933530 bytes (45.00 %), source: concurrent humongous allocation]
 443.968: [G1Ergonomics (Concurrent Cycles) do not request concurrent cycle initiation, reason: still doing mixed collections, occupancy: 4654628864 bytes, allocation request: 2639888 bytes, threshold: 3010933530 bytes (45.00 %), source: concurrent humongous allocation]
 443.971: [G1Ergonomics (Concurrent Cycles) do not request concurrent cycle initiation, reason: still doing mixed collections, occupancy: 4657774592 bytes, allocation request: 5279760 bytes, threshold: 3010933530 bytes (45.00 %), source: concurrent humongous allocation]
 443.979: [G1Ergonomics (Concurrent Cycles) do not request concurrent cycle initiation, reason: still doing mixed collections, occupancy: 4664066048 bytes, allocation request: 10559504 bytes, threshold: 3010933530 bytes (45.00 %), source: concurrent humongous allocation]
 443.995: [G1Ergonomics (Concurrent Cycles) do not request concurrent cycle initiation, reason: still doing mixed collections, occupancy: 4675600384 bytes, allocation request: 21118992 bytes, threshold: 3010933530 bytes (45.00 %), source: concurrent humongous allocation]
 444.015: [G1Ergonomics (Concurrent Cycles) do not request concurrent cycle initiation, reason: still doing mixed collections, occupancy: 4697620480 bytes, allocation request: 42237968 bytes, threshold: 3010933530 bytes (45.00 %), source: concurrent humongous allocation]
 444.057: [G1Ergonomics (Concurrent Cycles) do not request concurrent cycle initiation, reason: still doing mixed collections, occupancy: 4740612096 bytes, allocation request: 84475920 bytes, threshold: 3010933530 bytes (45.00 %), source: concurrent humongous allocation]
 444.137: [G1Ergonomics (Concurrent Cycles) do not request concurrent cycle initiation, reason: still doing mixed collections, occupancy: 4825546752 bytes, allocation request: 168951824 bytes, threshold: 3010933530 bytes (45.00 %), source: concurrent humongous allocation]
 444.296: [G1Ergonomics (Concurrent Cycles) do not request concurrent cycle initiation, reason: still doing mixed collections, occupancy: 4995416064 bytes, allocation request: 337903632 bytes, threshold: 3010933530 bytes (45.00 %), source: concurrent humongous allocation]
 444.623: [G1Ergonomics (Concurrent Cycles) do not request concurrent cycle initiation, reason: still doing mixed collections, occupancy: 5334106112 bytes, allocation request: 675807248 bytes, threshold: 3010933530 bytes (45.00 %), source: concurrent humongous allocation]
 445.097: [G1Ergonomics (Concurrent Cycles) do not request concurrent cycle initiation, reason: still doing mixed collections, occupancy: 6010437632 bytes, allocation request: 559632 bytes, threshold: 3010933530 bytes (45.00 %), source: concurrent humongous allocation]
 445.097: [G1Ergonomics (Concurrent Cycles) do not request concurrent cycle initiation, reason: still doing mixed collections, occupancy: 6011486208 bytes, allocation request: 1119248 bytes, threshold: 3010933530 bytes (45.00 %), source: concurrent humongous allocation]
 445.097: [G1Ergonomics (Concurrent Cycles) do not request concurrent cycle initiation, reason: still doing mixed collections, occupancy: 6013583360 bytes, allocation request: 2238480 bytes, threshold: 3010933530 bytes (45.00 %), source: concurrent humongous allocation]
 445.098: [G1Ergonomics (Concurrent Cycles) do not request concurrent cycle initiation, reason: still doing mixed collections, occupancy: 6016729088 bytes, allocation request: 4476944 bytes, threshold: 3010933530 bytes (45.00 %), source: concurrent humongous allocation]
 445.100: [G1Ergonomics (Concurrent Cycles) do not request concurrent cycle initiation, reason: still doing mixed collections, occupancy: 6021971968 bytes, allocation request: 8953872 bytes, threshold: 3010933530 bytes (45.00 %), source: concurrent humongous allocation]
 445.103: [G1Ergonomics (Concurrent Cycles) do not request concurrent cycle initiation, reason: still doing mixed collections, occupancy: 6031409152 bytes, allocation request: 17907728 bytes, threshold: 3010933530 bytes (45.00 %), source: concurrent humongous allocation]
 445.111: [G1Ergonomics (Concurrent Cycles) do not request concurrent cycle initiation, reason: still doing mixed collections, occupancy: 6050283520 bytes, allocation request: 35815440 bytes, threshold: 3010933530 bytes (45.00 %), source: concurrent humongous allocation]
 445.127: [G1Ergonomics (Concurrent Cycles) do not request concurrent cycle initiation, reason: still doing mixed collections, occupancy: 6086983680 bytes, allocation request: 71630864 bytes, threshold: 3010933530 bytes (45.00 %), source: concurrent humongous allocation]
 445.157: [G1Ergonomics (Concurrent Cycles) do not request concurrent cycle initiation, reason: still doing mixed collections, occupancy: 6159335424 bytes, allocation request: 143261712 bytes, threshold: 3010933530 bytes (45.00 %), source: concurrent humongous allocation]
 445.219: [G1Ergonomics (Concurrent Cycles) do not request concurrent cycle initiation, reason: still doing mixed collections, occupancy: 6302990336 bytes, allocation request: 286523408 bytes, threshold: 3010933530 bytes (45.00 %), source: concurrent humongous allocation]
 445.219: [G1Ergonomics (Heap Sizing) attempt heap expansion, reason: humongous allocation request failed, allocation request: 286523408 bytes]
 446.090: [G1Ergonomics (Concurrent Cycles) do not request concurrent cycle initiation, reason: still doing mixed collections, occupancy: 6590300160 bytes, allocation request: 573046800 bytes, threshold: 3140222940 bytes (45.00 %), source: concurrent humongous allocation]
2017-11-17T21:56:34.919+0800: 446.091: [GC pause (G1 Humongous Allocation) (young) 446.101: [G1Ergonomics (CSet Construction) start choosing CSet, _pending_cards: 582867, predicted base time: 82.31 ms, remaining time: 117.69 ms, target pause time: 200.00 ms]
 446.101: [G1Ergonomics (CSet Construction) add young regions to CSet, eden: 2 regions, survivors: 1 regions, predicted young region time: 0.80 ms]
 446.101: [G1Ergonomics (CSet Construction) finish choosing CSet, eden: 2 regions, survivors: 1 regions, old: 0 regions, predicted pause time: 83.11 ms, target pause time: 200.00 ms]
 446.175: [G1Ergonomics (Concurrent Cycles) do not request concurrent cycle initiation, reason: still doing mixed collections, occupancy: 3423600640 bytes, allocation request: 0 bytes, threshold: 3140222940 bytes (45.00 %), source: end of GC]
 446.175: [G1Ergonomics (Mixed GCs) do not start mixed GCs, reason: reclaimable percentage not over threshold, candidate old regions: 132 regions, reclaimable: 58818216 bytes (0.84 %), threshold: 5.00 %]
, 0.0844418 secs]
   [Parallel Time: 67.4 ms, GC Workers: 8]
      [GC Worker Start (ms): Min: 446102.1, Avg: 446102.2, Max: 446102.3, Diff: 0.2]
      [Ext Root Scanning (ms): Min: 0.5, Avg: 0.6, Max: 1.0, Diff: 0.5, Sum: 4.9]
      [Update RS (ms): Min: 65.8, Avg: 65.9, Max: 66.0, Diff: 0.2, Sum: 527.6]
         [Processed Buffers: Min: 230, Avg: 285.4, Max: 320, Diff: 90, Sum: 2283]
      [Scan RS (ms): Min: 0.0, Avg: 0.1, Max: 0.1, Diff: 0.1, Sum: 0.5]
      [Code Root Scanning (ms): Min: 0.0, Avg: 0.0, Max: 0.1, Diff: 0.1, Sum: 0.1]
      [Object Copy (ms): Min: 0.2, Avg: 0.3, Max: 0.3, Diff: 0.1, Sum: 2.4]
      [Termination (ms): Min: 0.0, Avg: 0.0, Max: 0.0, Diff: 0.0, Sum: 0.0]
         [Termination Attempts: Min: 1, Avg: 1.0, Max: 1, Diff: 0, Sum: 8]
      [GC Worker Other (ms): Min: 0.0, Avg: 0.0, Max: 0.0, Diff: 0.0, Sum: 0.1]
      [GC Worker Total (ms): Min: 66.8, Avg: 67.0, Max: 67.1, Diff: 0.2, Sum: 535.6]
      [GC Worker End (ms): Min: 446169.1, Avg: 446169.1, Max: 446169.1, Diff: 0.0]
   [Code Root Fixup: 0.0 ms]
   [Code Root Purge: 0.0 ms]
   [Clear CT: 0.3 ms]
   [Other: 16.7 ms]
      [Choose CSet: 0.1 ms]
      [Ref Proc: 0.3 ms]
      [Ref Enq: 0.0 ms]
      [Redirty Cards: 0.3 ms]
      [Humongous Register: 0.5 ms]
      [Humongous Reclaim: 4.9 ms]
      [Free CSet: 0.1 ms]
   [Eden: 2048.0K(800.0M)->0.0B(843.0M) Survivors: 1024.0K->1024.0K Heap: 6225.9M(6655.0M)->3221.2M(6655.0M)]
 [Times: user=0.56 sys=0.00, real=0.09 secs] 
 446.176: [G1Ergonomics (Concurrent Cycles) request concurrent cycle initiation, reason: occupancy higher than threshold, occupancy: 3997171712 bytes, allocation request: 0 bytes, threshold: 3140222940 bytes (45.00 %), source: STW humongous allocation]
         vmop                    [threads: total initially_running wait_to_block]    [time: spin block sync cleanup vmop] page_trap_count
446.090: G1IncCollectionPause             [      32          0              0    ]      [     0     0     0     0    85    ]  0   
2017-11-17T21:56:35.004+0800: 446.176: Total time for which application threads were stopped: 0.0859800 seconds, Stopping threads took: 0.0000700 seconds
         vmop                    [threads: total initially_running wait_to_block]    [time: spin block sync cleanup vmop] page_trap_count
472.178: no vm operation                  [      32          0              0    ]      [     0     0     0     0     0    ]  0   
2017-11-17T21:57:01.007+0800: 472.179: Total time for which application threads were stopped: 0.0002650 seconds, Stopping threads took: 0.0000694 seconds
         vmop                    [threads: total initially_running wait_to_block]    [time: spin block sync cleanup vmop] page_trap_count
475.083: RevokeBias                       [      32          0              0    ]      [     0     0     0     0     0    ]  0   
2017-11-17T21:57:03.911+0800: 475.083: Total time for which application threads were stopped: 0.0002100 seconds, Stopping threads took: 0.0000468 seconds
         vmop                    [threads: total initially_running wait_to_block]    [time: spin block sync cleanup vmop] page_trap_count
480.343: RevokeBias                       [      32          0              0    ]      [     0     0     0     0     0    ]  0   
2017-11-17T21:57:09.171+0800: 480.343: Total time for which application threads were stopped: 0.0001521 seconds, Stopping threads took: 0.0000400 seconds
 488.563: [G1Ergonomics (Concurrent Cycles) request concurrent cycle initiation, reason: occupancy higher than threshold, occupancy: 3997171712 bytes, allocation request: 2140472 bytes, threshold: 3140222940 bytes (45.00 %), source: concurrent humongous allocation]
 488.563: [G1Ergonomics (Concurrent Cycles) request concurrent cycle initiation, reason: requested by GC cause, GC cause: G1 Humongous Allocation]
 488.563: [G1Ergonomics (Concurrent Cycles) initiate concurrent cycle, reason: concurrent cycle initiation requested]
2017-11-17T21:57:17.391+0800: 488.563: [GC pause (G1 Humongous Allocation) (young) (initial-mark) 488.576: [G1Ergonomics (CSet Construction) start choosing CSet, _pending_cards: 1121334, predicted base time: 146.38 ms, remaining time: 53.62 ms, target pause time: 200.00 ms]
 488.576: [G1Ergonomics (CSet Construction) add young regions to CSet, eden: 6 regions, survivors: 1 regions, predicted young region time: 1.17 ms]
 488.576: [G1Ergonomics (CSet Construction) finish choosing CSet, eden: 6 regions, survivors: 1 regions, old: 0 regions, predicted pause time: 147.55 ms, target pause time: 200.00 ms]
, 0.2058989 secs]
   [Parallel Time: 180.2 ms, GC Workers: 8]
      [GC Worker Start (ms): Min: 488576.3, Avg: 488576.4, Max: 488577.0, Diff: 0.7]
      [Ext Root Scanning (ms): Min: 1.3, Avg: 2.5, Max: 10.4, Diff: 9.1, Sum: 20.1]
      [Update RS (ms): Min: 117.3, Avg: 129.4, Max: 153.5, Diff: 36.2, Sum: 1035.5]
         [Processed Buffers: Min: 330, Avg: 549.0, Max: 914, Diff: 584, Sum: 4392]
      [Scan RS (ms): Min: 0.0, Avg: 0.0, Max: 0.0, Diff: 0.0, Sum: 0.0]
      [Code Root Scanning (ms): Min: 0.0, Avg: 0.0, Max: 0.1, Diff: 0.1, Sum: 0.1]
      [Object Copy (ms): Min: 0.0, Avg: 0.2, Max: 0.4, Diff: 0.4, Sum: 1.7]
      [Termination (ms): Min: 0.0, Avg: 30.0, Max: 50.2, Diff: 50.2, Sum: 240.2]
         [Termination Attempts: Min: 1, Avg: 1.0, Max: 1, Diff: 0, Sum: 8]
      [GC Worker Other (ms): Min: 0.0, Avg: 0.0, Max: 0.0, Diff: 0.0, Sum: 0.1]
      [GC Worker Total (ms): Min: 154.3, Avg: 162.2, Max: 179.0, Diff: 24.7, Sum: 1297.7]
      [GC Worker End (ms): Min: 488731.3, Avg: 488738.6, Max: 488755.3, Diff: 24.0]
   [Code Root Fixup: 0.1 ms]
   [Code Root Purge: 0.0 ms]
   [Clear CT: 0.1 ms]
   [Other: 25.5 ms]
      [Choose CSet: 0.0 ms]
      [Ref Proc: 6.8 ms]
      [Ref Enq: 0.0 ms]
      [Redirty Cards: 0.2 ms]
      [Humongous Register: 0.1 ms]
      [Humongous Reclaim: 4.4 ms]
      [Free CSet: 0.1 ms]
   [Eden: 6144.0K(843.0M)->0.0B(675.0M) Survivors: 1024.0K->1024.0K Heap: 3773.0M(6655.0M)->1466.9M(6655.0M)]
 [Times: user=0.64 sys=0.00, real=0.21 secs] 
         vmop                    [threads: total initially_running wait_to_block]    [time: spin block sync cleanup vmop] page_trap_count
488.563: 2017-11-17T21:57:17.598+0800: 488.770: [GC concurrent-root-region-scan-start]
G1IncCollectionPause             [      32          0              0    ]      [     0     0     0     0   206    ]  0   
2017-11-17T21:57:17.598+0800: 488.770: Total time for which application threads were stopped: 0.2068543 seconds, Stopping threads took: 0.0000458 seconds
2017-11-17T21:57:17.603+0800: 488.775: [GC concurrent-root-region-scan-end, 0.0055613 secs]
2017-11-17T21:57:17.603+0800: 488.775: [GC concurrent-mark-start]
         vmop                    [threads: total initially_running wait_to_block]    [time: spin block sync cleanup vmop] page_trap_count
489.770: no vm operation                  [      32          0              0    ]      [     0     0     0     0     0    ]  0   
2017-11-17T21:57:18.598+0800: 489.770: Total time for which application threads were stopped: 0.0002059 seconds, Stopping threads took: 0.0000410 seconds
2017-11-17T21:57:18.763+0800: 489.935: [GC concurrent-mark-end, 1.1596845 secs]
2017-11-17T21:57:18.763+0800: 489.935: [GC remark 2017-11-17T21:57:18.763+0800: 489.935: [Finalize Marking, 0.0006735 secs] 2017-11-17T21:57:18.764+0800: 489.936: [GC ref-proc, 0.0002989 secs] 2017-11-17T21:57:18.764+0800: 489.936: [Unloading, 0.0082888 secs], 0.0159443 secs]
 [Times: user=0.05 sys=0.00, real=0.01 secs] 
         vmop                    [threads: total initially_running wait_to_block]    [time: spin block sync cleanup vmop] page_trap_count
489.935: CGC_Operation                    [      32          0              0    ]      [     0     0     0     0    16    ]  0   
2017-11-17T21:57:18.779+0800: 489.951: Total time for which application threads were stopped: 0.0162106 seconds, Stopping threads took: 0.0000586 seconds
2017-11-17T21:57:18.786+0800: 489.958: [GC cleanup 2347M->2347M(6655M), 0.0135487 secs]
 [Times: user=0.02 sys=0.00, real=0.01 secs] 
         vmop                    [threads: total initially_running wait_to_block]    [time: spin block sync cleanup vmop] page_trap_count
489.956: CGC_Operation                    [      32          0              1    ]      [     0     1     1     0    13    ]  0   
2017-11-17T21:57:18.799+0800: 489.971: Total time for which application threads were stopped: 0.0154314 seconds, Stopping threads took: 0.0016864 seconds
         vmop                    [threads: total initially_running wait_to_block]    [time: spin block sync cleanup vmop] page_trap_count
490.891: BulkRevokeBias                   [      32          0              0    ]      [     0     0     0     0     0    ]  0   
2017-11-17T21:57:19.719+0800: 490.891: Total time for which application threads were stopped: 0.0003604 seconds, Stopping threads took: 0.0000698 seconds
 491.390: [G1Ergonomics (Concurrent Cycles) do not request concurrent cycle initiation, reason: still doing mixed collections, occupancy: 2802843648 bytes, allocation request: 437491632 bytes, threshold: 3140222940 bytes (45.00 %), source: concurrent humongous allocation]
         vmop                    [threads: total initially_running wait_to_block]    [time: spin block sync cleanup vmop] page_trap_count
491.891: no vm operation                  [      32          0              0    ]      [     0     0     0     0     0    ]  0   
2017-11-17T21:57:20.719+0800: 491.891: Total time for which application threads were stopped: 0.0002508 seconds, Stopping threads took: 0.0000557 seconds
 493.156: [G1Ergonomics (Concurrent Cycles) do not request concurrent cycle initiation, reason: still doing mixed collections, occupancy: 3241148416 bytes, allocation request: 437491632 bytes, threshold: 3140222940 bytes (45.00 %), source: concurrent humongous allocation]
         vmop                    [threads: total initially_running wait_to_block]    [time: spin block sync cleanup vmop] page_trap_count
493.892: no vm operation                  [      32          0              0    ]      [     0     0     0     0     0    ]  0   
2017-11-17T21:57:22.720+0800: 493.892: Total time for which application threads were stopped: 0.0004309 seconds, Stopping threads took: 0.0000783 seconds
 494.480: [G1Ergonomics (Concurrent Cycles) do not request concurrent cycle initiation, reason: still doing mixed collections, occupancy: 3679453184 bytes, allocation request: 437491632 bytes, threshold: 3140222940 bytes (45.00 %), source: concurrent humongous allocation]
 495.821: [G1Ergonomics (Concurrent Cycles) do not request concurrent cycle initiation, reason: still doing mixed collections, occupancy: 4117757952 bytes, allocation request: 437491632 bytes, threshold: 3140222940 bytes (45.00 %), source: concurrent humongous allocation]
 497.141: [G1Ergonomics (Concurrent Cycles) do not request concurrent cycle initiation, reason: still doing mixed collections, occupancy: 4556062720 bytes, allocation request: 437491632 bytes, threshold: 3140222940 bytes (45.00 %), source: concurrent humongous allocation]
 501.744: [G1Ergonomics (Concurrent Cycles) do not request concurrent cycle initiation, reason: still doing mixed collections, occupancy: 4994367488 bytes, allocation request: 437491632 bytes, threshold: 3140222940 bytes (45.00 %), source: concurrent humongous allocation]
         vmop                    [threads: total initially_running wait_to_block]    [time: spin block sync cleanup vmop] page_trap_count
501.893: no vm operation                  [      32          1              0    ]      [     0     0     0     0     0    ]  0   
2017-11-17T21:57:30.721+0800: 501.893: Total time for which application threads were stopped: 0.0002387 seconds, Stopping threads took: 0.0000510 seconds
 502.362: [G1Ergonomics (Concurrent Cycles) do not request concurrent cycle initiation, reason: still doing mixed collections, occupancy: 5432672256 bytes, allocation request: 437491632 bytes, threshold: 3140222940 bytes (45.00 %), source: concurrent humongous allocation]
 503.069: [G1Ergonomics (Concurrent Cycles) do not request concurrent cycle initiation, reason: still doing mixed collections, occupancy: 5870977024 bytes, allocation request: 437491632 bytes, threshold: 3140222940 bytes (45.00 %), source: concurrent humongous allocation]
2017-11-17T21:57:31.898+0800: 503.071: [GC pause (G1 Humongous Allocation) (young) 503.071: [G1Ergonomics (CSet Construction) start choosing CSet, _pending_cards: 1397, predicted base time: 21.86 ms, remaining time: 178.14 ms, target pause time: 200.00 ms]
 503.071: [G1Ergonomics (CSet Construction) add young regions to CSet, eden: 424 regions, survivors: 1 regions, predicted young region time: 57.43 ms]
 503.071: [G1Ergonomics (CSet Construction) finish choosing CSet, eden: 424 regions, survivors: 1 regions, old: 0 regions, predicted pause time: 79.29 ms, target pause time: 200.00 ms]
 503.080: [G1Ergonomics (Concurrent Cycles) do not request concurrent cycle initiation, reason: still doing mixed collections, occupancy: 3506438144 bytes, allocation request: 0 bytes, threshold: 3140222940 bytes (45.00 %), source: end of GC]
 503.080: [G1Ergonomics (Mixed GCs) do not start mixed GCs, reason: reclaimable percentage not over threshold, candidate old regions: 132 regions, reclaimable: 58818216 bytes (0.84 %), threshold: 5.00 %]
, 0.0099218 secs]
   [Parallel Time: 2.3 ms, GC Workers: 8]
      [GC Worker Start (ms): Min: 503071.3, Avg: 503072.3, Max: 503073.3, Diff: 2.1]
      [Ext Root Scanning (ms): Min: 0.0, Avg: 0.4, Max: 1.1, Diff: 1.1, Sum: 2.9]
      [Update RS (ms): Min: 0.0, Avg: 0.1, Max: 0.4, Diff: 0.4, Sum: 1.1]
         [Processed Buffers: Min: 0, Avg: 2.2, Max: 9, Diff: 9, Sum: 18]
      [Scan RS (ms): Min: 0.0, Avg: 0.1, Max: 0.1, Diff: 0.1, Sum: 0.6]
      [Code Root Scanning (ms): Min: 0.0, Avg: 0.0, Max: 0.1, Diff: 0.1, Sum: 0.2]
      [Object Copy (ms): Min: 0.0, Avg: 0.2, Max: 0.6, Diff: 0.6, Sum: 1.9]
      [Termination (ms): Min: 0.0, Avg: 0.3, Max: 0.4, Diff: 0.4, Sum: 2.1]
         [Termination Attempts: Min: 1, Avg: 1.0, Max: 1, Diff: 0, Sum: 8]
      [GC Worker Other (ms): Min: 0.0, Avg: 0.0, Max: 0.0, Diff: 0.0, Sum: 0.1]
      [GC Worker Total (ms): Min: 0.0, Avg: 1.1, Max: 2.1, Diff: 2.1, Sum: 8.9]
      [GC Worker End (ms): Min: 503073.4, Avg: 503073.4, Max: 503073.4, Diff: 0.0]
   [Code Root Fixup: 0.1 ms]
   [Code Root Purge: 0.0 ms]
   [Clear CT: 0.3 ms]
   [Other: 7.2 ms]
      [Choose CSet: 0.0 ms]
      [Ref Proc: 1.2 ms]
      [Ref Enq: 0.0 ms]
      [Redirty Cards: 0.3 ms]
      [Humongous Register: 0.5 ms]
      [Humongous Reclaim: 4.2 ms]
      [Free CSet: 0.5 ms]
   [Eden: 424.0M(675.0M)->0.0B(1095.0M) Survivors: 1024.0K->1024.0K Heap: 5909.3M(6655.0M)->3267.7M(6655.0M)]
 [Times: user=0.02 sys=0.00, real=0.01 secs] 
 503.081: [G1Ergonomics (Concurrent Cycles) request concurrent cycle initiation, reason: occupancy higher than threshold, occupancy: 3944742912 bytes, allocation request: 0 bytes, threshold: 3140222940 bytes (45.00 %), source: STW humongous allocation]
         vmop                    [threads: total initially_running wait_to_block]    [time: spin block sync cleanup vmop] page_trap_count
503.070: G1IncCollectionPause             [      32          1              1    ]      [     0     0     0     0    10    ]  0   
2017-11-17T21:57:31.909+0800: 503.081: Total time for which application threads were stopped: 0.0111237 seconds, Stopping threads took: 0.0001244 seconds
         vmop                    [threads: total initially_running wait_to_block]    [time: spin block sync cleanup vmop] page_trap_count
503.081: RevokeBias                       [      32          0              1    ]      [     0    77    77     0     0    ]  0   
2017-11-17T21:57:31.987+0800: 503.159: Total time for which application threads were stopped: 0.0781395 seconds, Stopping threads took: 0.0777627 seconds
 503.840: [G1Ergonomics (Concurrent Cycles) request concurrent cycle initiation, reason: occupancy higher than threshold, occupancy: 3944742912 bytes, allocation request: 437491632 bytes, threshold: 3140222940 bytes (45.00 %), source: concurrent humongous allocation]
 503.842: [G1Ergonomics (Concurrent Cycles) request concurrent cycle initiation, reason: requested by GC cause, GC cause: G1 Humongous Allocation]
 503.842: [G1Ergonomics (Concurrent Cycles) initiate concurrent cycle, reason: concurrent cycle initiation requested]
2017-11-17T21:57:32.670+0800: 503.842: [GC pause (G1 Humongous Allocation) (young) (initial-mark) 503.844: [G1Ergonomics (CSet Construction) start choosing CSet, _pending_cards: 1056, predicted base time: 18.84 ms, remaining time: 181.16 ms, target pause time: 200.00 ms]
 503.844: [G1Ergonomics (CSet Construction) add young regions to CSet, eden: 2 regions, survivors: 1 regions, predicted young region time: 0.32 ms]
 503.844: [G1Ergonomics (CSet Construction) finish choosing CSet, eden: 2 regions, survivors: 1 regions, old: 0 regions, predicted pause time: 19.15 ms, target pause time: 200.00 ms]
, 0.0142370 secs]
   [Parallel Time: 6.4 ms, GC Workers: 8]
      [GC Worker Start (ms): Min: 503846.1, Avg: 503846.6, Max: 503847.4, Diff: 1.3]
      [Ext Root Scanning (ms): Min: 0.6, Avg: 1.9, Max: 5.0, Diff: 4.4, Sum: 15.4]
      [Update RS (ms): Min: 0.0, Avg: 0.1, Max: 0.4, Diff: 0.4, Sum: 1.1]
         [Processed Buffers: Min: 0, Avg: 1.4, Max: 6, Diff: 6, Sum: 11]
      [Scan RS (ms): Min: 0.0, Avg: 0.0, Max: 0.0, Diff: 0.0, Sum: 0.0]
      [Code Root Scanning (ms): Min: 0.0, Avg: 0.0, Max: 0.1, Diff: 0.1, Sum: 0.2]
      [Object Copy (ms): Min: 0.0, Avg: 0.4, Max: 0.6, Diff: 0.6, Sum: 3.1]
      [Termination (ms): Min: 0.0, Avg: 2.8, Max: 3.3, Diff: 3.3, Sum: 22.5]
         [Termination Attempts: Min: 1, Avg: 1.0, Max: 1, Diff: 0, Sum: 8]
      [GC Worker Other (ms): Min: 0.0, Avg: 0.0, Max: 0.0, Diff: 0.0, Sum: 0.1]
      [GC Worker Total (ms): Min: 4.5, Avg: 5.3, Max: 5.8, Diff: 1.3, Sum: 42.4]
      [GC Worker End (ms): Min: 503851.9, Avg: 503851.9, Max: 503851.9, Diff: 0.0]
   [Code Root Fixup: 0.1 ms]
   [Code Root Purge: 0.0 ms]
   [Clear CT: 0.2 ms]
   [Other: 7.6 ms]
      [Choose CSet: 0.2 ms]
      [Ref Proc: 1.4 ms]
      [Ref Enq: 0.0 ms]
      [Redirty Cards: 0.2 ms]
      [Humongous Register: 1.3 ms]
      [Humongous Reclaim: 0.9 ms]
      [Free CSet: 0.1 ms]
   [Eden: 2048.0K(1095.0M)->0.0B(1136.0M) Survivors: 1024.0K->1024.0K Heap: 3686.3M(6655.0M)->3267.8M(6655.0M)]
 [Times: user=0.03 sys=0.01, real=0.02 secs] 
         vmop                    [threads: total initially_running wait_to_block]    [time: spin block sync cleanup vmop] page_trap_count
503.840: G1IncCollectionPause             [      32          0              0    ]      [     0     0     1     0    14    ]  0   
2017-11-17T21:57:32.684+0800: 503.856: [GC concurrent-root-region-scan-start]
2017-11-17T21:57:32.684+0800: 503.856: Total time for which application threads were stopped: 0.0162767 seconds, Stopping threads took: 0.0014199 seconds
2017-11-17T21:57:32.686+0800: 503.859: [GC concurrent-root-region-scan-end, 0.0021792 secs]
2017-11-17T21:57:32.686+0800: 503.859: [GC concurrent-mark-start]
         vmop                    [threads: total initially_running wait_to_block]    [time: spin block sync cleanup vmop] page_trap_count
504.378: RevokeBias                       [      32          0              1    ]      [     0     0     0     0     0    ]  0   
2017-11-17T21:57:33.206+0800: 504.378: Total time for which application threads were stopped: 0.0003217 seconds, Stopping threads took: 0.0001047 seconds
         vmop                    [threads: total initially_running wait_to_block]    [time: spin block sync cleanup vmop] page_trap_count
504.379: RevokeBias                       [      32          1              0    ]      [     0     0     0     0     0    ]  0   
2017-11-17T21:57:33.207+0800: 504.379: Total time for which application threads were stopped: 0.0002249 seconds, Stopping threads took: 0.0000789 seconds
2017-11-17T21:57:33.405+0800: 504.577: [GC concurrent-mark-end, 0.7184228 secs]
2017-11-17T21:57:33.447+0800: 504.619: [GC remark 2017-11-17T21:57:33.447+0800: 504.619: [Finalize Marking, 0.0004742 secs] 2017-11-17T21:57:33.448+0800: 504.620: [GC ref-proc, 0.0001607 secs] 2017-11-17T21:57:33.448+0800: 504.620: [Unloading, 0.0049646 secs], 0.0162526 secs]
 [Times: user=0.07 sys=0.00, real=0.02 secs] 
         vmop                    [threads: total initially_running wait_to_block]    [time: spin block sync cleanup vmop] page_trap_count
504.577: CGC_Operation                    [      32          1              1    ]      [    41     0    42     0    16    ]  1   
2017-11-17T21:57:33.464+0800: 504.636: Total time for which application threads were stopped: 0.0585501 seconds, Stopping threads took: 0.0420650 seconds
2017-11-17T21:57:33.464+0800: 504.636: [GC cleanup 3686M->3686M(6655M), 0.0049993 secs]
 [Times: user=0.02 sys=0.00, real=0.00 secs] 
         vmop                    [threads: total initially_running wait_to_block]    [time: spin block sync cleanup vmop] page_trap_count
504.636: CGC_Operation                    [      32          0              0    ]      [     0     0     0     0     5    ]  0   
2017-11-17T21:57:33.469+0800: 504.641: Total time for which application threads were stopped: 0.0053192 seconds, Stopping threads took: 0.0000361 seconds
 505.338: [G1Ergonomics (Concurrent Cycles) do not request concurrent cycle initiation, reason: still doing mixed collections, occupancy: 4383047680 bytes, allocation request: 437491632 bytes, threshold: 3140222940 bytes (45.00 %), source: concurrent humongous allocation]
 506.048: [G1Ergonomics (Concurrent Cycles) do not request concurrent cycle initiation, reason: still doing mixed collections, occupancy: 4821352448 bytes, allocation request: 437491632 bytes, threshold: 3140222940 bytes (45.00 %), source: concurrent humongous allocation]
 506.737: [G1Ergonomics (Concurrent Cycles) do not request concurrent cycle initiation, reason: still doing mixed collections, occupancy: 5259657216 bytes, allocation request: 437491632 bytes, threshold: 3140222940 bytes (45.00 %), source: concurrent humongous allocation]
 507.442: [G1Ergonomics (Concurrent Cycles) do not request concurrent cycle initiation, reason: still doing mixed collections, occupancy: 5697961984 bytes, allocation request: 437491632 bytes, threshold: 3140222940 bytes (45.00 %), source: concurrent humongous allocation]
 508.445: [G1Ergonomics (Concurrent Cycles) do not request concurrent cycle initiation, reason: still doing mixed collections, occupancy: 6136266752 bytes, allocation request: 437491632 bytes, threshold: 3140222940 bytes (45.00 %), source: concurrent humongous allocation]
2017-11-17T21:57:37.282+0800: 508.455: [GC pause (G1 Humongous Allocation) (young) 508.455: [G1Ergonomics (CSet Construction) start choosing CSet, _pending_cards: 1306, predicted base time: 17.12 ms, remaining time: 182.88 ms, target pause time: 200.00 ms]
 508.455: [G1Ergonomics (CSet Construction) add young regions to CSet, eden: 2 regions, survivors: 1 regions, predicted young region time: 0.34 ms]
 508.455: [G1Ergonomics (CSet Construction) finish choosing CSet, eden: 2 regions, survivors: 1 regions, old: 0 regions, predicted pause time: 17.46 ms, target pause time: 200.00 ms]
 508.497: [G1Ergonomics (Concurrent Cycles) do not request concurrent cycle initiation, reason: still doing mixed collections, occupancy: 3506438144 bytes, allocation request: 0 bytes, threshold: 3140222940 bytes (45.00 %), source: end of GC]
 508.497: [G1Ergonomics (Mixed GCs) do not start mixed GCs, reason: reclaimable percentage not over threshold, candidate old regions: 132 regions, reclaimable: 58818216 bytes (0.84 %), threshold: 5.00 %]
, 0.0420374 secs]
   [Parallel Time: 24.1 ms, GC Workers: 8]
      [GC Worker Start (ms): Min: 508455.1, Avg: 508462.0, Max: 508479.0, Diff: 23.9]
      [Ext Root Scanning (ms): Min: 0.0, Avg: 0.3, Max: 1.3, Diff: 1.3, Sum: 2.6]
      [Update RS (ms): Min: 0.0, Avg: 0.1, Max: 0.5, Diff: 0.5, Sum: 1.0]
         [Processed Buffers: Min: 0, Avg: 1.6, Max: 11, Diff: 11, Sum: 13]
      [Scan RS (ms): Min: 0.0, Avg: 0.0, Max: 0.0, Diff: 0.0, Sum: 0.0]
      [Code Root Scanning (ms): Min: 0.0, Avg: 0.0, Max: 0.1, Diff: 0.1, Sum: 0.1]
      [Object Copy (ms): Min: 0.0, Avg: 0.2, Max: 0.9, Diff: 0.9, Sum: 1.7]
      [Termination (ms): Min: 0.0, Avg: 16.3, Max: 21.2, Diff: 21.2, Sum: 130.4]
         [Termination Attempts: Min: 1, Avg: 1.1, Max: 2, Diff: 1, Sum: 9]
      [GC Worker Other (ms): Min: 0.0, Avg: 0.0, Max: 0.0, Diff: 0.0, Sum: 0.1]
      [GC Worker Total (ms): Min: 0.0, Avg: 17.0, Max: 23.9, Diff: 23.9, Sum: 135.9]
      [GC Worker End (ms): Min: 508479.0, Avg: 508479.0, Max: 508479.0, Diff: 0.0]
   [Code Root Fixup: 0.1 ms]
   [Code Root Purge: 0.0 ms]
   [Clear CT: 0.3 ms]
   [Other: 17.6 ms]
      [Choose CSet: 0.0 ms]
      [Ref Proc: 11.9 ms]
      [Ref Enq: 0.0 ms]
      [Redirty Cards: 0.2 ms]
      [Humongous Register: 0.3 ms]
      [Humongous Reclaim: 4.6 ms]
      [Free CSet: 0.1 ms]
   [Eden: 2048.0K(1136.0M)->0.0B(1370.0M) Survivors: 1024.0K->1024.0K Heap: 5772.9M(6655.0M)->3267.6M(6655.0M)]
 [Times: user=0.10 sys=0.00, real=0.05 secs] 
 508.497: [G1Ergonomics (Concurrent Cycles) request concurrent cycle initiation, reason: occupancy higher than threshold, occupancy: 3944742912 bytes, allocation request: 0 bytes, threshold: 3140222940 bytes (45.00 %), source: STW humongous allocation]
         vmop                    [threads: total initially_running wait_to_block]    [time: spin block sync cleanup vmop] page_trap_count
508.451: G1IncCollectionPause             [      32          1              0    ]      [     2     0     2     0    43    ]  0   
2017-11-17T21:57:37.325+0800: 508.497: Total time for which application threads were stopped: 0.0460505 seconds, Stopping threads took: 0.0028156 seconds
 509.327: [G1Ergonomics (Concurrent Cycles) request concurrent cycle initiation, reason: occupancy higher than threshold, occupancy: 3944742912 bytes, allocation request: 437491632 bytes, threshold: 3140222940 bytes (45.00 %), source: concurrent humongous allocation]
 509.327: [G1Ergonomics (Concurrent Cycles) request concurrent cycle initiation, reason: requested by GC cause, GC cause: G1 Humongous Allocation]
 509.327: [G1Ergonomics (Concurrent Cycles) initiate concurrent cycle, reason: concurrent cycle initiation requested]
2017-11-17T21:57:38.155+0800: 509.327: [GC pause (G1 Humongous Allocation) (young) (initial-mark) 509.328: [G1Ergonomics (CSet Construction) start choosing CSet, _pending_cards: 515, predicted base time: 20.73 ms, remaining time: 179.27 ms, target pause time: 200.00 ms]
 509.328: [G1Ergonomics (CSet Construction) add young regions to CSet, eden: 1 regions, survivors: 1 regions, predicted young region time: 0.20 ms]
 509.328: [G1Ergonomics (CSet Construction) finish choosing CSet, eden: 1 regions, survivors: 1 regions, old: 0 regions, predicted pause time: 20.93 ms, target pause time: 200.00 ms]
, 0.0065229 secs]
   [Parallel Time: 2.4 ms, GC Workers: 8]
      [GC Worker Start (ms): Min: 509328.0, Avg: 509328.2, Max: 509328.8, Diff: 0.9]
      [Ext Root Scanning (ms): Min: 0.5, Avg: 1.3, Max: 2.0, Diff: 1.4, Sum: 10.1]
      [Update RS (ms): Min: 0.0, Avg: 0.1, Max: 0.4, Diff: 0.4, Sum: 0.8]
         [Processed Buffers: Min: 0, Avg: 0.9, Max: 2, Diff: 2, Sum: 7]
      [Scan RS (ms): Min: 0.0, Avg: 0.0, Max: 0.0, Diff: 0.0, Sum: 0.0]
      [Code Root Scanning (ms): Min: 0.0, Avg: 0.0, Max: 0.1, Diff: 0.1, Sum: 0.1]
      [Object Copy (ms): Min: 0.0, Avg: 0.4, Max: 0.7, Diff: 0.7, Sum: 2.8]
      [Termination (ms): Min: 0.0, Avg: 0.2, Max: 0.2, Diff: 0.2, Sum: 1.4]
         [Termination Attempts: Min: 1, Avg: 1.0, Max: 1, Diff: 0, Sum: 8]
      [GC Worker Other (ms): Min: 0.0, Avg: 0.0, Max: 0.0, Diff: 0.0, Sum: 0.1]
      [GC Worker Total (ms): Min: 1.4, Avg: 1.9, Max: 2.2, Diff: 0.8, Sum: 15.4]
      [GC Worker End (ms): Min: 509330.1, Avg: 509330.2, Max: 509330.2, Diff: 0.0]
   [Code Root Fixup: 0.0 ms]
   [Code Root Purge: 0.0 ms]
   [Clear CT: 0.4 ms]
   [Other: 3.8 ms]
      [Choose CSet: 0.0 ms]
      [Ref Proc: 0.4 ms]
      [Ref Enq: 0.0 ms]
      [Redirty Cards: 0.3 ms]
      [Humongous Register: 0.1 ms]
      [Humongous Reclaim: 0.9 ms]
      [Free CSet: 0.1 ms]
   [Eden: 1024.0K(1370.0M)->0.0B(1494.0M) Survivors: 1024.0K->1024.0K Heap: 3685.4M(6655.0M)->3267.8M(6655.0M)]
 [Times: user=0.01 sys=0.00, real=0.01 secs] 
         vmop                    [threads: total initially_running wait_to_block]    [time: spin block sync cleanup vmop] page_trap_count
509.327: G1IncCollectionPause             [      32          0              0    ]      [     0     0     0     0     6    ]  0   
2017-11-17T21:57:38.161+0800: 509.334: [GC concurrent-root-region-scan-start]
2017-11-17T21:57:38.162+0800: 509.334: Total time for which application threads were stopped: 0.0069843 seconds, Stopping threads took: 0.0000644 seconds
2017-11-17T21:57:38.163+0800: 509.335: [GC concurrent-root-region-scan-end, 0.0014508 secs]
2017-11-17T21:57:38.163+0800: 509.335: [GC concurrent-mark-start]
2017-11-17T21:57:39.078+0800: 510.250: [GC concurrent-mark-end, 0.9151195 secs]
2017-11-17T21:57:39.078+0800: 510.251: [GC remark 2017-11-17T21:57:39.078+0800: 510.251: [Finalize Marking, 0.0006438 secs] 2017-11-17T21:57:39.079+0800: 510.251: [GC ref-proc, 0.0001578 secs] 2017-11-17T21:57:39.079+0800: 510.251: [Unloading, 0.0059216 secs], 0.0162192 secs]
 [Times: user=0.07 sys=0.00, real=0.01 secs] 
         vmop                    [threads: total initially_running wait_to_block]    [time: spin block sync cleanup vmop] page_trap_count
510.250: CGC_Operation                    [      32          0              0    ]      [     0     0     0     0    16    ]  0   
2017-11-17T21:57:39.095+0800: 510.267: Total time for which application threads were stopped: 0.0165056 seconds, Stopping threads took: 0.0000573 seconds
2017-11-17T21:57:39.095+0800: 510.267: [GC cleanup 4102M->4102M(6655M), 0.0051481 secs]
 [Times: user=0.02 sys=0.00, real=0.01 secs] 
         vmop                    [threads: total initially_running wait_to_block]    [time: spin block sync cleanup vmop] page_trap_count
510.267: CGC_Operation                    [      32          0              0    ]      [     0     0     0     0     5    ]  0   
2017-11-17T21:57:39.100+0800: 510.272: Total time for which application threads were stopped: 0.0053790 seconds, Stopping threads took: 0.0000268 seconds
 510.805: [G1Ergonomics (Concurrent Cycles) do not request concurrent cycle initiation, reason: still doing mixed collections, occupancy: 4383047680 bytes, allocation request: 437491632 bytes, threshold: 3140222940 bytes (45.00 %), source: concurrent humongous allocation]
 511.519: [G1Ergonomics (Concurrent Cycles) do not request concurrent cycle initiation, reason: still doing mixed collections, occupancy: 4821352448 bytes, allocation request: 437491632 bytes, threshold: 3140222940 bytes (45.00 %), source: concurrent humongous allocation]
         vmop                    [threads: total initially_running wait_to_block]    [time: spin block sync cleanup vmop] page_trap_count
512.217: RevokeBias                       [      32          0              0    ]      [     0     0     0     0     0    ]  0   
2017-11-17T21:57:41.045+0800: 512.218: Total time for which application threads were stopped: 0.0002240 seconds, Stopping threads took: 0.0000650 seconds
 512.218: [G1Ergonomics (Concurrent Cycles) do not request concurrent cycle initiation, reason: still doing mixed collections, occupancy: 5259657216 bytes, allocation request: 659984 bytes, threshold: 3140222940 bytes (45.00 %), source: concurrent humongous allocation]
 512.219: [G1Ergonomics (Concurrent Cycles) do not request concurrent cycle initiation, reason: still doing mixed collections, occupancy: 5260705792 bytes, allocation request: 1319952 bytes, threshold: 3140222940 bytes (45.00 %), source: concurrent humongous allocation]
 512.220: [G1Ergonomics (Concurrent Cycles) do not request concurrent cycle initiation, reason: still doing mixed collections, occupancy: 5262802944 bytes, allocation request: 2639888 bytes, threshold: 3140222940 bytes (45.00 %), source: concurrent humongous allocation]
 512.223: [G1Ergonomics (Concurrent Cycles) do not request concurrent cycle initiation, reason: still doing mixed collections, occupancy: 5265948672 bytes, allocation request: 5279760 bytes, threshold: 3140222940 bytes (45.00 %), source: concurrent humongous allocation]
 512.227: [G1Ergonomics (Concurrent Cycles) do not request concurrent cycle initiation, reason: still doing mixed collections, occupancy: 5272240128 bytes, allocation request: 10559504 bytes, threshold: 3140222940 bytes (45.00 %), source: concurrent humongous allocation]
 512.237: [G1Ergonomics (Concurrent Cycles) do not request concurrent cycle initiation, reason: still doing mixed collections, occupancy: 5283774464 bytes, allocation request: 21118992 bytes, threshold: 3140222940 bytes (45.00 %), source: concurrent humongous allocation]
 512.257: [G1Ergonomics (Concurrent Cycles) do not request concurrent cycle initiation, reason: still doing mixed collections, occupancy: 5305794560 bytes, allocation request: 42237968 bytes, threshold: 3140222940 bytes (45.00 %), source: concurrent humongous allocation]
 512.296: [G1Ergonomics (Concurrent Cycles) do not request concurrent cycle initiation, reason: still doing mixed collections, occupancy: 5348786176 bytes, allocation request: 84475920 bytes, threshold: 3140222940 bytes (45.00 %), source: concurrent humongous allocation]
 512.373: [G1Ergonomics (Concurrent Cycles) do not request concurrent cycle initiation, reason: still doing mixed collections, occupancy: 5433720832 bytes, allocation request: 168951824 bytes, threshold: 3140222940 bytes (45.00 %), source: concurrent humongous allocation]
 512.541: [G1Ergonomics (Concurrent Cycles) do not request concurrent cycle initiation, reason: still doing mixed collections, occupancy: 5603590144 bytes, allocation request: 337903632 bytes, threshold: 3140222940 bytes (45.00 %), source: concurrent humongous allocation]
 512.899: [G1Ergonomics (Concurrent Cycles) do not request concurrent cycle initiation, reason: still doing mixed collections, occupancy: 5942280192 bytes, allocation request: 675807248 bytes, threshold: 3140222940 bytes (45.00 %), source: concurrent humongous allocation]
2017-11-17T21:57:41.728+0800: 512.900: [GC pause (G1 Humongous Allocation) (young) 512.906: [G1Ergonomics (CSet Construction) start choosing CSet, _pending_cards: 678403, predicted base time: 122.72 ms, remaining time: 77.28 ms, target pause time: 200.00 ms]
 512.906: [G1Ergonomics (CSet Construction) add young regions to CSet, eden: 2 regions, survivors: 1 regions, predicted young region time: 0.47 ms]
 512.906: [G1Ergonomics (CSet Construction) finish choosing CSet, eden: 2 regions, survivors: 1 regions, old: 0 regions, predicted pause time: 123.20 ms, target pause time: 200.00 ms]
 513.084: [G1Ergonomics (Concurrent Cycles) do not request concurrent cycle initiation, reason: still doing mixed collections, occupancy: 3406823424 bytes, allocation request: 0 bytes, threshold: 3140222940 bytes (45.00 %), source: end of GC]
 513.084: [G1Ergonomics (Mixed GCs) do not start mixed GCs, reason: reclaimable percentage not over threshold, candidate old regions: 132 regions, reclaimable: 58818216 bytes (0.84 %), threshold: 5.00 %]
, 0.1841236 secs]
   [Parallel Time: 156.6 ms, GC Workers: 8]
      [GC Worker Start (ms): Min: 512906.8, Avg: 512929.2, Max: 512943.2, Diff: 36.4]
      [Ext Root Scanning (ms): Min: 0.0, Avg: 0.3, Max: 2.3, Diff: 2.3, Sum: 2.3]
      [Update RS (ms): Min: 100.6, Avg: 115.8, Max: 135.1, Diff: 34.6, Sum: 926.6]
         [Processed Buffers: Min: 221, Avg: 331.9, Max: 520, Diff: 299, Sum: 2655]
      [Scan RS (ms): Min: 0.0, Avg: 0.1, Max: 0.1, Diff: 0.1, Sum: 0.5]
      [Code Root Scanning (ms): Min: 0.0, Avg: 0.0, Max: 0.1, Diff: 0.1, Sum: 0.1]
      [Object Copy (ms): Min: 0.0, Avg: 0.2, Max: 0.3, Diff: 0.3, Sum: 1.6]
      [Termination (ms): Min: 0.0, Avg: 11.6, Max: 18.9, Diff: 18.9, Sum: 92.6]
         [Termination Attempts: Min: 1, Avg: 1.2, Max: 2, Diff: 1, Sum: 10]
      [GC Worker Other (ms): Min: 0.0, Avg: 0.0, Max: 0.0, Diff: 0.0, Sum: 0.1]
      [GC Worker Total (ms): Min: 112.1, Avg: 128.0, Max: 148.5, Diff: 36.4, Sum: 1023.9]
      [GC Worker End (ms): Min: 513055.2, Avg: 513057.2, Max: 513063.2, Diff: 8.0]
   [Code Root Fixup: 0.1 ms]
   [Code Root Purge: 0.0 ms]
   [Clear CT: 0.3 ms]
   [Other: 27.2 ms]
      [Choose CSet: 0.0 ms]
      [Ref Proc: 15.1 ms]
      [Ref Enq: 0.0 ms]
      [Redirty Cards: 0.3 ms]
      [Humongous Register: 0.3 ms]
      [Humongous Reclaim: 4.4 ms]
      [Free CSet: 0.1 ms]
   [Eden: 2048.0K(1490.0M)->0.0B(1104.0M) Survivors: 1024.0K->1024.0K Heap: 5581.8M(6655.0M)->3172.7M(6655.0M)]
 [Times: user=0.46 sys=0.00, real=0.18 secs] 
 513.084: [G1Ergonomics (Concurrent Cycles) request concurrent cycle initiation, reason: occupancy higher than threshold, occupancy: 4083154944 bytes, allocation request: 0 bytes, threshold: 3140222940 bytes (45.00 %), source: STW humongous allocation]
         vmop                    [threads: total initially_running wait_to_block]    [time: spin block sync cleanup vmop] page_trap_count
512.899: G1IncCollectionPause             [      32          0              1    ]      [     0     0     0     0   185    ]  0   
2017-11-17T21:57:41.913+0800: 513.085: Total time for which application threads were stopped: 0.1854054 seconds, Stopping threads took: 0.0000470 seconds
 513.677: [G1Ergonomics (Concurrent Cycles) request concurrent cycle initiation, reason: occupancy higher than threshold, occupancy: 4083154944 bytes, allocation request: 559632 bytes, threshold: 3140222940 bytes (45.00 %), source: concurrent humongous allocation]
 513.691: [G1Ergonomics (Concurrent Cycles) request concurrent cycle initiation, reason: requested by GC cause, GC cause: G1 Humongous Allocation]
 513.691: [G1Ergonomics (Concurrent Cycles) initiate concurrent cycle, reason: concurrent cycle initiation requested]
2017-11-17T21:57:42.519+0800: 513.691: [GC pause (G1 Humongous Allocation) (young) (initial-mark) 513.692: [G1Ergonomics (CSet Construction) start choosing CSet, _pending_cards: 29954, predicted base time: 36.80 ms, remaining time: 163.20 ms, target pause time: 200.00 ms]
 513.692: [G1Ergonomics (CSet Construction) add young regions to CSet, eden: 1 regions, survivors: 1 regions, predicted young region time: 0.27 ms]
 513.692: [G1Ergonomics (CSet Construction) finish choosing CSet, eden: 1 regions, survivors: 1 regions, old: 0 regions, predicted pause time: 37.07 ms, target pause time: 200.00 ms]
, 0.0321624 secs]
   [Parallel Time: 8.0 ms, GC Workers: 8]
      [GC Worker Start (ms): Min: 513692.3, Avg: 513693.0, Max: 513693.5, Diff: 1.3]
      [Ext Root Scanning (ms): Min: 0.5, Avg: 3.8, Max: 6.4, Diff: 5.9, Sum: 30.1]
      [Update RS (ms): Min: 0.0, Avg: 2.5, Max: 5.1, Diff: 5.1, Sum: 20.3]
         [Processed Buffers: Min: 0, Avg: 15.1, Max: 34, Diff: 34, Sum: 121]
      [Scan RS (ms): Min: 0.0, Avg: 0.0, Max: 0.1, Diff: 0.1, Sum: 0.3]
      [Code Root Scanning (ms): Min: 0.0, Avg: 0.0, Max: 0.1, Diff: 0.1, Sum: 0.1]
      [Object Copy (ms): Min: 0.0, Avg: 0.3, Max: 0.8, Diff: 0.8, Sum: 2.4]
      [Termination (ms): Min: 0.0, Avg: 0.3, Max: 0.5, Diff: 0.5, Sum: 2.5]
         [Termination Attempts: Min: 1, Avg: 2.6, Max: 8, Diff: 7, Sum: 21]
      [GC Worker Other (ms): Min: 0.0, Avg: 0.0, Max: 0.0, Diff: 0.0, Sum: 0.1]
      [GC Worker Total (ms): Min: 6.4, Avg: 7.0, Max: 7.7, Diff: 1.3, Sum: 55.8]
      [GC Worker End (ms): Min: 513700.0, Avg: 513700.0, Max: 513700.0, Diff: 0.0]
   [Code Root Fixup: 0.0 ms]
   [Code Root Purge: 0.0 ms]
   [Clear CT: 0.3 ms]
   [Other: 23.8 ms]
      [Choose CSet: 0.0 ms]
      [Ref Proc: 4.9 ms]
      [Ref Enq: 0.0 ms]
      [Redirty Cards: 15.4 ms]
      [Humongous Register: 0.2 ms]
      [Humongous Reclaim: 0.9 ms]
      [Free CSet: 0.2 ms]
   [Eden: 1024.0K(1103.0M)->0.0B(1270.0M) Survivors: 1024.0K->1024.0K Heap: 3817.9M(6655.0M)->3495.0M(6655.0M)]
 [Times: user=0.06 sys=0.00, real=0.03 secs] 
         vmop                    [threads: total initially_running wait_to_block]    [time: spin block sync cleanup vmop] page_trap_count
513.691: G1IncCollectionPause             [      32          0              0    ]      [     0     0     0     0    32    ]  0   
2017-11-17T21:57:42.551+0800: 513.724: Total time for which application threads were stopped: 0.0326099 seconds, Stopping threads took: 0.0000742 seconds
2017-11-17T21:57:42.551+0800: 513.724: [GC concurrent-root-region-scan-start]
2017-11-17T21:57:42.554+0800: 513.726: [GC concurrent-root-region-scan-end, 0.0021038 secs]
2017-11-17T21:57:42.554+0800: 513.726: [GC concurrent-mark-start]
2017-11-17T21:57:43.376+0800: 514.548: [GC concurrent-mark-end, 0.8220618 secs]
2017-11-17T21:57:43.376+0800: 514.548: [GC remark 2017-11-17T21:57:43.376+0800: 514.548: [Finalize Marking, 0.0136264 secs] 2017-11-17T21:57:43.390+0800: 514.562: [GC ref-proc, 0.0001760 secs] 2017-11-17T21:57:43.390+0800: 514.562: [Unloading, 0.0065540 secs], 0.0315322 secs]
 [Times: user=0.09 sys=0.00, real=0.03 secs] 
         vmop                    [threads: total initially_running wait_to_block]    [time: spin block sync cleanup vmop] page_trap_count
514.548: CGC_Operation                    [      32          0              0    ]      [     0     0     0     0    31    ]  0   
2017-11-17T21:57:43.408+0800: 514.580: Total time for which application threads were stopped: 0.0318023 seconds, Stopping threads took: 0.0000615 seconds
2017-11-17T21:57:43.408+0800: 514.580: [GC cleanup 4588M->4588M(6655M), 0.0049354 secs]
 [Times: user=0.02 sys=0.00, real=0.00 secs] 
         vmop                    [threads: total initially_running wait_to_block]    [time: spin block sync cleanup vmop] page_trap_count
514.580: CGC_Operation                    [      32          0              0    ]      [     0     0     0     0     4    ]  0   
2017-11-17T21:57:43.413+0800: 514.585: Total time for which application threads were stopped: 0.0051595 seconds, Stopping threads took: 0.0000321 seconds
         vmop                    [threads: total initially_running wait_to_block]    [time: spin block sync cleanup vmop] page_trap_count
536.587: no vm operation                  [      32          0              0    ]      [     0     0     0     0     0    ]  0   
2017-11-17T21:58:05.415+0800: 536.587: Total time for which application threads were stopped: 0.0002738 seconds, Stopping threads took: 0.0000846 seconds
         vmop                    [threads: total initially_running wait_to_block]    [time: spin block sync cleanup vmop] page_trap_count
543.334: RevokeBias                       [      32          0              0    ]      [     0     0     0     0     0    ]  0   
2017-11-17T21:58:12.162+0800: 543.334: Total time for which application threads were stopped: 0.0001492 seconds, Stopping threads took: 0.0000411 seconds
         vmop                    [threads: total initially_running wait_to_block]    [time: spin block sync cleanup vmop] page_trap_count
547.335: no vm operation                  [      31          0              0    ]      [     0     0     0     0     0    ]  0   
2017-11-17T21:58:16.163+0800: 547.335: Total time for which application threads were stopped: 0.0002634 seconds, Stopping threads took: 0.0000374 seconds
 556.239: [G1Ergonomics (Concurrent Cycles) do not request concurrent cycle initiation, reason: still doing mixed collections, occupancy: 4897898496 bytes, allocation request: 2140480 bytes, threshold: 3140222940 bytes (45.00 %), source: concurrent humongous allocation]
 556.240: [G1Ergonomics (Concurrent Cycles) do not request concurrent cycle initiation, reason: still doing mixed collections, occupancy: 4901044224 bytes, allocation request: 2140480 bytes, threshold: 3140222940 bytes (45.00 %), source: concurrent humongous allocation]
 556.249: [G1Ergonomics (Concurrent Cycles) do not request concurrent cycle initiation, reason: still doing mixed collections, occupancy: 4904189952 bytes, allocation request: 437499240 bytes, threshold: 3140222940 bytes (45.00 %), source: concurrent humongous allocation]
         vmop                    [threads: total initially_running wait_to_block]    [time: spin block sync cleanup vmop] page_trap_count
556.336: no vm operation                  [      31          0              1    ]      [     0     3     4     0     0    ]  0   
2017-11-17T21:58:25.168+0800: 556.340: Total time for which application threads were stopped: 0.0041960 seconds, Stopping threads took: 0.0040392 seconds
 556.720: [G1Ergonomics (Concurrent Cycles) do not request concurrent cycle initiation, reason: still doing mixed collections, occupancy: 5342494720 bytes, allocation request: 437491632 bytes, threshold: 3140222940 bytes (45.00 %), source: concurrent humongous allocation]
 557.173: [G1Ergonomics (Concurrent Cycles) do not request concurrent cycle initiation, reason: still doing mixed collections, occupancy: 5780799488 bytes, allocation request: 4194320 bytes, threshold: 3140222940 bytes (45.00 %), source: concurrent humongous allocation]
 557.174: [G1Ergonomics (Concurrent Cycles) do not request concurrent cycle initiation, reason: still doing mixed collections, occupancy: 5786042368 bytes, allocation request: 4194320 bytes, threshold: 3140222940 bytes (45.00 %), source: concurrent humongous allocation]
 557.879: [G1Ergonomics (Concurrent Cycles) do not request concurrent cycle initiation, reason: still doing mixed collections, occupancy: 5791285248 bytes, allocation request: 4194320 bytes, threshold: 3140222940 bytes (45.00 %), source: concurrent humongous allocation]
 557.880: [G1Ergonomics (Concurrent Cycles) do not request concurrent cycle initiation, reason: still doing mixed collections, occupancy: 5796528128 bytes, allocation request: 4194320 bytes, threshold: 3140222940 bytes (45.00 %), source: concurrent humongous allocation]
         vmop                    [threads: total initially_running wait_to_block]    [time: spin block sync cleanup vmop] page_trap_count
558.340: no vm operation                  [      31          0              0    ]      [     0     0     0     0     0    ]  0   
2017-11-17T21:58:27.168+0800: 558.340: Total time for which application threads were stopped: 0.0001952 seconds, Stopping threads took: 0.0000514 seconds
 558.820: [G1Ergonomics (Concurrent Cycles) do not request concurrent cycle initiation, reason: still doing mixed collections, occupancy: 5801771008 bytes, allocation request: 4194320 bytes, threshold: 3140222940 bytes (45.00 %), source: concurrent humongous allocation]
 558.821: [G1Ergonomics (Concurrent Cycles) do not request concurrent cycle initiation, reason: still doing mixed collections, occupancy: 5807013888 bytes, allocation request: 4194320 bytes, threshold: 3140222940 bytes (45.00 %), source: concurrent humongous allocation]
 558.839: [G1Ergonomics (Concurrent Cycles) do not request concurrent cycle initiation, reason: still doing mixed collections, occupancy: 5812256768 bytes, allocation request: 4194320 bytes, threshold: 3140222940 bytes (45.00 %), source: concurrent humongous allocation]
 558.840: [G1Ergonomics (Concurrent Cycles) do not request concurrent cycle initiation, reason: still doing mixed collections, occupancy: 5817499648 bytes, allocation request: 4194320 bytes, threshold: 3140222940 bytes (45.00 %), source: concurrent humongous allocation]
 558.858: [G1Ergonomics (Concurrent Cycles) do not request concurrent cycle initiation, reason: still doing mixed collections, occupancy: 5822742528 bytes, allocation request: 4194320 bytes, threshold: 3140222940 bytes (45.00 %), source: concurrent humongous allocation]
 558.859: [G1Ergonomics (Concurrent Cycles) do not request concurrent cycle initiation, reason: still doing mixed collections, occupancy: 5827985408 bytes, allocation request: 4194320 bytes, threshold: 3140222940 bytes (45.00 %), source: concurrent humongous allocation]
 558.870: [G1Ergonomics (Concurrent Cycles) do not request concurrent cycle initiation, reason: still doing mixed collections, occupancy: 5833228288 bytes, allocation request: 1574248 bytes, threshold: 3140222940 bytes (45.00 %), source: concurrent humongous allocation]
 558.871: [G1Ergonomics (Concurrent Cycles) do not request concurrent cycle initiation, reason: still doing mixed collections, occupancy: 5835325440 bytes, allocation request: 1574248 bytes, threshold: 3140222940 bytes (45.00 %), source: concurrent humongous allocation]
 558.880: [G1Ergonomics (Concurrent Cycles) do not request concurrent cycle initiation, reason: still doing mixed collections, occupancy: 5837422592 bytes, allocation request: 4194320 bytes, threshold: 3140222940 bytes (45.00 %), source: concurrent humongous allocation]
 558.880: [G1Ergonomics (Concurrent Cycles) do not request concurrent cycle initiation, reason: still doing mixed collections, occupancy: 5842665472 bytes, allocation request: 4194320 bytes, threshold: 3140222940 bytes (45.00 %), source: concurrent humongous allocation]
 558.896: [G1Ergonomics (Concurrent Cycles) do not request concurrent cycle initiation, reason: still doing mixed collections, occupancy: 5847908352 bytes, allocation request: 4194320 bytes, threshold: 3140222940 bytes (45.00 %), source: concurrent humongous allocation]
 558.897: [G1Ergonomics (Concurrent Cycles) do not request concurrent cycle initiation, reason: still doing mixed collections, occupancy: 5853151232 bytes, allocation request: 4194320 bytes, threshold: 3140222940 bytes (45.00 %), source: concurrent humongous allocation]
 558.913: [G1Ergonomics (Concurrent Cycles) do not request concurrent cycle initiation, reason: still doing mixed collections, occupancy: 5858394112 bytes, allocation request: 4194320 bytes, threshold: 3140222940 bytes (45.00 %), source: concurrent humongous allocation]
 558.914: [G1Ergonomics (Concurrent Cycles) do not request concurrent cycle initiation, reason: still doing mixed collections, occupancy: 5863636992 bytes, allocation request: 4194320 bytes, threshold: 3140222940 bytes (45.00 %), source: concurrent humongous allocation]
 558.926: [G1Ergonomics (Concurrent Cycles) do not request concurrent cycle initiation, reason: still doing mixed collections, occupancy: 5868879872 bytes, allocation request: 4194320 bytes, threshold: 3140222940 bytes (45.00 %), source: concurrent humongous allocation]
 558.927: [G1Ergonomics (Concurrent Cycles) do not request concurrent cycle initiation, reason: still doing mixed collections, occupancy: 5874122752 bytes, allocation request: 4194320 bytes, threshold: 3140222940 bytes (45.00 %), source: concurrent humongous allocation]
 558.940: [G1Ergonomics (Concurrent Cycles) do not request concurrent cycle initiation, reason: still doing mixed collections, occupancy: 5879365632 bytes, allocation request: 4194320 bytes, threshold: 3140222940 bytes (45.00 %), source: concurrent humongous allocation]
 558.941: [G1Ergonomics (Concurrent Cycles) do not request concurrent cycle initiation, reason: still doing mixed collections, occupancy: 5884608512 bytes, allocation request: 4194320 bytes, threshold: 3140222940 bytes (45.00 %), source: concurrent humongous allocation]
 558.954: [G1Ergonomics (Concurrent Cycles) do not request concurrent cycle initiation, reason: still doing mixed collections, occupancy: 5889851392 bytes, allocation request: 4194320 bytes, threshold: 3140222940 bytes (45.00 %), source: concurrent humongous allocation]
 558.955: [G1Ergonomics (Concurrent Cycles) do not request concurrent cycle initiation, reason: still doing mixed collections, occupancy: 5895094272 bytes, allocation request: 4194320 bytes, threshold: 3140222940 bytes (45.00 %), source: concurrent humongous allocation]
 558.966: [G1Ergonomics (Concurrent Cycles) do not request concurrent cycle initiation, reason: still doing mixed collections, occupancy: 5900337152 bytes, allocation request: 4194320 bytes, threshold: 3140222940 bytes (45.00 %), source: concurrent humongous allocation]
 558.967: [G1Ergonomics (Concurrent Cycles) do not request concurrent cycle initiation, reason: still doing mixed collections, occupancy: 5905580032 bytes, allocation request: 4194320 bytes, threshold: 3140222940 bytes (45.00 %), source: concurrent humongous allocation]
 558.980: [G1Ergonomics (Concurrent Cycles) do not request concurrent cycle initiation, reason: still doing mixed collections, occupancy: 5910822912 bytes, allocation request: 4194320 bytes, threshold: 3140222940 bytes (45.00 %), source: concurrent humongous allocation]
 558.980: [G1Ergonomics (Concurrent Cycles) do not request concurrent cycle initiation, reason: still doing mixed collections, occupancy: 5916065792 bytes, allocation request: 4194320 bytes, threshold: 3140222940 bytes (45.00 %), source: concurrent humongous allocation]
 558.992: [G1Ergonomics (Concurrent Cycles) do not request concurrent cycle initiation, reason: still doing mixed collections, occupancy: 5921308672 bytes, allocation request: 4194320 bytes, threshold: 3140222940 bytes (45.00 %), source: concurrent humongous allocation]
 558.993: [G1Ergonomics (Concurrent Cycles) do not request concurrent cycle initiation, reason: still doing mixed collections, occupancy: 5926551552 bytes, allocation request: 4194320 bytes, threshold: 3140222940 bytes (45.00 %), source: concurrent humongous allocation]
 559.005: [G1Ergonomics (Concurrent Cycles) do not request concurrent cycle initiation, reason: still doing mixed collections, occupancy: 5931794432 bytes, allocation request: 4194320 bytes, threshold: 3140222940 bytes (45.00 %), source: concurrent humongous allocation]
 559.006: [G1Ergonomics (Concurrent Cycles) do not request concurrent cycle initiation, reason: still doing mixed collections, occupancy: 5937037312 bytes, allocation request: 4194320 bytes, threshold: 3140222940 bytes (45.00 %), source: concurrent humongous allocation]
 559.019: [G1Ergonomics (Concurrent Cycles) do not request concurrent cycle initiation, reason: still doing mixed collections, occupancy: 5942280192 bytes, allocation request: 4194320 bytes, threshold: 3140222940 bytes (45.00 %), source: concurrent humongous allocation]
 559.020: [G1Ergonomics (Concurrent Cycles) do not request concurrent cycle initiation, reason: still doing mixed collections, occupancy: 5947523072 bytes, allocation request: 4194320 bytes, threshold: 3140222940 bytes (45.00 %), source: concurrent humongous allocation]
 559.031: [G1Ergonomics (Concurrent Cycles) do not request concurrent cycle initiation, reason: still doing mixed collections, occupancy: 5952765952 bytes, allocation request: 4194320 bytes, threshold: 3140222940 bytes (45.00 %), source: concurrent humongous allocation]
 559.032: [G1Ergonomics (Concurrent Cycles) do not request concurrent cycle initiation, reason: still doing mixed collections, occupancy: 5958008832 bytes, allocation request: 4194320 bytes, threshold: 3140222940 bytes (45.00 %), source: concurrent humongous allocation]
 559.052: [G1Ergonomics (Concurrent Cycles) do not request concurrent cycle initiation, reason: still doing mixed collections, occupancy: 5963251712 bytes, allocation request: 4194320 bytes, threshold: 3140222940 bytes (45.00 %), source: concurrent humongous allocation]
 559.053: [G1Ergonomics (Concurrent Cycles) do not request concurrent cycle initiation, reason: still doing mixed collections, occupancy: 5968494592 bytes, allocation request: 4194320 bytes, threshold: 3140222940 bytes (45.00 %), source: concurrent humongous allocation]
 559.066: [G1Ergonomics (Concurrent Cycles) do not request concurrent cycle initiation, reason: still doing mixed collections, occupancy: 5973737472 bytes, allocation request: 4194320 bytes, threshold: 3140222940 bytes (45.00 %), source: concurrent humongous allocation]
 559.067: [G1Ergonomics (Concurrent Cycles) do not request concurrent cycle initiation, reason: still doing mixed collections, occupancy: 5978980352 bytes, allocation request: 4194320 bytes, threshold: 3140222940 bytes (45.00 %), source: concurrent humongous allocation]
 559.083: [G1Ergonomics (Concurrent Cycles) do not request concurrent cycle initiation, reason: still doing mixed collections, occupancy: 5984223232 bytes, allocation request: 4194320 bytes, threshold: 3140222940 bytes (45.00 %), source: concurrent humongous allocation]
 559.083: [G1Ergonomics (Concurrent Cycles) do not request concurrent cycle initiation, reason: still doing mixed collections, occupancy: 5989466112 bytes, allocation request: 4194320 bytes, threshold: 3140222940 bytes (45.00 %), source: concurrent humongous allocation]
 559.096: [G1Ergonomics (Concurrent Cycles) do not request concurrent cycle initiation, reason: still doing mixed collections, occupancy: 5994708992 bytes, allocation request: 4194320 bytes, threshold: 3140222940 bytes (45.00 %), source: concurrent humongous allocation]
 559.096: [G1Ergonomics (Concurrent Cycles) do not request concurrent cycle initiation, reason: still doing mixed collections, occupancy: 5999951872 bytes, allocation request: 4194320 bytes, threshold: 3140222940 bytes (45.00 %), source: concurrent humongous allocation]
 559.109: [G1Ergonomics (Concurrent Cycles) do not request concurrent cycle initiation, reason: still doing mixed collections, occupancy: 6005194752 bytes, allocation request: 4194320 bytes, threshold: 3140222940 bytes (45.00 %), source: concurrent humongous allocation]
 559.110: [G1Ergonomics (Concurrent Cycles) do not request concurrent cycle initiation, reason: still doing mixed collections, occupancy: 6010437632 bytes, allocation request: 4194320 bytes, threshold: 3140222940 bytes (45.00 %), source: concurrent humongous allocation]
 559.123: [G1Ergonomics (Concurrent Cycles) do not request concurrent cycle initiation, reason: still doing mixed collections, occupancy: 6015680512 bytes, allocation request: 4194320 bytes, threshold: 3140222940 bytes (45.00 %), source: concurrent humongous allocation]
 559.124: [G1Ergonomics (Concurrent Cycles) do not request concurrent cycle initiation, reason: still doing mixed collections, occupancy: 6020923392 bytes, allocation request: 4194320 bytes, threshold: 3140222940 bytes (45.00 %), source: concurrent humongous allocation]
 559.137: [G1Ergonomics (Concurrent Cycles) do not request concurrent cycle initiation, reason: still doing mixed collections, occupancy: 6026166272 bytes, allocation request: 4194320 bytes, threshold: 3140222940 bytes (45.00 %), source: concurrent humongous allocation]
 559.138: [G1Ergonomics (Concurrent Cycles) do not request concurrent cycle initiation, reason: still doing mixed collections, occupancy: 6031409152 bytes, allocation request: 4194320 bytes, threshold: 3140222940 bytes (45.00 %), source: concurrent humongous allocation]
 559.152: [G1Ergonomics (Concurrent Cycles) do not request concurrent cycle initiation, reason: still doing mixed collections, occupancy: 6036652032 bytes, allocation request: 4194320 bytes, threshold: 3140222940 bytes (45.00 %), source: concurrent humongous allocation]
 559.153: [G1Ergonomics (Concurrent Cycles) do not request concurrent cycle initiation, reason: still doing mixed collections, occupancy: 6041894912 bytes, allocation request: 4194320 bytes, threshold: 3140222940 bytes (45.00 %), source: concurrent humongous allocation]
 559.166: [G1Ergonomics (Concurrent Cycles) do not request concurrent cycle initiation, reason: still doing mixed collections, occupancy: 6047137792 bytes, allocation request: 4194320 bytes, threshold: 3140222940 bytes (45.00 %), source: concurrent humongous allocation]
 559.167: [G1Ergonomics (Concurrent Cycles) do not request concurrent cycle initiation, reason: still doing mixed collections, occupancy: 6052380672 bytes, allocation request: 4194320 bytes, threshold: 3140222940 bytes (45.00 %), source: concurrent humongous allocation]
 559.197: [G1Ergonomics (Concurrent Cycles) do not request concurrent cycle initiation, reason: still doing mixed collections, occupancy: 6057623552 bytes, allocation request: 4194320 bytes, threshold: 3140222940 bytes (45.00 %), source: concurrent humongous allocation]
 559.198: [G1Ergonomics (Concurrent Cycles) do not request concurrent cycle initiation, reason: still doing mixed collections, occupancy: 6062866432 bytes, allocation request: 4194320 bytes, threshold: 3140222940 bytes (45.00 %), source: concurrent humongous allocation]
 559.215: [G1Ergonomics (Concurrent Cycles) do not request concurrent cycle initiation, reason: still doing mixed collections, occupancy: 6068109312 bytes, allocation request: 4194320 bytes, threshold: 3140222940 bytes (45.00 %), source: concurrent humongous allocation]
 559.216: [G1Ergonomics (Concurrent Cycles) do not request concurrent cycle initiation, reason: still doing mixed collections, occupancy: 6073352192 bytes, allocation request: 4194320 bytes, threshold: 3140222940 bytes (45.00 %), source: concurrent humongous allocation]
 559.240: [G1Ergonomics (Concurrent Cycles) do not request concurrent cycle initiation, reason: still doing mixed collections, occupancy: 6078595072 bytes, allocation request: 4194320 bytes, threshold: 3140222940 bytes (45.00 %), source: concurrent humongous allocation]
 559.241: [G1Ergonomics (Concurrent Cycles) do not request concurrent cycle initiation, reason: still doing mixed collections, occupancy: 6083837952 bytes, allocation request: 4194320 bytes, threshold: 3140222940 bytes (45.00 %), source: concurrent humongous allocation]
 559.256: [G1Ergonomics (Concurrent Cycles) do not request concurrent cycle initiation, reason: still doing mixed collections, occupancy: 6089080832 bytes, allocation request: 4194320 bytes, threshold: 3140222940 bytes (45.00 %), source: concurrent humongous allocation]
 559.258: [G1Ergonomics (Concurrent Cycles) do not request concurrent cycle initiation, reason: still doing mixed collections, occupancy: 6094323712 bytes, allocation request: 4194320 bytes, threshold: 3140222940 bytes (45.00 %), source: concurrent humongous allocation]
 559.271: [G1Ergonomics (Concurrent Cycles) do not request concurrent cycle initiation, reason: still doing mixed collections, occupancy: 6099566592 bytes, allocation request: 4194320 bytes, threshold: 3140222940 bytes (45.00 %), source: concurrent humongous allocation]
 559.272: [G1Ergonomics (Concurrent Cycles) do not request concurrent cycle initiation, reason: still doing mixed collections, occupancy: 6104809472 bytes, allocation request: 4194320 bytes, threshold: 3140222940 bytes (45.00 %), source: concurrent humongous allocation]
 559.285: [G1Ergonomics (Concurrent Cycles) do not request concurrent cycle initiation, reason: still doing mixed collections, occupancy: 6110052352 bytes, allocation request: 4194320 bytes, threshold: 3140222940 bytes (45.00 %), source: concurrent humongous allocation]
 559.286: [G1Ergonomics (Concurrent Cycles) do not request concurrent cycle initiation, reason: still doing mixed collections, occupancy: 6115295232 bytes, allocation request: 4194320 bytes, threshold: 3140222940 bytes (45.00 %), source: concurrent humongous allocation]
 559.296: [G1Ergonomics (Concurrent Cycles) do not request concurrent cycle initiation, reason: still doing mixed collections, occupancy: 6120538112 bytes, allocation request: 437491632 bytes, threshold: 3140222940 bytes (45.00 %), source: concurrent humongous allocation]
         vmop                    [threads: total initially_running wait_to_block]    [time: spin block sync cleanup vmop] page_trap_count
559.341: no vm operation                  [      31          0              1    ]      [     0    32    32     0     0    ]  0   
2017-11-17T21:58:28.202+0800: 559.374: Total time for which application threads were stopped: 0.0331766 seconds, Stopping threads took: 0.0329145 seconds
         vmop                    [threads: total initially_running wait_to_block]    [time: spin block sync cleanup vmop] page_trap_count
560.375: no vm operation                  [      31          0              0    ]      [     0     0     0     0     0    ]  0   
2017-11-17T21:58:29.203+0800: 560.375: Total time for which application threads were stopped: 0.0002024 seconds, Stopping threads took: 0.0000483 seconds
 561.049: [G1Ergonomics (Concurrent Cycles) do not request concurrent cycle initiation, reason: still doing mixed collections, occupancy: 6558842880 bytes, allocation request: 437491632 bytes, threshold: 3140222940 bytes (45.00 %), source: concurrent humongous allocation]
2017-11-17T21:58:29.878+0800: 561.050: [GC pause (G1 Humongous Allocation) (young) 561.050: [G1Ergonomics (CSet Construction) start choosing CSet, _pending_cards: 18286, predicted base time: 34.73 ms, remaining time: 165.27 ms, target pause time: 200.00 ms]
 561.050: [G1Ergonomics (CSet Construction) add young regions to CSet, eden: 94 regions, survivors: 1 regions, predicted young region time: 8.74 ms]
 561.050: [G1Ergonomics (CSet Construction) finish choosing CSet, eden: 94 regions, survivors: 1 regions, old: 0 regions, predicted pause time: 43.47 ms, target pause time: 200.00 ms]
 561.062: [G1Ergonomics (Mixed GCs) do not start mixed GCs, reason: reclaimable percentage not over threshold, candidate old regions: 132 regions, reclaimable: 58818216 bytes (0.84 %), threshold: 5.00 %]
, 0.0122797 secs]
   [Parallel Time: 3.5 ms, GC Workers: 8]
      [GC Worker Start (ms): Min: 561050.4, Avg: 561051.6, Max: 561053.7, Diff: 3.3]
      [Ext Root Scanning (ms): Min: 0.0, Avg: 0.4, Max: 1.1, Diff: 1.1, Sum: 3.1]
      [Update RS (ms): Min: 0.0, Avg: 1.2, Max: 2.0, Diff: 2.0, Sum: 9.6]
         [Processed Buffers: Min: 0, Avg: 10.2, Max: 19, Diff: 19, Sum: 82]
      [Scan RS (ms): Min: 0.0, Avg: 0.0, Max: 0.1, Diff: 0.1, Sum: 0.3]
      [Code Root Scanning (ms): Min: 0.0, Avg: 0.0, Max: 0.1, Diff: 0.1, Sum: 0.1]
      [Object Copy (ms): Min: 0.0, Avg: 0.2, Max: 0.4, Diff: 0.4, Sum: 1.6]
      [Termination (ms): Min: 0.0, Avg: 0.2, Max: 0.3, Diff: 0.3, Sum: 1.7]
         [Termination Attempts: Min: 1, Avg: 1.0, Max: 1, Diff: 0, Sum: 8]
      [GC Worker Other (ms): Min: 0.0, Avg: 0.0, Max: 0.0, Diff: 0.0, Sum: 0.1]
      [GC Worker Total (ms): Min: 0.0, Avg: 2.1, Max: 3.3, Diff: 3.3, Sum: 16.5]
      [GC Worker End (ms): Min: 561053.7, Avg: 561053.7, Max: 561053.7, Diff: 0.0]
   [Code Root Fixup: 0.0 ms]
   [Code Root Purge: 0.0 ms]
   [Clear CT: 0.3 ms]
   [Other: 8.4 ms]
      [Choose CSet: 0.0 ms]
      [Ref Proc: 0.5 ms]
      [Ref Enq: 0.0 ms]
      [Redirty Cards: 0.2 ms]
      [Humongous Register: 0.3 ms]
      [Humongous Reclaim: 6.8 ms]
      [Free CSet: 0.2 ms]
   [Eden: 94.0M(1270.0M)->0.0B(1919.0M) Survivors: 1024.0K->1024.0K Heap: 6195.8M(6655.0M)->2432.9M(6655.0M)]
 [Times: user=0.02 sys=0.00, real=0.01 secs] 
         vmop                    [threads: total initially_running wait_to_block]    [time: spin block sync cleanup vmop] page_trap_count
561.049: G1IncCollectionPause             [      31          0              0    ]      [     0     0     0     0    12    ]  0   
2017-11-17T21:58:29.891+0800: 561.063: Total time for which application threads were stopped: 0.0131778 seconds, Stopping threads took: 0.0000537 seconds
 562.392: [G1Ergonomics (Concurrent Cycles) request concurrent cycle initiation, reason: occupancy higher than threshold, occupancy: 3068133376 bytes, allocation request: 437491632 bytes, threshold: 3140222940 bytes (45.00 %), source: concurrent humongous allocation]
 562.393: [G1Ergonomics (Concurrent Cycles) request concurrent cycle initiation, reason: requested by GC cause, GC cause: G1 Humongous Allocation]
 562.393: [G1Ergonomics (Concurrent Cycles) initiate concurrent cycle, reason: concurrent cycle initiation requested]
2017-11-17T21:58:31.221+0800: 562.393: [GC pause (G1 Humongous Allocation) (young) (initial-mark) 562.394: [G1Ergonomics (CSet Construction) start choosing CSet, _pending_cards: 1293, predicted base time: 27.30 ms, remaining time: 172.70 ms, target pause time: 200.00 ms]
 562.394: [G1Ergonomics (CSet Construction) add young regions to CSet, eden: 84 regions, survivors: 1 regions, predicted young region time: 6.07 ms]
 562.394: [G1Ergonomics (CSet Construction) finish choosing CSet, eden: 84 regions, survivors: 1 regions, old: 0 regions, predicted pause time: 33.37 ms, target pause time: 200.00 ms]
, 0.0172187 secs]
   [Parallel Time: 9.6 ms, GC Workers: 8]
      [GC Worker Start (ms): Min: 562393.9, Avg: 562394.2, Max: 562394.6, Diff: 0.7]
      [Ext Root Scanning (ms): Min: 0.9, Avg: 3.2, Max: 9.1, Diff: 8.3, Sum: 25.8]
      [Update RS (ms): Min: 0.0, Avg: 0.1, Max: 0.3, Diff: 0.3, Sum: 0.9]
         [Processed Buffers: Min: 0, Avg: 1.5, Max: 8, Diff: 8, Sum: 12]
      [Scan RS (ms): Min: 0.0, Avg: 0.0, Max: 0.0, Diff: 0.0, Sum: 0.1]
      [Code Root Scanning (ms): Min: 0.0, Avg: 0.0, Max: 0.1, Diff: 0.1, Sum: 0.1]
      [Object Copy (ms): Min: 0.0, Avg: 0.2, Max: 0.3, Diff: 0.3, Sum: 1.5]
      [Termination (ms): Min: 0.0, Avg: 5.6, Max: 7.5, Diff: 7.5, Sum: 44.9]
         [Termination Attempts: Min: 1, Avg: 1.8, Max: 3, Diff: 2, Sum: 14]
      [GC Worker Other (ms): Min: 0.0, Avg: 0.0, Max: 0.0, Diff: 0.0, Sum: 0.1]
      [GC Worker Total (ms): Min: 8.8, Avg: 9.2, Max: 9.5, Diff: 0.7, Sum: 73.3]
      [GC Worker End (ms): Min: 562403.4, Avg: 562403.4, Max: 562403.4, Diff: 0.0]
   [Code Root Fixup: 0.1 ms]
   [Code Root Purge: 0.0 ms]
   [Clear CT: 0.2 ms]
   [Other: 7.3 ms]
      [Choose CSet: 0.0 ms]
      [Ref Proc: 3.9 ms]
      [Ref Enq: 0.0 ms]
      [Redirty Cards: 0.2 ms]
      [Humongous Register: 0.1 ms]
      [Humongous Reclaim: 0.8 ms]
      [Free CSet: 0.2 ms]
   [Eden: 84.0M(1919.0M)->0.0B(2703.0M) Survivors: 1024.0K->1024.0K Heap: 2934.1M(6655.0M)->2432.9M(6655.0M)]
 [Times: user=0.07 sys=0.00, real=0.02 secs] 
         vmop                    [threads: total initially_running wait_to_block]    [time: spin block sync cleanup vmop] page_trap_count
562.393: G1IncCollectionPause             [      31          0              0    ]      [     0     0     0     0    17    ]  0   
2017-11-17T21:58:31.238+0800: 562.410: [GC concurrent-root-region-scan-start]
2017-11-17T21:58:31.238+0800: 562.410: Total time for which application threads were stopped: 0.0177352 seconds, Stopping threads took: 0.0000625 seconds
2017-11-17T21:58:31.240+0800: 562.412: [GC concurrent-root-region-scan-end, 0.0019177 secs]
2017-11-17T21:58:31.240+0800: 562.412: [GC concurrent-mark-start]
2017-11-17T21:58:31.966+0800: 563.138: [GC concurrent-mark-end, 0.7257930 secs]
2017-11-17T21:58:31.966+0800: 563.138: [GC remark 2017-11-17T21:58:31.966+0800: 563.138: [Finalize Marking, 0.0004734 secs] 2017-11-17T21:58:31.967+0800: 563.139: [GC ref-proc, 0.0001534 secs] 2017-11-17T21:58:31.967+0800: 563.139: [Unloading, 0.0077020 secs], 0.0185542 secs]
 [Times: user=0.06 sys=0.00, real=0.02 secs] 
         vmop                    [threads: total initially_running wait_to_block]    [time: spin block sync cleanup vmop] page_trap_count
563.138: CGC_Operation                    [      31          0              0    ]      [     0     0     0     0    18    ]  0   
2017-11-17T21:58:31.985+0800: 563.157: Total time for which application threads were stopped: 0.0188254 seconds, Stopping threads took: 0.0000480 seconds
2017-11-17T21:58:31.985+0800: 563.157: [GC cleanup 2932M->2932M(6655M), 0.0076546 secs]
 [Times: user=0.01 sys=0.00, real=0.00 secs] 
         vmop                    [threads: total initially_running wait_to_block]    [time: spin block sync cleanup vmop] page_trap_count
563.157: CGC_Operation                    [      31          0              0    ]      [     0     0     0     0     7    ]  0   
2017-11-17T21:58:31.993+0800: 563.165: Total time for which application threads were stopped: 0.0078595 seconds, Stopping threads took: 0.0000332 seconds
 563.825: [G1Ergonomics (Concurrent Cycles) do not request concurrent cycle initiation, reason: still doing mixed collections, occupancy: 3068133376 bytes, allocation request: 437491632 bytes, threshold: 3140222940 bytes (45.00 %), source: concurrent humongous allocation]
         vmop                    [threads: total initially_running wait_to_block]    [time: spin block sync cleanup vmop] page_trap_count
564.165: no vm operation                  [      31          0              0    ]      [     0     0     0     0     0    ]  0   
2017-11-17T21:58:32.993+0800: 564.165: Total time for which application threads were stopped: 0.0002181 seconds, Stopping threads took: 0.0000548 seconds
 565.395: [G1Ergonomics (Concurrent Cycles) do not request concurrent cycle initiation, reason: still doing mixed collections, occupancy: 3506438144 bytes, allocation request: 437491632 bytes, threshold: 3140222940 bytes (45.00 %), source: concurrent humongous allocation]
         vmop                    [threads: total initially_running wait_to_block]    [time: spin block sync cleanup vmop] page_trap_count
566.165: no vm operation                  [      31          0              0    ]      [     0     0     0     0     0    ]  0   
2017-11-17T21:58:34.994+0800: 566.166: Total time for which application threads were stopped: 0.0002075 seconds, Stopping threads took: 0.0000459 seconds
         vmop                    [threads: total initially_running wait_to_block]    [time: spin block sync cleanup vmop] page_trap_count
610.940: RevokeBias                       [      31          0              0    ]      [     0     0     0     0     0    ]  0   
2017-11-17T21:59:19.768+0800: 610.940: Total time for which application threads were stopped: 0.0002703 seconds, Stopping threads took: 0.0001264 seconds
         vmop                    [threads: total initially_running wait_to_block]    [time: spin block sync cleanup vmop] page_trap_count
610.996: RevokeBias                       [      31          0              0    ]      [     0     0     0     0     0    ]  0   
2017-11-17T21:59:19.824+0800: 610.996: Total time for which application threads were stopped: 0.0002111 seconds, Stopping threads took: 0.0000635 seconds
         vmop                    [threads: total initially_running wait_to_block]    [time: spin block sync cleanup vmop] page_trap_count
611.322: RevokeBias                       [      31          0              0    ]      [     0     0     0     0     0    ]  0   
2017-11-17T21:59:20.151+0800: 611.323: Total time for which application threads were stopped: 0.0001831 seconds, Stopping threads took: 0.0000426 seconds
         vmop                    [threads: total initially_running wait_to_block]    [time: spin block sync cleanup vmop] page_trap_count
611.346: RevokeBias                       [      31          0              0    ]      [     0     0     0     0     0    ]  0   
2017-11-17T21:59:20.174+0800: 611.346: Total time for which application threads were stopped: 0.0001897 seconds, Stopping threads took: 0.0000515 seconds
         vmop                    [threads: total initially_running wait_to_block]    [time: spin block sync cleanup vmop] page_trap_count
615.346: no vm operation                  [      32          0              0    ]      [     0     0     0     0     0    ]  0   
2017-11-17T21:59:24.175+0800: 615.347: Total time for which application threads were stopped: 0.0002122 seconds, Stopping threads took: 0.0000625 seconds
 623.971: [G1Ergonomics (Concurrent Cycles) do not request concurrent cycle initiation, reason: still doing mixed collections, occupancy: 3944742912 bytes, allocation request: 2140480 bytes, threshold: 3140222940 bytes (45.00 %), source: concurrent humongous allocation]
 623.971: [G1Ergonomics (Concurrent Cycles) do not request concurrent cycle initiation, reason: still doing mixed collections, occupancy: 3947888640 bytes, allocation request: 2140480 bytes, threshold: 3140222940 bytes (45.00 %), source: concurrent humongous allocation]
 623.980: [G1Ergonomics (Concurrent Cycles) do not request concurrent cycle initiation, reason: still doing mixed collections, occupancy: 3951034368 bytes, allocation request: 437499240 bytes, threshold: 3140222940 bytes (45.00 %), source: concurrent humongous allocation]
         vmop                    [threads: total initially_running wait_to_block]    [time: spin block sync cleanup vmop] page_trap_count
624.348: no vm operation                  [      32          0              0    ]      [     0     0     0     0     0    ]  0   
2017-11-17T21:59:33.176+0800: 624.348: Total time for which application threads were stopped: 0.0002094 seconds, Stopping threads took: 0.0000523 seconds
         vmop                    [threads: total initially_running wait_to_block]    [time: spin block sync cleanup vmop] page_trap_count
624.378: RevokeBias                       [      32          0              0    ]      [     0     0     0     0     0    ]  0   
2017-11-17T21:59:33.207+0800: 624.379: Total time for which application threads were stopped: 0.0002476 seconds, Stopping threads took: 0.0000604 seconds
 624.382: [G1Ergonomics (Concurrent Cycles) do not request concurrent cycle initiation, reason: still doing mixed collections, occupancy: 4389339136 bytes, allocation request: 437491632 bytes, threshold: 3140222940 bytes (45.00 %), source: concurrent humongous allocation]
 624.869: [G1Ergonomics (Concurrent Cycles) do not request concurrent cycle initiation, reason: still doing mixed collections, occupancy: 4827643904 bytes, allocation request: 4194320 bytes, threshold: 3140222940 bytes (45.00 %), source: concurrent humongous allocation]
 624.870: [G1Ergonomics (Concurrent Cycles) do not request concurrent cycle initiation, reason: still doing mixed collections, occupancy: 4832886784 bytes, allocation request: 4194320 bytes, threshold: 3140222940 bytes (45.00 %), source: concurrent humongous allocation]
 624.953: [G1Ergonomics (Concurrent Cycles) do not request concurrent cycle initiation, reason: still doing mixed collections, occupancy: 4838129664 bytes, allocation request: 4194320 bytes, threshold: 3140222940 bytes (45.00 %), source: concurrent humongous allocation]
 624.954: [G1Ergonomics (Concurrent Cycles) do not request concurrent cycle initiation, reason: still doing mixed collections, occupancy: 4843372544 bytes, allocation request: 4194320 bytes, threshold: 3140222940 bytes (45.00 %), source: concurrent humongous allocation]
         vmop                    [threads: total initially_running wait_to_block]    [time: spin block sync cleanup vmop] page_trap_count
625.379: no vm operation                  [      32          0              0    ]      [     0     0     0     0     0    ]  0   
2017-11-17T21:59:34.207+0800: 625.379: Total time for which application threads were stopped: 0.0002207 seconds, Stopping threads took: 0.0000363 seconds
 626.053: [G1Ergonomics (Concurrent Cycles) do not request concurrent cycle initiation, reason: still doing mixed collections, occupancy: 4848615424 bytes, allocation request: 4194320 bytes, threshold: 3140222940 bytes (45.00 %), source: concurrent humongous allocation]
 626.054: [G1Ergonomics (Concurrent Cycles) do not request concurrent cycle initiation, reason: still doing mixed collections, occupancy: 4853858304 bytes, allocation request: 4194320 bytes, threshold: 3140222940 bytes (45.00 %), source: concurrent humongous allocation]
 626.068: [G1Ergonomics (Concurrent Cycles) do not request concurrent cycle initiation, reason: still doing mixed collections, occupancy: 4859101184 bytes, allocation request: 4194320 bytes, threshold: 3140222940 bytes (45.00 %), source: concurrent humongous allocation]
 626.069: [G1Ergonomics (Concurrent Cycles) do not request concurrent cycle initiation, reason: still doing mixed collections, occupancy: 4864344064 bytes, allocation request: 4194320 bytes, threshold: 3140222940 bytes (45.00 %), source: concurrent humongous allocation]
 626.085: [G1Ergonomics (Concurrent Cycles) do not request concurrent cycle initiation, reason: still doing mixed collections, occupancy: 4869586944 bytes, allocation request: 4194320 bytes, threshold: 3140222940 bytes (45.00 %), source: concurrent humongous allocation]
 626.086: [G1Ergonomics (Concurrent Cycles) do not request concurrent cycle initiation, reason: still doing mixed collections, occupancy: 4874829824 bytes, allocation request: 4194320 bytes, threshold: 3140222940 bytes (45.00 %), source: concurrent humongous allocation]
 626.098: [G1Ergonomics (Concurrent Cycles) do not request concurrent cycle initiation, reason: still doing mixed collections, occupancy: 4880072704 bytes, allocation request: 4194320 bytes, threshold: 3140222940 bytes (45.00 %), source: concurrent humongous allocation]
 626.099: [G1Ergonomics (Concurrent Cycles) do not request concurrent cycle initiation, reason: still doing mixed collections, occupancy: 4885315584 bytes, allocation request: 4194320 bytes, threshold: 3140222940 bytes (45.00 %), source: concurrent humongous allocation]
 626.112: [G1Ergonomics (Concurrent Cycles) do not request concurrent cycle initiation, reason: still doing mixed collections, occupancy: 4890558464 bytes, allocation request: 4194320 bytes, threshold: 3140222940 bytes (45.00 %), source: concurrent humongous allocation]
 626.113: [G1Ergonomics (Concurrent Cycles) do not request concurrent cycle initiation, reason: still doing mixed collections, occupancy: 4895801344 bytes, allocation request: 4194320 bytes, threshold: 3140222940 bytes (45.00 %), source: concurrent humongous allocation]
 626.127: [G1Ergonomics (Concurrent Cycles) do not request concurrent cycle initiation, reason: still doing mixed collections, occupancy: 4901044224 bytes, allocation request: 4194320 bytes, threshold: 3140222940 bytes (45.00 %), source: concurrent humongous allocation]
 626.128: [G1Ergonomics (Concurrent Cycles) do not request concurrent cycle initiation, reason: still doing mixed collections, occupancy: 4906287104 bytes, allocation request: 4194320 bytes, threshold: 3140222940 bytes (45.00 %), source: concurrent humongous allocation]
 626.141: [G1Ergonomics (Concurrent Cycles) do not request concurrent cycle initiation, reason: still doing mixed collections, occupancy: 4911529984 bytes, allocation request: 4194320 bytes, threshold: 3140222940 bytes (45.00 %), source: concurrent humongous allocation]
 626.142: [G1Ergonomics (Concurrent Cycles) do not request concurrent cycle initiation, reason: still doing mixed collections, occupancy: 4916772864 bytes, allocation request: 4194320 bytes, threshold: 3140222940 bytes (45.00 %), source: concurrent humongous allocation]
 626.155: [G1Ergonomics (Concurrent Cycles) do not request concurrent cycle initiation, reason: still doing mixed collections, occupancy: 4922015744 bytes, allocation request: 4194320 bytes, threshold: 3140222940 bytes (45.00 %), source: concurrent humongous allocation]
 626.156: [G1Ergonomics (Concurrent Cycles) do not request concurrent cycle initiation, reason: still doing mixed collections, occupancy: 4927258624 bytes, allocation request: 4194320 bytes, threshold: 3140222940 bytes (45.00 %), source: concurrent humongous allocation]
 626.169: [G1Ergonomics (Concurrent Cycles) do not request concurrent cycle initiation, reason: still doing mixed collections, occupancy: 4932501504 bytes, allocation request: 4194320 bytes, threshold: 3140222940 bytes (45.00 %), source: concurrent humongous allocation]
 626.170: [G1Ergonomics (Concurrent Cycles) do not request concurrent cycle initiation, reason: still doing mixed collections, occupancy: 4937744384 bytes, allocation request: 4194320 bytes, threshold: 3140222940 bytes (45.00 %), source: concurrent humongous allocation]
 626.185: [G1Ergonomics (Concurrent Cycles) do not request concurrent cycle initiation, reason: still doing mixed collections, occupancy: 4942987264 bytes, allocation request: 4194320 bytes, threshold: 3140222940 bytes (45.00 %), source: concurrent humongous allocation]
 626.186: [G1Ergonomics (Concurrent Cycles) do not request concurrent cycle initiation, reason: still doing mixed collections, occupancy: 4948230144 bytes, allocation request: 4194320 bytes, threshold: 3140222940 bytes (45.00 %), source: concurrent humongous allocation]
 626.199: [G1Ergonomics (Concurrent Cycles) do not request concurrent cycle initiation, reason: still doing mixed collections, occupancy: 4953473024 bytes, allocation request: 4194320 bytes, threshold: 3140222940 bytes (45.00 %), source: concurrent humongous allocation]
 626.200: [G1Ergonomics (Concurrent Cycles) do not request concurrent cycle initiation, reason: still doing mixed collections, occupancy: 4958715904 bytes, allocation request: 4194320 bytes, threshold: 3140222940 bytes (45.00 %), source: concurrent humongous allocation]
 626.213: [G1Ergonomics (Concurrent Cycles) do not request concurrent cycle initiation, reason: still doing mixed collections, occupancy: 4963958784 bytes, allocation request: 4194320 bytes, threshold: 3140222940 bytes (45.00 %), source: concurrent humongous allocation]
 626.214: [G1Ergonomics (Concurrent Cycles) do not request concurrent cycle initiation, reason: still doing mixed collections, occupancy: 4969201664 bytes, allocation request: 4194320 bytes, threshold: 3140222940 bytes (45.00 %), source: concurrent humongous allocation]
 626.226: [G1Ergonomics (Concurrent Cycles) do not request concurrent cycle initiation, reason: still doing mixed collections, occupancy: 4974444544 bytes, allocation request: 4194320 bytes, threshold: 3140222940 bytes (45.00 %), source: concurrent humongous allocation]
 626.227: [G1Ergonomics (Concurrent Cycles) do not request concurrent cycle initiation, reason: still doing mixed collections, occupancy: 4979687424 bytes, allocation request: 4194320 bytes, threshold: 3140222940 bytes (45.00 %), source: concurrent humongous allocation]
 626.241: [G1Ergonomics (Concurrent Cycles) do not request concurrent cycle initiation, reason: still doing mixed collections, occupancy: 4984930304 bytes, allocation request: 4194320 bytes, threshold: 3140222940 bytes (45.00 %), source: concurrent humongous allocation]
 626.242: [G1Ergonomics (Concurrent Cycles) do not request concurrent cycle initiation, reason: still doing mixed collections, occupancy: 4990173184 bytes, allocation request: 4194320 bytes, threshold: 3140222940 bytes (45.00 %), source: concurrent humongous allocation]
 626.255: [G1Ergonomics (Concurrent Cycles) do not request concurrent cycle initiation, reason: still doing mixed collections, occupancy: 4995416064 bytes, allocation request: 4194320 bytes, threshold: 3140222940 bytes (45.00 %), source: concurrent humongous allocation]
 626.256: [G1Ergonomics (Concurrent Cycles) do not request concurrent cycle initiation, reason: still doing mixed collections, occupancy: 5000658944 bytes, allocation request: 4194320 bytes, threshold: 3140222940 bytes (45.00 %), source: concurrent humongous allocation]
 626.271: [G1Ergonomics (Concurrent Cycles) do not request concurrent cycle initiation, reason: still doing mixed collections, occupancy: 5005901824 bytes, allocation request: 4194320 bytes, threshold: 3140222940 bytes (45.00 %), source: concurrent humongous allocation]
 626.272: [G1Ergonomics (Concurrent Cycles) do not request concurrent cycle initiation, reason: still doing mixed collections, occupancy: 5011144704 bytes, allocation request: 4194320 bytes, threshold: 3140222940 bytes (45.00 %), source: concurrent humongous allocation]
 626.284: [G1Ergonomics (Concurrent Cycles) do not request concurrent cycle initiation, reason: still doing mixed collections, occupancy: 5016387584 bytes, allocation request: 4194320 bytes, threshold: 3140222940 bytes (45.00 %), source: concurrent humongous allocation]
 626.285: [G1Ergonomics (Concurrent Cycles) do not request concurrent cycle initiation, reason: still doing mixed collections, occupancy: 5021630464 bytes, allocation request: 4194320 bytes, threshold: 3140222940 bytes (45.00 %), source: concurrent humongous allocation]
 626.301: [G1Ergonomics (Concurrent Cycles) do not request concurrent cycle initiation, reason: still doing mixed collections, occupancy: 5026873344 bytes, allocation request: 4194320 bytes, threshold: 3140222940 bytes (45.00 %), source: concurrent humongous allocation]
 626.302: [G1Ergonomics (Concurrent Cycles) do not request concurrent cycle initiation, reason: still doing mixed collections, occupancy: 5032116224 bytes, allocation request: 4194320 bytes, threshold: 3140222940 bytes (45.00 %), source: concurrent humongous allocation]
 626.316: [G1Ergonomics (Concurrent Cycles) do not request concurrent cycle initiation, reason: still doing mixed collections, occupancy: 5037359104 bytes, allocation request: 4194320 bytes, threshold: 3140222940 bytes (45.00 %), source: concurrent humongous allocation]
 626.317: [G1Ergonomics (Concurrent Cycles) do not request concurrent cycle initiation, reason: still doing mixed collections, occupancy: 5042601984 bytes, allocation request: 4194320 bytes, threshold: 3140222940 bytes (45.00 %), source: concurrent humongous allocation]
 626.330: [G1Ergonomics (Concurrent Cycles) do not request concurrent cycle initiation, reason: still doing mixed collections, occupancy: 5047844864 bytes, allocation request: 4194320 bytes, threshold: 3140222940 bytes (45.00 %), source: concurrent humongous allocation]
 626.331: [G1Ergonomics (Concurrent Cycles) do not request concurrent cycle initiation, reason: still doing mixed collections, occupancy: 5053087744 bytes, allocation request: 4194320 bytes, threshold: 3140222940 bytes (45.00 %), source: concurrent humongous allocation]
 626.345: [G1Ergonomics (Concurrent Cycles) do not request concurrent cycle initiation, reason: still doing mixed collections, occupancy: 5058330624 bytes, allocation request: 4194320 bytes, threshold: 3140222940 bytes (45.00 %), source: concurrent humongous allocation]
 626.346: [G1Ergonomics (Concurrent Cycles) do not request concurrent cycle initiation, reason: still doing mixed collections, occupancy: 5063573504 bytes, allocation request: 4194320 bytes, threshold: 3140222940 bytes (45.00 %), source: concurrent humongous allocation]
 626.360: [G1Ergonomics (Concurrent Cycles) do not request concurrent cycle initiation, reason: still doing mixed collections, occupancy: 5068816384 bytes, allocation request: 4194320 bytes, threshold: 3140222940 bytes (45.00 %), source: concurrent humongous allocation]
 626.361: [G1Ergonomics (Concurrent Cycles) do not request concurrent cycle initiation, reason: still doing mixed collections, occupancy: 5074059264 bytes, allocation request: 4194320 bytes, threshold: 3140222940 bytes (45.00 %), source: concurrent humongous allocation]
 626.374: [G1Ergonomics (Concurrent Cycles) do not request concurrent cycle initiation, reason: still doing mixed collections, occupancy: 5079302144 bytes, allocation request: 4194320 bytes, threshold: 3140222940 bytes (45.00 %), source: concurrent humongous allocation]
 626.375: [G1Ergonomics (Concurrent Cycles) do not request concurrent cycle initiation, reason: still doing mixed collections, occupancy: 5084545024 bytes, allocation request: 4194320 bytes, threshold: 3140222940 bytes (45.00 %), source: concurrent humongous allocation]
         vmop                    [threads: total initially_running wait_to_block]    [time: spin block sync cleanup vmop] page_trap_count
626.379: no vm operation                  [      32          0              0    ]      [     0     0     0     0     0    ]  0   
2017-11-17T21:59:35.207+0800: 626.379: Total time for which application threads were stopped: 0.0002338 seconds, Stopping threads took: 0.0000962 seconds
 626.387: [G1Ergonomics (Concurrent Cycles) do not request concurrent cycle initiation, reason: still doing mixed collections, occupancy: 5089787904 bytes, allocation request: 1529600 bytes, threshold: 3140222940 bytes (45.00 %), source: concurrent humongous allocation]
 626.388: [G1Ergonomics (Concurrent Cycles) do not request concurrent cycle initiation, reason: still doing mixed collections, occupancy: 5091885056 bytes, allocation request: 1529600 bytes, threshold: 3140222940 bytes (45.00 %), source: concurrent humongous allocation]
 626.398: [G1Ergonomics (Concurrent Cycles) do not request concurrent cycle initiation, reason: still doing mixed collections, occupancy: 5093982208 bytes, allocation request: 4194320 bytes, threshold: 3140222940 bytes (45.00 %), source: concurrent humongous allocation]
 626.399: [G1Ergonomics (Concurrent Cycles) do not request concurrent cycle initiation, reason: still doing mixed collections, occupancy: 5099225088 bytes, allocation request: 4194320 bytes, threshold: 3140222940 bytes (45.00 %), source: concurrent humongous allocation]
 626.416: [G1Ergonomics (Concurrent Cycles) do not request concurrent cycle initiation, reason: still doing mixed collections, occupancy: 5104467968 bytes, allocation request: 4194320 bytes, threshold: 3140222940 bytes (45.00 %), source: concurrent humongous allocation]
 626.418: [G1Ergonomics (Concurrent Cycles) do not request concurrent cycle initiation, reason: still doing mixed collections, occupancy: 5109710848 bytes, allocation request: 4194320 bytes, threshold: 3140222940 bytes (45.00 %), source: concurrent humongous allocation]
 626.435: [G1Ergonomics (Concurrent Cycles) do not request concurrent cycle initiation, reason: still doing mixed collections, occupancy: 5114953728 bytes, allocation request: 4194320 bytes, threshold: 3140222940 bytes (45.00 %), source: concurrent humongous allocation]
 626.436: [G1Ergonomics (Concurrent Cycles) do not request concurrent cycle initiation, reason: still doing mixed collections, occupancy: 5120196608 bytes, allocation request: 4194320 bytes, threshold: 3140222940 bytes (45.00 %), source: concurrent humongous allocation]
 626.453: [G1Ergonomics (Concurrent Cycles) do not request concurrent cycle initiation, reason: still doing mixed collections, occupancy: 5125439488 bytes, allocation request: 4194320 bytes, threshold: 3140222940 bytes (45.00 %), source: concurrent humongous allocation]
 626.454: [G1Ergonomics (Concurrent Cycles) do not request concurrent cycle initiation, reason: still doing mixed collections, occupancy: 5130682368 bytes, allocation request: 4194320 bytes, threshold: 3140222940 bytes (45.00 %), source: concurrent humongous allocation]
 626.470: [G1Ergonomics (Concurrent Cycles) do not request concurrent cycle initiation, reason: still doing mixed collections, occupancy: 5135925248 bytes, allocation request: 4194320 bytes, threshold: 3140222940 bytes (45.00 %), source: concurrent humongous allocation]
 626.471: [G1Ergonomics (Concurrent Cycles) do not request concurrent cycle initiation, reason: still doing mixed collections, occupancy: 5141168128 bytes, allocation request: 4194320 bytes, threshold: 3140222940 bytes (45.00 %), source: concurrent humongous allocation]
 626.483: [G1Ergonomics (Concurrent Cycles) do not request concurrent cycle initiation, reason: still doing mixed collections, occupancy: 5146411008 bytes, allocation request: 4194320 bytes, threshold: 3140222940 bytes (45.00 %), source: concurrent humongous allocation]
 626.484: [G1Ergonomics (Concurrent Cycles) do not request concurrent cycle initiation, reason: still doing mixed collections, occupancy: 5151653888 bytes, allocation request: 4194320 bytes, threshold: 3140222940 bytes (45.00 %), source: concurrent humongous allocation]
 626.496: [G1Ergonomics (Concurrent Cycles) do not request concurrent cycle initiation, reason: still doing mixed collections, occupancy: 5156896768 bytes, allocation request: 4194320 bytes, threshold: 3140222940 bytes (45.00 %), source: concurrent humongous allocation]
 626.497: [G1Ergonomics (Concurrent Cycles) do not request concurrent cycle initiation, reason: still doing mixed collections, occupancy: 5162139648 bytes, allocation request: 4194320 bytes, threshold: 3140222940 bytes (45.00 %), source: concurrent humongous allocation]
 626.506: [G1Ergonomics (Concurrent Cycles) do not request concurrent cycle initiation, reason: still doing mixed collections, occupancy: 5167382528 bytes, allocation request: 437491632 bytes, threshold: 3140222940 bytes (45.00 %), source: concurrent humongous allocation]
 628.200: [G1Ergonomics (Concurrent Cycles) do not request concurrent cycle initiation, reason: still doing mixed collections, occupancy: 5605687296 bytes, allocation request: 437491632 bytes, threshold: 3140222940 bytes (45.00 %), source: concurrent humongous allocation]
2017-11-17T21:59:37.029+0800: 628.201: [GC pause (G1 Humongous Allocation) (young) 628.201: [G1Ergonomics (CSet Construction) start choosing CSet, _pending_cards: 1372, predicted base time: 23.65 ms, remaining time: 176.35 ms, target pause time: 200.00 ms]
 628.201: [G1Ergonomics (CSet Construction) add young regions to CSet, eden: 341 regions, survivors: 1 regions, predicted young region time: 19.07 ms]
 628.201: [G1Ergonomics (CSet Construction) finish choosing CSet, eden: 341 regions, survivors: 1 regions, old: 0 regions, predicted pause time: 42.72 ms, target pause time: 200.00 ms]
 628.213: [G1Ergonomics (Mixed GCs) do not start mixed GCs, reason: reclaimable percentage not over threshold, candidate old regions: 132 regions, reclaimable: 58818216 bytes (0.84 %), threshold: 5.00 %]
, 0.0120709 secs]
   [Parallel Time: 1.6 ms, GC Workers: 8]
      [GC Worker Start (ms): Min: 628202.1, Avg: 628202.6, Max: 628203.6, Diff: 1.5]
      [Ext Root Scanning (ms): Min: 0.0, Avg: 0.4, Max: 1.0, Diff: 1.0, Sum: 2.8]
      [Update RS (ms): Min: 0.0, Avg: 0.1, Max: 0.3, Diff: 0.3, Sum: 1.1]
         [Processed Buffers: Min: 0, Avg: 2.6, Max: 7, Diff: 7, Sum: 21]
      [Scan RS (ms): Min: 0.0, Avg: 0.1, Max: 0.1, Diff: 0.1, Sum: 0.4]
      [Code Root Scanning (ms): Min: 0.0, Avg: 0.0, Max: 0.1, Diff: 0.1, Sum: 0.1]
      [Object Copy (ms): Min: 0.0, Avg: 0.2, Max: 0.4, Diff: 0.4, Sum: 1.5]
      [Termination (ms): Min: 0.0, Avg: 0.2, Max: 0.3, Diff: 0.3, Sum: 1.8]
         [Termination Attempts: Min: 1, Avg: 1.1, Max: 2, Diff: 1, Sum: 9]
      [GC Worker Other (ms): Min: 0.0, Avg: 0.0, Max: 0.0, Diff: 0.0, Sum: 0.1]
      [GC Worker Total (ms): Min: 0.0, Avg: 1.0, Max: 1.5, Diff: 1.5, Sum: 7.9]
      [GC Worker End (ms): Min: 628203.6, Avg: 628203.6, Max: 628203.6, Diff: 0.0]
   [Code Root Fixup: 0.0 ms]
   [Code Root Purge: 0.0 ms]
   [Clear CT: 0.4 ms]
   [Other: 10.0 ms]
      [Choose CSet: 0.0 ms]
      [Ref Proc: 3.3 ms]
      [Ref Enq: 0.0 ms]
      [Redirty Cards: 0.3 ms]
      [Humongous Register: 0.5 ms]
      [Humongous Reclaim: 5.1 ms]
      [Free CSet: 0.5 ms]
   [Eden: 341.0M(2703.0M)->0.0B(3247.0M) Survivors: 1024.0K->1024.0K Heap: 5540.3M(6655.0M)->2432.5M(6655.0M)]
 [Times: user=0.03 sys=0.01, real=0.01 secs] 
         vmop                    [threads: total initially_running wait_to_block]    [time: spin block sync cleanup vmop] page_trap_count
628.201: G1IncCollectionPause             [      32          0              0    ]      [     0     0     0     0    12    ]  0   
2017-11-17T21:59:37.042+0800: 628.214: Total time for which application threads were stopped: 0.0130232 seconds, Stopping threads took: 0.0000991 seconds
         vmop                    [threads: total initially_running wait_to_block]    [time: spin block sync cleanup vmop] page_trap_count
629.214: no vm operation                  [      32          0              0    ]      [     0     0     0     0     0    ]  0   
2017-11-17T21:59:38.042+0800: 629.214: Total time for which application threads were stopped: 0.0002225 seconds, Stopping threads took: 0.0000564 seconds
 629.589: [G1Ergonomics (Concurrent Cycles) request concurrent cycle initiation, reason: occupancy higher than threshold, occupancy: 3068133376 bytes, allocation request: 437491632 bytes, threshold: 3140222940 bytes (45.00 %), source: concurrent humongous allocation]
 629.589: [G1Ergonomics (Concurrent Cycles) request concurrent cycle initiation, reason: requested by GC cause, GC cause: G1 Humongous Allocation]
 629.590: [G1Ergonomics (Concurrent Cycles) initiate concurrent cycle, reason: concurrent cycle initiation requested]
2017-11-17T21:59:38.417+0800: 629.590: [GC pause (G1 Humongous Allocation) (young) (initial-mark) 629.590: [G1Ergonomics (CSet Construction) start choosing CSet, _pending_cards: 1292, predicted base time: 20.79 ms, remaining time: 179.21 ms, target pause time: 200.00 ms]
 629.590: [G1Ergonomics (CSet Construction) add young regions to CSet, eden: 84 regions, survivors: 1 regions, predicted young region time: 3.70 ms]
 629.590: [G1Ergonomics (CSet Construction) finish choosing CSet, eden: 84 regions, survivors: 1 regions, old: 0 regions, predicted pause time: 24.49 ms, target pause time: 200.00 ms]
, 0.0230640 secs]
   [Parallel Time: 6.4 ms, GC Workers: 8]
      [GC Worker Start (ms): Min: 629590.8, Avg: 629593.9, Max: 629594.4, Diff: 3.6]
      [Ext Root Scanning (ms): Min: 0.1, Avg: 2.6, Max: 5.4, Diff: 5.4, Sum: 20.5]
      [Update RS (ms): Min: 0.0, Avg: 0.1, Max: 0.8, Diff: 0.8, Sum: 0.8]
         [Processed Buffers: Min: 0, Avg: 1.5, Max: 12, Diff: 12, Sum: 12]
      [Scan RS (ms): Min: 0.0, Avg: 0.0, Max: 0.1, Diff: 0.1, Sum: 0.1]
      [Code Root Scanning (ms): Min: 0.0, Avg: 0.0, Max: 0.2, Diff: 0.2, Sum: 0.2]
      [Object Copy (ms): Min: 0.0, Avg: 0.1, Max: 0.8, Diff: 0.8, Sum: 1.1]
      [Termination (ms): Min: 0.0, Avg: 0.4, Max: 0.8, Diff: 0.8, Sum: 2.8]
         [Termination Attempts: Min: 1, Avg: 1.0, Max: 1, Diff: 0, Sum: 8]
      [GC Worker Other (ms): Min: 0.0, Avg: 0.0, Max: 0.0, Diff: 0.0, Sum: 0.1]
      [GC Worker Total (ms): Min: 2.7, Avg: 3.2, Max: 6.3, Diff: 3.6, Sum: 25.5]
      [GC Worker End (ms): Min: 629597.0, Avg: 629597.1, Max: 629597.1, Diff: 0.1]
   [Code Root Fixup: 0.0 ms]
   [Code Root Purge: 0.0 ms]
   [Clear CT: 0.1 ms]
   [Other: 16.4 ms]
      [Choose CSet: 0.0 ms]
      [Ref Proc: 13.0 ms]
      [Ref Enq: 0.0 ms]
      [Redirty Cards: 0.1 ms]
      [Humongous Register: 0.2 ms]
      [Humongous Reclaim: 0.8 ms]
      [Free CSet: 0.2 ms]
   [Eden: 84.0M(3247.0M)->0.0B(3296.0M) Survivors: 1024.0K->1024.0K Heap: 2933.7M(6655.0M)->2432.5M(6655.0M)]
 [Times: user=0.02 sys=0.00, real=0.02 secs] 
         vmop                    [threads: total initially_running wait_to_block]    [time: spin block sync cleanup vmop] 2017-11-17T21:59:38.441+0800: 629.613: [GC concurrent-root-region-scan-start]
page_trap_count
629.589: G1IncCollectionPause             [      32          0              0    ]      [     0     0     0     0    23    ]  0   
2017-11-17T21:59:38.441+0800: 629.613: Total time for which application threads were stopped: 0.0236003 seconds, Stopping threads took: 0.0000605 seconds
2017-11-17T21:59:38.443+0800: 629.615: [GC concurrent-root-region-scan-end, 0.0020270 secs]
2017-11-17T21:59:38.443+0800: 629.615: [GC concurrent-mark-start]
         vmop                    [threads: total initially_running wait_to_block]    [time: spin block sync cleanup vmop] page_trap_count
630.613: no vm operation                  [      32          0              0    ]      [     0     0     0     0     0    ]  0   
2017-11-17T21:59:39.441+0800: 630.613: Total time for which application threads were stopped: 0.0002143 seconds, Stopping threads took: 0.0000676 seconds
2017-11-17T21:59:39.450+0800: 630.622: [GC concurrent-mark-end, 1.0073271 secs]
2017-11-17T21:59:39.450+0800: 630.622: [GC remark 2017-11-17T21:59:39.450+0800: 630.623: [Finalize Marking, 0.0006234 secs] 2017-11-17T21:59:39.451+0800: 630.623: [GC ref-proc, 0.0002268 secs] 2017-11-17T21:59:39.451+0800: 630.623: [Unloading, 0.0072280 secs], 0.0158935 secs]
 [Times: user=0.06 sys=0.01, real=0.02 secs] 
         vmop                    [threads: total initially_running wait_to_block]    [time: spin block sync cleanup vmop] page_trap_count
630.622: CGC_Operation                    [      32          0              0    ]      [     0     0     0     0    15    ]  0   
2017-11-17T21:59:39.466+0800: 630.638: Total time for which application threads were stopped: 0.0161588 seconds, Stopping threads took: 0.0000538 seconds
2017-11-17T21:59:39.467+0800: 630.639: [GC cleanup 2932M->2932M(6655M), 0.0074324 secs]
 [Times: user=0.03 sys=0.00, real=0.00 secs] 
         vmop                    [threads: total initially_running wait_to_block]    [time: spin block sync cleanup vmop] page_trap_count
630.639: CGC_Operation                    [      32          0              0    ]      [     0     0     0     0     7    ]  0   
2017-11-17T21:59:39.474+0800: 630.646: Total time for which application threads were stopped: 0.0076990 seconds, Stopping threads took: 0.0000657 seconds
 631.109: [G1Ergonomics (Concurrent Cycles) do not request concurrent cycle initiation, reason: still doing mixed collections, occupancy: 3068133376 bytes, allocation request: 437491632 bytes, threshold: 3140222940 bytes (45.00 %), source: concurrent humongous allocation]
 633.307: [G1Ergonomics (Concurrent Cycles) do not request concurrent cycle initiation, reason: still doing mixed collections, occupancy: 3506438144 bytes, allocation request: 437491632 bytes, threshold: 3140222940 bytes (45.00 %), source: concurrent humongous allocation]
         vmop                    [threads: total initially_running wait_to_block]    [time: spin block sync cleanup vmop] page_trap_count
636.647: no vm operation                  [      32          0              0    ]      [     0     0     0     0     0    ]  0   
2017-11-17T21:59:45.475+0800: 636.647: Total time for which application threads were stopped: 0.0001858 seconds, Stopping threads took: 0.0000364 seconds
         vmop                    [threads: total initially_running wait_to_block]    [time: spin block sync cleanup vmop] page_trap_count
674.747: RevokeBias                       [      32          0              0    ]      [     0     0     0     0     0    ]  0   
2017-11-17T22:00:23.575+0800: 674.747: Total time for which application threads were stopped: 0.0002323 seconds, Stopping threads took: 0.0000900 seconds
         vmop                    [threads: total initially_running wait_to_block]    [time: spin block sync cleanup vmop] page_trap_count
685.748: no vm operation                  [      31          0              0    ]      [     0     0     0     0     0    ]  0   
2017-11-17T22:00:34.576+0800: 685.749: Total time for which application threads were stopped: 0.0002261 seconds, Stopping threads took: 0.0000656 seconds
         vmop                    [threads: total initially_running wait_to_block]    [time: spin block sync cleanup vmop] page_trap_count
690.749: no vm operation                  [      31          0              0    ]      [     0     0     0     0     0    ]  0   
2017-11-17T22:00:39.577+0800: 690.749: Total time for which application threads were stopped: 0.0001785 seconds, Stopping threads took: 0.0000434 seconds
 690.948: [G1Ergonomics (Concurrent Cycles) do not request concurrent cycle initiation, reason: still doing mixed collections, occupancy: 3944742912 bytes, allocation request: 2140480 bytes, threshold: 3140222940 bytes (45.00 %), source: concurrent humongous allocation]
 690.949: [G1Ergonomics (Concurrent Cycles) do not request concurrent cycle initiation, reason: still doing mixed collections, occupancy: 3947888640 bytes, allocation request: 2140480 bytes, threshold: 3140222940 bytes (45.00 %), source: concurrent humongous allocation]
 690.958: [G1Ergonomics (Concurrent Cycles) do not request concurrent cycle initiation, reason: still doing mixed collections, occupancy: 3951034368 bytes, allocation request: 437499240 bytes, threshold: 3140222940 bytes (45.00 %), source: concurrent humongous allocation]
 691.357: [G1Ergonomics (Concurrent Cycles) do not request concurrent cycle initiation, reason: still doing mixed collections, occupancy: 4389339136 bytes, allocation request: 437491632 bytes, threshold: 3140222940 bytes (45.00 %), source: concurrent humongous allocation]
         vmop                    [threads: total initially_running wait_to_block]    [time: spin block sync cleanup vmop] page_trap_count
691.750: no vm operation                  [      31          0              0    ]      [     0     0     0     0     0    ]  0   
2017-11-17T22:00:40.578+0800: 691.750: Total time for which application threads were stopped: 0.0002380 seconds, Stopping threads took: 0.0000537 seconds
 691.768: [G1Ergonomics (Concurrent Cycles) do not request concurrent cycle initiation, reason: still doing mixed collections, occupancy: 4827643904 bytes, allocation request: 4194320 bytes, threshold: 3140222940 bytes (45.00 %), source: concurrent humongous allocation]
 691.769: [G1Ergonomics (Concurrent Cycles) do not request concurrent cycle initiation, reason: still doing mixed collections, occupancy: 4832886784 bytes, allocation request: 4194320 bytes, threshold: 3140222940 bytes (45.00 %), source: concurrent humongous allocation]
 691.797: [G1Ergonomics (Concurrent Cycles) do not request concurrent cycle initiation, reason: still doing mixed collections, occupancy: 4838129664 bytes, allocation request: 4194320 bytes, threshold: 3140222940 bytes (45.00 %), source: concurrent humongous allocation]
 691.798: [G1Ergonomics (Concurrent Cycles) do not request concurrent cycle initiation, reason: still doing mixed collections, occupancy: 4843372544 bytes, allocation request: 4194320 bytes, threshold: 3140222940 bytes (45.00 %), source: concurrent humongous allocation]
 691.839: [G1Ergonomics (Concurrent Cycles) do not request concurrent cycle initiation, reason: still doing mixed collections, occupancy: 4848615424 bytes, allocation request: 4194320 bytes, threshold: 3140222940 bytes (45.00 %), source: concurrent humongous allocation]
 691.840: [G1Ergonomics (Concurrent Cycles) do not request concurrent cycle initiation, reason: still doing mixed collections, occupancy: 4853858304 bytes, allocation request: 4194320 bytes, threshold: 3140222940 bytes (45.00 %), source: concurrent humongous allocation]
 691.883: [G1Ergonomics (Concurrent Cycles) do not request concurrent cycle initiation, reason: still doing mixed collections, occupancy: 4859101184 bytes, allocation request: 4194320 bytes, threshold: 3140222940 bytes (45.00 %), source: concurrent humongous allocation]
 691.884: [G1Ergonomics (Concurrent Cycles) do not request concurrent cycle initiation, reason: still doing mixed collections, occupancy: 4864344064 bytes, allocation request: 4194320 bytes, threshold: 3140222940 bytes (45.00 %), source: concurrent humongous allocation]
         vmop                    [threads: total initially_running wait_to_block]    [time: spin block sync cleanup vmop] page_trap_count
691.901: RevokeBias                       [      31          0              0    ]      [     0     0     0     0     0    ]  0   
2017-11-17T22:00:40.730+0800: 691.902: Total time for which application threads were stopped: 0.0002193 seconds, Stopping threads took: 0.0000526 seconds
 691.915: [G1Ergonomics (Concurrent Cycles) do not request concurrent cycle initiation, reason: still doing mixed collections, occupancy: 4869586944 bytes, allocation request: 4194320 bytes, threshold: 3140222940 bytes (45.00 %), source: concurrent humongous allocation]
 691.916: [G1Ergonomics (Concurrent Cycles) do not request concurrent cycle initiation, reason: still doing mixed collections, occupancy: 4874829824 bytes, allocation request: 4194320 bytes, threshold: 3140222940 bytes (45.00 %), source: concurrent humongous allocation]
 691.974: [G1Ergonomics (Concurrent Cycles) do not request concurrent cycle initiation, reason: still doing mixed collections, occupancy: 4880072704 bytes, allocation request: 4194320 bytes, threshold: 3140222940 bytes (45.00 %), source: concurrent humongous allocation]
 691.975: [G1Ergonomics (Concurrent Cycles) do not request concurrent cycle initiation, reason: still doing mixed collections, occupancy: 4885315584 bytes, allocation request: 4194320 bytes, threshold: 3140222940 bytes (45.00 %), source: concurrent humongous allocation]
 691.994: [G1Ergonomics (Concurrent Cycles) do not request concurrent cycle initiation, reason: still doing mixed collections, occupancy: 4890558464 bytes, allocation request: 4194320 bytes, threshold: 3140222940 bytes (45.00 %), source: concurrent humongous allocation]
 691.995: [G1Ergonomics (Concurrent Cycles) do not request concurrent cycle initiation, reason: still doing mixed collections, occupancy: 4895801344 bytes, allocation request: 4194320 bytes, threshold: 3140222940 bytes (45.00 %), source: concurrent humongous allocation]
 692.017: [G1Ergonomics (Concurrent Cycles) do not request concurrent cycle initiation, reason: still doing mixed collections, occupancy: 4901044224 bytes, allocation request: 4194320 bytes, threshold: 3140222940 bytes (45.00 %), source: concurrent humongous allocation]
 692.018: [G1Ergonomics (Concurrent Cycles) do not request concurrent cycle initiation, reason: still doing mixed collections, occupancy: 4906287104 bytes, allocation request: 4194320 bytes, threshold: 3140222940 bytes (45.00 %), source: concurrent humongous allocation]
         vmop                    [threads: total initially_running wait_to_block]    [time: spin block sync cleanup vmop] page_trap_count
692.902: no vm operation                  [      31          0              0    ]      [     0     0     0     0     0    ]  0   
2017-11-17T22:00:41.730+0800: 692.902: Total time for which application threads were stopped: 0.0001790 seconds, Stopping threads took: 0.0000333 seconds
 693.518: [G1Ergonomics (Concurrent Cycles) do not request concurrent cycle initiation, reason: still doing mixed collections, occupancy: 4911529984 bytes, allocation request: 4194320 bytes, threshold: 3140222940 bytes (45.00 %), source: concurrent humongous allocation]
 693.519: [G1Ergonomics (Concurrent Cycles) do not request concurrent cycle initiation, reason: still doing mixed collections, occupancy: 4916772864 bytes, allocation request: 4194320 bytes, threshold: 3140222940 bytes (45.00 %), source: concurrent humongous allocation]
 693.534: [G1Ergonomics (Concurrent Cycles) do not request concurrent cycle initiation, reason: still doing mixed collections, occupancy: 4922015744 bytes, allocation request: 4194320 bytes, threshold: 3140222940 bytes (45.00 %), source: concurrent humongous allocation]
 693.535: [G1Ergonomics (Concurrent Cycles) do not request concurrent cycle initiation, reason: still doing mixed collections, occupancy: 4927258624 bytes, allocation request: 4194320 bytes, threshold: 3140222940 bytes (45.00 %), source: concurrent humongous allocation]
 693.551: [G1Ergonomics (Concurrent Cycles) do not request concurrent cycle initiation, reason: still doing mixed collections, occupancy: 4932501504 bytes, allocation request: 4194320 bytes, threshold: 3140222940 bytes (45.00 %), source: concurrent humongous allocation]
 693.552: [G1Ergonomics (Concurrent Cycles) do not request concurrent cycle initiation, reason: still doing mixed collections, occupancy: 4937744384 bytes, allocation request: 4194320 bytes, threshold: 3140222940 bytes (45.00 %), source: concurrent humongous allocation]
 693.564: [G1Ergonomics (Concurrent Cycles) do not request concurrent cycle initiation, reason: still doing mixed collections, occupancy: 4942987264 bytes, allocation request: 4194320 bytes, threshold: 3140222940 bytes (45.00 %), source: concurrent humongous allocation]
 693.564: [G1Ergonomics (Concurrent Cycles) do not request concurrent cycle initiation, reason: still doing mixed collections, occupancy: 4948230144 bytes, allocation request: 4194320 bytes, threshold: 3140222940 bytes (45.00 %), source: concurrent humongous allocation]
 693.590: [G1Ergonomics (Concurrent Cycles) do not request concurrent cycle initiation, reason: still doing mixed collections, occupancy: 4953473024 bytes, allocation request: 4194320 bytes, threshold: 3140222940 bytes (45.00 %), source: concurrent humongous allocation]
 693.591: [G1Ergonomics (Concurrent Cycles) do not request concurrent cycle initiation, reason: still doing mixed collections, occupancy: 4958715904 bytes, allocation request: 4194320 bytes, threshold: 3140222940 bytes (45.00 %), source: concurrent humongous allocation]
 693.604: [G1Ergonomics (Concurrent Cycles) do not request concurrent cycle initiation, reason: still doing mixed collections, occupancy: 4963958784 bytes, allocation request: 4194320 bytes, threshold: 3140222940 bytes (45.00 %), source: concurrent humongous allocation]
 693.605: [G1Ergonomics (Concurrent Cycles) do not request concurrent cycle initiation, reason: still doing mixed collections, occupancy: 4969201664 bytes, allocation request: 4194320 bytes, threshold: 3140222940 bytes (45.00 %), source: concurrent humongous allocation]
 693.617: [G1Ergonomics (Concurrent Cycles) do not request concurrent cycle initiation, reason: still doing mixed collections, occupancy: 4974444544 bytes, allocation request: 4194320 bytes, threshold: 3140222940 bytes (45.00 %), source: concurrent humongous allocation]
 693.617: [G1Ergonomics (Concurrent Cycles) do not request concurrent cycle initiation, reason: still doing mixed collections, occupancy: 4979687424 bytes, allocation request: 4194320 bytes, threshold: 3140222940 bytes (45.00 %), source: concurrent humongous allocation]
 693.630: [G1Ergonomics (Concurrent Cycles) do not request concurrent cycle initiation, reason: still doing mixed collections, occupancy: 4984930304 bytes, allocation request: 4194320 bytes, threshold: 3140222940 bytes (45.00 %), source: concurrent humongous allocation]
 693.631: [G1Ergonomics (Concurrent Cycles) do not request concurrent cycle initiation, reason: still doing mixed collections, occupancy: 4990173184 bytes, allocation request: 4194320 bytes, threshold: 3140222940 bytes (45.00 %), source: concurrent humongous allocation]
 693.642: [G1Ergonomics (Concurrent Cycles) do not request concurrent cycle initiation, reason: still doing mixed collections, occupancy: 4995416064 bytes, allocation request: 4194320 bytes, threshold: 3140222940 bytes (45.00 %), source: concurrent humongous allocation]
 693.643: [G1Ergonomics (Concurrent Cycles) do not request concurrent cycle initiation, reason: still doing mixed collections, occupancy: 5000658944 bytes, allocation request: 4194320 bytes, threshold: 3140222940 bytes (45.00 %), source: concurrent humongous allocation]
 693.655: [G1Ergonomics (Concurrent Cycles) do not request concurrent cycle initiation, reason: still doing mixed collections, occupancy: 5005901824 bytes, allocation request: 4194320 bytes, threshold: 3140222940 bytes (45.00 %), source: concurrent humongous allocation]
 693.656: [G1Ergonomics (Concurrent Cycles) do not request concurrent cycle initiation, reason: still doing mixed collections, occupancy: 5011144704 bytes, allocation request: 4194320 bytes, threshold: 3140222940 bytes (45.00 %), source: concurrent humongous allocation]
 693.670: [G1Ergonomics (Concurrent Cycles) do not request concurrent cycle initiation, reason: still doing mixed collections, occupancy: 5016387584 bytes, allocation request: 4194320 bytes, threshold: 3140222940 bytes (45.00 %), source: concurrent humongous allocation]
 693.671: [G1Ergonomics (Concurrent Cycles) do not request concurrent cycle initiation, reason: still doing mixed collections, occupancy: 5021630464 bytes, allocation request: 4194320 bytes, threshold: 3140222940 bytes (45.00 %), source: concurrent humongous allocation]
 693.684: [G1Ergonomics (Concurrent Cycles) do not request concurrent cycle initiation, reason: still doing mixed collections, occupancy: 5026873344 bytes, allocation request: 4194320 bytes, threshold: 3140222940 bytes (45.00 %), source: concurrent humongous allocation]
 693.685: [G1Ergonomics (Concurrent Cycles) do not request concurrent cycle initiation, reason: still doing mixed collections, occupancy: 5032116224 bytes, allocation request: 4194320 bytes, threshold: 3140222940 bytes (45.00 %), source: concurrent humongous allocation]
 693.698: [G1Ergonomics (Concurrent Cycles) do not request concurrent cycle initiation, reason: still doing mixed collections, occupancy: 5037359104 bytes, allocation request: 4194320 bytes, threshold: 3140222940 bytes (45.00 %), source: concurrent humongous allocation]
 693.699: [G1Ergonomics (Concurrent Cycles) do not request concurrent cycle initiation, reason: still doing mixed collections, occupancy: 5042601984 bytes, allocation request: 4194320 bytes, threshold: 3140222940 bytes (45.00 %), source: concurrent humongous allocation]
 693.723: [G1Ergonomics (Concurrent Cycles) do not request concurrent cycle initiation, reason: still doing mixed collections, occupancy: 5047844864 bytes, allocation request: 4194320 bytes, threshold: 3140222940 bytes (45.00 %), source: concurrent humongous allocation]
 693.724: [G1Ergonomics (Concurrent Cycles) do not request concurrent cycle initiation, reason: still doing mixed collections, occupancy: 5053087744 bytes, allocation request: 4194320 bytes, threshold: 3140222940 bytes (45.00 %), source: concurrent humongous allocation]
 693.736: [G1Ergonomics (Concurrent Cycles) do not request concurrent cycle initiation, reason: still doing mixed collections, occupancy: 5058330624 bytes, allocation request: 4194320 bytes, threshold: 3140222940 bytes (45.00 %), source: concurrent humongous allocation]
 693.737: [G1Ergonomics (Concurrent Cycles) do not request concurrent cycle initiation, reason: still doing mixed collections, occupancy: 5063573504 bytes, allocation request: 4194320 bytes, threshold: 3140222940 bytes (45.00 %), source: concurrent humongous allocation]
 693.752: [G1Ergonomics (Concurrent Cycles) do not request concurrent cycle initiation, reason: still doing mixed collections, occupancy: 5068816384 bytes, allocation request: 4194320 bytes, threshold: 3140222940 bytes (45.00 %), source: concurrent humongous allocation]
 693.753: [G1Ergonomics (Concurrent Cycles) do not request concurrent cycle initiation, reason: still doing mixed collections, occupancy: 5074059264 bytes, allocation request: 4194320 bytes, threshold: 3140222940 bytes (45.00 %), source: concurrent humongous allocation]
 693.768: [G1Ergonomics (Concurrent Cycles) do not request concurrent cycle initiation, reason: still doing mixed collections, occupancy: 5079302144 bytes, allocation request: 1721088 bytes, threshold: 3140222940 bytes (45.00 %), source: concurrent humongous allocation]
 693.768: [G1Ergonomics (Concurrent Cycles) do not request concurrent cycle initiation, reason: still doing mixed collections, occupancy: 5081399296 bytes, allocation request: 1721088 bytes, threshold: 3140222940 bytes (45.00 %), source: concurrent humongous allocation]
 693.778: [G1Ergonomics (Concurrent Cycles) do not request concurrent cycle initiation, reason: still doing mixed collections, occupancy: 5083496448 bytes, allocation request: 4194320 bytes, threshold: 3140222940 bytes (45.00 %), source: concurrent humongous allocation]
 693.779: [G1Ergonomics (Concurrent Cycles) do not request concurrent cycle initiation, reason: still doing mixed collections, occupancy: 5088739328 bytes, allocation request: 4194320 bytes, threshold: 3140222940 bytes (45.00 %), source: concurrent humongous allocation]
 693.795: [G1Ergonomics (Concurrent Cycles) do not request concurrent cycle initiation, reason: still doing mixed collections, occupancy: 5093982208 bytes, allocation request: 4194320 bytes, threshold: 3140222940 bytes (45.00 %), source: concurrent humongous allocation]
 693.796: [G1Ergonomics (Concurrent Cycles) do not request concurrent cycle initiation, reason: still doing mixed collections, occupancy: 5099225088 bytes, allocation request: 4194320 bytes, threshold: 3140222940 bytes (45.00 %), source: concurrent humongous allocation]
 693.811: [G1Ergonomics (Concurrent Cycles) do not request concurrent cycle initiation, reason: still doing mixed collections, occupancy: 5104467968 bytes, allocation request: 4194320 bytes, threshold: 3140222940 bytes (45.00 %), source: concurrent humongous allocation]
 693.812: [G1Ergonomics (Concurrent Cycles) do not request concurrent cycle initiation, reason: still doing mixed collections, occupancy: 5109710848 bytes, allocation request: 4194320 bytes, threshold: 3140222940 bytes (45.00 %), source: concurrent humongous allocation]
 693.828: [G1Ergonomics (Concurrent Cycles) do not request concurrent cycle initiation, reason: still doing mixed collections, occupancy: 5114953728 bytes, allocation request: 4194320 bytes, threshold: 3140222940 bytes (45.00 %), source: concurrent humongous allocation]
 693.829: [G1Ergonomics (Concurrent Cycles) do not request concurrent cycle initiation, reason: still doing mixed collections, occupancy: 5120196608 bytes, allocation request: 4194320 bytes, threshold: 3140222940 bytes (45.00 %), source: concurrent humongous allocation]
 693.842: [G1Ergonomics (Concurrent Cycles) do not request concurrent cycle initiation, reason: still doing mixed collections, occupancy: 5125439488 bytes, allocation request: 4194320 bytes, threshold: 3140222940 bytes (45.00 %), source: concurrent humongous allocation]
 693.843: [G1Ergonomics (Concurrent Cycles) do not request concurrent cycle initiation, reason: still doing mixed collections, occupancy: 5130682368 bytes, allocation request: 4194320 bytes, threshold: 3140222940 bytes (45.00 %), source: concurrent humongous allocation]
 693.857: [G1Ergonomics (Concurrent Cycles) do not request concurrent cycle initiation, reason: still doing mixed collections, occupancy: 5135925248 bytes, allocation request: 4194320 bytes, threshold: 3140222940 bytes (45.00 %), source: concurrent humongous allocation]
 693.858: [G1Ergonomics (Concurrent Cycles) do not request concurrent cycle initiation, reason: still doing mixed collections, occupancy: 5141168128 bytes, allocation request: 4194320 bytes, threshold: 3140222940 bytes (45.00 %), source: concurrent humongous allocation]
 693.872: [G1Ergonomics (Concurrent Cycles) do not request concurrent cycle initiation, reason: still doing mixed collections, occupancy: 5146411008 bytes, allocation request: 4194320 bytes, threshold: 3140222940 bytes (45.00 %), source: concurrent humongous allocation]
 693.873: [G1Ergonomics (Concurrent Cycles) do not request concurrent cycle initiation, reason: still doing mixed collections, occupancy: 5151653888 bytes, allocation request: 4194320 bytes, threshold: 3140222940 bytes (45.00 %), source: concurrent humongous allocation]
 693.888: [G1Ergonomics (Concurrent Cycles) do not request concurrent cycle initiation, reason: still doing mixed collections, occupancy: 5156896768 bytes, allocation request: 4194320 bytes, threshold: 3140222940 bytes (45.00 %), source: concurrent humongous allocation]
 693.889: [G1Ergonomics (Concurrent Cycles) do not request concurrent cycle initiation, reason: still doing mixed collections, occupancy: 5162139648 bytes, allocation request: 4194320 bytes, threshold: 3140222940 bytes (45.00 %), source: concurrent humongous allocation]
 693.899: [G1Ergonomics (Concurrent Cycles) do not request concurrent cycle initiation, reason: still doing mixed collections, occupancy: 5167382528 bytes, allocation request: 437491632 bytes, threshold: 3140222940 bytes (45.00 %), source: concurrent humongous allocation]
         vmop                    [threads: total initially_running wait_to_block]    [time: spin block sync cleanup vmop] page_trap_count
693.902: no vm operation                  [      31          0              1    ]      [     0    77    77     0     0    ]  0   
2017-11-17T22:00:42.808+0800: 693.980: Total time for which application threads were stopped: 0.0782067 seconds, Stopping threads took: 0.0779479 seconds
         vmop                    [threads: total initially_running wait_to_block]    [time: spin block sync cleanup vmop] page_trap_count
694.378: RevokeBias                       [      31          0              0    ]      [     0     0     0     0     0    ]  0   
2017-11-17T22:00:43.207+0800: 694.379: Total time for which application threads were stopped: 0.0002484 seconds, Stopping threads took: 0.0000476 seconds
 696.121: [G1Ergonomics (Concurrent Cycles) do not request concurrent cycle initiation, reason: still doing mixed collections, occupancy: 5605687296 bytes, allocation request: 437491632 bytes, threshold: 3140222940 bytes (45.00 %), source: concurrent humongous allocation]
2017-11-17T22:00:44.950+0800: 696.122: [GC pause (G1 Humongous Allocation) (young) 696.122: [G1Ergonomics (CSet Construction) start choosing CSet, _pending_cards: 613, predicted base time: 22.01 ms, remaining time: 177.99 ms, target pause time: 200.00 ms]
 696.122: [G1Ergonomics (CSet Construction) add young regions to CSet, eden: 342 regions, survivors: 1 regions, predicted young region time: 11.79 ms]
 696.122: [G1Ergonomics (CSet Construction) finish choosing CSet, eden: 342 regions, survivors: 1 regions, old: 0 regions, predicted pause time: 33.80 ms, target pause time: 200.00 ms]
 696.136: [G1Ergonomics (Mixed GCs) do not start mixed GCs, reason: reclaimable percentage not over threshold, candidate old regions: 132 regions, reclaimable: 58818216 bytes (0.84 %), threshold: 5.00 %]
, 0.0138633 secs]
   [Parallel Time: 2.0 ms, GC Workers: 8]
      [GC Worker Start (ms): Min: 696122.5, Avg: 696123.5, Max: 696124.4, Diff: 1.9]
      [Ext Root Scanning (ms): Min: 0.0, Avg: 0.3, Max: 1.0, Diff: 1.0, Sum: 2.8]
      [Update RS (ms): Min: 0.0, Avg: 0.2, Max: 0.7, Diff: 0.7, Sum: 1.2]
         [Processed Buffers: Min: 0, Avg: 2.1, Max: 15, Diff: 15, Sum: 17]
      [Scan RS (ms): Min: 0.0, Avg: 0.1, Max: 0.1, Diff: 0.1, Sum: 0.4]
      [Code Root Scanning (ms): Min: 0.0, Avg: 0.0, Max: 0.1, Diff: 0.1, Sum: 0.1]
      [Object Copy (ms): Min: 0.0, Avg: 0.2, Max: 0.5, Diff: 0.5, Sum: 1.6]
      [Termination (ms): Min: 0.0, Avg: 0.2, Max: 0.4, Diff: 0.4, Sum: 1.8]
         [Termination Attempts: Min: 1, Avg: 2.6, Max: 8, Diff: 7, Sum: 21]
      [GC Worker Other (ms): Min: 0.0, Avg: 0.0, Max: 0.0, Diff: 0.0, Sum: 0.1]
      [GC Worker Total (ms): Min: 0.0, Avg: 1.0, Max: 1.9, Diff: 1.9, Sum: 8.0]
      [GC Worker End (ms): Min: 696124.5, Avg: 696124.5, Max: 696124.5, Diff: 0.0]
   [Code Root Fixup: 0.0 ms]
   [Code Root Purge: 0.0 ms]
   [Clear CT: 0.2 ms]
   [Other: 11.6 ms]
      [Choose CSet: 0.0 ms]
      [Ref Proc: 4.2 ms]
      [Ref Enq: 0.0 ms]
      [Redirty Cards: 0.1 ms]
      [Humongous Register: 0.3 ms]
      [Humongous Reclaim: 6.1 ms]
      [Free CSet: 0.4 ms]
   [Eden: 342.0M(3296.0M)->0.0B(3890.0M) Survivors: 1024.0K->1024.0K Heap: 5541.2M(6655.0M)->1886.0M(6655.0M)]
 [Times: user=0.03 sys=0.00, real=0.02 secs] 
         vmop                    [threads: total initially_running wait_to_block]    [time: spin block sync cleanup vmop] page_trap_count
696.122: G1IncCollectionPause             [      31          0              1    ]      [     0     0     0     0    14    ]  0   
2017-11-17T22:00:44.965+0800: 696.137: Total time for which application threads were stopped: 0.0149830 seconds, Stopping threads took: 0.0000412 seconds
 698.948: [G1Ergonomics (Concurrent Cycles) request concurrent cycle initiation, reason: occupancy higher than threshold, occupancy: 2898264064 bytes, allocation request: 437491632 bytes, threshold: 3140222940 bytes (45.00 %), source: concurrent humongous allocation]
 698.949: [G1Ergonomics (Concurrent Cycles) request concurrent cycle initiation, reason: requested by GC cause, GC cause: G1 Humongous Allocation]
 698.949: [G1Ergonomics (Concurrent Cycles) initiate concurrent cycle, reason: concurrent cycle initiation requested]
2017-11-17T22:00:47.777+0800: 698.949: [GC pause (G1 Humongous Allocation) (young) (initial-mark) 698.950: [G1Ergonomics (CSet Construction) start choosing CSet, _pending_cards: 1043, predicted base time: 20.04 ms, remaining time: 179.96 ms, target pause time: 200.00 ms]
 698.950: [G1Ergonomics (CSet Construction) add young regions to CSet, eden: 167 regions, survivors: 1 regions, predicted young region time: 4.55 ms]
 698.950: [G1Ergonomics (CSet Construction) finish choosing CSet, eden: 167 regions, survivors: 1 regions, old: 0 regions, predicted pause time: 24.59 ms, target pause time: 200.00 ms]
, 0.0072494 secs]
   [Parallel Time: 2.5 ms, GC Workers: 8]
      [GC Worker Start (ms): Min: 698949.7, Avg: 698950.3, Max: 698951.1, Diff: 1.4]
      [Ext Root Scanning (ms): Min: 0.1, Avg: 1.2, Max: 2.1, Diff: 2.0, Sum: 9.5]
      [Update RS (ms): Min: 0.0, Avg: 0.1, Max: 0.4, Diff: 0.4, Sum: 1.0]
         [Processed Buffers: Min: 0, Avg: 1.6, Max: 5, Diff: 5, Sum: 13]
      [Scan RS (ms): Min: 0.0, Avg: 0.0, Max: 0.1, Diff: 0.1, Sum: 0.2]
      [Code Root Scanning (ms): Min: 0.0, Avg: 0.0, Max: 0.1, Diff: 0.1, Sum: 0.1]
      [Object Copy (ms): Min: 0.0, Avg: 0.2, Max: 0.5, Diff: 0.4, Sum: 1.5]
      [Termination (ms): Min: 0.0, Avg: 0.2, Max: 0.3, Diff: 0.3, Sum: 1.4]
         [Termination Attempts: Min: 1, Avg: 1.0, Max: 1, Diff: 0, Sum: 8]
      [GC Worker Other (ms): Min: 0.0, Avg: 0.0, Max: 0.0, Diff: 0.0, Sum: 0.1]
      [GC Worker Total (ms): Min: 0.9, Avg: 1.7, Max: 2.3, Diff: 1.4, Sum: 13.8]
      [GC Worker End (ms): Min: 698952.0, Avg: 698952.0, Max: 698952.0, Diff: 0.0]
   [Code Root Fixup: 0.0 ms]
   [Code Root Purge: 0.0 ms]
   [Clear CT: 0.2 ms]
   [Other: 4.5 ms]
      [Choose CSet: 0.0 ms]
      [Ref Proc: 0.5 ms]
      [Ref Enq: 0.0 ms]
      [Redirty Cards: 0.2 ms]
      [Humongous Register: 0.1 ms]
      [Humongous Reclaim: 1.4 ms]
      [Free CSet: 0.3 ms]
   [Eden: 167.0M(3890.0M)->0.0B(3925.0M) Survivors: 1024.0K->1024.0K Heap: 2887.4M(6655.0M)->1886.0M(6655.0M)]
 [Times: user=0.01 sys=0.00, real=0.01 secs] 
         vmop                    [threads: total initially_running wait_to_block]    [time: spin block sync cleanup vmop] page_trap_count
698.948: G1IncCollectionPause             [      31          0              0    ]      [     0     0     0     0     7    ]  0   
2017-11-17T22:00:47.784+0800: 698.956: [GC concurrent-root-region-scan-start]
2017-11-17T22:00:47.784+0800: 698.956: Total time for which application threads were stopped: 0.0076503 seconds, Stopping threads took: 0.0000521 seconds
2017-11-17T22:00:47.786+0800: 698.958: [GC concurrent-root-region-scan-end, 0.0019308 secs]
2017-11-17T22:00:47.786+0800: 698.958: [GC concurrent-mark-start]
2017-11-17T22:00:48.587+0800: 699.760: [GC concurrent-mark-end, 0.8015364 secs]
2017-11-17T22:00:48.588+0800: 699.760: [GC remark 2017-11-17T22:00:48.588+0800: 699.760: [Finalize Marking, 0.0005500 secs] 2017-11-17T22:00:48.588+0800: 699.760: [GC ref-proc, 0.0001749 secs] 2017-11-17T22:00:48.589+0800: 699.761: [Unloading, 0.0062432 secs], 0.0141308 secs]
 [Times: user=0.06 sys=0.00, real=0.01 secs] 
         vmop                    [threads: total initially_running wait_to_block]    [time: spin block sync cleanup vmop] page_trap_count
699.760: CGC_Operation                    [      31          0              0    ]      [     0     0     0     0    14    ]  0   
2017-11-17T22:00:48.602+0800: 699.774: Total time for which application threads were stopped: 0.0144040 seconds, Stopping threads took: 0.0000702 seconds
2017-11-17T22:00:48.602+0800: 699.774: [GC cleanup 2383M->2383M(6655M), 0.0052283 secs]
 [Times: user=0.02 sys=0.00, real=0.01 secs] 
         vmop                    [threads: total initially_running wait_to_block]    [time: spin block sync cleanup vmop] page_trap_count
699.774: CGC_Operation                    [      31          0              0    ]      [     0     0     0     0     5    ]  0   
2017-11-17T22:00:48.608+0800: 699.780: Total time for which application threads were stopped: 0.0054738 seconds, Stopping threads took: 0.0000413 seconds
         vmop                    [threads: total initially_running wait_to_block]    [time: spin block sync cleanup vmop] page_trap_count
700.780: no vm operation                  [      31          1              1    ]      [     0     0     0     0     0    ]  0   
2017-11-17T22:00:49.608+0800: 700.780: Total time for which application threads were stopped: 0.0002522 seconds, Stopping threads took: 0.0000968 seconds
         vmop                    [threads: total initially_running wait_to_block]    [time: spin block sync cleanup vmop] page_trap_count
701.780: no vm operation                  [      31          0              0    ]      [     0     0     0     0     0    ]  0   
2017-11-17T22:00:50.608+0800: 701.780: Total time for which application threads were stopped: 0.0002049 seconds, Stopping threads took: 0.0000378 seconds
         vmop                    [threads: total initially_running wait_to_block]    [time: spin block sync cleanup vmop] page_trap_count
706.781: no vm operation                  [      31          0              0    ]      [     0     0     0     0     0    ]  0   
2017-11-17T22:00:55.609+0800: 706.781: Total time for which application threads were stopped: 0.0002021 seconds, Stopping threads took: 0.0000569 seconds
         vmop                    [threads: total initially_running wait_to_block]    [time: spin block sync cleanup vmop] page_trap_count
750.820: RevokeBias                       [      31          0              0    ]      [     0     0     0     0     0    ]  0   
2017-11-17T22:01:39.648+0800: 750.820: Total time for which application threads were stopped: 0.0002606 seconds, Stopping threads took: 0.0001101 seconds
         vmop                    [threads: total initially_running wait_to_block]    [time: spin block sync cleanup vmop] page_trap_count
750.820: RevokeBias                       [      29          0              0    ]      [     0     0     0     0     0    ]  0   
2017-11-17T22:01:39.648+0800: 750.820: Total time for which application threads were stopped: 0.0000912 seconds, Stopping threads took: 0.0000268 seconds
         vmop                    [threads: total initially_running wait_to_block]    [time: spin block sync cleanup vmop] page_trap_count
754.821: no vm operation                  [      31          0              0    ]      [     0     0     0     0     0    ]  0   
2017-11-17T22:01:43.649+0800: 754.821: Total time for which application threads were stopped: 0.0001943 seconds, Stopping threads took: 0.0000559 seconds
         vmop                    [threads: total initially_running wait_to_block]    [time: spin block sync cleanup vmop] page_trap_count
761.821: no vm operation                  [      31          0              0    ]      [     0     0     0     0     0    ]  0   
2017-11-17T22:01:50.649+0800: 761.822: Total time for which application threads were stopped: 0.0002115 seconds, Stopping threads took: 0.0000702 seconds
 762.316: [G1Ergonomics (Concurrent Cycles) do not request concurrent cycle initiation, reason: still doing mixed collections, occupancy: 3139436544 bytes, allocation request: 4194320 bytes, threshold: 3140222940 bytes (45.00 %), source: concurrent humongous allocation]
 762.317: [G1Ergonomics (Concurrent Cycles) do not request concurrent cycle initiation, reason: still doing mixed collections, occupancy: 3144679424 bytes, allocation request: 4194320 bytes, threshold: 3140222940 bytes (45.00 %), source: concurrent humongous allocation]
 762.330: [G1Ergonomics (Concurrent Cycles) do not request concurrent cycle initiation, reason: still doing mixed collections, occupancy: 3149922304 bytes, allocation request: 4194320 bytes, threshold: 3140222940 bytes (45.00 %), source: concurrent humongous allocation]
 762.331: [G1Ergonomics (Concurrent Cycles) do not request concurrent cycle initiation, reason: still doing mixed collections, occupancy: 3155165184 bytes, allocation request: 4194320 bytes, threshold: 3140222940 bytes (45.00 %), source: concurrent humongous allocation]
 762.343: [G1Ergonomics (Concurrent Cycles) do not request concurrent cycle initiation, reason: still doing mixed collections, occupancy: 3160408064 bytes, allocation request: 4194320 bytes, threshold: 3140222940 bytes (45.00 %), source: concurrent humongous allocation]
 762.344: [G1Ergonomics (Concurrent Cycles) do not request concurrent cycle initiation, reason: still doing mixed collections, occupancy: 3165650944 bytes, allocation request: 4194320 bytes, threshold: 3140222940 bytes (45.00 %), source: concurrent humongous allocation]
 762.356: [G1Ergonomics (Concurrent Cycles) do not request concurrent cycle initiation, reason: still doing mixed collections, occupancy: 3170893824 bytes, allocation request: 4194320 bytes, threshold: 3140222940 bytes (45.00 %), source: concurrent humongous allocation]
 762.357: [G1Ergonomics (Concurrent Cycles) do not request concurrent cycle initiation, reason: still doing mixed collections, occupancy: 3176136704 bytes, allocation request: 4194320 bytes, threshold: 3140222940 bytes (45.00 %), source: concurrent humongous allocation]
 762.369: [G1Ergonomics (Concurrent Cycles) do not request concurrent cycle initiation, reason: still doing mixed collections, occupancy: 3181379584 bytes, allocation request: 4194320 bytes, threshold: 3140222940 bytes (45.00 %), source: concurrent humongous allocation]
 762.370: [G1Ergonomics (Concurrent Cycles) do not request concurrent cycle initiation, reason: still doing mixed collections, occupancy: 3186622464 bytes, allocation request: 4194320 bytes, threshold: 3140222940 bytes (45.00 %), source: concurrent humongous allocation]
 762.382: [G1Ergonomics (Concurrent Cycles) do not request concurrent cycle initiation, reason: still doing mixed collections, occupancy: 3191865344 bytes, allocation request: 4194320 bytes, threshold: 3140222940 bytes (45.00 %), source: concurrent humongous allocation]
 762.383: [G1Ergonomics (Concurrent Cycles) do not request concurrent cycle initiation, reason: still doing mixed collections, occupancy: 3197108224 bytes, allocation request: 4194320 bytes, threshold: 3140222940 bytes (45.00 %), source: concurrent humongous allocation]
 762.395: [G1Ergonomics (Concurrent Cycles) do not request concurrent cycle initiation, reason: still doing mixed collections, occupancy: 3202351104 bytes, allocation request: 4194320 bytes, threshold: 3140222940 bytes (45.00 %), source: concurrent humongous allocation]
 762.396: [G1Ergonomics (Concurrent Cycles) do not request concurrent cycle initiation, reason: still doing mixed collections, occupancy: 3207593984 bytes, allocation request: 4194320 bytes, threshold: 3140222940 bytes (45.00 %), source: concurrent humongous allocation]
 762.408: [G1Ergonomics (Concurrent Cycles) do not request concurrent cycle initiation, reason: still doing mixed collections, occupancy: 3212836864 bytes, allocation request: 4194320 bytes, threshold: 3140222940 bytes (45.00 %), source: concurrent humongous allocation]
 762.409: [G1Ergonomics (Concurrent Cycles) do not request concurrent cycle initiation, reason: still doing mixed collections, occupancy: 3218079744 bytes, allocation request: 4194320 bytes, threshold: 3140222940 bytes (45.00 %), source: concurrent humongous allocation]
 762.421: [G1Ergonomics (Concurrent Cycles) do not request concurrent cycle initiation, reason: still doing mixed collections, occupancy: 3223322624 bytes, allocation request: 4194320 bytes, threshold: 3140222940 bytes (45.00 %), source: concurrent humongous allocation]
 762.422: [G1Ergonomics (Concurrent Cycles) do not request concurrent cycle initiation, reason: still doing mixed collections, occupancy: 3228565504 bytes, allocation request: 4194320 bytes, threshold: 3140222940 bytes (45.00 %), source: concurrent humongous allocation]
 762.433: [G1Ergonomics (Concurrent Cycles) do not request concurrent cycle initiation, reason: still doing mixed collections, occupancy: 3233808384 bytes, allocation request: 1426368 bytes, threshold: 3140222940 bytes (45.00 %), source: concurrent humongous allocation]
 762.433: [G1Ergonomics (Concurrent Cycles) do not request concurrent cycle initiation, reason: still doing mixed collections, occupancy: 3235905536 bytes, allocation request: 1426368 bytes, threshold: 3140222940 bytes (45.00 %), source: concurrent humongous allocation]
 762.437: [G1Ergonomics (Concurrent Cycles) do not request concurrent cycle initiation, reason: still doing mixed collections, occupancy: 3238002688 bytes, allocation request: 437497400 bytes, threshold: 3140222940 bytes (45.00 %), source: concurrent humongous allocation]
         vmop                    [threads: total initially_running wait_to_block]    [time: spin block sync cleanup vmop] page_trap_count
762.822: no vm operation                  [      31          0              0    ]      [     0     0     0     0     0    ]  0   
2017-11-17T22:01:51.650+0800: 762.822: Total time for which application threads were stopped: 0.0002466 seconds, Stopping threads took: 0.0000531 seconds
 763.024: [G1Ergonomics (Concurrent Cycles) do not request concurrent cycle initiation, reason: still doing mixed collections, occupancy: 3676307456 bytes, allocation request: 437491632 bytes, threshold: 3140222940 bytes (45.00 %), source: concurrent humongous allocation]
         vmop                    [threads: total initially_running wait_to_block]    [time: spin block sync cleanup vmop] page_trap_count
763.406: RevokeBias                       [      31          0              1    ]      [     0     0     0     0     0    ]  0   
2017-11-17T22:01:52.234+0800: 763.406: Total time for which application threads were stopped: 0.0002763 seconds, Stopping threads took: 0.0000885 seconds
         vmop                    [threads: total initially_running wait_to_block]    [time: spin block sync cleanup vmop] page_trap_count
763.408: RevokeBias                       [      32          0              1    ]      [     0     0     0     0     0    ]  0   
2017-11-17T22:01:52.236+0800: 763.408: Total time for which application threads were stopped: 0.0002167 seconds, Stopping threads took: 0.0001030 seconds
         vmop                    [threads: total initially_running wait_to_block]    [time: spin block sync cleanup vmop] page_trap_count
763.408: RevokeBias                       [      33          0              4    ]      [     0     0     0     0     0    ]  0   
2017-11-17T22:01:52.236+0800: 763.408: Total time for which application threads were stopped: 0.0002140 seconds, Stopping threads took: 0.0001018 seconds
         vmop                    [threads: total initially_running wait_to_block]    [time: spin block sync cleanup vmop] page_trap_count
763.408: RevokeBias                       [      33          0              2    ]      [     0     0     0     0     0    ]  0   
2017-11-17T22:01:52.237+0800: 763.409: Total time for which application threads were stopped: 0.0002254 seconds, Stopping threads took: 0.0000676 seconds
         vmop                    [threads: total initially_running wait_to_block]    [time: spin block sync cleanup vmop] page_trap_count
764.378: BulkRevokeBias                   [      33          1              1    ]      [     0     0     0     0     0    ]  0   
2017-11-17T22:01:53.207+0800: 764.379: Total time for which application threads were stopped: 0.0005594 seconds, Stopping threads took: 0.0000928 seconds
 764.576: [G1Ergonomics (Concurrent Cycles) do not request concurrent cycle initiation, reason: still doing mixed collections, occupancy: 4114612224 bytes, allocation request: 524304 bytes, threshold: 3140222940 bytes (45.00 %), source: concurrent humongous allocation]
 765.289: [G1Ergonomics (Concurrent Cycles) do not request concurrent cycle initiation, reason: still doing mixed collections, occupancy: 4115660800 bytes, allocation request: 1048592 bytes, threshold: 3140222940 bytes (45.00 %), source: concurrent humongous allocation]
         vmop                    [threads: total initially_running wait_to_block]    [time: spin block sync cleanup vmop] page_trap_count
765.379: no vm operation                  [      33          1              1    ]      [     0     0     0     0     0    ]  1   
2017-11-17T22:01:54.207+0800: 765.379: Total time for which application threads were stopped: 0.0002451 seconds, Stopping threads took: 0.0000647 seconds
2017-11-17T22:01:54.929+0800: 766.101: [GC pause (G1 Evacuation Pause) (young) 766.102: [G1Ergonomics (CSet Construction) start choosing CSet, _pending_cards: 24656, predicted base time: 20.87 ms, remaining time: 179.13 ms, target pause time: 200.00 ms]
 766.102: [G1Ergonomics (CSet Construction) add young regions to CSet, eden: 2727 regions, survivors: 1 regions, predicted young region time: 59.08 ms]
 766.102: [G1Ergonomics (CSet Construction) finish choosing CSet, eden: 2727 regions, survivors: 1 regions, old: 0 regions, predicted pause time: 79.95 ms, target pause time: 200.00 ms]
 766.102: [G1Ergonomics (Heap Sizing) attempt heap expansion, reason: region allocation request failed, allocation request: 50224 bytes]
 766.102: [G1Ergonomics (Heap Sizing) expand the heap, requested expansion amount: 50224 bytes, attempted expansion amount: 1048576 bytes]
 766.116: [G1Ergonomics (Heap Sizing) attempt heap expansion, reason: region allocation request failed, allocation request: 65552 bytes]
 766.116: [G1Ergonomics (Heap Sizing) expand the heap, requested expansion amount: 65552 bytes, attempted expansion amount: 1048576 bytes]
 766.116: [G1Ergonomics (Heap Sizing) did not expand the heap, reason: heap already fully expanded]
 767.563: [G1Ergonomics (Concurrent Cycles) do not request concurrent cycle initiation, reason: still doing mixed collections, occupancy: 5760876544 bytes, allocation request: 0 bytes, threshold: 3140694810 bytes (45.00 %), source: end of GC]
 767.563: [G1Ergonomics (Mixed GCs) do not start mixed GCs, reason: reclaimable percentage not over threshold, candidate old regions: 132 regions, reclaimable: 58818216 bytes (0.84 %), threshold: 5.00 %]
 (to-space exhausted), 1.4620592 secs]
   [Parallel Time: 198.3 ms, GC Workers: 8]
      [GC Worker Start (ms): Min: 766102.2, Avg: 766110.9, Max: 766116.7, Diff: 14.5]
      [Ext Root Scanning (ms): Min: 0.0, Avg: 0.4, Max: 1.5, Diff: 1.5, Sum: 3.4]
      [Update RS (ms): Min: 0.0, Avg: 3.9, Max: 10.7, Diff: 10.7, Sum: 31.4]
         [Processed Buffers: Min: 0, Avg: 13.6, Max: 41, Diff: 41, Sum: 109]
      [Scan RS (ms): Min: 0.2, Avg: 0.5, Max: 1.2, Diff: 1.0, Sum: 3.9]
      [Code Root Scanning (ms): Min: 0.0, Avg: 0.0, Max: 0.2, Diff: 0.2, Sum: 0.3]
      [Object Copy (ms): Min: 176.3, Avg: 179.4, Max: 185.5, Diff: 9.1, Sum: 1435.4]
      [Termination (ms): Min: 0.0, Avg: 5.2, Max: 7.3, Diff: 7.3, Sum: 41.4]
         [Termination Attempts: Min: 1, Avg: 1.8, Max: 7, Diff: 6, Sum: 14]
      [GC Worker Other (ms): Min: 0.0, Avg: 0.1, Max: 0.1, Diff: 0.1, Sum: 0.4]
      [GC Worker Total (ms): Min: 183.6, Avg: 189.5, Max: 198.3, Diff: 14.6, Sum: 1516.2]
      [GC Worker End (ms): Min: 766300.4, Avg: 766300.4, Max: 766300.5, Diff: 0.1]
   [Code Root Fixup: 0.0 ms]
   [Code Root Purge: 0.0 ms]
   [Clear CT: 1.2 ms]
   [Other: 1262.5 ms]
      [Evacuation Failure: 1254.9 ms]
      [Choose CSet: 0.0 ms]
      [Ref Proc: 3.1 ms]
      [Ref Enq: 0.0 ms]
      [Redirty Cards: 0.7 ms]
      [Humongous Register: 0.4 ms]
      [Humongous Reclaim: 1.7 ms]
      [Free CSet: 1.2 ms]
   [Eden: 2727.0M(3925.0M)->0.0B(481.0M) Survivors: 1024.0K->1024.0K Heap: 6542.1M(6655.0M)->5416.7M(6656.0M)]
 [Times: user=6.37 sys=0.07, real=1.46 secs] 
         vmop                    [threads: total initially_running wait_to_block]    [time: spin block sync cleanup vmop] page_trap_count
766.101: G1IncCollectionPause             [      33          0              0    ]      [     0     0     0     0  1462    ]  0   
2017-11-17T22:01:56.392+0800: 767.564: Total time for which application threads were stopped: 1.4624492 seconds, Stopping threads took: 0.0000570 seconds
2017-11-17T22:01:56.917+0800: 768.089: [GC pause (G1 Evacuation Pause) (young) 768.089: [G1Ergonomics (CSet Construction) start choosing CSet, _pending_cards: 22917, predicted base time: 20.59 ms, remaining time: 179.41 ms, target pause time: 200.00 ms]
 768.089: [G1Ergonomics (CSet Construction) add young regions to CSet, eden: 481 regions, survivors: 1 regions, predicted young region time: 10.88 ms]
 768.089: [G1Ergonomics (CSet Construction) finish choosing CSet, eden: 481 regions, survivors: 1 regions, old: 0 regions, predicted pause time: 31.47 ms, target pause time: 200.00 ms]
 768.157: [G1Ergonomics (Concurrent Cycles) request concurrent cycle initiation, reason: occupancy higher than threshold, occupancy: 5760876544 bytes, allocation request: 0 bytes, threshold: 3140694810 bytes (45.00 %), source: end of GC]
, 0.0680843 secs]
   [Parallel Time: 33.8 ms, GC Workers: 8]
      [GC Worker Start (ms): Min: 768089.7, Avg: 768090.2, Max: 768091.0, Diff: 1.3]
      [Ext Root Scanning (ms): Min: 0.0, Avg: 0.4, Max: 1.5, Diff: 1.5, Sum: 3.4]
      [Update RS (ms): Min: 24.3, Avg: 29.3, Max: 32.2, Diff: 7.9, Sum: 234.5]
         [Processed Buffers: Min: 1, Avg: 11.8, Max: 58, Diff: 57, Sum: 94]
      [Scan RS (ms): Min: 0.0, Avg: 0.3, Max: 1.5, Diff: 1.5, Sum: 2.3]
      [Code Root Scanning (ms): Min: 0.0, Avg: 0.0, Max: 0.2, Diff: 0.2, Sum: 0.2]
      [Object Copy (ms): Min: 0.0, Avg: 1.6, Max: 4.3, Diff: 4.3, Sum: 12.7]
      [Termination (ms): Min: 0.0, Avg: 1.4, Max: 1.9, Diff: 1.9, Sum: 11.0]
         [Termination Attempts: Min: 1, Avg: 5.8, Max: 17, Diff: 16, Sum: 46]
      [GC Worker Other (ms): Min: 0.0, Avg: 0.1, Max: 0.1, Diff: 0.1, Sum: 0.4]
      [GC Worker Total (ms): Min: 32.2, Avg: 33.1, Max: 33.6, Diff: 1.3, Sum: 264.6]
      [GC Worker End (ms): Min: 768123.2, Avg: 768123.3, Max: 768123.3, Diff: 0.1]
   [Code Root Fixup: 0.1 ms]
   [Code Root Purge: 0.0 ms]
   [Clear CT: 0.4 ms]
   [Other: 33.8 ms]
      [Choose CSet: 0.0 ms]
      [Ref Proc: 31.2 ms]
      [Ref Enq: 0.0 ms]
      [Redirty Cards: 0.3 ms]
      [Humongous Register: 0.6 ms]
      [Humongous Reclaim: 0.5 ms]
      [Free CSet: 0.8 ms]
   [Eden: 481.0M(481.0M)->0.0B(482.0M) Survivors: 1024.0K->3072.0K Heap: 5897.7M(6656.0M)->5418.0M(6656.0M)]
 [Times: user=0.24 sys=0.00, real=0.07 secs] 
         vmop                    [threads: total initially_running wait_to_block]    [time: spin block sync cleanup vmop] page_trap_count
768.089: G1IncCollectionPause             [      33          0              0    ]      [     0     0     0     0    68    ]  0   
2017-11-17T22:01:56.985+0800: 768.157: Total time for which application threads were stopped: 0.0685916 seconds, Stopping threads took: 0.0000644 seconds
 768.435: [G1Ergonomics (Concurrent Cycles) request concurrent cycle initiation, reason: occupancy higher than threshold, occupancy: 5760876544 bytes, allocation request: 2097168 bytes, threshold: 3140694810 bytes (45.00 %), source: concurrent humongous allocation]
 768.436: [G1Ergonomics (Concurrent Cycles) request concurrent cycle initiation, reason: requested by GC cause, GC cause: G1 Humongous Allocation]
 768.436: [G1Ergonomics (Concurrent Cycles) initiate concurrent cycle, reason: concurrent cycle initiation requested]
2017-11-17T22:01:57.264+0800: 768.436: [GC pause (G1 Humongous Allocation) (young) (initial-mark) 768.437: [G1Ergonomics (CSet Construction) start choosing CSet, _pending_cards: 3330, predicted base time: 27.02 ms, remaining time: 172.98 ms, target pause time: 200.00 ms]
 768.437: [G1Ergonomics (CSet Construction) add young regions to CSet, eden: 229 regions, survivors: 3 regions, predicted young region time: 7.95 ms]
 768.437: [G1Ergonomics (CSet Construction) finish choosing CSet, eden: 229 regions, survivors: 3 regions, old: 0 regions, predicted pause time: 34.97 ms, target pause time: 200.00 ms]
, 0.1019450 secs]
   [Parallel Time: 16.8 ms, GC Workers: 8]
      [GC Worker Start (ms): Min: 768437.0, Avg: 768437.5, Max: 768438.0, Diff: 1.0]
      [Ext Root Scanning (ms): Min: 2.4, Avg: 10.6, Max: 16.1, Diff: 13.8, Sum: 85.2]
      [Update RS (ms): Min: 0.0, Avg: 3.3, Max: 9.6, Diff: 9.6, Sum: 26.2]
         [Processed Buffers: Min: 0, Avg: 2.0, Max: 6, Diff: 6, Sum: 16]
      [Scan RS (ms): Min: 0.0, Avg: 0.0, Max: 0.1, Diff: 0.1, Sum: 0.3]
      [Code Root Scanning (ms): Min: 0.0, Avg: 0.0, Max: 0.2, Diff: 0.2, Sum: 0.2]
      [Object Copy (ms): Min: 0.0, Avg: 1.8, Max: 5.0, Diff: 5.0, Sum: 14.0]
      [Termination (ms): Min: 0.0, Avg: 0.3, Max: 0.6, Diff: 0.6, Sum: 2.7]
         [Termination Attempts: Min: 1, Avg: 12.6, Max: 48, Diff: 47, Sum: 101]
      [GC Worker Other (ms): Min: 0.0, Avg: 0.0, Max: 0.0, Diff: 0.0, Sum: 0.1]
      [GC Worker Total (ms): Min: 15.6, Avg: 16.1, Max: 16.6, Diff: 1.0, Sum: 128.6]
      [GC Worker End (ms): Min: 768453.6, Avg: 768453.6, Max: 768453.6, Diff: 0.1]
   [Code Root Fixup: 0.0 ms]
   [Code Root Purge: 0.0 ms]
   [Clear CT: 45.0 ms]
   [Other: 40.1 ms]
      [Choose CSet: 0.0 ms]
      [Ref Proc: 37.0 ms]
      [Ref Enq: 0.0 ms]
      [Redirty Cards: 0.2 ms]
      [Humongous Register: 0.1 ms]
      [Humongous Reclaim: 0.3 ms]
      [Free CSet: 0.4 ms]
   [Eden: 229.0M(482.0M)->0.0B(483.0M) Survivors: 3072.0K->3072.0K Heap: 5646.5M(6656.0M)->5418.6M(6656.0M)]
 [Times: user=0.18 sys=0.01, real=0.10 secs] 
         vmop                    [threads: total initially_running wait_to_block]    [time: spin block sync cleanup vmop] page_trap_count
768.436: G1IncCollectionPause             [      33          0              0    ]      [     0     0     0     0   102    ]  0   
2017-11-17T22:01:57.366+0800: 768.538: [GC concurrent-root-region-scan-start]
2017-11-17T22:01:57.366+0800: 768.538: Total time for which application threads were stopped: 0.1023139 seconds, Stopping threads took: 0.0000526 seconds
2017-11-17T22:01:57.369+0800: 768.541: [GC concurrent-root-region-scan-end, 0.0029557 secs]
2017-11-17T22:01:57.369+0800: 768.541: [GC concurrent-mark-start]
2017-11-17T22:01:57.918+0800: 769.090: [GC pause (G1 Evacuation Pause) (young) 769.090: [G1Ergonomics (CSet Construction) start choosing CSet, _pending_cards: 7426, predicted base time: 64.02 ms, remaining time: 135.98 ms, target pause time: 200.00 ms]
 769.090: [G1Ergonomics (CSet Construction) add young regions to CSet, eden: 483 regions, survivors: 3 regions, predicted young region time: 14.07 ms]
 769.090: [G1Ergonomics (CSet Construction) finish choosing CSet, eden: 483 regions, survivors: 3 regions, old: 0 regions, predicted pause time: 78.09 ms, target pause time: 200.00 ms]
, 0.1307856 secs]
   [Parallel Time: 93.0 ms, GC Workers: 8]
      [GC Worker Start (ms): Min: 769090.2, Avg: 769107.1, Max: 769122.7, Diff: 32.5]
      [Ext Root Scanning (ms): Min: 0.0, Avg: 0.5, Max: 2.7, Diff: 2.7, Sum: 4.2]
      [Update RS (ms): Min: 0.0, Avg: 15.6, Max: 81.2, Diff: 81.2, Sum: 125.2]
         [Processed Buffers: Min: 0, Avg: 4.1, Max: 13, Diff: 13, Sum: 33]
      [Scan RS (ms): Min: 0.0, Avg: 0.1, Max: 0.3, Diff: 0.3, Sum: 0.5]
      [Code Root Scanning (ms): Min: 0.0, Avg: 0.0, Max: 0.2, Diff: 0.2, Sum: 0.2]
      [Object Copy (ms): Min: 0.0, Avg: 12.4, Max: 56.1, Diff: 56.1, Sum: 99.2]
      [Termination (ms): Min: 0.0, Avg: 36.9, Max: 52.1, Diff: 52.1, Sum: 294.8]
         [Termination Attempts: Min: 1, Avg: 118.4, Max: 413, Diff: 412, Sum: 947]
      [GC Worker Other (ms): Min: 0.0, Avg: 0.0, Max: 0.0, Diff: 0.0, Sum: 0.1]
      [GC Worker Total (ms): Min: 49.7, Avg: 65.5, Max: 84.0, Diff: 34.3, Sum: 524.3]
      [GC Worker End (ms): Min: 769172.4, Avg: 769172.7, Max: 769174.4, Diff: 1.9]
   [Code Root Fixup: 0.0 ms]
   [Code Root Purge: 0.0 ms]
   [Clear CT: 12.3 ms]
   [Other: 25.4 ms]
      [Choose CSet: 0.0 ms]
      [Ref Proc: 21.6 ms]
      [Ref Enq: 0.0 ms]
      [Redirty Cards: 2.2 ms]
      [Humongous Register: 0.3 ms]
      [Humongous Reclaim: 0.3 ms]
      [Free CSet: 0.6 ms]
   [Eden: 483.0M(483.0M)->0.0B(479.0M) Survivors: 3072.0K->5120.0K Heap: 5903.6M(6656.0M)->5422.7M(6656.0M)]
 [Times: user=0.23 sys=0.00, real=0.13 secs] 
         vmop                    [threads: total initially_running wait_to_block]    [time: spin block sync cleanup vmop] page_trap_count
769.088: G1IncCollectionPause             [      33          0              0    ]      [     0     0     1     0   131    ]  0   
2017-11-17T22:01:58.049+0800: 769.221: Total time for which application threads were stopped: 0.1312234 seconds, Stopping threads took: 0.0000334 seconds
2017-11-17T22:01:58.518+0800: 769.690: [GC pause (G1 Evacuation Pause) (young) 769.690: [G1Ergonomics (CSet Construction) start choosing CSet, _pending_cards: 7940, predicted base time: 73.95 ms, remaining time: 126.05 ms, target pause time: 200.00 ms]
 769.690: [G1Ergonomics (CSet Construction) add young regions to CSet, eden: 479 regions, survivors: 5 regions, predicted young region time: 11.93 ms]
 769.690: [G1Ergonomics (CSet Construction) finish choosing CSet, eden: 479 regions, survivors: 5 regions, old: 0 regions, predicted pause time: 85.88 ms, target pause time: 200.00 ms]
, 0.0471410 secs]
   [Parallel Time: 39.6 ms, GC Workers: 8]
      [GC Worker Start (ms): Min: 769690.7, Avg: 769703.4, Max: 769715.3, Diff: 24.6]
      [Ext Root Scanning (ms): Min: 0.0, Avg: 0.3, Max: 2.4, Diff: 2.4, Sum: 2.5]
      [Update RS (ms): Min: 0.0, Avg: 9.6, Max: 36.9, Diff: 36.8, Sum: 76.9]
         [Processed Buffers: Min: 0, Avg: 4.4, Max: 13, Diff: 13, Sum: 35]
      [Scan RS (ms): Min: 0.0, Avg: 0.1, Max: 0.3, Diff: 0.2, Sum: 0.7]
      [Code Root Scanning (ms): Min: 0.0, Avg: 0.0, Max: 0.2, Diff: 0.2, Sum: 0.2]
      [Object Copy (ms): Min: 0.1, Avg: 10.7, Max: 13.8, Diff: 13.7, Sum: 85.6]
      [Termination (ms): Min: 0.0, Avg: 6.0, Max: 7.4, Diff: 7.4, Sum: 48.2]
         [Termination Attempts: Min: 1, Avg: 188.4, Max: 471, Diff: 470, Sum: 1507]
      [GC Worker Other (ms): Min: 0.0, Avg: 0.0, Max: 0.0, Diff: 0.0, Sum: 0.1]
      [GC Worker Total (ms): Min: 14.9, Avg: 26.8, Max: 39.5, Diff: 24.6, Sum: 214.2]
      [GC Worker End (ms): Min: 769730.2, Avg: 769730.2, Max: 769730.2, Diff: 0.0]
   [Code Root Fixup: 0.1 ms]
   [Code Root Purge: 0.0 ms]
   [Clear CT: 0.3 ms]
   [Other: 7.2 ms]
      [Choose CSet: 0.0 ms]
      [Ref Proc: 5.0 ms]
      [Ref Enq: 0.0 ms]
      [Redirty Cards: 0.3 ms]
      [Humongous Register: 0.4 ms]
      [Humongous Reclaim: 0.5 ms]
      [Free CSet: 0.8 ms]
   [Eden: 479.0M(479.0M)->0.0B(476.0M) Survivors: 5120.0K->8192.0K Heap: 5901.7M(6656.0M)->5425.3M(6656.0M)]
 [Times: user=0.13 sys=0.00, real=0.05 secs] 
         vmop                    [threads: total initially_running wait_to_block]    [time: spin block sync cleanup vmop] page_trap_count
769.670: G1IncCollectionPause             [      33          0              0    ]      [     0     0    20     0    47    ]  0   
2017-11-17T22:01:58.565+0800: 769.738: Total time for which application threads were stopped: 0.0475886 seconds, Stopping threads took: 0.0000385 seconds
2017-11-17T22:01:58.603+0800: 769.775: [GC concurrent-mark-end, 1.2340755 secs]
2017-11-17T22:01:58.603+0800: 769.775: [GC remark 2017-11-17T22:01:58.603+0800: 769.775: [Finalize Marking, 0.0006693 secs] 2017-11-17T22:01:58.604+0800: 769.776: [GC ref-proc, 0.0002220 secs] 2017-11-17T22:01:58.604+0800: 769.776: [Unloading, 0.0159883 secs], 0.0485169 secs]
 [Times: user=0.07 sys=0.00, real=0.04 secs] 
         vmop                    [threads: total initially_running wait_to_block]    [time: spin block sync cleanup vmop] page_trap_count
769.775: CGC_Operation                    [      33          1              1    ]      [     0     0     0     0    48    ]  1   
2017-11-17T22:01:58.652+0800: 769.824: Total time for which application threads were stopped: 0.0488747 seconds, Stopping threads took: 0.0000895 seconds
2017-11-17T22:01:58.652+0800: 769.824: [GC cleanup 5464M->5463M(6656M), 0.0258215 secs]
 [Times: user=0.02 sys=0.00, real=0.03 secs] 
         vmop                    [threads: total initially_running wait_to_block]    [time: spin block sync cleanup vmop] page_trap_count
769.824: CGC_Operation                    [      33          1              1    ]      [     0     0     0     0    25    ]  1   
2017-11-17T22:01:58.678+0800: 769.850: Total time for which application threads were stopped: 0.0260916 seconds, Stopping threads took: 0.0000818 seconds
2017-11-17T22:01:58.678+0800: 769.850: [GC concurrent-cleanup-start]
2017-11-17T22:01:58.678+0800: 769.850: [GC concurrent-cleanup-end, 0.0000372 secs]
2017-11-17T22:01:59.116+0800: 770.288: [GC pause (G1 Evacuation Pause) (young) 770.288: [G1Ergonomics (CSet Construction) start choosing CSet, _pending_cards: 7939, predicted base time: 64.15 ms, remaining time: 135.85 ms, target pause time: 200.00 ms]
 770.288: [G1Ergonomics (CSet Construction) add young regions to CSet, eden: 476 regions, survivors: 8 regions, predicted young region time: 10.24 ms]
 770.288: [G1Ergonomics (CSet Construction) finish choosing CSet, eden: 476 regions, survivors: 8 regions, old: 0 regions, predicted pause time: 74.39 ms, target pause time: 200.00 ms]
 770.325: [G1Ergonomics (Concurrent Cycles) do not request concurrent cycle initiation, reason: still doing mixed collections, occupancy: 5762973696 bytes, allocation request: 0 bytes, threshold: 3140694810 bytes (45.00 %), source: end of GC]
 770.325: [G1Ergonomics (Mixed GCs) start mixed GCs, reason: candidate old regions available, candidate old regions: 2697 regions, reclaimable: 2742185152 bytes (39.29 %), threshold: 5.00 %]
, 0.0369345 secs]
   [Parallel Time: 33.8 ms, GC Workers: 8]
      [GC Worker Start (ms): Min: 770288.8, Avg: 770290.7, Max: 770295.2, Diff: 6.4]
      [Ext Root Scanning (ms): Min: 0.0, Avg: 0.4, Max: 1.3, Diff: 1.3, Sum: 3.3]
      [Update RS (ms): Min: 4.1, Avg: 12.0, Max: 20.3, Diff: 16.3, Sum: 96.3]
         [Processed Buffers: Min: 1, Avg: 4.2, Max: 7, Diff: 6, Sum: 34]
      [Scan RS (ms): Min: 0.0, Avg: 0.1, Max: 0.3, Diff: 0.2, Sum: 0.6]
      [Code Root Scanning (ms): Min: 0.0, Avg: 0.0, Max: 0.1, Diff: 0.1, Sum: 0.2]
      [Object Copy (ms): Min: 0.0, Avg: 8.3, Max: 22.8, Diff: 22.8, Sum: 66.7]
      [Termination (ms): Min: 0.0, Avg: 10.6, Max: 13.8, Diff: 13.8, Sum: 85.2]
         [Termination Attempts: Min: 1, Avg: 328.9, Max: 698, Diff: 697, Sum: 2631]
      [GC Worker Other (ms): Min: 0.0, Avg: 0.0, Max: 0.1, Diff: 0.0, Sum: 0.2]
      [GC Worker Total (ms): Min: 27.0, Avg: 31.5, Max: 33.5, Diff: 6.5, Sum: 252.4]
      [GC Worker End (ms): Min: 770322.3, Avg: 770322.3, Max: 770322.3, Diff: 0.0]
   [Code Root Fixup: 0.1 ms]
   [Code Root Purge: 0.0 ms]
   [Clear CT: 0.4 ms]
   [Other: 2.7 ms]
      [Choose CSet: 0.0 ms]
      [Ref Proc: 0.4 ms]
      [Ref Enq: 0.0 ms]
      [Redirty Cards: 0.5 ms]
      [Humongous Register: 0.4 ms]
      [Humongous Reclaim: 0.3 ms]
      [Free CSet: 0.7 ms]
   [Eden: 476.0M(476.0M)->0.0B(324.0M) Survivors: 8192.0K->8192.0K Heap: 5899.8M(6656.0M)->5423.9M(6656.0M)]
 [Times: user=0.18 sys=0.00, real=0.03 secs] 
         vmop                    [threads: total initially_running wait_to_block]    [time: spin block sync cleanup vmop] page_trap_count
770.288: G1IncCollectionPause             [      33          0              0    ]      [     0     0     0     0    37    ]  0   
2017-11-17T22:01:59.153+0800: 770.325: Total time for which application threads were stopped: 0.0373394 seconds, Stopping threads took: 0.0000669 seconds
2017-11-17T22:01:59.450+0800: 770.622: [GC pause (G1 Evacuation Pause) (mixed) 770.622: [G1Ergonomics (CSet Construction) start choosing CSet, _pending_cards: 7425, predicted base time: 53.36 ms, remaining time: 146.64 ms, target pause time: 200.00 ms]
 770.622: [G1Ergonomics (CSet Construction) add young regions to CSet, eden: 324 regions, survivors: 8 regions, predicted young region time: 10.02 ms]
 770.622: [G1Ergonomics (CSet Construction) finish adding old regions to CSet, reason: predicted time is too high, predicted time: 0.62 ms, remaining time: 0.00 ms, old: 338 regions, min: 338 regions]
 770.622: [G1Ergonomics (CSet Construction) added expensive regions to CSet, reason: old CSet region num not reached min, old: 338 regions, expensive: 115 regions, min: 338 regions, remaining time: 0.00 ms]
 770.622: [G1Ergonomics (CSet Construction) finish choosing CSet, eden: 324 regions, survivors: 8 regions, old: 338 regions, predicted pause time: 270.50 ms, target pause time: 200.00 ms]
 770.652: [G1Ergonomics (Concurrent Cycles) do not request concurrent cycle initiation, reason: still doing mixed collections, occupancy: 5408555008 bytes, allocation request: 0 bytes, threshold: 3140694810 bytes (45.00 %), source: end of GC]
 770.652: [G1Ergonomics (Mixed GCs) continue mixed GCs, reason: candidate old regions available, candidate old regions: 2359 regions, reclaimable: 2388262776 bytes (34.22 %), threshold: 5.00 %]
, 0.0301219 secs]
   [Parallel Time: 25.9 ms, GC Workers: 8]
      [GC Worker Start (ms): Min: 770622.8, Avg: 770625.2, Max: 770637.9, Diff: 15.1]
      [Ext Root Scanning (ms): Min: 0.0, Avg: 0.5, Max: 1.5, Diff: 1.5, Sum: 3.7]
      [Update RS (ms): Min: 0.0, Avg: 9.3, Max: 24.9, Diff: 24.9, Sum: 74.4]
         [Processed Buffers: Min: 0, Avg: 4.0, Max: 7, Diff: 7, Sum: 32]
      [Scan RS (ms): Min: 0.1, Avg: 1.4, Max: 2.2, Diff: 2.1, Sum: 11.0]
      [Code Root Scanning (ms): Min: 0.0, Avg: 0.0, Max: 0.2, Diff: 0.2, Sum: 0.2]
      [Object Copy (ms): Min: 0.0, Avg: 9.6, Max: 12.0, Diff: 12.0, Sum: 76.5]
      [Termination (ms): Min: 0.0, Avg: 2.6, Max: 3.6, Diff: 3.6, Sum: 20.8]
         [Termination Attempts: Min: 1, Avg: 281.1, Max: 561, Diff: 560, Sum: 2249]
      [GC Worker Other (ms): Min: 0.0, Avg: 0.0, Max: 0.0, Diff: 0.0, Sum: 0.1]
      [GC Worker Total (ms): Min: 10.7, Avg: 23.4, Max: 25.8, Diff: 15.1, Sum: 186.9]
      [GC Worker End (ms): Min: 770648.6, Avg: 770648.6, Max: 770648.6, Diff: 0.0]
   [Code Root Fixup: 0.1 ms]
   [Code Root Purge: 0.0 ms]
   [Clear CT: 0.4 ms]
   [Other: 3.8 ms]
      [Choose CSet: 0.4 ms]
      [Ref Proc: 0.5 ms]
      [Ref Enq: 0.0 ms]
      [Redirty Cards: 0.3 ms]
      [Humongous Register: 0.4 ms]
      [Humongous Reclaim: 0.3 ms]
      [Free CSet: 1.6 ms]
   [Eden: 324.0M(324.0M)->0.0B(323.0M) Survivors: 8192.0K->9216.0K Heap: 5747.9M(6656.0M)->5087.4M(6656.0M)]
 [Times: user=0.15 sys=0.00, real=0.03 secs] 
         vmop                    [threads: total initially_running wait_to_block]    [time: spin block sync cleanup vmop] page_trap_count
770.622: G1IncCollectionPause             [      33          0              0    ]      [     0     0     0     0    30    ]  0   
2017-11-17T22:01:59.480+0800: 770.652: Total time for which application threads were stopped: 0.0304995 seconds, Stopping threads took: 0.0000554 seconds
2017-11-17T22:01:59.764+0800: 770.936: [GC pause (G1 Evacuation Pause) (mixed) 770.936: [G1Ergonomics (CSet Construction) start choosing CSet, _pending_cards: 8704, predicted base time: 46.53 ms, remaining time: 153.47 ms, target pause time: 200.00 ms]
 770.936: [G1Ergonomics (CSet Construction) add young regions to CSet, eden: 323 regions, survivors: 9 regions, predicted young region time: 11.11 ms]
 770.937: [G1Ergonomics (CSet Construction) finish adding old regions to CSet, reason: predicted time is too high, predicted time: 0.39 ms, remaining time: 0.15 ms, old: 367 regions, min: 338 regions]
 770.937: [G1Ergonomics (CSet Construction) finish choosing CSet, eden: 323 regions, survivors: 9 regions, old: 367 regions, predicted pause time: 199.85 ms, target pause time: 200.00 ms]
 771.019: [G1Ergonomics (Concurrent Cycles) do not request concurrent cycle initiation, reason: still doing mixed collections, occupancy: 5024776192 bytes, allocation request: 0 bytes, threshold: 3140694810 bytes (45.00 %), source: end of GC]
 771.019: [G1Ergonomics (Mixed GCs) continue mixed GCs, reason: candidate old regions available, candidate old regions: 1992 regions, reclaimable: 2004091784 bytes (28.71 %), threshold: 5.00 %]
, 0.0827389 secs]
   [Parallel Time: 69.8 ms, GC Workers: 8]
      [GC Worker Start (ms): Min: 770937.2, Avg: 770940.2, Max: 770948.8, Diff: 11.7]
      [Ext Root Scanning (ms): Min: 0.0, Avg: 0.4, Max: 1.5, Diff: 1.5, Sum: 3.5]
      [Update RS (ms): Min: 0.0, Avg: 13.0, Max: 31.3, Diff: 31.3, Sum: 103.8]
         [Processed Buffers: Min: 0, Avg: 4.5, Max: 7, Diff: 7, Sum: 36]
      [Scan RS (ms): Min: 0.0, Avg: 1.3, Max: 2.7, Diff: 2.6, Sum: 10.4]
      [Code Root Scanning (ms): Min: 0.0, Avg: 0.0, Max: 0.1, Diff: 0.1, Sum: 0.2]
      [Object Copy (ms): Min: 0.0, Avg: 13.4, Max: 20.0, Diff: 20.0, Sum: 107.5]
      [Termination (ms): Min: 0.0, Avg: 1.8, Max: 3.8, Diff: 3.8, Sum: 14.5]
         [Termination Attempts: Min: 1, Avg: 511.1, Max: 1086, Diff: 1085, Sum: 4089]
      [GC Worker Other (ms): Min: 0.0, Avg: 4.6, Max: 36.6, Diff: 36.6, Sum: 36.7]
      [GC Worker Total (ms): Min: 21.3, Avg: 34.6, Max: 69.5, Diff: 48.2, Sum: 276.5]
      [GC Worker End (ms): Min: 770970.2, Avg: 770974.8, Max: 771006.7, Diff: 36.6]
   [Code Root Fixup: 0.1 ms]
   [Code Root Purge: 0.0 ms]
   [Clear CT: 0.6 ms]
   [Other: 12.3 ms]
      [Choose CSet: 0.5 ms]
      [Ref Proc: 8.8 ms]
      [Ref Enq: 0.0 ms]
      [Redirty Cards: 0.3 ms]
      [Humongous Register: 0.4 ms]
      [Humongous Reclaim: 0.3 ms]
      [Free CSet: 1.7 ms]
   [Eden: 323.0M(323.0M)->0.0B(323.0M) Survivors: 9216.0K->9216.0K Heap: 5410.4M(6656.0M)->4721.8M(6656.0M)]
 [Times: user=0.21 sys=0.00, real=0.08 secs] 
         vmop                    [threads: total initially_running wait_to_block]    [time: spin block sync cleanup vmop] page_trap_count
770.936: G1IncCollectionPause             [      33          0              0    ]      [     0     0     0     0    82    ]  0   
2017-11-17T22:01:59.847+0800: 771.019: Total time for which application threads were stopped: 0.0831002 seconds, Stopping threads took: 0.0000506 seconds
2017-11-17T22:02:00.156+0800: 771.328: [GC pause (G1 Evacuation Pause) (mixed) 771.328: [G1Ergonomics (CSet Construction) start choosing CSet, _pending_cards: 8704, predicted base time: 55.06 ms, remaining time: 144.94 ms, target pause time: 200.00 ms]
 771.328: [G1Ergonomics (CSet Construction) add young regions to CSet, eden: 323 regions, survivors: 9 regions, predicted young region time: 13.13 ms]
 771.329: [G1Ergonomics (CSet Construction) finish adding old regions to CSet, reason: predicted time is too high, predicted time: 0.24 ms, remaining time: 0.03 ms, old: 550 regions, min: 338 regions]
 771.329: [G1Ergonomics (CSet Construction) finish choosing CSet, eden: 323 regions, survivors: 9 regions, old: 550 regions, predicted pause time: 199.97 ms, target pause time: 200.00 ms]
 771.381: [G1Ergonomics (Concurrent Cycles) do not request concurrent cycle initiation, reason: still doing mixed collections, occupancy: 4449107968 bytes, allocation request: 0 bytes, threshold: 3140694810 bytes (45.00 %), source: end of GC]
 771.381: [G1Ergonomics (Mixed GCs) continue mixed GCs, reason: candidate old regions available, candidate old regions: 1442 regions, reclaimable: 1428477792 bytes (20.47 %), threshold: 5.00 %]
, 0.0526262 secs]
   [Parallel Time: 47.1 ms, GC Workers: 8]
      [GC Worker Start (ms): Min: 771329.4, Avg: 771338.6, Max: 771347.2, Diff: 17.8]
      [Ext Root Scanning (ms): Min: 0.0, Avg: 0.4, Max: 1.3, Diff: 1.3, Sum: 2.9]
      [Update RS (ms): Min: 0.0, Avg: 10.3, Max: 43.1, Diff: 43.1, Sum: 82.5]
         [Processed Buffers: Min: 0, Avg: 4.5, Max: 12, Diff: 12, Sum: 36]
      [Scan RS (ms): Min: 0.1, Avg: 4.7, Max: 18.9, Diff: 18.8, Sum: 37.4]
      [Code Root Scanning (ms): Min: 0.0, Avg: 0.0, Max: 0.1, Diff: 0.1, Sum: 0.2]
      [Object Copy (ms): Min: 0.2, Avg: 19.6, Max: 25.9, Diff: 25.7, Sum: 157.1]
      [Termination (ms): Min: 0.0, Avg: 0.6, Max: 2.8, Diff: 2.8, Sum: 4.6]
         [Termination Attempts: Min: 1, Avg: 63.6, Max: 139, Diff: 138, Sum: 509]
      [GC Worker Other (ms): Min: 0.0, Avg: 0.0, Max: 0.0, Diff: 0.0, Sum: 0.1]
      [GC Worker Total (ms): Min: 26.6, Avg: 35.6, Max: 46.9, Diff: 20.3, Sum: 284.8]
      [GC Worker End (ms): Min: 771373.8, Avg: 771374.2, Max: 771376.3, Diff: 2.5]
   [Code Root Fixup: 0.1 ms]
   [Code Root Purge: 0.0 ms]
   [Clear CT: 0.4 ms]
   [Other: 5.0 ms]
      [Choose CSet: 0.6 ms]
      [Ref Proc: 0.6 ms]
      [Ref Enq: 0.0 ms]
      [Redirty Cards: 0.3 ms]
      [Humongous Register: 0.4 ms]
      [Humongous Reclaim: 0.2 ms]
      [Free CSet: 2.5 ms]
   [Eden: 323.0M(323.0M)->0.0B(322.0M) Survivors: 9216.0K->10.0M Heap: 5044.8M(6656.0M)->4173.7M(6656.0M)]
 [Times: user=0.19 sys=0.00, real=0.05 secs] 
         vmop                    [threads: total initially_running wait_to_block]    [time: spin block sync cleanup vmop] page_trap_count
771.328: G1IncCollectionPause             [      33          0              0    ]      [     0     0     0     0    52    ]  0   
2017-11-17T22:02:00.209+0800: 771.381: Total time for which application threads were stopped: 0.0529612 seconds, Stopping threads took: 0.0000492 seconds
 771.883: [G1Ergonomics (Concurrent Cycles) do not request concurrent cycle initiation, reason: still doing mixed collections, occupancy: 4449107968 bytes, allocation request: 524304 bytes, threshold: 3140694810 bytes (45.00 %), source: concurrent humongous allocation]
 772.039: [G1Ergonomics (Concurrent Cycles) do not request concurrent cycle initiation, reason: still doing mixed collections, occupancy: 4450156544 bytes, allocation request: 657440 bytes, threshold: 3140694810 bytes (45.00 %), source: concurrent humongous allocation]
         vmop                    [threads: total initially_running wait_to_block]    [time: spin block sync cleanup vmop] page_trap_count
772.381: no vm operation                  [      33          0              0    ]      [     0     0     0     0     0    ]  0   
2017-11-17T22:02:01.209+0800: 772.381: Total time for which application threads were stopped: 0.0002259 seconds, Stopping threads took: 0.0000371 seconds
 772.508: [G1Ergonomics (Concurrent Cycles) do not request concurrent cycle initiation, reason: still doing mixed collections, occupancy: 4451205120 bytes, allocation request: 437491632 bytes, threshold: 3140694810 bytes (45.00 %), source: concurrent humongous allocation]
         vmop                    [threads: total initially_running wait_to_block]    [time: spin block sync cleanup vmop] page_trap_count
773.126: BulkRevokeBias                   [      33          0              0    ]      [     0     0     0     0     0    ]  0   
2017-11-17T22:02:01.954+0800: 773.126: Total time for which application threads were stopped: 0.0003739 seconds, Stopping threads took: 0.0000509 seconds
2017-11-17T22:02:02.009+0800: 773.181: [GC pause (G1 Evacuation Pause) (mixed) 773.181: [G1Ergonomics (CSet Construction) start choosing CSet, _pending_cards: 12264, predicted base time: 53.27 ms, remaining time: 146.73 ms, target pause time: 200.00 ms]
 773.181: [G1Ergonomics (CSet Construction) add young regions to CSet, eden: 322 regions, survivors: 10 regions, predicted young region time: 14.55 ms]
 773.182: [G1Ergonomics (CSet Construction) finish adding old regions to CSet, reason: old CSet region num reached max, old: 666 regions, max: 666 regions]
 773.182: [G1Ergonomics (CSet Construction) finish choosing CSet, eden: 322 regions, survivors: 10 regions, old: 666 regions, predicted pause time: 192.36 ms, target pause time: 200.00 ms]
 773.254: [G1Ergonomics (Concurrent Cycles) do not request concurrent cycle initiation, reason: still doing mixed collections, occupancy: 3755999232 bytes, allocation request: 0 bytes, threshold: 3140694810 bytes (45.00 %), source: end of GC]
 773.255: [G1Ergonomics (Mixed GCs) continue mixed GCs, reason: candidate old regions available, candidate old regions: 776 regions, reclaimable: 731629336 bytes (10.48 %), threshold: 5.00 %]
, 0.0735761 secs]
   [Parallel Time: 60.8 ms, GC Workers: 8]
      [GC Worker Start (ms): Min: 773182.6, Avg: 773185.4, Max: 773191.3, Diff: 8.7]
      [Ext Root Scanning (ms): Min: 0.0, Avg: 0.4, Max: 1.2, Diff: 1.2, Sum: 3.1]
      [Update RS (ms): Min: 0.0, Avg: 17.9, Max: 39.3, Diff: 39.3, Sum: 143.3]
         [Processed Buffers: Min: 0, Avg: 6.8, Max: 15, Diff: 15, Sum: 54]
      [Scan RS (ms): Min: 0.1, Avg: 4.2, Max: 16.2, Diff: 16.2, Sum: 33.6]
      [Code Root Scanning (ms): Min: 0.0, Avg: 0.0, Max: 0.1, Diff: 0.1, Sum: 0.2]
      [Object Copy (ms): Min: 2.8, Avg: 26.1, Max: 34.9, Diff: 32.1, Sum: 208.9]
      [Termination (ms): Min: 0.0, Avg: 5.1, Max: 7.2, Diff: 7.2, Sum: 41.1]
         [Termination Attempts: Min: 1, Avg: 79.9, Max: 239, Diff: 238, Sum: 639]
      [GC Worker Other (ms): Min: 0.0, Avg: 0.0, Max: 0.0, Diff: 0.0, Sum: 0.1]
      [GC Worker Total (ms): Min: 47.9, Avg: 53.8, Max: 56.6, Diff: 8.7, Sum: 430.3]
      [GC Worker End (ms): Min: 773239.2, Avg: 773239.2, Max: 773239.3, Diff: 0.1]
   [Code Root Fixup: 0.1 ms]
   [Code Root Purge: 0.0 ms]
   [Clear CT: 0.5 ms]
   [Other: 12.1 ms]
      [Choose CSet: 0.9 ms]
      [Ref Proc: 5.6 ms]
      [Ref Enq: 0.0 ms]
      [Redirty Cards: 0.3 ms]
      [Humongous Register: 0.6 ms]
      [Humongous Reclaim: 0.9 ms]
      [Free CSet: 3.3 ms]
   [Eden: 322.0M(322.0M)->0.0B(322.0M) Survivors: 10.0M->10.0M Heap: 4914.0M(6656.0M)->3511.4M(6656.0M)]
 [Times: user=0.26 sys=0.00, real=0.07 secs] 
         vmop                    [threads: total initially_running wait_to_block]    [time: spin block sync cleanup vmop] page_trap_count
773.181: G1IncCollectionPause             [      33          0              0    ]      [     0     0     0     0    73    ]  0   
2017-11-17T22:02:02.083+0800: 773.255: Total time for which application threads were stopped: 0.0739904 seconds, Stopping threads took: 0.0000603 seconds
2017-11-17T22:02:02.391+0800: 773.563: [GC pause (G1 Evacuation Pause) (mixed) 773.563: [G1Ergonomics (CSet Construction) start choosing CSet, _pending_cards: 12545, predicted base time: 49.71 ms, remaining time: 150.29 ms, target pause time: 200.00 ms]
 773.563: [G1Ergonomics (CSet Construction) add young regions to CSet, eden: 322 regions, survivors: 10 regions, predicted young region time: 11.88 ms]
 773.564: [G1Ergonomics (CSet Construction) finish adding old regions to CSet, reason: reclaimable percentage not over threshold, old: 366 regions, max: 666 regions, reclaimable: 348763248 bytes (5.00 %), threshold: 5.00 %]
 773.564: [G1Ergonomics (CSet Construction) finish choosing CSet, eden: 322 regions, survivors: 10 regions, old: 366 regions, predicted pause time: 119.68 ms, target pause time: 200.00 ms]
 773.620: [G1Ergonomics (Concurrent Cycles) do not request concurrent cycle initiation, reason: still doing mixed collections, occupancy: 3373268992 bytes, allocation request: 0 bytes, threshold: 3140694810 bytes (45.00 %), source: end of GC]
 773.620: [G1Ergonomics (Mixed GCs) do not continue mixed GCs, reason: reclaimable percentage not over threshold, candidate old regions: 410 regions, reclaimable: 348763248 bytes (5.00 %), threshold: 5.00 %]
, 0.0566260 secs]
   [Parallel Time: 51.2 ms, GC Workers: 8]
      [GC Worker Start (ms): Min: 773564.2, Avg: 773566.9, Max: 773571.3, Diff: 7.1]
      [Ext Root Scanning (ms): Min: 0.0, Avg: 0.5, Max: 1.5, Diff: 1.5, Sum: 3.6]
      [Update RS (ms): Min: 5.2, Avg: 10.7, Max: 22.5, Diff: 17.3, Sum: 85.5]
         [Processed Buffers: Min: 3, Avg: 6.5, Max: 13, Diff: 10, Sum: 52]
      [Scan RS (ms): Min: 0.1, Avg: 2.7, Max: 3.4, Diff: 3.3, Sum: 21.2]
      [Code Root Scanning (ms): Min: 0.0, Avg: 0.0, Max: 0.1, Diff: 0.1, Sum: 0.2]
      [Object Copy (ms): Min: 16.8, Avg: 25.7, Max: 35.6, Diff: 18.8, Sum: 205.2]
      [Termination (ms): Min: 0.0, Avg: 8.8, Max: 10.5, Diff: 10.5, Sum: 70.6]
         [Termination Attempts: Min: 1, Avg: 1495.0, Max: 2512, Diff: 2511, Sum: 11960]
      [GC Worker Other (ms): Min: 0.0, Avg: 0.0, Max: 0.1, Diff: 0.1, Sum: 0.3]
      [GC Worker Total (ms): Min: 43.9, Avg: 48.3, Max: 51.0, Diff: 7.1, Sum: 386.7]
      [GC Worker End (ms): Min: 773615.2, Avg: 773615.2, Max: 773615.3, Diff: 0.1]
   [Code Root Fixup: 0.1 ms]
   [Code Root Purge: 0.0 ms]
   [Clear CT: 0.6 ms]
   [Other: 4.7 ms]
      [Choose CSet: 0.6 ms]
      [Ref Proc: 0.4 ms]
      [Ref Enq: 0.0 ms]
      [Redirty Cards: 0.4 ms]
      [Humongous Register: 0.4 ms]
      [Humongous Reclaim: 0.2 ms]
      [Free CSet: 2.1 ms]
   [Eden: 322.0M(322.0M)->0.0B(2738.0M) Survivors: 10.0M->11.0M Heap: 3833.4M(6656.0M)->3147.8M(6656.0M)]
 [Times: user=0.31 sys=0.01, real=0.06 secs] 
         vmop                    [threads: total initially_running wait_to_block]    [time: spin block sync cleanup vmop] page_trap_count
773.563: G1IncCollectionPause             [      33          0              0    ]      [     0     0     0     0    56    ]  0   
2017-11-17T22:02:02.448+0800: 773.620: Total time for which application threads were stopped: 0.0569944 seconds, Stopping threads took: 0.0000479 seconds
 774.009: [G1Ergonomics (Concurrent Cycles) request concurrent cycle initiation, reason: occupancy higher than threshold, occupancy: 3373268992 bytes, allocation request: 524304 bytes, threshold: 3140694810 bytes (45.00 %), source: concurrent humongous allocation]
 774.010: [G1Ergonomics (Concurrent Cycles) request concurrent cycle initiation, reason: requested by GC cause, GC cause: G1 Humongous Allocation]
 774.010: [G1Ergonomics (Concurrent Cycles) initiate concurrent cycle, reason: concurrent cycle initiation requested]
2017-11-17T22:02:02.838+0800: 774.010: [GC pause (G1 Humongous Allocation) (young) (initial-mark) 774.010: [G1Ergonomics (CSet Construction) start choosing CSet, _pending_cards: 11265, predicted base time: 40.60 ms, remaining time: 159.40 ms, target pause time: 200.00 ms]
 774.011: [G1Ergonomics (CSet Construction) add young regions to CSet, eden: 422 regions, survivors: 11 regions, predicted young region time: 19.08 ms]
 774.011: [G1Ergonomics (CSet Construction) finish choosing CSet, eden: 422 regions, survivors: 11 regions, old: 0 regions, predicted pause time: 59.68 ms, target pause time: 200.00 ms]
, 0.0449830 secs]
   [Parallel Time: 40.6 ms, GC Workers: 8]
      [GC Worker Start (ms): Min: 774010.8, Avg: 774011.0, Max: 774011.4, Diff: 0.6]
      [Ext Root Scanning (ms): Min: 1.0, Avg: 2.4, Max: 6.4, Diff: 5.4, Sum: 19.2]
      [Update RS (ms): Min: 5.1, Avg: 11.4, Max: 22.7, Diff: 17.6, Sum: 91.6]
         [Processed Buffers: Min: 2, Avg: 5.9, Max: 10, Diff: 8, Sum: 47]
      [Scan RS (ms): Min: 0.0, Avg: 0.1, Max: 0.2, Diff: 0.2, Sum: 0.6]
      [Code Root Scanning (ms): Min: 0.0, Avg: 0.0, Max: 0.1, Diff: 0.1, Sum: 0.2]
      [Object Copy (ms): Min: 0.0, Avg: 12.0, Max: 28.7, Diff: 28.7, Sum: 96.1]
      [Termination (ms): Min: 0.0, Avg: 14.1, Max: 16.6, Diff: 16.6, Sum: 113.1]
         [Termination Attempts: Min: 1, Avg: 55.0, Max: 107, Diff: 106, Sum: 440]
      [GC Worker Other (ms): Min: 0.0, Avg: 0.0, Max: 0.0, Diff: 0.0, Sum: 0.1]
      [GC Worker Total (ms): Min: 39.7, Avg: 40.1, Max: 40.3, Diff: 0.6, Sum: 320.8]
      [GC Worker End (ms): Min: 774051.0, Avg: 774051.1, Max: 774051.1, Diff: 0.0]
   [Code Root Fixup: 0.0 ms]
   [Code Root Purge: 0.0 ms]
   [Clear CT: 0.3 ms]
   [Other: 4.0 ms]
      [Choose CSet: 0.0 ms]
      [Ref Proc: 0.4 ms]
      [Ref Enq: 0.0 ms]
      [Redirty Cards: 0.3 ms]
      [Humongous Register: 0.1 ms]
      [Humongous Reclaim: 0.3 ms]
      [Free CSet: 0.8 ms]
   [Eden: 422.0M(2738.0M)->0.0B(2739.0M) Survivors: 11.0M->12.0M Heap: 3569.3M(6656.0M)->3149.4M(6656.0M)]
 [Times: user=0.22 sys=0.00, real=0.04 secs] 
         vmop                    [threads: total initially_running wait_to_block]    [time: spin block sync cleanup vmop] page_trap_count
774.009: G1IncCollectionPause             [      33          0              0    ]      [     0     0     0     0    45    ]  0   
2017-11-17T22:02:02.883+0800: 774.055: [GC concurrent-root-region-scan-start]
2017-11-17T22:02:02.883+0800: 774.055: Total time for which application threads were stopped: 0.0454947 seconds, Stopping threads took: 0.0000488 seconds
2017-11-17T22:02:02.901+0800: 774.073: [GC concurrent-root-region-scan-end, 0.0181032 secs]
2017-11-17T22:02:02.901+0800: 774.073: [GC concurrent-mark-start]
2017-11-17T22:02:03.633+0800: 774.806: [GC concurrent-mark-end, 0.7324654 secs]
2017-11-17T22:02:03.634+0800: 774.806: [GC remark 2017-11-17T22:02:03.634+0800: 774.806: [Finalize Marking, 0.0006812 secs] 2017-11-17T22:02:03.634+0800: 774.807: [GC ref-proc, 0.0002171 secs] 2017-11-17T22:02:03.635+0800: 774.807: [Unloading, 0.0076963 secs], 0.0187854 secs]
 [Times: user=0.06 sys=0.00, real=0.02 secs] 
         vmop                    [threads: total initially_running wait_to_block]    [time: spin block sync cleanup vmop] page_trap_count
774.806: CGC_Operation                    [      33          1              1    ]      [     0     0     0     0    18    ]  1   
2017-11-17T22:02:03.653+0800: 774.825: Total time for which application threads were stopped: 0.0190952 seconds, Stopping threads took: 0.0001096 seconds
2017-11-17T22:02:03.653+0800: 774.825: [GC cleanup 3972M->3692M(6656M), 0.0071486 secs]
 [Times: user=0.01 sys=0.01, real=0.01 secs] 
         vmop                    [threads: total initially_running wait_to_block]    [time: spin block sync cleanup vmop] page_trap_count
774.825: CGC_Operation                    [      33          1              1    ]      [     0     0     0     0     7    ]  1   
2017-11-17T22:02:03.660+0800: 774.832: Total time for which application threads were stopped: 0.0074113 seconds, Stopping threads took: 0.0000841 seconds
2017-11-17T22:02:03.660+0800: 774.832: [GC concurrent-cleanup-start]
2017-11-17T22:02:03.661+0800: 774.833: [GC concurrent-cleanup-end, 0.0004831 secs]
2017-11-17T22:02:05.341+0800: 776.513: [GC pause (G1 Evacuation Pause) (young) 776.513: [G1Ergonomics (CSet Construction) start choosing CSet, _pending_cards: 16408, predicted base time: 41.97 ms, remaining time: 158.03 ms, target pause time: 200.00 ms]
 776.513: [G1Ergonomics (CSet Construction) add young regions to CSet, eden: 2739 regions, survivors: 12 regions, predicted young region time: 53.83 ms]
 776.513: [G1Ergonomics (CSet Construction) finish choosing CSet, eden: 2739 regions, survivors: 12 regions, old: 0 regions, predicted pause time: 95.80 ms, target pause time: 200.00 ms]
 776.549: [G1Ergonomics (Heap Sizing) attempt heap expansion, reason: recent GC overhead higher than threshold after GC, recent GC overhead: 11.13 %, threshold: 10.00 %, uncommitted: 0 bytes, calculated expansion amount: 0 bytes (20.00 %)]
 776.549: [G1Ergonomics (Mixed GCs) do not start mixed GCs, reason: reclaimable percentage not over threshold, candidate old regions: 141 regions, reclaimable: 67264752 bytes (0.96 %), threshold: 5.00 %]
, 0.0357454 secs]
   [Parallel Time: 29.9 ms, GC Workers: 8]
      [GC Worker Start (ms): Min: 776513.5, Avg: 776514.6, Max: 776517.6, Diff: 4.1]
      [Ext Root Scanning (ms): Min: 0.0, Avg: 0.4, Max: 1.2, Diff: 1.2, Sum: 3.5]
      [Update RS (ms): Min: 3.3, Avg: 8.4, Max: 19.3, Diff: 15.9, Sum: 67.5]
         [Processed Buffers: Min: 3, Avg: 9.0, Max: 20, Diff: 17, Sum: 72]
      [Scan RS (ms): Min: 0.2, Avg: 0.5, Max: 0.8, Diff: 0.6, Sum: 4.2]
      [Code Root Scanning (ms): Min: 0.0, Avg: 0.0, Max: 0.2, Diff: 0.2, Sum: 0.3]
      [Object Copy (ms): Min: 5.5, Avg: 15.6, Max: 21.2, Diff: 15.7, Sum: 124.6]
      [Termination (ms): Min: 0.0, Avg: 3.6, Max: 4.1, Diff: 4.1, Sum: 28.7]
         [Termination Attempts: Min: 1, Avg: 268.2, Max: 383, Diff: 382, Sum: 2146]
      [GC Worker Other (ms): Min: 0.0, Avg: 0.1, Max: 0.1, Diff: 0.1, Sum: 0.6]
      [GC Worker Total (ms): Min: 25.6, Avg: 28.7, Max: 29.8, Diff: 4.1, Sum: 229.4]
      [GC Worker End (ms): Min: 776543.2, Avg: 776543.3, Max: 776543.3, Diff: 0.1]
   [Code Root Fixup: 0.1 ms]
   [Code Root Purge: 0.0 ms]
   [Clear CT: 1.0 ms]
   [Other: 4.8 ms]
      [Choose CSet: 0.0 ms]
      [Ref Proc: 0.4 ms]
      [Ref Enq: 0.0 ms]
      [Redirty Cards: 0.2 ms]
      [Humongous Register: 0.4 ms]
      [Humongous Reclaim: 0.2 ms]
      [Free CSet: 3.1 ms]
   [Eden: 2739.0M(2739.0M)->0.0B(3018.0M) Survivors: 12.0M->11.0M Heap: 5611.8M(6656.0M)->2871.3M(6656.0M)]
 [Times: user=0.18 sys=0.00, real=0.04 secs] 
         vmop                    [threads: total initially_running wait_to_block]    [time: spin block sync cleanup vmop] page_trap_count
776.513: G1IncCollectionPause             [      33          0              0    ]      [     0     0     0     0    35    ]  0   
2017-11-17T22:02:05.377+0800: 776.549: Total time for which application threads were stopped: 0.0361328 seconds, Stopping threads took: 0.0000529 seconds
 779.472: [G1Ergonomics (Concurrent Cycles) request concurrent cycle initiation, reason: occupancy higher than threshold, occupancy: 3085959168 bytes, allocation request: 437491632 bytes, threshold: 3140694810 bytes (45.00 %), source: concurrent humongous allocation]
 779.472: [G1Ergonomics (Concurrent Cycles) request concurrent cycle initiation, reason: requested by GC cause, GC cause: G1 Humongous Allocation]
 779.473: [G1Ergonomics (Concurrent Cycles) initiate concurrent cycle, reason: concurrent cycle initiation requested]
2017-11-17T22:02:08.300+0800: 779.473: [GC pause (G1 Humongous Allocation) (young) (initial-mark) 779.473: [G1Ergonomics (CSet Construction) start choosing CSet, _pending_cards: 11289, predicted base time: 29.98 ms, remaining time: 170.02 ms, target pause time: 200.00 ms]
 779.473: [G1Ergonomics (CSet Construction) add young regions to CSet, eden: 2353 regions, survivors: 11 regions, predicted young region time: 43.90 ms]
 779.473: [G1Ergonomics (CSet Construction) finish choosing CSet, eden: 2353 regions, survivors: 11 regions, old: 0 regions, predicted pause time: 73.88 ms, target pause time: 200.00 ms]
, 0.0610793 secs]
   [Parallel Time: 54.2 ms, GC Workers: 8]
      [GC Worker Start (ms): Min: 779473.7, Avg: 779474.0, Max: 779474.5, Diff: 0.7]
      [Ext Root Scanning (ms): Min: 1.5, Avg: 3.8, Max: 12.8, Diff: 11.2, Sum: 30.4]
      [Update RS (ms): Min: 0.0, Avg: 11.6, Max: 20.1, Diff: 20.1, Sum: 93.0]
         [Processed Buffers: Min: 0, Avg: 6.1, Max: 11, Diff: 11, Sum: 49]
      [Scan RS (ms): Min: 0.2, Avg: 2.4, Max: 16.6, Diff: 16.4, Sum: 19.5]
      [Code Root Scanning (ms): Min: 0.0, Avg: 0.0, Max: 0.2, Diff: 0.2, Sum: 0.3]
      [Object Copy (ms): Min: 16.5, Avg: 28.7, Max: 38.9, Diff: 22.3, Sum: 229.6]
      [Termination (ms): Min: 0.2, Avg: 7.0, Max: 8.2, Diff: 8.0, Sum: 56.4]
         [Termination Attempts: Min: 1, Avg: 378.5, Max: 674, Diff: 673, Sum: 3028]
      [GC Worker Other (ms): Min: 0.0, Avg: 0.1, Max: 0.1, Diff: 0.1, Sum: 0.5]
      [GC Worker Total (ms): Min: 53.3, Avg: 53.7, Max: 54.0, Diff: 0.7, Sum: 429.7]
      [GC Worker End (ms): Min: 779527.7, Avg: 779527.7, Max: 779527.8, Diff: 0.1]
   [Code Root Fixup: 0.0 ms]
   [Code Root Purge: 0.0 ms]
   [Clear CT: 0.9 ms]
   [Other: 5.9 ms]
      [Choose CSet: 0.0 ms]
      [Ref Proc: 0.5 ms]
      [Ref Enq: 0.0 ms]
      [Redirty Cards: 0.2 ms]
      [Humongous Register: 0.2 ms]
      [Humongous Reclaim: 0.8 ms]
      [Free CSet: 2.4 ms]
   [Eden: 2353.0M(3018.0M)->0.0B(3430.0M) Survivors: 11.0M->16.0M Heap: 5224.4M(6656.0M)->2460.3M(6656.0M)]
 [Times: user=0.27 sys=0.00, real=0.06 secs] 
         vmop                    [threads: total initially_running wait_to_block]    [time: spin block sync cleanup vmop] page_trap_count
779.472: G1IncCollectionPause             [      33          0              0    ]      [     0     0     0     0    61    ]  0   
2017-11-17T22:02:08.362+0800: 779.534: [GC concurrent-root-region-scan-start]
2017-11-17T22:02:08.362+0800: 779.534: Total time for which application threads were stopped: 0.0616022 seconds, Stopping threads took: 0.0000575 seconds
2017-11-17T22:02:08.369+0800: 779.541: [GC concurrent-root-region-scan-end, 0.0069086 secs]
2017-11-17T22:02:08.369+0800: 779.541: [GC concurrent-mark-start]
2017-11-17T22:02:09.171+0800: 780.343: [GC concurrent-mark-end, 0.8022825 secs]
2017-11-17T22:02:09.171+0800: 780.344: [GC remark 2017-11-17T22:02:09.171+0800: 780.344: [Finalize Marking, 0.0005933 secs] 2017-11-17T22:02:09.172+0800: 780.344: [GC ref-proc, 0.0001524 secs] 2017-11-17T22:02:09.172+0800: 780.344: [Unloading, 0.0062081 secs], 0.0148705 secs]
 [Times: user=0.05 sys=0.00, real=0.02 secs] 
         vmop                    [threads: total initially_running wait_to_block]    [time: spin block sync cleanup vmop] page_trap_count
780.343: CGC_Operation                    [      33          1              1    ]      [     0     0     0     0    14    ]  1   
2017-11-17T22:02:09.186+0800: 780.359: Total time for which application threads were stopped: 0.0152193 seconds, Stopping threads took: 0.0001022 seconds
2017-11-17T22:02:09.187+0800: 780.359: [GC cleanup 3103M->3098M(6656M), 0.0078674 secs]
 [Times: user=0.02 sys=0.00, real=0.00 secs] 
         vmop                    [threads: total initially_running wait_to_block]    [time: spin block sync cleanup vmop] page_trap_count
780.359: CGC_Operation                    [      33          1              1    ]      [     0     0     0     0     7    ]  1   
2017-11-17T22:02:09.195+0800: 780.367: Total time for which application threads were stopped: 0.0081123 seconds, Stopping threads took: 0.0000653 seconds
2017-11-17T22:02:09.195+0800: 780.367: [GC concurrent-cleanup-start]
2017-11-17T22:02:09.195+0800: 780.367: [GC concurrent-cleanup-end, 0.0000387 secs]
2017-11-17T22:02:13.793+0800: 784.966: [GC pause (G1 Evacuation Pause) (young) 784.966: [G1Ergonomics (CSet Construction) start choosing CSet, _pending_cards: 17965, predicted base time: 35.60 ms, remaining time: 164.40 ms, target pause time: 200.00 ms]
 784.966: [G1Ergonomics (CSet Construction) add young regions to CSet, eden: 3430 regions, survivors: 16 regions, predicted young region time: 42.06 ms]
 784.966: [G1Ergonomics (CSet Construction) finish choosing CSet, eden: 3430 regions, survivors: 16 regions, old: 0 regions, predicted pause time: 77.66 ms, target pause time: 200.00 ms]
 785.076: [G1Ergonomics (Mixed GCs) do not start mixed GCs, reason: reclaimable percentage not over threshold, candidate old regions: 141 regions, reclaimable: 67265168 bytes (0.96 %), threshold: 5.00 %]
, 0.1104272 secs]
   [Parallel Time: 76.3 ms, GC Workers: 8]
      [GC Worker Start (ms): Min: 784967.2, Avg: 784967.2, Max: 784967.3, Diff: 0.1]
      [Ext Root Scanning (ms): Min: 0.0, Avg: 3.3, Max: 23.8, Diff: 23.8, Sum: 26.6]
      [Update RS (ms): Min: 9.7, Avg: 22.9, Max: 31.8, Diff: 22.1, Sum: 183.4]
         [Processed Buffers: Min: 2, Avg: 10.1, Max: 21, Diff: 19, Sum: 81]
      [Scan RS (ms): Min: 0.3, Avg: 0.6, Max: 1.1, Diff: 0.8, Sum: 5.0]
      [Code Root Scanning (ms): Min: 0.0, Avg: 0.0, Max: 0.1, Diff: 0.1, Sum: 0.4]
      [Object Copy (ms): Min: 23.1, Avg: 30.0, Max: 33.6, Diff: 10.5, Sum: 240.0]
      [Termination (ms): Min: 0.0, Avg: 4.5, Max: 14.7, Diff: 14.7, Sum: 36.2]
         [Termination Attempts: Min: 1, Avg: 10.0, Max: 73, Diff: 72, Sum: 80]
      [GC Worker Other (ms): Min: 0.1, Avg: 8.7, Max: 20.2, Diff: 20.1, Sum: 69.3]
      [GC Worker Total (ms): Min: 68.0, Avg: 70.1, Max: 76.1, Diff: 8.1, Sum: 560.9]
      [GC Worker End (ms): Min: 785035.3, Avg: 785037.3, Max: 785043.3, Diff: 8.0]
   [Code Root Fixup: 0.1 ms]
   [Code Root Purge: 0.0 ms]
   [Clear CT: 2.2 ms]
   [Other: 31.9 ms]
      [Choose CSet: 0.0 ms]
      [Ref Proc: 24.3 ms]
      [Ref Enq: 0.0 ms]
      [Redirty Cards: 1.5 ms]
      [Humongous Register: 0.8 ms]
      [Humongous Reclaim: 0.2 ms]
      [Free CSet: 3.7 ms]
   [Eden: 3430.0M(3430.0M)->0.0B(3024.0M) Survivors: 16.0M->9216.0K Heap: 6306.4M(6656.0M)->2869.9M(6656.0M)]
 [Times: user=0.24 sys=0.00, real=0.12 secs] 
         vmop                    [threads: total initially_running wait_to_block]    [time: spin block sync cleanup vmop] page_trap_count
784.965: G1IncCollectionPause             [      33          0              1    ]      [     0     0     0     0   111    ]  0   
2017-11-17T22:02:13.904+0800: 785.076: Total time for which application threads were stopped: 0.1114674 seconds, Stopping threads took: 0.0000572 seconds
 789.247: [G1Ergonomics (Concurrent Cycles) request concurrent cycle initiation, reason: occupancy higher than threshold, occupancy: 3085959168 bytes, allocation request: 437491632 bytes, threshold: 3140694810 bytes (45.00 %), source: concurrent humongous allocation]
 789.247: [G1Ergonomics (Concurrent Cycles) request concurrent cycle initiation, reason: requested by GC cause, GC cause: G1 Humongous Allocation]
 789.247: [G1Ergonomics (Concurrent Cycles) initiate concurrent cycle, reason: concurrent cycle initiation requested]
2017-11-17T22:02:18.075+0800: 789.247: [GC pause (G1 Humongous Allocation) (young) (initial-mark) 789.248: [G1Ergonomics (CSet Construction) start choosing CSet, _pending_cards: 10786, predicted base time: 42.98 ms, remaining time: 157.02 ms, target pause time: 200.00 ms]
 789.248: [G1Ergonomics (CSet Construction) add young regions to CSet, eden: 2452 regions, survivors: 9 regions, predicted young region time: 47.50 ms]
 789.248: [G1Ergonomics (CSet Construction) finish choosing CSet, eden: 2452 regions, survivors: 9 regions, old: 0 regions, predicted pause time: 90.48 ms, target pause time: 200.00 ms]
, 0.0622687 secs]
   [Parallel Time: 55.1 ms, GC Workers: 8]
      [GC Worker Start (ms): Min: 789248.5, Avg: 789248.8, Max: 789249.2, Diff: 0.7]
      [Ext Root Scanning (ms): Min: 1.4, Avg: 2.6, Max: 5.7, Diff: 4.3, Sum: 21.1]
      [Update RS (ms): Min: 6.8, Avg: 13.9, Max: 29.8, Diff: 23.0, Sum: 111.2]
         [Processed Buffers: Min: 1, Avg: 6.2, Max: 15, Diff: 14, Sum: 50]
      [Scan RS (ms): Min: 0.2, Avg: 0.4, Max: 1.1, Diff: 0.9, Sum: 3.5]
      [Code Root Scanning (ms): Min: 0.0, Avg: 0.0, Max: 0.2, Diff: 0.2, Sum: 0.3]
      [Object Copy (ms): Min: 20.2, Avg: 31.3, Max: 38.4, Diff: 18.2, Sum: 250.5]
      [Termination (ms): Min: 0.2, Avg: 6.1, Max: 7.8, Diff: 7.6, Sum: 49.1]
         [Termination Attempts: Min: 1, Avg: 786.9, Max: 1346, Diff: 1345, Sum: 6295]
      [GC Worker Other (ms): Min: 0.0, Avg: 0.1, Max: 0.2, Diff: 0.2, Sum: 0.7]
      [GC Worker Total (ms): Min: 54.1, Avg: 54.5, Max: 54.9, Diff: 0.8, Sum: 436.4]
      [GC Worker End (ms): Min: 789303.3, Avg: 789303.3, Max: 789303.4, Diff: 0.2]
   [Code Root Fixup: 0.0 ms]
   [Code Root Purge: 0.0 ms]
   [Clear CT: 0.9 ms]
   [Other: 6.2 ms]
      [Choose CSet: 0.0 ms]
      [Ref Proc: 0.5 ms]
      [Ref Enq: 0.0 ms]
      [Redirty Cards: 0.3 ms]
      [Humongous Register: 0.2 ms]
      [Humongous Reclaim: 0.8 ms]
      [Free CSet: 2.6 ms]
   [Eden: 2452.0M(3024.0M)->0.0B(3433.0M) Survivors: 9216.0K->15.0M Heap: 5322.5M(6656.0M)->2460.0M(6656.0M)]
 [Times: user=0.28 sys=0.00, real=0.06 secs] 
         vmop                    [threads: total initially_running wait_to_block]    [time: spin block sync cleanup vmop] page_trap_count
789.247: G1IncCollectionPause             [      33          0              0    ]      [     0     0     0     0    62    ]  0   
2017-11-17T22:02:18.138+0800: 789.310: [GC concurrent-root-region-scan-start]
2017-11-17T22:02:18.138+0800: 789.310: Total time for which application threads were stopped: 0.0627929 seconds, Stopping threads took: 0.0000766 seconds
2017-11-17T22:02:18.144+0800: 789.317: [GC concurrent-root-region-scan-end, 0.0066839 secs]
2017-11-17T22:02:18.144+0800: 789.317: [GC concurrent-mark-start]
2017-11-17T22:02:18.858+0800: 790.030: [GC concurrent-mark-end, 0.7134912 secs]
2017-11-17T22:02:18.858+0800: 790.030: [GC remark 2017-11-17T22:02:18.858+0800: 790.030: [Finalize Marking, 0.0005494 secs] 2017-11-17T22:02:18.859+0800: 790.031: [GC ref-proc, 0.0001617 secs] 2017-11-17T22:02:18.859+0800: 790.031: [Unloading, 0.0058743 secs], 0.0128479 secs]
 [Times: user=0.06 sys=0.00, real=0.01 secs] 
         vmop                    [threads: total initially_running wait_to_block]    [time: spin block sync cleanup vmop] page_trap_count
790.030: CGC_Operation                    [      33          1              1    ]      [     0     0     0     0    12    ]  1   
2017-11-17T22:02:18.871+0800: 790.043: Total time for which application threads were stopped: 0.0132007 seconds, Stopping threads took: 0.0000992 seconds
2017-11-17T22:02:18.871+0800: 790.044: [GC cleanup 2937M->2933M(6656M), 0.0062075 secs]
 [Times: user=0.02 sys=0.00, real=0.01 secs] 
         vmop                    [threads: total initially_running wait_to_block]    [time: spin block sync cleanup vmop] page_trap_count
790.043: CGC_Operation                    [      33          1              1    ]      [     0     0     0     0     6    ]  1   
2017-11-17T22:02:18.878+0800: 790.050: Total time for which application threads were stopped: 0.0064532 seconds, Stopping threads took: 0.0000716 seconds
2017-11-17T22:02:18.878+0800: 790.050: [GC concurrent-cleanup-start]
2017-11-17T22:02:18.878+0800: 790.050: [GC concurrent-cleanup-end, 0.0000437 secs]
         vmop                    [threads: total initially_running wait_to_block]    [time: spin block sync cleanup vmop] page_trap_count
792.050: no vm operation                  [      33          1              1    ]      [     0     0     0     0     0    ]  0   
2017-11-17T22:02:20.878+0800: 792.050: Total time for which application threads were stopped: 0.0002493 seconds, Stopping threads took: 0.0000751 seconds
2017-11-17T22:02:26.780+0800: 797.952: [GC pause (G1 Evacuation Pause) (young) 797.952: [G1Ergonomics (CSet Construction) start choosing CSet, _pending_cards: 14379, predicted base time: 42.99 ms, remaining time: 157.01 ms, target pause time: 200.00 ms]
 797.953: [G1Ergonomics (CSet Construction) add young regions to CSet, eden: 3433 regions, survivors: 15 regions, predicted young region time: 50.71 ms]
 797.953: [G1Ergonomics (CSet Construction) finish choosing CSet, eden: 3433 regions, survivors: 15 regions, old: 0 regions, predicted pause time: 93.70 ms, target pause time: 200.00 ms]
 797.983: [G1Ergonomics (Mixed GCs) do not start mixed GCs, reason: reclaimable percentage not over threshold, candidate old regions: 141 regions, reclaimable: 67265496 bytes (0.96 %), threshold: 5.00 %]
, 0.0307868 secs]
   [Parallel Time: 24.1 ms, GC Workers: 8]
      [GC Worker Start (ms): Min: 797953.4, Avg: 797955.4, Max: 797967.2, Diff: 13.8]
      [Ext Root Scanning (ms): Min: 0.0, Avg: 0.4, Max: 1.0, Diff: 1.0, Sum: 3.2]
      [Update RS (ms): Min: 0.0, Avg: 4.0, Max: 5.5, Diff: 5.5, Sum: 31.8]
         [Processed Buffers: Min: 0, Avg: 8.2, Max: 30, Diff: 30, Sum: 66]
      [Scan RS (ms): Min: 0.3, Avg: 2.0, Max: 12.0, Diff: 11.7, Sum: 16.4]
      [Code Root Scanning (ms): Min: 0.0, Avg: 0.0, Max: 0.1, Diff: 0.1, Sum: 0.3]
      [Object Copy (ms): Min: 0.9, Avg: 10.6, Max: 17.7, Diff: 16.9, Sum: 85.2]
      [Termination (ms): Min: 0.0, Avg: 4.6, Max: 5.8, Diff: 5.8, Sum: 36.8]
         [Termination Attempts: Min: 1, Avg: 229.8, Max: 347, Diff: 346, Sum: 1838]
      [GC Worker Other (ms): Min: 0.0, Avg: 0.1, Max: 0.2, Diff: 0.1, Sum: 0.8]
      [GC Worker Total (ms): Min: 9.9, Avg: 21.8, Max: 23.9, Diff: 13.9, Sum: 174.5]
      [GC Worker End (ms): Min: 797977.1, Avg: 797977.2, Max: 797977.3, Diff: 0.2]
   [Code Root Fixup: 0.0 ms]
   [Code Root Purge: 0.0 ms]
   [Clear CT: 1.0 ms]
   [Other: 5.7 ms]
      [Choose CSet: 0.2 ms]
      [Ref Proc: 0.4 ms]
      [Ref Enq: 0.0 ms]
      [Redirty Cards: 0.3 ms]
      [Humongous Register: 0.6 ms]
      [Humongous Reclaim: 0.2 ms]
      [Free CSet: 3.6 ms]
   [Eden: 3433.0M(3433.0M)->0.0B(3030.0M) Survivors: 15.0M->9216.0K Heap: 6307.1M(6656.0M)->2868.1M(6656.0M)]
 [Times: user=0.15 sys=0.01, real=0.03 secs] 
         vmop                    [threads: total initially_running wait_to_block]    [time: spin block sync cleanup vmop] page_trap_count
797.952: G1IncCollectionPause             [      33          0              0    ]      [     0     0     0     0    30    ]  0   
2017-11-17T22:02:26.811+0800: 797.983: Total time for which application threads were stopped: 0.0312423 seconds, Stopping threads took: 0.0000599 seconds
         vmop                    [threads: total initially_running wait_to_block]    [time: spin block sync cleanup vmop] page_trap_count
798.983: no vm operation                  [      33          0              0    ]      [     0     0     0     0     0    ]  0   
2017-11-17T22:02:27.811+0800: 798.984: Total time for which application threads were stopped: 0.0001913 seconds, Stopping threads took: 0.0000400 seconds
 803.512: [G1Ergonomics (Concurrent Cycles) request concurrent cycle initiation, reason: occupancy higher than threshold, occupancy: 3085959168 bytes, allocation request: 437491632 bytes, threshold: 3140694810 bytes (45.00 %), source: concurrent humongous allocation]
 803.513: [G1Ergonomics (Concurrent Cycles) request concurrent cycle initiation, reason: requested by GC cause, GC cause: G1 Humongous Allocation]
 803.513: [G1Ergonomics (Concurrent Cycles) initiate concurrent cycle, reason: concurrent cycle initiation requested]
2017-11-17T22:02:32.340+0800: 803.513: [GC pause (G1 Humongous Allocation) (young) (initial-mark) 803.513: [G1Ergonomics (CSet Construction) start choosing CSet, _pending_cards: 11104, predicted base time: 32.49 ms, remaining time: 167.51 ms, target pause time: 200.00 ms]
 803.513: [G1Ergonomics (CSet Construction) add young regions to CSet, eden: 2318 regions, survivors: 9 regions, predicted young region time: 29.84 ms]
 803.513: [G1Ergonomics (CSet Construction) finish choosing CSet, eden: 2318 regions, survivors: 9 regions, old: 0 regions, predicted pause time: 62.34 ms, target pause time: 200.00 ms]
, 0.0616959 secs]
   [Parallel Time: 54.0 ms, GC Workers: 8]
      [GC Worker Start (ms): Min: 803513.8, Avg: 803513.9, Max: 803514.6, Diff: 0.8]
      [Ext Root Scanning (ms): Min: 1.4, Avg: 1.6, Max: 2.0, Diff: 0.6, Sum: 12.4]
      [Update RS (ms): Min: 7.5, Avg: 8.7, Max: 10.2, Diff: 2.7, Sum: 69.6]
         [Processed Buffers: Min: 3, Avg: 6.4, Max: 13, Diff: 10, Sum: 51]
      [Scan RS (ms): Min: 0.2, Avg: 0.5, Max: 1.1, Diff: 0.9, Sum: 4.2]
      [Code Root Scanning (ms): Min: 0.0, Avg: 0.0, Max: 0.1, Diff: 0.1, Sum: 0.2]
      [Object Copy (ms): Min: 27.8, Avg: 30.0, Max: 30.8, Diff: 3.0, Sum: 240.3]
      [Termination (ms): Min: 0.0, Avg: 1.7, Max: 12.4, Diff: 12.4, Sum: 13.4]
         [Termination Attempts: Min: 1, Avg: 96.9, Max: 177, Diff: 176, Sum: 775]
      [GC Worker Other (ms): Min: 0.0, Avg: 0.1, Max: 0.2, Diff: 0.2, Sum: 0.7]
      [GC Worker Total (ms): Min: 40.4, Avg: 42.6, Max: 53.3, Diff: 12.9, Sum: 340.9]
      [GC Worker End (ms): Min: 803554.9, Avg: 803556.5, Max: 803567.2, Diff: 12.3]
   [Code Root Fixup: 0.0 ms]
   [Code Root Purge: 0.0 ms]
   [Clear CT: 1.1 ms]
   [Other: 6.6 ms]
      [Choose CSet: 0.0 ms]
      [Ref Proc: 0.6 ms]
      [Ref Enq: 0.0 ms]
      [Redirty Cards: 0.3 ms]
      [Humongous Register: 0.2 ms]
      [Humongous Reclaim: 0.8 ms]
      [Free CSet: 2.9 ms]
   [Eden: 2318.0M(3030.0M)->0.0B(3438.0M) Survivors: 9216.0K->13.0M Heap: 5189.1M(6656.0M)->2457.9M(6656.0M)]
 [Times: user=0.26 sys=0.00, real=0.06 secs] 
         vmop                    [threads: total initially_running wait_to_block]    [time: spin block sync cleanup vmop] page_trap_count
803.512: G1IncCollectionPause             [      32          0              0    ]      [     0     0     0     0    61    ]  0   
2017-11-17T22:02:32.402+0800: 803.574: [GC concurrent-root-region-scan-start]
2017-11-17T22:02:32.402+0800: 803.575: Total time for which application threads were stopped: 0.0621732 seconds, Stopping threads took: 0.0000633 seconds
2017-11-17T22:02:32.408+0800: 803.580: [GC concurrent-root-region-scan-end, 0.0057675 secs]
2017-11-17T22:02:32.408+0800: 803.580: [GC concurrent-mark-start]
         vmop                    [threads: total initially_running wait_to_block]    [time: spin block sync cleanup vmop] page_trap_count
803.956: RevokeBias                       [      33          0              0    ]      [     0     0    56     0     0    ]  0   
2017-11-17T22:02:32.841+0800: 804.013: Total time for which application threads were stopped: 0.0003103 seconds, Stopping threads took: 0.0000688 seconds
         vmop                    [threads: total initially_running wait_to_block]    [time: spin block sync cleanup vmop] page_trap_count
804.013: RevokeBias                       [      33          1              1    ]      [     0     0     0     0     0    ]  0   
2017-11-17T22:02:32.841+0800: 804.014: Total time for which application threads were stopped: 0.0001862 seconds, Stopping threads took: 0.0000898 seconds
2017-11-17T22:02:33.205+0800: 804.377: [GC concurrent-mark-end, 0.7968357 secs]
2017-11-17T22:02:33.205+0800: 804.377: [GC remark 2017-11-17T22:02:33.205+0800: 804.377: [Finalize Marking, 0.0006701 secs] 2017-11-17T22:02:33.206+0800: 804.378: [GC ref-proc, 0.0001847 secs] 2017-11-17T22:02:33.206+0800: 804.378: [Unloading, 0.0112490 secs], 0.0230533 secs]
 [Times: user=0.06 sys=0.00, real=0.02 secs] 
         vmop                    [threads: total initially_running wait_to_block]    [time: spin block sync cleanup vmop] page_trap_count
804.377: CGC_Operation                    [      33          1              1    ]      [     0     0     0     0    23    ]  1   
2017-11-17T22:02:33.228+0800: 804.401: Total time for which application threads were stopped: 0.0233565 seconds, Stopping threads took: 0.0000952 seconds
2017-11-17T22:02:33.230+0800: 804.402: [GC cleanup 3265M->3261M(6656M), 0.0060298 secs]
 [Times: user=0.03 sys=0.00, real=0.01 secs] 
         vmop                    [threads: total initially_running wait_to_block]    [time: spin block sync cleanup vmop] page_trap_count
804.401: CGC_Operation                    [      33          1              1    ]      [     0     0     0     0     6    ]  1   
2017-11-17T22:02:33.236+0800: 804.408: Total time for which application threads were stopped: 0.0063617 seconds, Stopping threads took: 0.0001085 seconds
2017-11-17T22:02:33.236+0800: 804.408: [GC concurrent-cleanup-start]
2017-11-17T22:02:33.236+0800: 804.408: [GC concurrent-cleanup-end, 0.0000534 secs]
2017-11-17T22:02:36.034+0800: 807.206: [GC pause (G1 Evacuation Pause) (young) 807.206: [G1Ergonomics (CSet Construction) start choosing CSet, _pending_cards: 17450, predicted base time: 38.35 ms, remaining time: 161.65 ms, target pause time: 200.00 ms]
 807.206: [G1Ergonomics (CSet Construction) add young regions to CSet, eden: 3438 regions, survivors: 13 regions, predicted young region time: 36.73 ms]
 807.206: [G1Ergonomics (CSet Construction) finish choosing CSet, eden: 3438 regions, survivors: 13 regions, old: 0 regions, predicted pause time: 75.07 ms, target pause time: 200.00 ms]
 807.262: [G1Ergonomics (Mixed GCs) do not start mixed GCs, reason: reclaimable percentage not over threshold, candidate old regions: 141 regions, reclaimable: 67265688 bytes (0.96 %), threshold: 5.00 %]
, 0.0566900 secs]
   [Parallel Time: 48.0 ms, GC Workers: 8]
      [GC Worker Start (ms): Min: 807206.5, Avg: 807208.9, Max: 807215.1, Diff: 8.6]
      [Ext Root Scanning (ms): Min: 0.0, Avg: 0.4, Max: 1.1, Diff: 1.1, Sum: 2.9]
      [Update RS (ms): Min: 5.2, Avg: 15.0, Max: 28.0, Diff: 22.8, Sum: 119.8]
         [Processed Buffers: Min: 4, Avg: 9.5, Max: 24, Diff: 20, Sum: 76]
      [Scan RS (ms): Min: 0.3, Avg: 0.7, Max: 1.3, Diff: 1.0, Sum: 5.3]
      [Code Root Scanning (ms): Min: 0.0, Avg: 0.0, Max: 0.1, Diff: 0.1, Sum: 0.3]
      [Object Copy (ms): Min: 8.7, Avg: 22.2, Max: 30.5, Diff: 21.8, Sum: 177.3]
      [Termination (ms): Min: 0.0, Avg: 7.0, Max: 10.1, Diff: 10.1, Sum: 55.6]
         [Termination Attempts: Min: 1, Avg: 45.6, Max: 160, Diff: 159, Sum: 365]
      [GC Worker Other (ms): Min: 0.0, Avg: 0.1, Max: 0.2, Diff: 0.2, Sum: 0.6]
      [GC Worker Total (ms): Min: 39.1, Avg: 45.2, Max: 47.7, Diff: 8.6, Sum: 361.9]
      [GC Worker End (ms): Min: 807254.1, Avg: 807254.1, Max: 807254.2, Diff: 0.2]
   [Code Root Fixup: 0.0 ms]
   [Code Root Purge: 0.0 ms]
   [Clear CT: 1.3 ms]
   [Other: 7.3 ms]
      [Choose CSet: 0.0 ms]
      [Ref Proc: 1.0 ms]
      [Ref Enq: 0.0 ms]
      [Redirty Cards: 0.4 ms]
      [Humongous Register: 0.5 ms]
      [Humongous Reclaim: 0.2 ms]
      [Free CSet: 4.9 ms]
   [Eden: 3438.0M(3438.0M)->0.0B(3028.0M) Survivors: 13.0M->10.0M Heap: 6312.1M(6656.0M)->2870.6M(6656.0M)]
 [Times: user=0.19 sys=0.00, real=0.06 secs] 
         vmop                    [threads: total initially_running wait_to_block]    [time: spin block sync cleanup vmop] page_trap_count
807.206: G1IncCollectionPause             [      33          0              0    ]      [     0     0     0     0    56    ]  0   
2017-11-17T22:02:36.091+0800: 807.263: Total time for which application threads were stopped: 0.0570604 seconds, Stopping threads took: 0.0000559 seconds
         vmop                    [threads: total initially_running wait_to_block]    [time: spin block sync cleanup vmop] page_trap_count
810.263: no vm operation                  [      33          0              0    ]      [     0     0     0     0     0    ]  0   
2017-11-17T22:02:39.091+0800: 810.263: Total time for which application threads were stopped: 0.0002550 seconds, Stopping threads took: 0.0000439 seconds
         vmop                    [threads: total initially_running wait_to_block]    [time: spin block sync cleanup vmop] page_trap_count
813.264: no vm operation                  [      33          0              0    ]      [     0     0     0     0     0    ]  0   
2017-11-17T22:02:42.092+0800: 813.264: Total time for which application threads were stopped: 0.0001974 seconds, Stopping threads took: 0.0000446 seconds
         vmop                    [threads: total initially_running wait_to_block]    [time: spin block sync cleanup vmop] page_trap_count
814.068: RevokeBias                       [      32          0              0    ]      [     0     0     0     0     0    ]  0   
2017-11-17T22:02:42.896+0800: 814.069: Total time for which application threads were stopped: 0.0002698 seconds, Stopping threads took: 0.0000860 seconds
         vmop                    [threads: total initially_running wait_to_block]    [time: spin block sync cleanup vmop] page_trap_count
814.069: RevokeBias                       [      31          0              0    ]      [     0     0     0     0     0    ]  0   
2017-11-17T22:02:42.897+0800: 814.069: Total time for which application threads were stopped: 0.0001713 seconds, Stopping threads took: 0.0001183 seconds
         vmop                    [threads: total initially_running wait_to_block]    [time: spin block sync cleanup vmop] page_trap_count
817.761: RevokeBias                       [      29          0              0    ]      [     0     0     0     0     0    ]  0   
2017-11-17T22:02:46.590+0800: 817.762: Total time for which application threads were stopped: 0.0002322 seconds, Stopping threads took: 0.0000495 seconds
         vmop                    [threads: total initially_running wait_to_block]    [time: spin block sync cleanup vmop] page_trap_count
817.762: RevokeBias                       [      29          0              1    ]      [     0     0     0     0     0    ]  0   
2017-11-17T22:02:46.590+0800: 817.762: Total time for which application threads were stopped: 0.0000990 seconds, Stopping threads took: 0.0000224 seconds
         vmop                    [threads: total initially_running wait_to_block]    [time: spin block sync cleanup vmop] page_trap_count
817.763: RevokeBias                       [      29          0              1    ]      [     0     0     0     0     0    ]  0   
2017-11-17T22:02:46.591+0800: 817.763: Total time for which application threads were stopped: 0.0000787 seconds, Stopping threads took: 0.0000204 seconds
         vmop                    [threads: total initially_running wait_to_block]    [time: spin block sync cleanup vmop] page_trap_count
817.765: RevokeBias                       [      29          0              2    ]      [     0     0     0     0     0    ]  0   
2017-11-17T22:02:46.593+0800: 817.765: Total time for which application threads were stopped: 0.0001027 seconds, Stopping threads took: 0.0000359 seconds
         vmop                    [threads: total initially_running wait_to_block]    [time: spin block sync cleanup vmop] page_trap_count
817.778: RevokeBias                       [      29          0              1    ]      [     0     0     0     0     0    ]  0   
2017-11-17T22:02:46.606+0800: 817.779: Total time for which application threads were stopped: 0.0002244 seconds, Stopping threads took: 0.0000662 seconds
         vmop                    [threads: total initially_running wait_to_block]    [time: spin block sync cleanup vmop] page_trap_count
818.779: no vm operation                  [      29          1              1    ]      [     0     0     0     0     0    ]  1   
2017-11-17T22:02:47.607+0800: 818.779: Total time for which application threads were stopped: 0.0002330 seconds, Stopping threads took: 0.0000628 seconds
         vmop                    [threads: total initially_running wait_to_block]    [time: spin block sync cleanup vmop] page_trap_count
819.382: RevokeBias                       [      29          0              0    ]      [     0     0     0     0     0    ]  0   
2017-11-17T22:02:48.210+0800: 819.382: Total time for which application threads were stopped: 0.0002690 seconds, Stopping threads took: 0.0000645 seconds
2017-11-17T22:02:48.783+0800: 819.955: [GC pause (G1 Evacuation Pause) (young) 819.955: [G1Ergonomics (CSet Construction) start choosing CSet, _pending_cards: 19106, predicted base time: 36.44 ms, remaining time: 163.56 ms, target pause time: 200.00 ms]
 819.955: [G1Ergonomics (CSet Construction) add young regions to CSet, eden: 2708 regions, survivors: 10 regions, predicted young region time: 223.87 ms]
 819.955: [G1Ergonomics (CSet Construction) finish choosing CSet, eden: 2708 regions, survivors: 10 regions, old: 0 regions, predicted pause time: 260.30 ms, target pause time: 200.00 ms]
, 0.3258481 secs]
   [Parallel Time: 316.3 ms, GC Workers: 8]
      [GC Worker Start (ms): Min: 819955.6, Avg: 819958.5, Max: 819963.3, Diff: 7.6]
      [Ext Root Scanning (ms): Min: 0.0, Avg: 0.5, Max: 1.1, Diff: 1.1, Sum: 3.7]
      [Update RS (ms): Min: 17.0, Avg: 22.9, Max: 33.6, Diff: 16.6, Sum: 183.1]
         [Processed Buffers: Min: 3, Avg: 10.4, Max: 17, Diff: 14, Sum: 83]
      [Scan RS (ms): Min: 65.7, Avg: 85.6, Max: 100.1, Diff: 34.4, Sum: 684.5]
      [Code Root Scanning (ms): Min: 0.0, Avg: 0.1, Max: 0.2, Diff: 0.2, Sum: 0.4]
      [Object Copy (ms): Min: 185.0, Avg: 195.2, Max: 205.6, Diff: 20.6, Sum: 1561.3]
      [Termination (ms): Min: 0.0, Avg: 9.0, Max: 10.3, Diff: 10.2, Sum: 71.7]
         [Termination Attempts: Min: 1, Avg: 181.8, Max: 378, Diff: 377, Sum: 1454]
      [GC Worker Other (ms): Min: 0.0, Avg: 0.1, Max: 0.1, Diff: 0.1, Sum: 0.4]
      [GC Worker Total (ms): Min: 308.4, Avg: 313.1, Max: 316.1, Diff: 7.7, Sum: 2505.2]
      [GC Worker End (ms): Min: 820271.6, Avg: 820271.7, Max: 820271.7, Diff: 0.1]
   [Code Root Fixup: 0.1 ms]
   [Code Root Purge: 0.0 ms]
   [Clear CT: 1.1 ms]
   [Other: 8.4 ms]
      [Choose CSet: 0.0 ms]
      [Ref Proc: 0.8 ms]
      [Ref Enq: 0.0 ms]
      [Redirty Cards: 0.3 ms]
      [Humongous Register: 0.5 ms]
      [Humongous Reclaim: 1.0 ms]
      [Free CSet: 5.5 ms]
   [Eden: 2708.0M(322.0M)->0.0B(294.0M) Survivors: 10.0M->38.0M Heap: 5595.2M(6656.0M)->2498.0M(6656.0M)]
 [Times: user=0.91 sys=0.02, real=0.33 secs] 
         vmop                    [threads: total initially_running wait_to_block]    [time: spin block sync cleanup vmop] page_trap_count
819.955: G1IncCollectionPause             [      29          0              0    ]      [     0     0     0     0   326    ]  0   
2017-11-17T22:02:49.109+0800: 820.281: Total time for which application threads were stopped: 0.3262580 seconds, Stopping threads took: 0.0000579 seconds
         vmop                    [threads: total initially_running wait_to_block]    [time: spin block sync cleanup vmop] page_trap_count
820.281: RevokeBias                       [      29          1              1    ]      [     0     0     0     0     0    ]  1   
2017-11-17T22:02:49.109+0800: 820.282: Total time for which application threads were stopped: 0.0002747 seconds, Stopping threads took: 0.0000871 seconds
         vmop                    [threads: total initially_running wait_to_block]    [time: spin block sync cleanup vmop] page_trap_count
820.304: Deoptimize                       [      29          0              0    ]      [     0     0    10     0     0    ]  0   
2017-11-17T22:02:49.144+0800: 820.316: Total time for which application threads were stopped: 0.0011992 seconds, Stopping threads took: 0.0000351 seconds
         vmop                    [threads: total initially_running wait_to_block]    [time: spin block sync cleanup vmop] page_trap_count
821.316: no vm operation                  [      29          1              1    ]      [     0     0     0     0     0    ]  1   
2017-11-17T22:02:50.144+0800: 821.317: Total time for which application threads were stopped: 0.0002630 seconds, Stopping threads took: 0.0000698 seconds
2017-11-17T22:02:50.815+0800: 821.987: [GC pause (G1 Evacuation Pause) (young) 821.987: [G1Ergonomics (CSet Construction) start choosing CSet, _pending_cards: 16939, predicted base time: 33.81 ms, remaining time: 166.19 ms, target pause time: 200.00 ms]
 821.987: [G1Ergonomics (CSet Construction) add young regions to CSet, eden: 294 regions, survivors: 38 regions, predicted young region time: 1013.97 ms]
 821.987: [G1Ergonomics (CSet Construction) finish choosing CSet, eden: 294 regions, survivors: 38 regions, old: 0 regions, predicted pause time: 1047.78 ms, target pause time: 200.00 ms]
, 0.4364872 secs]
   [Parallel Time: 403.3 ms, GC Workers: 8]
      [GC Worker Start (ms): Min: 821988.0, Avg: 821991.7, Max: 821997.7, Diff: 9.7]
      [Ext Root Scanning (ms): Min: 0.0, Avg: 0.4, Max: 1.1, Diff: 1.1, Sum: 3.1]
      [Update RS (ms): Min: 12.1, Avg: 19.2, Max: 31.0, Diff: 18.9, Sum: 153.9]
         [Processed Buffers: Min: 4, Avg: 9.2, Max: 19, Diff: 15, Sum: 74]
      [Scan RS (ms): Min: 123.5, Avg: 137.3, Max: 161.8, Diff: 38.3, Sum: 1098.5]
      [Code Root Scanning (ms): Min: 0.0, Avg: 0.0, Max: 0.1, Diff: 0.1, Sum: 0.3]
      [Object Copy (ms): Min: 155.6, Avg: 190.5, Max: 236.0, Diff: 80.3, Sum: 1524.1]
      [Termination (ms): Min: 0.0, Avg: 39.9, Max: 56.2, Diff: 56.2, Sum: 319.5]
         [Termination Attempts: Min: 1, Avg: 6.2, Max: 17, Diff: 16, Sum: 50]
      [GC Worker Other (ms): Min: 0.0, Avg: 0.0, Max: 0.0, Diff: 0.0, Sum: 0.2]
      [GC Worker Total (ms): Min: 378.7, Avg: 387.4, Max: 403.1, Diff: 24.4, Sum: 3099.5]
      [GC Worker End (ms): Min: 822376.4, Avg: 822379.1, Max: 822391.2, Diff: 14.8]
   [Code Root Fixup: 0.1 ms]
   [Code Root Purge: 0.0 ms]
   [Clear CT: 0.4 ms]
   [Other: 32.7 ms]
      [Choose CSet: 0.0 ms]
      [Ref Proc: 29.2 ms]
      [Ref Enq: 0.0 ms]
      [Redirty Cards: 0.7 ms]
      [Humongous Register: 0.7 ms]
      [Humongous Reclaim: 0.3 ms]
      [Free CSet: 1.0 ms]
   [Eden: 294.0M(294.0M)->0.0B(303.0M) Survivors: 38.0M->29.0M Heap: 2807.5M(6656.0M)->2541.0M(6656.0M)]
 [Times: user=1.47 sys=0.11, real=0.44 secs] 
         vmop                    [threads: total initially_running wait_to_block]    [time: spin block sync cleanup vmop] page_trap_count
821.987: G1IncCollectionPause             [      29          0              0    ]      [     0     0     0     0   436    ]  0   
2017-11-17T22:02:51.252+0800: 822.424: Total time for which application threads were stopped: 0.4369437 seconds, Stopping threads took: 0.0000595 seconds
         vmop                    [threads: total initially_running wait_to_block]    [time: spin block sync cleanup vmop] page_trap_count
822.929: RevokeBias                       [      29          0              0    ]      [     0     0     0     0     0    ]  0   
2017-11-17T22:02:51.757+0800: 822.929: Total time for which application threads were stopped: 0.0001602 seconds, Stopping threads took: 0.0000401 seconds
         vmop                    [threads: total initially_running wait_to_block]    [time: spin block sync cleanup vmop] page_trap_count
823.929: no vm operation                  [      29          0              0    ]      [     0     0     0     0     0    ]  0   
2017-11-17T22:02:52.757+0800: 823.929: Total time for which application threads were stopped: 0.0001994 seconds, Stopping threads took: 0.0000574 seconds
2017-11-17T22:02:52.946+0800: 824.118: [GC pause (G1 Evacuation Pause) (young) 824.118: [G1Ergonomics (CSet Construction) start choosing CSet, _pending_cards: 20724, predicted base time: 53.56 ms, remaining time: 146.44 ms, target pause time: 200.00 ms]
 824.118: [G1Ergonomics (CSet Construction) add young regions to CSet, eden: 303 regions, survivors: 29 regions, predicted young region time: 134.01 ms]
 824.118: [G1Ergonomics (CSet Construction) finish choosing CSet, eden: 303 regions, survivors: 29 regions, old: 0 regions, predicted pause time: 187.58 ms, target pause time: 200.00 ms]
, 0.3504955 secs]
   [Parallel Time: 305.1 ms, GC Workers: 8]
      [GC Worker Start (ms): Min: 824118.3, Avg: 824123.2, Max: 824131.2, Diff: 13.0]
      [Ext Root Scanning (ms): Min: 0.0, Avg: 0.4, Max: 1.2, Diff: 1.2, Sum: 3.1]
      [Update RS (ms): Min: 12.8, Avg: 22.0, Max: 32.8, Diff: 20.0, Sum: 176.3]
         [Processed Buffers: Min: 3, Avg: 11.1, Max: 22, Diff: 19, Sum: 89]
      [Scan RS (ms): Min: 0.1, Avg: 24.5, Max: 82.2, Diff: 82.1, Sum: 195.7]
      [Code Root Scanning (ms): Min: 0.0, Avg: 0.0, Max: 0.1, Diff: 0.1, Sum: 0.1]
      [Object Copy (ms): Min: 134.1, Avg: 187.0, Max: 253.2, Diff: 119.1, Sum: 1496.0]
      [Termination (ms): Min: 5.0, Avg: 57.5, Max: 88.4, Diff: 83.4, Sum: 459.8]
         [Termination Attempts: Min: 1, Avg: 2424.1, Max: 4941, Diff: 4940, Sum: 19393]
      [GC Worker Other (ms): Min: 0.0, Avg: 0.0, Max: 0.0, Diff: 0.0, Sum: 0.2]
      [GC Worker Total (ms): Min: 282.1, Avg: 291.4, Max: 304.9, Diff: 22.8, Sum: 2331.1]
      [GC Worker End (ms): Min: 824413.3, Avg: 824414.6, Max: 824423.2, Diff: 9.9]
   [Code Root Fixup: 0.1 ms]
   [Code Root Purge: 0.0 ms]
   [Clear CT: 22.5 ms]
   [Other: 22.9 ms]
      [Choose CSet: 0.0 ms]
      [Ref Proc: 20.2 ms]
      [Ref Enq: 0.0 ms]
      [Redirty Cards: 0.3 ms]
      [Humongous Register: 0.4 ms]
      [Humongous Reclaim: 0.3 ms]
      [Free CSet: 0.8 ms]
   [Eden: 303.0M(303.0M)->0.0B(298.0M) Survivors: 29.0M->34.0M Heap: 2851.5M(6656.0M)->2578.6M(6656.0M)]
 [Times: user=1.17 sys=0.01, real=0.35 secs] 
         vmop                    [threads: total initially_running wait_to_block]    [time: spin block sync cleanup vmop] page_trap_count
824.118: G1IncCollectionPause             [      29          0              0    ]      [     0     0     0     0   350    ]  0   
2017-11-17T22:02:53.296+0800: 824.468: Total time for which application threads were stopped: 0.3509006 seconds, Stopping threads took: 0.0000482 seconds
         vmop                    [threads: total initially_running wait_to_block]    [time: spin block sync cleanup vmop] page_trap_count
824.469: RevokeBias                       [      29          2              0    ]      [     0     0     0     0     0    ]  0   
2017-11-17T22:02:53.297+0800: 824.469: Total time for which application threads were stopped: 0.0003887 seconds, Stopping threads took: 0.0002448 seconds
         vmop                    [threads: total initially_running wait_to_block]    [time: spin block sync cleanup vmop] page_trap_count
824.491: RevokeBias                       [      29          0              1    ]      [     0    13    19     0     0    ]  0   
2017-11-17T22:02:53.339+0800: 824.511: Total time for which application threads were stopped: 0.0141064 seconds, Stopping threads took: 0.0138780 seconds
         vmop                    [threads: total initially_running wait_to_block]    [time: spin block sync cleanup vmop] page_trap_count
825.312: RevokeBias                       [      29          0              0    ]      [     0     0     0     0     0    ]  0   
2017-11-17T22:02:54.140+0800: 825.312: Total time for which application threads were stopped: 0.0002436 seconds, Stopping threads took: 0.0000498 seconds
         vmop                    [threads: total initially_running wait_to_block]    [time: spin block sync cleanup vmop] page_trap_count
826.312: no vm operation                  [      29          1              1    ]      [     7     2     9     0     0    ]  1   
2017-11-17T22:02:55.150+0800: 826.322: Total time for which application threads were stopped: 0.0098777 seconds, Stopping threads took: 0.0096705 seconds
         vmop                    [threads: total initially_running wait_to_block]    [time: spin block sync cleanup vmop] page_trap_count
827.238: RevokeBias                       [      29          0              0    ]      [     0     0     0     0     0    ]  0   
2017-11-17T22:02:56.066+0800: 827.239: Total time for which application threads were stopped: 0.0002287 seconds, Stopping threads took: 0.0000504 seconds
         vmop                    [threads: total initially_running wait_to_block]    [time: spin block sync cleanup vmop] page_trap_count
828.239: no vm operation                  [      29          0              0    ]      [     0     0     0     0     0    ]  0   
2017-11-17T22:02:57.067+0800: 828.239: Total time for which application threads were stopped: 0.0001912 seconds, Stopping threads took: 0.0000586 seconds
         vmop                    [threads: total initially_running wait_to_block]    [time: spin block sync cleanup vmop] page_trap_count
829.239: no vm operation                  [      29          1              1    ]      [    16     0    16     0     0    ]  1   
2017-11-17T22:02:58.084+0800: 829.256: Total time for which application threads were stopped: 0.0167419 seconds, Stopping threads took: 0.0165799 seconds
2017-11-17T22:02:58.258+0800: 829.430: [GC pause (G1 Evacuation Pause) (young) 829.431: [G1Ergonomics (CSet Construction) start choosing CSet, _pending_cards: 22568, predicted base time: 89.14 ms, remaining time: 110.86 ms, target pause time: 200.00 ms]
 829.431: [G1Ergonomics (CSet Construction) add young regions to CSet, eden: 298 regions, survivors: 34 regions, predicted young region time: 494.20 ms]
 829.431: [G1Ergonomics (CSet Construction) finish choosing CSet, eden: 298 regions, survivors: 34 regions, old: 0 regions, predicted pause time: 583.34 ms, target pause time: 200.00 ms]
, 0.3726736 secs]
   [Parallel Time: 369.1 ms, GC Workers: 8]
      [GC Worker Start (ms): Min: 829431.0, Avg: 829441.7, Max: 829451.2, Diff: 20.2]
      [Ext Root Scanning (ms): Min: 0.0, Avg: 0.4, Max: 3.1, Diff: 3.0, Sum: 3.1]
      [Update RS (ms): Min: 30.9, Avg: 45.1, Max: 64.7, Diff: 33.7, Sum: 360.8]
         [Processed Buffers: Min: 7, Avg: 12.5, Max: 26, Diff: 19, Sum: 100]
      [Scan RS (ms): Min: 0.6, Avg: 20.4, Max: 30.8, Diff: 30.3, Sum: 163.4]
      [Code Root Scanning (ms): Min: 0.0, Avg: 0.0, Max: 0.3, Diff: 0.3, Sum: 0.4]
      [Object Copy (ms): Min: 259.9, Avg: 271.7, Max: 274.7, Diff: 14.8, Sum: 2173.4]
      [Termination (ms): Min: 0.0, Avg: 6.5, Max: 20.9, Diff: 20.9, Sum: 52.4]
         [Termination Attempts: Min: 1, Avg: 49.8, Max: 124, Diff: 123, Sum: 398]
      [GC Worker Other (ms): Min: 0.0, Avg: 0.0, Max: 0.0, Diff: 0.0, Sum: 0.1]
      [GC Worker Total (ms): Min: 329.7, Avg: 344.2, Max: 360.7, Diff: 30.9, Sum: 2753.6]
      [GC Worker End (ms): Min: 829781.0, Avg: 829785.9, Max: 829800.0, Diff: 19.0]
   [Code Root Fixup: 0.0 ms]
   [Code Root Purge: 0.0 ms]
   [Clear CT: 0.3 ms]
   [Other: 3.3 ms]
      [Choose CSet: 0.0 ms]
      [Ref Proc: 0.7 ms]
      [Ref Enq: 0.0 ms]
      [Redirty Cards: 0.6 ms]
      [Humongous Register: 0.4 ms]
      [Humongous Reclaim: 0.2 ms]
      [Free CSet: 0.7 ms]
   [Eden: 298.0M(298.0M)->0.0B(290.0M) Survivors: 34.0M->42.0M Heap: 2894.7M(6656.0M)->2649.7M(6656.0M)]
 [Times: user=1.43 sys=0.01, real=0.37 secs] 
         vmop                    [threads: total initially_running wait_to_block]    [time: spin block sync cleanup vmop] page_trap_count
829.430: G1IncCollectionPause             [      29          0              1    ]      [     0     0     0     0   372    ]  0   
2017-11-17T22:02:58.631+0800: 829.803: Total time for which application threads were stopped: 0.3731241 seconds, Stopping threads took: 0.0000596 seconds
         vmop                    [threads: total initially_running wait_to_block]    [time: spin block sync cleanup v